 newton_d

 Timestamp is 4d42f094 (Fri Jan 28 08:36:36 2011)

 Preferred load address is 10000000

 Start         Length     Name                   Class
 0001:00000000 00178d2cH .text                   CODE
 0001:00178d30 00001187H .text$x                 CODE
 0001:00179ec0 00001616H .text$yc                CODE
 0001:0017b4e0 00001012H .text$yd                CODE
 0002:00000000 00000104H .CRT$XCA                DATA
 0002:00000104 00000164H .CRT$XCU                DATA
 0002:00000268 00000104H .CRT$XCZ                DATA
 0002:0000036c 00000104H .CRT$XIA                DATA
 0002:00000470 00000118H .CRT$XIC                DATA
 0002:00000588 00000104H .CRT$XIZ                DATA
 0002:0000068c 00000104H .CRT$XPA                DATA
 0002:00000790 00000109H .CRT$XPX                DATA
 0002:0000089c 00000104H .CRT$XPXA               DATA
 0002:000009a0 00000104H .CRT$XPZ                DATA
 0002:00000aa4 00000104H .CRT$XTA                DATA
 0002:00000ba8 00000104H .CRT$XTZ                DATA
 0002:00000cb0 00037e02H .rdata                  DATA
 0002:00038ab4 00000187H .rdata$debug            DATA
 0002:00038c3c 0000031eH .rdata$r                DATA
 0002:00038f60 0000013eH .rdata$sxdata           DATA
 0002:000390a0 00000104H .rtc$IAA                DATA
 0002:000391a4 00000104H .rtc$IZZ                DATA
 0002:000392a8 00000104H .rtc$TAA                DATA
 0002:000393ac 00000104H .rtc$TZZ                DATA
 0002:000394b0 000010c0H .xdata$x                DATA
 0002:0003a570 00003d6eH .edata                  DATA
 0003:00000000 00002440H .data                   DATA
 0003:00002440 000047c8H .bss                    DATA
 0004:00000000 00000014H .idata$2                DATA
 0004:00000014 00000014H .idata$3                DATA
 0004:00000028 00000228H .idata$4                DATA
 0004:00000250 00000228H .idata$5                DATA
 0004:00000478 00000982H .idata$6                DATA
 0005:00000000 00000169H .rsrc$01                DATA
 0005:00000170 00000580H .rsrc$02                DATA

  Address         Publics by Value              Rva+Base       Lib:Object

 0000:00000000       __except_list              00000000     <absolute>
 0000:0000000d       ___safe_se_handler_count   0000000d     <absolute>
 0000:00000000       ___ImageBase               10000000     <linker-defined>
 0001:00001650       ?TraceFuntionName@@YAXPBD@Z 10002650 f   Newton.obj
 0001:00001670       _DllMain@12                10002670 f   Newton.obj
 0001:00001680       _NewtonGetMemoryUsed       10002680 f   Newton.obj
 0001:00001690       _NewtonSetMemorySystem     10002690 f   Newton.obj
 0001:000016e0       _NewtonCreate              100026e0 f   Newton.obj
 0001:000017f0       _NewtonDestroy             100027f0 f   Newton.obj
 0001:00001890       _NewtonInvalidateCache     10002890 f   Newton.obj
 0001:000018b0       _NewtonSetPlatformArchitecture 100028b0 f   Newton.obj
 0001:000018d0       _NewtonGetPlatformArchitecture 100028d0 f   Newton.obj
 0001:000018f0       _NewtonWorldCriticalSectionLock 100028f0 f   Newton.obj
 0001:00001910       _NewtonWorldCriticalSectionUnlock 10002910 f   Newton.obj
 0001:00001930       _NewtonSetThreadsCount     10002930 f   Newton.obj
 0001:00001950       _NewtonGetThreadsCount     10002950 f   Newton.obj
 0001:00001970       _NewtonGetMaxThreadsCount  10002970 f   Newton.obj
 0001:00001990       _NewtonSetMultiThreadSolverOnSingleIsland 10002990 f   Newton.obj
 0001:000019b0       _NewtonGetMultiThreadSolverOnSingleIsland 100029b0 f   Newton.obj
 0001:000019d0       _NewtonSetSolverModel      100029d0 f   Newton.obj
 0001:000019f0       _NewtonSetFrictionModel    100029f0 f   Newton.obj
 0001:00001a10       _NewtonSetPerformanceClock 10002a10 f   Newton.obj
 0001:00001a30       _NewtonReadPerformanceTicks 10002a30 f   Newton.obj
 0001:00001a50       _NewtonReadThreadPerformanceTicks 10002a50 f   Newton.obj
 0001:00001a70       _NewtonUpdate              10002a70 f   Newton.obj
 0001:00001b30       _NewtonCollisionUpdate     10002b30 f   Newton.obj
 0001:00001b70       _NewtonSetMinimumFrameRate 10002b70 f   Newton.obj
 0001:00001bc0       _NewtonDestroyAllBodies    10002bc0 f   Newton.obj
 0001:00001c30       _NewtonSetWorldSize        10002c30 f   Newton.obj
 0001:00001cc0       _NewtonSetIslandUpdateEvent 10002cc0 f   Newton.obj
 0001:00001ce0       _NewtonSetCollisionDestructor 10002ce0 f   Newton.obj
 0001:00001d00       _NewtonSetDestroyBodyByExeciveForce 10002d00 f   Newton.obj
 0001:00001d20       _NewtonSetBodyLeaveWorldEvent 10002d20 f   Newton.obj
 0001:00001d40       _NewtonWorldGetFirstBody   10002d40 f   Newton.obj
 0001:00001dd0       _NewtonWorldGetNextBody    10002dd0 f   Newton.obj
 0001:00001e10       _NewtonWorldForEachJointDo 10002e10 f   Newton.obj
 0001:00001ef0       _NewtonWorldForEachBodyInAABBDo 10002ef0 f   Newton.obj
 0001:00001f90       _NewtonWorldGetVersion     10002f90 f   Newton.obj
 0001:00001fa0       _NewtonWorldFloatSize      10002fa0 f   Newton.obj
 0001:00001fb0       _NewtonWorldSetUserData    10002fb0 f   Newton.obj
 0001:00001fd0       _NewtonWorldGetUserData    10002fd0 f   Newton.obj
 0001:00001ff0       _NewtonWorldSetDestructorCallBack 10002ff0 f   Newton.obj
 0001:00002010       _NewtonWorldGetDestructorCallBack 10003010 f   Newton.obj
 0001:00002030       _NewtonWorldGetBodyCount   10003030 f   Newton.obj
 0001:00002050       _NewtonWorldGetConstraintCount 10003050 f   Newton.obj
 0001:00002070       _NewtonWorldRayCast        10003070 f   Newton.obj
 0001:00002120       _NewtonWorldConvexCast     10003120 f   Newton.obj
 0001:000021a0       _NewtonIslandGetBody       100031a0 f   Newton.obj
 0001:000021c0       _NewtonIslandGetBodyAABB   100031c0 f   Newton.obj
 0001:00002200       _NewtonMaterialGetDefaultGroupID 10003200 f   Newton.obj
 0001:00002220       _NewtonMaterialCreateGroupID 10003220 f   Newton.obj
 0001:00002240       _NewtonMaterialDestroyAllGroupID 10003240 f   Newton.obj
 0001:00002260       _NewtonMaterialSetDefaultCollidable 10003260 f   Newton.obj
 0001:000022c0       _NewtonMaterialSetContinuousCollisionMode 100032c0 f   Newton.obj
 0001:00002320       _NewtonMaterialSetSurfaceThickness 10003320 f   Newton.obj
 0001:00002380       _NewtonMaterialSetDefaultFriction 10003380 f   Newton.obj
 0001:00002490       _NewtonMaterialSetDefaultElasticity 10003490 f   Newton.obj
 0001:000024e0       _NewtonMaterialSetDefaultSoftness 100034e0 f   Newton.obj
 0001:00002530       _NewtonMaterialSetCollisionCallback 10003530 f   Newton.obj
 0001:00002570       ?NewtonMaterialSetCompondCollisionCallback@@YAXPBUNewtonWorld@@HHP6AHPBUNewtonMaterial@@PBUNewtonBody@@2H@Z@Z 10003570 f   Newton.obj
 0001:000025a0       _NewtonMaterialGetUserData 100035a0 f   Newton.obj
 0001:000025d0       _NewtonWorldGetFirstMaterial 100035d0 f   Newton.obj
 0001:000025f0       _NewtonWorldGetNextMaterial 100035f0 f   Newton.obj
 0001:00002610       _NewtonMaterialGetMaterialPairUserData 10003610 f   Newton.obj
 0001:00002630       _NewtonMaterialGetContactFaceAttribute 10003630 f   Newton.obj
 0001:00002650       _NewtonMaterialGetContactNormalSpeed 10003650 f   Newton.obj
 0001:00002780       _NewtonMaterialGetContactTangentSpeed 10003780 f   Newton.obj
 0001:00002900       _NewtonMaterialGetContactPositionAndNormal 10003900 f   Newton.obj
 0001:00002960       _NewtonMaterialGetContactForce 10003960 f   Newton.obj
 0001:00002a10       _NewtonMaterialGetContactTangentDirections 10003a10 f   Newton.obj
 0001:00002a70       _NewtonMaterialGetBodyCollisionID 10003a70 f   Newton.obj
 0001:00002ab0       _NewtonMaterialSetContactSoftness 10003ab0 f   Newton.obj
 0001:00002af0       _NewtonMaterialSetContactElasticity 10003af0 f   Newton.obj
 0001:00002b30       _NewtonMaterialSetContactFrictionState 10003b30 f   Newton.obj
 0001:00002bb0       _NewtonMaterialSetContactFrictionCoef 10003bb0 f   Newton.obj
 0001:00002c90       _NewtonMaterialSetContactNormalAcceleration 10003c90 f   Newton.obj
 0001:00002cc0       _NewtonMaterialSetContactTangentAcceleration 10003cc0 f   Newton.obj
 0001:00002d20       _NewtonMaterialSetContactNormalDirection 10003d20 f   Newton.obj
 0001:00002e80       _NewtonMaterialContactRotateTangentDirections 10003e80 f   Newton.obj
 0001:00002fb0       _NewtonCreateNull          10003fb0 f   Newton.obj
 0001:00002fd0       _NewtonCreateBox           10003fd0 f   Newton.obj
 0001:00003050       _NewtonCreateSphere        10004050 f   Newton.obj
 0001:00003160       _NewtonCreateCone          10004160 f   Newton.obj
 0001:000031d0       _NewtonCreateCapsule       100041d0 f   Newton.obj
 0001:00003240       _NewtonCreateCylinder      10004240 f   Newton.obj
 0001:000032b0       _NewtonCreateChamferCylinder 100042b0 f   Newton.obj
 0001:00003320       _NewtonCreateConvexHull    10004320 f   Newton.obj
 0001:000033c0       _NewtonCreateConvexHullFromMesh 100043c0 f   Newton.obj
 0001:000033f0       _NewtonCreateConvexHullModifier 100043f0 f   Newton.obj
 0001:00003420       _NewtonConvexHullModifierGetMatrix 10004420 f   Newton.obj
 0001:00003470       _NewtonConvexHullModifierSetMatrix 10004470 f   Newton.obj
 0001:000034a0       _NewtonCreateCompoundCollision 100044a0 f   Newton.obj
 0001:000034e0       _NewtonCreateCompoundCollisionFromMesh 100044e0 f   Newton.obj
 0001:00003520       _NewtonCreateCompoundBreakable 10004520 f   Newton.obj
 0001:00003570       _NewtonCompoundBreakableResetAnchoredPieces 10004570 f   Newton.obj
 0001:000035a0       _NewtonCompoundBreakableSetAnchoredPieces 100045a0 f   Newton.obj
 0001:000035e0       _NewtonBreakableGetMainMesh 100045e0 f   Newton.obj
 0001:00003620       _NewtonBreakableBeginDelete 10004620 f   Newton.obj
 0001:00003660       _NewtonBreakableCreateDebrieBody 10004660 f   Newton.obj
 0001:000036b0       _NewtonBreakableDeleteComponent 100046b0 f   Newton.obj
 0001:000036f0       _NewtonBreakableEndDelete  100046f0 f   Newton.obj
 0001:00003730       _NewtonBreakableGetFirstComponent 10004730 f   Newton.obj
 0001:00003770       _NewtonBreakableGetNextComponent 10004770 f   Newton.obj
 0001:000037a0       _NewtonCompoundBreakableGetVertexCount 100047a0 f   Newton.obj
 0001:000037e0       _NewtonCompoundBreakableGetVertexStreams 100047e0 f   Newton.obj
 0001:00003830       _NewtonBreakableGetFirstSegment 10004830 f   Newton.obj
 0001:00003860       _NewtonBreakableGetNextSegment 10004860 f   Newton.obj
 0001:00003880       _NewtonBreakableGetComponentsInRadius 10004880 f   Newton.obj
 0001:00003910       _NewtonBreakableSegmentGetMaterial 10004910 f   Newton.obj
 0001:00003930       _NewtonBreakableSegmentGetIndexCount 10004930 f   Newton.obj
 0001:00003950       _NewtonBreakableSegmentGetIndexStream 10004950 f   Newton.obj
 0001:000039a0       _NewtonBreakableSegmentGetIndexStreamShort 100049a0 f   Newton.obj
 0001:000039f0       _NewtonCollisionIsTriggerVolume 100049f0 f   Newton.obj
 0001:00003a20       _NewtonCollisionSetAsTriggerVolume 10004a20 f   Newton.obj
 0001:00003a50       _NewtonCollisionSetMaxBreakImpactImpulse 10004a50 f   Newton.obj
 0001:00003a80       _NewtonCollisionGetMaxBreakImpactImpulse 10004a80 f   Newton.obj
 0001:00003aa0       _NewtonCollisionSetUserID  10004aa0 f   Newton.obj
 0001:00003ac0       _NewtonCollisionGetUserID  10004ac0 f   Newton.obj
 0001:00003ae0       _NewtonConvexHullGetFaceIndices 10004ae0 f   Newton.obj
 0001:00003b20       _NewtonConvexCollisionCalculateVolume 10004b20 f   Newton.obj
 0001:00003b40       _NewtonConvexCollisionCalculateInertialMatrix 10004b40 f   Newton.obj
 0001:00003c00       _NewtonCreateUserMeshCollision 10004c00 f   Newton.obj
 0001:00003cd0       _NewtonCreateTreeCollision 10004cd0 f   Newton.obj
 0001:00003d00       _NewtonStaticCollisionSetDebugCallback 10004d00 f   Newton.obj
 0001:00003d60       _NewtonTreeCollisionSetUserRayCastCallback 10004d60 f   Newton.obj
 0001:00003d90       _NewtonHeightFieldSetUserRayCastCallback 10004d90 f   Newton.obj
 0001:00003dc0       _NewtonTreeCollisionBeginBuild 10004dc0 f   Newton.obj
 0001:00003e10       _NewtonTreeCollisionAddFace 10004e10 f   Newton.obj
 0001:00003e70       _NewtonTreeCollisionEndBuild 10004e70 f   Newton.obj
 0001:00003ec0       _NewtonTreeCollisionGetFaceAtribute 10004ec0 f   Newton.obj
 0001:00003f20       _NewtonTreeCollisionSetFaceAtribute 10004f20 f   Newton.obj
 0001:00003f80       _NewtonTreeCollisionGetVertexListIndexListInAABB 10004f80 f   Newton.obj
 0001:00004080       _NewtonCreateHeightFieldCollision 10005080 f   Newton.obj
 0001:000040d0       _NewtonCreateSceneCollision 100050d0 f   Newton.obj
 0001:00004100       _NewtonSceneCollisionCreateProxy 10005100 f   Newton.obj
 0001:00004150       _NewtonSceneCollisionDestroyProxy 10005150 f   Newton.obj
 0001:000041a0       _NewtonSceneProxySetMatrix 100051a0 f   Newton.obj
 0001:000041e0       _NewtonSceneProxyGetMatrix 100051e0 f   Newton.obj
 0001:00004240       _NewtonSceneCollisionOptimize 10005240 f   Newton.obj
 0001:00004290       _NewtonCollisionPointDistance 10005290 f   Newton.obj
 0001:000042c0       _NewtonCollisionClosestPoint 100052c0 f   Newton.obj
 0001:00004300       _NewtonCollisionCollide    10005300 f   Newton.obj
 0001:00004340       _NewtonCollisionCollideContinue 10005340 f   Newton.obj
 0001:000043a0       _NewtonCollisionSupportVertex 100053a0 f   Newton.obj
 0001:000044c0       _NewtonCollisionRayCast    100054c0 f   Newton.obj
 0001:00004620       _NewtonCollisionCalculateAABB 10005620 f   Newton.obj
 0001:000046b0       _NewtonCollisionForEachPolygonDo 100056b0 f   Newton.obj
 0001:00004700       _NewtonCollisionMakeUnique 10005700 f   Newton.obj
 0001:00004730       _NewtonAddCollisionReference 10005730 f   Newton.obj
 0001:00004750       _NewtonReleaseCollision    10005750 f   Newton.obj
 0001:00004780       _NewtonCollisionSerialize  10005780 f   Newton.obj
 0001:000047b0       _NewtonCreateCollisionFromSerialization 100057b0 f   Newton.obj
 0001:000047d0       _NewtonCollisionGetInfo    100057d0 f   Newton.obj
 0001:000047f0       _NewtonGetEulerAngle       100057f0 f   Newton.obj
 0001:00004840       _NewtonSetEulerAngle       10005840 f   Newton.obj
 0001:000049a0       _NewtonCalculateSpringDamperAcceleration 100059a0 f   Newton.obj
 0001:00004a20       _NewtonCreateBody          10005a20 f   Newton.obj
 0001:00004a90       _NewtonDestroyBody         10005a90 f   Newton.obj
 0001:00004ac0       _NewtonBodySetUserData     10005ac0 f   Newton.obj
 0001:00004ae0       _NewtonBodyGetUserData     10005ae0 f   Newton.obj
 0001:00004b00       _NewtonBodyGetWorld        10005b00 f   Newton.obj
 0001:00004b20       _NewtonBodySetTransformCallback 10005b20 f   Newton.obj
 0001:00004b40       _NewtonBodyGetTransformCallback 10005b40 f   Newton.obj
 0001:00004b60       _NewtonBodySetForceAndTorqueCallback 10005b60 f   Newton.obj
 0001:00004b80       _NewtonBodyGetForceAndTorqueCallback 10005b80 f   Newton.obj
 0001:00004ba0       _NewtonBodySetDestructorCallback 10005ba0 f   Newton.obj
 0001:00004bc0       _NewtonBodySetMassMatrix   10005bc0 f   Newton.obj
 0001:00004d40       _NewtonBodyGetMassMatrix   10005d40 f   Newton.obj
 0001:00004de0       _NewtonBodyGetInvMass      10005de0 f   Newton.obj
 0001:00004e70       _NewtonBodySetMatrix       10005e70 f   Newton.obj
 0001:00004ed0       _NewtonBodySetMatrixRecursive 10005ed0 f   Newton.obj
 0001:00004f30       _NewtonBodyGetMatrix       10005f30 f   Newton.obj
 0001:00004f60       _NewtonBodyGetRotation     10005f60 f   Newton.obj
 0001:00004fa0       _NewtonBodySetForce        10005fa0 f   Newton.obj
 0001:00005000       _NewtonBodyAddForce        10006000 f   Newton.obj
 0001:00005060       _NewtonBodyGetForceAcc     10006060 f   Newton.obj
 0001:000050c0       _NewtonBodyGetForce        100060c0 f   Newton.obj
 0001:00005120       _NewtonBodyCalculateInverseDynamicsForce 10006120 f   Newton.obj
 0001:000051c0       _NewtonBodySetTorque       100061c0 f   Newton.obj
 0001:00005220       _NewtonBodyAddTorque       10006220 f   Newton.obj
 0001:00005280       _NewtonBodyGetTorque       10006280 f   Newton.obj
 0001:000052e0       _NewtonBodyGetTorqueAcc    100062e0 f   Newton.obj
 0001:00005340       _NewtonBodySetCentreOfMass 10006340 f   Newton.obj
 0001:000053a0       _NewtonBodyGetCentreOfMass 100063a0 f   Newton.obj
 0001:000053f0       _NewtonBodyGetFirstJoint   100063f0 f   Newton.obj
 0001:00005410       _NewtonBodyGetNextJoint    10006410 f   Newton.obj
 0001:00005430       _NewtonBodyGetFirstContactJoint 10006430 f   Newton.obj
 0001:00005450       _NewtonBodyGetNextContactJoint 10006450 f   Newton.obj
 0001:00005470       _NewtonContactJointGetContactCount 10006470 f   Newton.obj
 0001:000054b0       _NewtonContactJointGetFirstContact 100064b0 f   Newton.obj
 0001:000054f0       _NewtonContactJointGetNextContact 100064f0 f   Newton.obj
 0001:00005530       _NewtonContactJointRemoveContact 10006530 f   Newton.obj
 0001:00005580       _NewtonContactGetMaterial  10006580 f   Newton.obj
 0001:000055a0       _NewtonBodyAddBuoyancyForce 100065a0 f   Newton.obj
 0001:00005620       _NewtonBodySetCollision    10006620 f   Newton.obj
 0001:00005650       _NewtonBodyGetCollision    10006650 f   Newton.obj
 0001:00005670       _NewtonBodySetMaterialGroupID 10006670 f   Newton.obj
 0001:00005690       _NewtonBodyGetMaterialGroupID 10006690 f   Newton.obj
 0001:000056b0       _NewtonBodySetContinuousCollisionMode 100066b0 f   Newton.obj
 0001:000056e0       _NewtonBodyGetContinuousCollisionMode 100066e0 f   Newton.obj
 0001:00005700       _NewtonBodySetJointRecursiveCollision 10006700 f   Newton.obj
 0001:00005730       _NewtonBodyGetJointRecursiveCollision 10006730 f   Newton.obj
 0001:00005750       _NewtonBodyGetFreezeState  10006750 f   Newton.obj
 0001:00005770       _NewtonBodySetFreezeState  10006770 f   Newton.obj
 0001:000057a0       _NewtonBodySetAutoSleep    100067a0 f   Newton.obj
 0001:000057d0       _NewtonBodyGetAutoSleep    100067d0 f   Newton.obj
 0001:000057f0       _NewtonBodyGetSleepState   100067f0 f   Newton.obj
 0001:00005810       _NewtonBodyGetAABB         10006810 f   Newton.obj
 0001:00005890       _NewtonBodySetVelocity     10006890 f   Newton.obj
 0001:000058f0       _NewtonBodyGetVelocity     100068f0 f   Newton.obj
 0001:00005950       _NewtonBodySetOmega        10006950 f   Newton.obj
 0001:000059b0       _NewtonBodyGetOmega        100069b0 f   Newton.obj
 0001:00005a10       _NewtonBodySetLinearDamping 10006a10 f   Newton.obj
 0001:00005a30       _NewtonBodyGetLinearDamping 10006a30 f   Newton.obj
 0001:00005a50       _NewtonBodySetAngularDamping 10006a50 f   Newton.obj
 0001:00005ab0       _NewtonBodyGetAngularDamping 10006ab0 f   Newton.obj
 0001:00005b00       _NewtonBodyAddImpulse      10006b00 f   Newton.obj
 0001:00005b60       _NewtonConstraintCreateBall 10006b60 f   Newton.obj
 0001:00005be0       _NewtonBallSetConeLimits   10006be0 f   Newton.obj
 0001:00005f20       _NewtonBallSetUserCallback 10006f20 f   Newton.obj
 0001:00005f40       _NewtonBallGetJointAngle   10006f40 f   Newton.obj
 0001:00005f90       _NewtonBallGetJointOmega   10006f90 f   Newton.obj
 0001:00005fe0       _NewtonBallGetJointForce   10006fe0 f   Newton.obj
 0001:00006030       _NewtonConstraintCreateHinge 10007030 f   Newton.obj
 0001:000060d0       _NewtonHingeSetUserCallback 100070d0 f   Newton.obj
 0001:000060f0       _NewtonHingeGetJointAngle  100070f0 f   Newton.obj
 0001:00006110       _NewtonHingeGetJointOmega  10007110 f   Newton.obj
 0001:00006130       _NewtonHingeCalculateStopAlpha 10007130 f   Newton.obj
 0001:00006160       _NewtonHingeGetJointForce  10007160 f   Newton.obj
 0001:000061b0       _NewtonConstraintCreateSlider 100071b0 f   Newton.obj
 0001:00006250       _NewtonSliderSetUserCallback 10007250 f   Newton.obj
 0001:00006270       _NewtonSliderGetJointPosit 10007270 f   Newton.obj
 0001:00006290       _NewtonSliderGetJointVeloc 10007290 f   Newton.obj
 0001:000062b0       _NewtonSliderCalculateStopAccel 100072b0 f   Newton.obj
 0001:000062e0       _NewtonSliderGetJointForce 100072e0 f   Newton.obj
 0001:00006330       _NewtonConstraintCreateCorkscrew 10007330 f   Newton.obj
 0001:000063d0       _NewtonCorkscrewSetUserCallback 100073d0 f   Newton.obj
 0001:000063f0       _NewtonCorkscrewGetJointPosit 100073f0 f   Newton.obj
 0001:00006410       _NewtonCorkscrewGetJointVeloc 10007410 f   Newton.obj
 0001:00006430       _NewtonCorkscrewGetJointAngle 10007430 f   Newton.obj
 0001:00006450       _NewtonCorkscrewGetJointOmega 10007450 f   Newton.obj
 0001:00006470       _NewtonCorkscrewCalculateStopAlpha 10007470 f   Newton.obj
 0001:000064a0       _NewtonCorkscrewCalculateStopAccel 100074a0 f   Newton.obj
 0001:000064d0       _NewtonCorkscrewGetJointForce 100074d0 f   Newton.obj
 0001:00006520       _NewtonConstraintCreateUniversal 10007520 f   Newton.obj
 0001:000065f0       _NewtonUniversalSetUserCallback 100075f0 f   Newton.obj
 0001:00006610       _NewtonUniversalGetJointAngle0 10007610 f   Newton.obj
 0001:00006630       _NewtonUniversalGetJointAngle1 10007630 f   Newton.obj
 0001:00006650       _NewtonUniversalGetJointOmega0 10007650 f   Newton.obj
 0001:00006670       _NewtonUniversalGetJointOmega1 10007670 f   Newton.obj
 0001:00006690       _NewtonUniversalCalculateStopAlpha0 10007690 f   Newton.obj
 0001:000066c0       _NewtonUniversalCalculateStopAlpha1 100076c0 f   Newton.obj
 0001:000066f0       _NewtonUniversalGetJointForce 100076f0 f   Newton.obj
 0001:00006740       _NewtonConstraintCreateUpVector 10007740 f   Newton.obj
 0001:000067b0       _NewtonUpVectorGetPin      100077b0 f   Newton.obj
 0001:00006800       _NewtonUpVectorSetPin      10007800 f   Newton.obj
 0001:00006860       _NewtonConstraintCreateUserJoint 10007860 f   Newton.obj
 0001:000068d0       _NewtonUserJointAddLinearRow 100078d0 f   Newton.obj
 0001:00006a40       _NewtonUserJointAddAngularRow 10007a40 f   Newton.obj
 0001:00006b50       _NewtonUserJointAddGeneralRow 10007b50 f   Newton.obj
 0001:00006b70       _NewtonUserJointSetRowMaximumFriction 10007b70 f   Newton.obj
 0001:00006b90       _NewtonUserJointSetRowMinimumFriction 10007b90 f   Newton.obj
 0001:00006bb0       _NewtonUserJointSetRowAcceleration 10007bb0 f   Newton.obj
 0001:00006bd0       _NewtonUserJointSetRowSpringDamperAcceleration 10007bd0 f   Newton.obj
 0001:00006c00       _NewtonUserJointSetRowStiffness 10007c00 f   Newton.obj
 0001:00006c20       _NewtonUserJointGetRowForce 10007c20 f   Newton.obj
 0001:00006c40       _NewtonUserJointSetFeedbackCollectorCallback 10007c40 f   Newton.obj
 0001:00006c60       _NewtonJointSetUserData    10007c60 f   Newton.obj
 0001:00006c80       _NewtonJointGetUserData    10007c80 f   Newton.obj
 0001:00006ca0       _NewtonJointGetInfo        10007ca0 f   Newton.obj
 0001:00006cc0       _NewtonJointGetBody0       10007cc0 f   Newton.obj
 0001:00006ce0       _NewtonJointGetBody1       10007ce0 f   Newton.obj
 0001:00006d20       _NewtonJointSetCollisionState 10007d20 f   Newton.obj
 0001:00006d50       _NewtonJointGetCollisionState 10007d50 f   Newton.obj
 0001:00006d70       _NewtonJointSetStiffness   10007d70 f   Newton.obj
 0001:00006da0       _NewtonJointGetStiffness   10007da0 f   Newton.obj
 0001:00006dc0       _NewtonJointSetDestructor  10007dc0 f   Newton.obj
 0001:00006de0       _NewtonDestroyJoint        10007de0 f   Newton.obj
 0001:00006e00       _NewtonMeshCreate          10007e00 f   Newton.obj
 0001:00006e60       _NewtonMeshCreateFromMesh  10007e60 f   Newton.obj
 0001:00006eb0       _NewtonMeshCreateFromCollision 10007eb0 f   Newton.obj
 0001:00006f00       _NewtonMeshConvexHull      10007f00 f   Newton.obj
 0001:00006f70       _NewtonMeshCreatePlane     10007f70 f   Newton.obj
 0001:00006fe0       _NewtonMeshDestroy         10007fe0 f   Newton.obj
 0001:00007020       _NewtonMeshCalculateOOBB   10008020 f   Newton.obj
 0001:00007090       _NewtonMeshCalculateVertexNormals 10008090 f   Newton.obj
 0001:000070b0       _NewtonMeshApplySphericalMapping 100080b0 f   Newton.obj
 0001:000070d0       _NewtonMeshApplyBoxMapping 100080d0 f   Newton.obj
 0001:00007100       _NewtonMeshApplyCylindricalMapping 10008100 f   Newton.obj
 0001:00007120       _NewtonMeshTriangulate     10008120 f   Newton.obj
 0001:00007130       _NewtonMeshPolygonize      10008130 f   Newton.obj
 0001:00007140       _NewtonMeshIsOpenMesh      10008140 f   Newton.obj
 0001:00007160       _NewtonMeshFixTJoints      10008160 f   Newton.obj
 0001:00007170       _NewtonMeshClip            10008170 f   Newton.obj
 0001:000071b0       _NewtonMeshUnion           100081b0 f   Newton.obj
 0001:000071d0       _NewtonMeshDifference      100081d0 f   Newton.obj
 0001:000071f0       _NewtonMeshIntersection    100081f0 f   Newton.obj
 0001:00007210       _NewtonRemoveUnusedVertices 10008210 f   Newton.obj
 0001:00007230       _NewtonMeshBeginFace       10008230 f   Newton.obj
 0001:00007250       _NewtonMeshAddFace         10008250 f   Newton.obj
 0001:00007280       _NewtonMeshEndFace         10008280 f   Newton.obj
 0001:000072a0       _NewtonMeshBuildFromVertexListIndexList 100082a0 f   Newton.obj
 0001:00007300       _NewtonMeshGetVertexCount  10008300 f   Newton.obj
 0001:00007320       _NewtonMeshGetVertexStrideInByte 10008320 f   Newton.obj
 0001:00007340       _NewtonMeshGetVertexArray  10008340 f   Newton.obj
 0001:00007360       _NewtonMeshGetPointCount   10008360 f   Newton.obj
 0001:00007380       _NewtonMeshGetPointStrideInByte 10008380 f   Newton.obj
 0001:000073a0       _NewtonMeshGetPointArray   100083a0 f   Newton.obj
 0001:000073c0       _NewtonMeshGetNormalArray  100083c0 f   Newton.obj
 0001:000073e0       _NewtonMeshGetUV0Array     100083e0 f   Newton.obj
 0001:00007400       _NewtonMeshGetUV1Array     10008400 f   Newton.obj
 0001:00007420       _NewtonMeshGetVertexStreams 10008420 f   Newton.obj
 0001:00007460       _NewtonMeshGetIndirectVertexStreams 10008460 f   Newton.obj
 0001:000074c0       _NewtonMeshBeginHandle     100084c0 f   Newton.obj
 0001:000074e0       _NewtonMeshEndHandle       100084e0 f   Newton.obj
 0001:00007500       _NewtonMeshFirstMaterial   10008500 f   Newton.obj
 0001:00007520       _NewtonMeshNextMaterial    10008520 f   Newton.obj
 0001:00007540       _NewtonMeshMaterialGetMaterial 10008540 f   Newton.obj
 0001:00007560       _NewtonMeshMaterialGetIndexCount 10008560 f   Newton.obj
 0001:00007580       _NewtonMeshMaterialGetIndexStream 10008580 f   Newton.obj
 0001:000075b0       _NewtonMeshMaterialGetIndexStreamShort 100085b0 f   Newton.obj
 0001:000075e0       _NewtonMeshCreateFirstSingleSegment 100085e0 f   Newton.obj
 0001:00007670       _NewtonMeshCreateNextSingleSegment 10008670 f   Newton.obj
 0001:00007740       _NewtonMeshGetTotalFaceCount 10008740 f   Newton.obj
 0001:00007750       _NewtonMeshGetTotalIndexCount 10008750 f   Newton.obj
 0001:00007760       _NewtonMeshGetFaces        10008760 f   Newton.obj
 0001:00007780       _NewtonMeshGetFirstVertex  10008780 f   Newton.obj
 0001:00007790       _NewtonMeshGetNextVertex   10008790 f   Newton.obj
 0001:000077b0       _NewtonMeshGetVertexIndex  100087b0 f   Newton.obj
 0001:000077d0       _NewtonMeshGetFirstPoint   100087d0 f   Newton.obj
 0001:000077e0       _NewtonMeshGetNextPoint    100087e0 f   Newton.obj
 0001:00007800       _NewtonMeshGetPointIndex   10008800 f   Newton.obj
 0001:00007820       _NewtonMeshGetVertexIndexFromPoint 10008820 f   Newton.obj
 0001:00007840       _NewtonMeshGetFirstEdge    10008840 f   Newton.obj
 0001:00007850       _NewtonMeshGetNextEdge     10008850 f   Newton.obj
 0001:00007870       _NewtonMeshGetEdgeIndices  10008870 f   Newton.obj
 0001:00007890       _NewtonMeshGetFirstFace    10008890 f   Newton.obj
 0001:000078a0       _NewtonMeshGetNextFace     100088a0 f   Newton.obj
 0001:000078c0       _NewtonMeshIsFaceOpen      100088c0 f   Newton.obj
 0001:000078e0       _NewtonMeshGetFaceIndexCount 100088e0 f   Newton.obj
 0001:00007900       _NewtonMeshGetFaceMaterial 10008900 f   Newton.obj
 0001:00007920       _NewtonMeshGetFaceIndices  10008920 f   Newton.obj
 0001:00007940       _NewtonMeshGetFacePointIndices 10008940 f   Newton.obj
 0001:00009220       ??2Newton@@SAPAXIQAVdgMemoryAllocator@@@Z 1000a220 f i Newton.obj
 0001:00009240       ??_GNewton@@QAEPAXI@Z      1000a240 f i Newton.obj
 0001:00009280       ??3Newton@@SAXPAX@Z        1000a280 f i Newton.obj
 0001:000092a0       ??_GdgMemoryAllocator@@QAEPAXI@Z 1000a2a0 f i Newton.obj
 0001:000092e0       _ceilf                     1000a2e0 f i Newton.obj
 0001:00009310       ??0dgContactPoint@@QAE@XZ  1000a310 f i Newton.obj
 0001:00009340       ??2?$dgTree@VdgEdge@@_J@@SAPAXIQAVdgMemoryAllocator@@@Z 1000a340 f i Newton.obj
 0001:00009360       ?GetInfo@dgListNode@?$dgList@V?$dgGraphNode@VdgDebriNodeInfo@dgCollisionCompoundBreakable@@VdgSharedNodeMesh@2@@@@@QAEAAV?$dgGraphNode@VdgDebriNodeInfo@dgCollisionCompoundBreakable@@VdgSharedNodeMesh@2@@@XZ 1000a360 f i Newton.obj
 0001:00009380       ?GetInfo@dgListNode@?$dgList@VdgBodyMasterListRow@@@@QAEAAVdgBodyMasterListRow@@XZ 1000a380 f i Newton.obj
 0001:000093a0       ?GetNext@dgListNode@?$dgList@VdgBodyMasterListRow@@@@QBEPAV12@XZ 1000a3a0 f i Newton.obj
 0001:000093c0       ?GetInfo@dgListNode@?$dgList@VdgBodyMasterListCell@@@@QAEAAVdgBodyMasterListCell@@XZ 1000a3c0 f i Newton.obj
 0001:000093e0       ?GetNext@dgListNode@?$dgList@VdgBodyMasterListCell@@@@QBEPAV12@XZ 1000a3e0 f i Newton.obj
 0001:00009400       ?GetInfo@dgListNode@?$dgList@VdgSubMesh@dgCollisionCompoundBreakable@@@@QAEAAVdgSubMesh@dgCollisionCompoundBreakable@@XZ 1000a400 f i Newton.obj
 0001:00009420       ?GetNext@dgListNode@?$dgList@VdgSubMesh@dgCollisionCompoundBreakable@@@@QBEPAV12@XZ 1000a420 f i Newton.obj
 0001:00009440       ?GetInfo@dgListNode@?$dgList@UdgProxy@dgCollisionScene@@@@QAEAAUdgProxy@dgCollisionScene@@XZ 1000a440 f i Newton.obj
 0001:00009460       ?GetInfo@dgListNode@?$dgList@VdgContactMaterial@@@@QAEAAVdgContactMaterial@@XZ 1000a460 f i Newton.obj
 0001:00009480       ?GetNext@dgListNode@?$dgList@VdgContactMaterial@@@@QBEPAV12@XZ 1000a480 f i Newton.obj
 0001:000094a0       ?GetFirst@?$dgList@VdgBodyMasterListCell@@@@QBEPAVdgListNode@1@XZ 1000a4a0 f i Newton.obj
 0001:000094c0       ?GetFirst@?$dgList@VdgBodyMasterListRow@@@@QBEPAVdgListNode@1@XZ 1000a4c0 f i Newton.obj
 0001:000094e0       ??0?$dgTree@PAVdgConstraint@@PAV1@@@QAE@QAVdgMemoryAllocator@@@Z 1000a4e0 f i Newton.obj
 0001:00009520       ??1?$dgTree@PAVdgConstraint@@PAV1@@@QAE@XZ 1000a520 f i Newton.obj
 0001:00009540       ?Find@?$dgTree@PAVdgConstraint@@PAV1@@@QBEPAVdgTreeNode@1@PAVdgConstraint@@@Z 1000a540 f i Newton.obj
 0001:000096a0       ?Insert@?$dgTree@PAVdgConstraint@@PAV1@@@QAEPAVdgTreeNode@1@ABQAVdgConstraint@@PAV3@@Z 1000a6a0 f i Newton.obj
 0001:000096f0       ?GetFirst@?$dgList@VdgSubMesh@dgCollisionCompoundBreakable@@@@QBEPAVdgListNode@1@XZ 1000a6f0 f i Newton.obj
 0001:00009710       ?GetCount@?$dgList@VdgContactMaterial@@@@QBEHXZ 1000a710 f i Newton.obj
 0001:00009730       ?GetFirst@?$dgList@VdgContactMaterial@@@@QBEPAVdgListNode@1@XZ 1000a730 f i Newton.obj
 0001:00009750       ?Remove@?$dgList@VdgContactMaterial@@@@QAEXQAVdgListNode@1@@Z 1000a750 f i Newton.obj
 0001:000097b0       ?GetAllocator@?$dgTree@VdgEdge@@_J@@QBEPAVdgMemoryAllocator@@XZ 1000a7b0 f i Newton.obj
 0001:000097d0       ??_GdgListNode@?$dgList@VdgContactMaterial@@@@AAEPAXI@Z 1000a7d0 f i Newton.obj
 0001:00009810       ??3dgListNode@?$dgList@VdgContactMaterial@@@@CAXPAX@Z 1000a810 f i Newton.obj
 0001:00009830       ??1dgListNode@?$dgList@VdgContactMaterial@@@@AAE@XZ 1000a830 f i Newton.obj
 0001:00009840       ?GetLeft@dgTreeNode@?$dgTree@PAVdgConstraint@@PAV1@@@ABEPAV12@XZ 1000a840 f i Newton.obj
 0001:00009860       ?GetRight@dgTreeNode@?$dgTree@PAVdgConstraint@@PAV1@@@ABEPAV12@XZ 1000a860 f i Newton.obj
 0001:00009880       ?Insert@?$dgTree@PAVdgConstraint@@PAV1@@@QAEPAVdgTreeNode@1@ABQAVdgConstraint@@PAV3@AA_N@Z 1000a880 f i Newton.obj
 0001:00009af0       ?RemoveAll@?$dgTree@PAVdgConstraint@@PAV1@@@QAEXXZ 1000aaf0 f i Newton.obj
 0001:00009b30       ?CompareKeys@?$dgTree@PAVdgConstraint@@PAV1@@@ABEHABQAVdgConstraint@@0@Z 1000ab30 f i Newton.obj
 0001:00009b70       ?Unlink@?$dgList@VdgContactMaterial@@@@QAEXQAVdgListNode@1@@Z 1000ab70 f i Newton.obj
 0001:00009c50       ?Unlink@dgListNode@?$dgList@VdgContactMaterial@@@@AAEXXZ 1000ac50 f i Newton.obj
 0001:00009ce0       ?GetPrev@dgListNode@?$dgList@VdgContactMaterial@@@@QBEPAV12@XZ 1000ace0 f i Newton.obj
 0001:00009d00       ??0dgTreeNode@?$dgTree@PAVdgConstraint@@PAV1@@@AAE@ABQAVdgConstraint@@0PAV01@@Z 1000ad00 f i Newton.obj
 0001:00009d90       ??2dgRedBackNode@@SAPAXIQAVdgMemoryAllocator@@@Z 1000ad90 f i Newton.obj
 0001:00009db0       ??0dgRedBackNode@@QAE@QAV0@@Z 1000adb0 f i Newton.obj
 0001:00009de0       ?Initdata@dgRedBackNode@@QAEXQAV1@@Z 1000ade0 f i Newton.obj
 0001:00009e30       ?SetColor@dgRedBackNode@@QAEXW4REDBLACK_COLOR@1@@Z 1000ae30 f i Newton.obj
 0001:00009e60       ?SetInTreeFlag@dgRedBackNode@@QAEXI@Z 1000ae60 f i Newton.obj
 0001:00009e90       ??0dgVector@@QAE@XZ        1000ae90 f i Newton.obj
 0001:00009eb0       ??0dgVector@@QAE@ABV?$dgTemplateVector@M@@@Z 1000aeb0 f i Newton.obj
 0001:00009fb0       ??0dgVector@@QAE@PBM@Z     1000afb0 f i Newton.obj
 0001:0000a0a0       ??0dgVector@@QAE@MMMM@Z    1000b0a0 f i Newton.obj
 0001:0000a1a0       ??0dgMatrix@@QAE@ABVdgVector@@@Z 1000b1a0 f i Newton.obj
 0001:0000a630       ??AdgMatrix@@QAEAAVdgVector@@H@Z 1000b630 f i Newton.obj
 0001:0000a6b0       ?RotateVector@dgMatrix@@QBE?AVdgVector@@ABV2@@Z 1000b6b0 f i Newton.obj
 0001:0000a7a0       ?UnrotateVector@dgMatrix@@QBE?AVdgVector@@ABV2@@Z 1000b7a0 f i Newton.obj
 0001:0000a810       ?TransformVector@dgMatrix@@QBE?AVdgVector@@ABV2@@Z 1000b810 f i Newton.obj
 0001:0000a910       ?UntransformVector@dgMatrix@@QBE?AVdgVector@@ABV2@@Z 1000b910 f i Newton.obj
 0001:0000a980       ?dgPitchMatrix@@YA?AVdgMatrix@@M@Z 1000b980 f i Newton.obj
 0001:0000aa90       ??0dgMatrix@@QAE@ABVdgVector@@000@Z 1000ba90 f i Newton.obj
 0001:0000ab40       ?dgYawMatrix@@YA?AVdgMatrix@@M@Z 1000bb40 f i Newton.obj
 0001:0000ac50       ?dgRollMatrix@@YA?AVdgMatrix@@M@Z 1000bc50 f i Newton.obj
 0001:0000ad60       ?BeginConectedSurface@dgPolyhedra@@QBEXXZ 1000bd60 f i Newton.obj
 0001:0000ad80       ?IncLRU@dgPolyhedra@@QBEHXZ 1000bd80 f i Newton.obj
 0001:0000ade0       ?EndConectedSurface@dgPolyhedra@@QBEXXZ 1000bde0 f i Newton.obj
 0001:0000adf0       ?GetTagId@dgPolygonSoupDatabase@@QBEIPBH@Z 1000bdf0 f i Newton.obj
 0001:0000ae10       ?SetTagId@dgPolygonSoupDatabase@@QBEXPBHI@Z 1000be10 f i Newton.obj
 0001:0000ae40       ?GetBody@dgBodyMasterListRow@@QBEPAVdgBody@@XZ 1000be40 f i Newton.obj
 0001:0000ae60       ?SetAutoSleep@dgBody@@QAEX_N@Z 1000be60 f i Newton.obj
 0001:0000aed0       ?GetAutoSleep@dgBody@@QBE_NXZ 1000bed0 f i Newton.obj
 0001:0000aef0       ?GetSleepState@dgBody@@QBE_NXZ 1000bef0 f i Newton.obj
 0001:0000af10       ?GetCollisionWithLinkedBodies@dgBody@@QBE_NXZ 1000bf10 f i Newton.obj
 0001:0000af30       ?SetCollisionWithLinkedBodies@dgBody@@QAEX_N@Z 1000bf30 f i Newton.obj
 0001:0000af70       ?SetUserData@dgBody@@QAEXQAX@Z 1000bf70 f i Newton.obj
 0001:0000af90       ?GetUserData@dgBody@@QBEPAXXZ 1000bf90 f i Newton.obj
 0001:0000afb0       ?GetWorld@dgBody@@QBEPAVdgWorld@@XZ 1000bfb0 f i Newton.obj
 0001:0000afd0       ?GetGroupID@dgBody@@QBEIXZ 1000bfd0 f i Newton.obj
 0001:0000aff0       ?SetGroupID@dgBody@@QAEXI@Z 1000bff0 f i Newton.obj
 0001:0000b010       ?SetDestructorCallback@dgBody@@QAEXP6AXAAV1@@Z@Z 1000c010 f i Newton.obj
 0001:0000b030       ?SetExtForceAndTorqueCallback@dgBody@@QAEXP6AXAAV1@MH@Z@Z 1000c030 f i Newton.obj
 0001:0000b050       ?GetExtForceAndTorqueCallback@dgBody@@QBEP6AXAAV1@MH@ZXZ 1000c050 f i Newton.obj
 0001:0000b070       ?SetMatrixUpdateCallback@dgBody@@QAEXP6AXABV1@ABVdgMatrix@@H@Z@Z 1000c070 f i Newton.obj
 0001:0000b090       ?GetMatrixUpdateCallback@dgBody@@QAEP6AXABV1@ABVdgMatrix@@H@ZXZ 1000c090 f i Newton.obj
 0001:0000b0b0       ?SetOmega@dgBody@@QAEXABVdgVector@@@Z 1000c0b0 f i Newton.obj
 0001:0000b0f0       ?SetVelocity@dgBody@@QAEXABVdgVector@@@Z 1000c0f0 f i Newton.obj
 0001:0000b130       ?SetCentreOfMass@dgBody@@QAEXABVdgVector@@@Z 1000c130 f i Newton.obj
 0001:0000b1f0       ?AddForce@dgBody@@QAEXABVdgVector@@@Z 1000c1f0 f i Newton.obj
 0001:0000b260       ?AddTorque@dgBody@@QAEXABVdgVector@@@Z 1000c260 f i Newton.obj
 0001:0000b2d0       ?GetAparentMass@dgBody@@QBEABVdgVector@@XZ 1000c2d0 f i Newton.obj
 0001:0000b2f0       ?GetOmega@dgBody@@QBEABVdgVector@@XZ 1000c2f0 f i Newton.obj
 0001:0000b310       ?GetVelocity@dgBody@@QBEABVdgVector@@XZ 1000c310 f i Newton.obj
 0001:0000b330       ?GetForce@dgBody@@QBEABVdgVector@@XZ 1000c330 f i Newton.obj
 0001:0000b350       ?GetTorque@dgBody@@QBEABVdgVector@@XZ 1000c350 f i Newton.obj
 0001:0000b370       ?GetNetForce@dgBody@@QBEABVdgVector@@XZ 1000c370 f i Newton.obj
 0001:0000b390       ?GetNetTorque@dgBody@@QBEABVdgVector@@XZ 1000c390 f i Newton.obj
 0001:0000b3b0       ?GetCollision@dgBody@@QBEPAVdgCollision@@XZ 1000c3b0 f i Newton.obj
 0001:0000b3d0       ?GetPosition@dgBody@@QBEABVdgVector@@XZ 1000c3d0 f i Newton.obj
 0001:0000b3f0       ?GetRotation@dgBody@@QBEABVdgQuaternion@@XZ 1000c3f0 f i Newton.obj
 0001:0000b410       ?GetMatrix@dgBody@@QBEABVdgMatrix@@XZ 1000c410 f i Newton.obj
 0001:0000b430       ?GetCentreOfMass@dgBody@@QBE?AVdgVector@@XZ 1000c430 f i Newton.obj
 0001:0000b470       ?GetAABB@dgBody@@QBEXAAVdgVector@@0@Z 1000c470 f i Newton.obj
 0001:0000b4f0       ?SetContinuesCollisionMode@dgBody@@QAEX_N@Z 1000c4f0 f i Newton.obj
 0001:0000b530       ?GetContinuesCollisionMode@dgBody@@QBE_NXZ 1000c530 f i Newton.obj
 0001:0000b550       ?GetLinearDamping@dgBody@@QBEMXZ 1000c550 f i Newton.obj
 0001:0000b590       ?GetAngularDamping@dgBody@@QBE?AVdgVector@@XZ 1000c590 f i Newton.obj
 0001:0000b630       ?SetLinearDamping@dgBody@@QAEXM@Z 1000c630 f i Newton.obj
 0001:0000b690       ?SetAngularDamping@dgBody@@QAEXABVdgVector@@@Z 1000c690 f i Newton.obj
 0001:0000b770       ?SetForce@dgBody@@QAEXABVdgVector@@@Z 1000c770 f i Newton.obj
 0001:0000b8a0       ?SetTorque@dgBody@@QAEXABVdgVector@@@Z 1000c8a0 f i Newton.obj
 0001:0000b9d0       ?GetMasterList@dgBody@@QBEPAVdgListNode@?$dgList@VdgBodyMasterListRow@@@@XZ 1000c9d0 f i Newton.obj
 0001:0000b9f0       ?GetFreeze@dgBody@@QBE_NXZ 1000c9f0 f i Newton.obj
 0001:0000ba10       ??2dgConstraint@@SAPAXIQAVdgMemoryAllocator@@@Z 1000ca10 f i Newton.obj
 0001:0000ba30       ?IsCollidable@dgConstraint@@QBE_NXZ 1000ca30 f i Newton.obj
 0001:0000ba50       ?SetCollidable@dgConstraint@@QAEX_N@Z 1000ca50 f i Newton.obj
 0001:0000ba90       ?GetId@dgConstraint@@QBEIXZ 1000ca90 f i Newton.obj
 0001:0000bab0       ?GetBody0@dgConstraint@@QBEPAVdgBody@@XZ 1000cab0 f i Newton.obj
 0001:0000bad0       ?GetBody1@dgConstraint@@QBEPAVdgBody@@XZ 1000cad0 f i Newton.obj
 0001:0000baf0       ?SetCollisionCallback@dgContactMaterial@@QAEXP6A_NABV1@ABVdgBody@@1H@ZP6AXAAVdgContact@@MH@Z@Z 1000caf0 f i Newton.obj
 0001:0000bb20       ?SetCompoundCollisionCallback@dgContactMaterial@@QAEXP6A_NABV1@ABVdgBody@@1H@Z@Z 1000cb20 f i Newton.obj
 0001:0000bb40       ?GetUserData@dgContactMaterial@@QBEPAXXZ 1000cb40 f i Newton.obj
 0001:0000bb60       ?SetUserData@dgContactMaterial@@QAEXQAX@Z 1000cb60 f i Newton.obj
 0001:0000bb80       ?IsType@dgCollision@@QBEHW4RTTI@1@@Z 1000cb80 f i Newton.obj
 0001:0000bba0       ?GetOffsetMatrix@dgCollision@@QBEABVdgMatrix@@XZ 1000cba0 f i Newton.obj
 0001:0000bbc0       ?SetUserDataID@dgCollision@@QBEIXZ 1000cbc0 f i Newton.obj
 0001:0000bbe0       ?SetUserDataID@dgCollision@@QAEXI@Z 1000cbe0 f i Newton.obj
 0001:0000bc00       ?AddRef@dgCollision@@QAEPAV1@XZ 1000cc00 f i Newton.obj
 0001:0000bc30       ?GetRefCount@dgCollision@@QBEHXZ 1000cc30 f i Newton.obj
 0001:0000bc50       ?GetAllocator@dgCollision@@QBEPAVdgMemoryAllocator@@XZ 1000cc50 f i Newton.obj
 0001:0000bc70       ?dgGetUserLock@dgWorld@@QBEXXZ 1000cc70 f i Newton.obj
 0001:0000bca0       ?dgReleasedUserLock@dgWorld@@QBEXXZ 1000cca0 f i Newton.obj
 0001:0000bcd0       ?GetAllocator@dgWorld@@QBEPAVdgMemoryAllocator@@XZ 1000ccd0 f i Newton.obj
 0001:0000bcf0       ?GetVertexStrideInByte@dgMeshEffect@@QBEHXZ 1000ccf0 f i Newton.obj
 0001:0000bd10       ?GetVertexPool@dgMeshEffect@@QBEPAMXZ 1000cd10 f i Newton.obj
 0001:0000bd30       ?GetPropertiesStrideInByte@dgMeshEffect@@QBEHXZ 1000cd30 f i Newton.obj
 0001:0000bd50       ?GetAttributePool@dgMeshEffect@@QBEPAMXZ 1000cd50 f i Newton.obj
 0001:0000bd70       ?GetNormalPool@dgMeshEffect@@QBEPAMXZ 1000cd70 f i Newton.obj
 0001:0000bd90       ?GetUV0Pool@dgMeshEffect@@QBEPAMXZ 1000cd90 f i Newton.obj
 0001:0000bdb0       ?GetUV1Pool@dgMeshEffect@@QBEPAMXZ 1000cdb0 f i Newton.obj
 0001:0000bdd0       ?GetVertexCount@dgMeshEffect@@QBEHXZ 1000cdd0 f i Newton.obj
 0001:0000bdf0       ?GetPropertiesCount@dgMeshEffect@@QBEHXZ 1000cdf0 f i Newton.obj
 0001:0000be10       ?GetMaterialID@dgMeshEffect@@QAEHPAUdgIndexArray@1@H@Z 1000ce10 f i Newton.obj
 0001:0000be30       ?GetMaterialIndexCount@dgMeshEffect@@QAEHPAUdgIndexArray@1@H@Z 1000ce30 f i Newton.obj
 0001:0000be50       ?GetMainMesh@dgCollisionCompoundBreakable@@QBEPAVdgListNode@?$dgList@V?$dgGraphNode@VdgDebriNodeInfo@dgCollisionCompoundBreakable@@VdgSharedNodeMesh@2@@@@@XZ 1000ce50 f i Newton.obj
 0001:0000be70       ?GetFirstComponentMesh@dgCollisionCompoundBreakable@@QBEPAVdgListNode@?$dgList@V?$dgGraphNode@VdgDebriNodeInfo@dgCollisionCompoundBreakable@@VdgSharedNodeMesh@2@@@@@XZ 1000ce70 f i Newton.obj
 0001:0000bed0       ?GetVertecCount@dgCollisionCompoundBreakable@@QBEHXZ 1000ced0 f i Newton.obj
 0001:0000bef0       ?GetVertexStreams@dgCollisionCompoundBreakable@@QBEXHPAMH0H0@Z 1000cef0 f i Newton.obj
 0001:0000bf30       ?GetNext@dgListNode@?$dgList@V?$dgGraphNode@VdgDebriNodeInfo@dgCollisionCompoundBreakable@@VdgSharedNodeMesh@2@@@@@QBEPAV12@XZ 1000cf30 f i Newton.obj
 0001:0000bf50       ??0?$dgTemplateVector@M@@QAE@MMMM@Z 1000cf50 f i Newton.obj
 0001:0000bf90       ??0?$dgTemplateVector@M@@QAE@PBM@Z 1000cf90 f i Newton.obj
 0001:0000bfe0       ??0?$dgTemplateVector@M@@QAE@XZ 1000cfe0 f i Newton.obj
 0001:0000c000       ?Scale@?$dgTemplateVector@M@@QBE?AV1@M@Z 1000d000 f i Newton.obj
 0001:0000c080       ??A?$dgTemplateVector@M@@QAEAAMH@Z 1000d080 f i Newton.obj
 0001:0000c100       ??H?$dgTemplateVector@M@@QBE?AV0@ABV0@@Z 1000d100 f i Newton.obj
 0001:0000c180       ??G?$dgTemplateVector@M@@QBE?AV0@ABV0@@Z 1000d180 f i Newton.obj
 0001:0000c200       ??L?$dgTemplateVector@M@@QBEMABV0@@Z 1000d200 f i Newton.obj
 0001:0000c250       ??D?$dgTemplateVector@M@@QBE?AV0@ABV0@@Z 1000d250 f i Newton.obj
 0001:0000c300       ??$ClampValue@M@@YAMMMM@Z  1000d300 f i Newton.obj
 0001:0000c340       ??$GetMin@M@@YAMMM@Z       1000d340 f i Newton.obj
 0001:0000c370       ??$GetMax@M@@YAMMM@Z       1000d370 f i Newton.obj
 0001:0000c3a0       ?GetCount@?$dgList@V?$dgGraphNode@VdgDebriNodeInfo@dgCollisionCompoundBreakable@@VdgSharedNodeMesh@2@@@@@QBEHXZ 1000d3a0 f i Newton.obj
 0001:0000c3c0       ?GetLast@?$dgList@V?$dgGraphNode@VdgDebriNodeInfo@dgCollisionCompoundBreakable@@VdgSharedNodeMesh@2@@@@@QBEPAVdgListNode@1@XZ 1000d3c0 f i Newton.obj
 0001:0000c3e0       ?GetFirst@?$dgList@V?$dgGraphNode@VdgDebriNodeInfo@dgCollisionCompoundBreakable@@VdgSharedNodeMesh@2@@@@@QBEPAVdgListNode@1@XZ 1000d3e0 f i Newton.obj
 0001:0000c400       ??0NewtonDeadBodies@@QAE@QAVdgMemoryAllocator@@@Z 1000d400 f   NewtonClass.obj
 0001:0000c440       ?DestroyBodies@NewtonDeadBodies@@QAEXAAVNewton@@@Z 1000d440 f   NewtonClass.obj
 0001:0000c4c0       ??0NewtonDeadJoints@@QAE@QAVdgMemoryAllocator@@@Z 1000d4c0 f   NewtonClass.obj
 0001:0000c500       ?DestroyJoints@NewtonDeadJoints@@QAEXAAVNewton@@@Z 1000d500 f   NewtonClass.obj
 0001:0000c580       ?DefaultAllocMemory@Newton@@SAPAXH@Z 1000d580 f   NewtonClass.obj
 0001:0000c5a0       ?DefaultFreeMemory@Newton@@SAXPAXH@Z 1000d5a0 f   NewtonClass.obj
 0001:0000c5c0       ??0Newton@@QAE@MQAVdgMemoryAllocator@@@Z 1000d5c0 f   NewtonClass.obj
 0001:0000c630       ??1Newton@@QAE@XZ          1000d630 f   NewtonClass.obj
 0001:0000c680       ?UpdatePhysics@Newton@@QAEXM@Z 1000d680 f   NewtonClass.obj
 0001:0000c710       ?DestroyJoint@Newton@@QAEXPAVdgConstraint@@@Z 1000d710 f   NewtonClass.obj
 0001:0000c770       ?DestroyBody@Newton@@QAEXPAVdgBody@@@Z 1000d770 f   NewtonClass.obj
 0001:0000c7d0       ??0NewtonUserJoint@@QAE@PAVdgWorld@@HP6AXPBUNewtonJoint@@MH@ZP6AX1PAUNewtonJointRecord@@@ZPAVdgBody@@5@Z 1000d7d0 f   NewtonClass.obj
 0001:0000c920       ??1NewtonUserJoint@@UAE@XZ 1000d920 f   NewtonClass.obj
 0001:0000c980       ?JacobianDerivative@NewtonUserJoint@@UAEIAAVdgContraintDescritor@@@Z 1000d980 f   NewtonClass.obj
 0001:0000c9e0       ?AddLinearRowJacobian@NewtonUserJoint@@QAEXABVdgVector@@00@Z 1000d9e0 f   NewtonClass.obj
 0001:0000cb10       ?AddAngularRowJacobian@NewtonUserJoint@@QAEXABVdgVector@@M@Z 1000db10 f   NewtonClass.obj
 0001:0000cc60       ?AddGeneralRowJacobian@NewtonUserJoint@@QAEXPBM0@Z 1000dc60 f   NewtonClass.obj
 0001:0000cda0       ?SetAcceleration@NewtonUserJoint@@QAEXM@Z 1000dda0 f   NewtonClass.obj
 0001:0000cdf0       ?SetSpringDamperAcceleration@NewtonUserJoint@@QAEXMM@Z 1000ddf0 f   NewtonClass.obj
 0001:0000cec0       ?SetHighFriction@NewtonUserJoint@@QAEXM@Z 1000dec0 f   NewtonClass.obj
 0001:0000cf50       ?SetLowerFriction@NewtonUserJoint@@QAEXM@Z 1000df50 f   NewtonClass.obj
 0001:0000cfe0       ?SetRowStiffness@NewtonUserJoint@@QAEXM@Z 1000dfe0 f   NewtonClass.obj
 0001:0000d060       ?GetRowForce@NewtonUserJoint@@QBEMH@Z 1000e060 f   NewtonClass.obj
 0001:0000d0a0       ?GetInfo@NewtonUserJoint@@UBEXQAVdgConstraintInfo@@@Z 1000e0a0 f   NewtonClass.obj
 0001:0000d0f0       ?SetUpdateFeedbackFunction@NewtonUserJoint@@QAEXP6AXPBUNewtonJoint@@MH@Z@Z 1000e0f0 f   NewtonClass.obj
 0001:0000d450       ??1NewtonDeadBodies@@QAE@XZ 1000e450 f i NewtonClass.obj
 0001:0000d470       ??1NewtonDeadJoints@@QAE@XZ 1000e470 f i NewtonClass.obj
 0001:0000d490       ??_GNewtonUserJoint@@UAEPAXI@Z 1000e490 f i NewtonClass.obj
 0001:0000d490       ??_ENewtonUserJoint@@UAEPAXI@Z 1000e490 f i NewtonClass.obj
 0001:0000d4d0       ??0dgPointParam@dgConstraint@@QAE@XZ 1000e4d0 f i NewtonClass.obj
 0001:0000d550       ??0Iterator@?$dgTree@PAVdgBody@@PAX@@QAE@ABV1@@Z 1000e550 f i NewtonClass.obj
 0001:0000d580       ??1Iterator@?$dgTree@PAVdgBody@@PAX@@QAE@XZ 1000e580 f i NewtonClass.obj
 0001:0000d590       ?Begin@Iterator@?$dgTree@PAVdgBody@@PAX@@QAEXXZ 1000e590 f i NewtonClass.obj
 0001:0000d5c0       ??BIterator@?$dgTree@PAVdgBody@@PAX@@QBEHXZ 1000e5c0 f i NewtonClass.obj
 0001:0000d5e0       ??EIterator@?$dgTree@PAVdgBody@@PAX@@QAEXH@Z 1000e5e0 f i NewtonClass.obj
 0001:0000d640       ?GetNode@Iterator@?$dgTree@PAVdgBody@@PAX@@QBEPAVdgTreeNode@2@XZ 1000e640 f i NewtonClass.obj
 0001:0000d660       ?GetInfo@dgTreeNode@?$dgTree@PAVdgBody@@PAX@@QAEAAPAVdgBody@@XZ 1000e660 f i NewtonClass.obj
 0001:0000d680       ??0Iterator@?$dgTree@PAVdgConstraint@@PAX@@QAE@ABV1@@Z 1000e680 f i NewtonClass.obj
 0001:0000d6b0       ??1Iterator@?$dgTree@PAVdgConstraint@@PAX@@QAE@XZ 1000e6b0 f i NewtonClass.obj
 0001:0000d6c0       ?Begin@Iterator@?$dgTree@PAVdgConstraint@@PAX@@QAEXXZ 1000e6c0 f i NewtonClass.obj
 0001:0000d6f0       ??BIterator@?$dgTree@PAVdgConstraint@@PAX@@QBEHXZ 1000e6f0 f i NewtonClass.obj
 0001:0000d710       ??EIterator@?$dgTree@PAVdgConstraint@@PAX@@QAEXH@Z 1000e710 f i NewtonClass.obj
 0001:0000d770       ?GetNode@Iterator@?$dgTree@PAVdgConstraint@@PAX@@QBEPAVdgTreeNode@2@XZ 1000e770 f i NewtonClass.obj
 0001:0000d790       ?GetInfo@dgTreeNode@?$dgTree@PAVdgConstraint@@PAX@@QAEAAPAVdgConstraint@@XZ 1000e790 f i NewtonClass.obj
 0001:0000d7b0       ??0?$dgTree@PAVdgBody@@PAX@@QAE@QAVdgMemoryAllocator@@@Z 1000e7b0 f i NewtonClass.obj
 0001:0000d7f0       ??1?$dgTree@PAVdgBody@@PAX@@QAE@XZ 1000e7f0 f i NewtonClass.obj
 0001:0000d810       ?Minimum@?$dgTree@PAVdgBody@@PAX@@QBEPAVdgTreeNode@1@XZ 1000e810 f i NewtonClass.obj
 0001:0000d850       ?Insert@?$dgTree@PAVdgBody@@PAX@@QAEPAVdgTreeNode@1@ABQAVdgBody@@PAX@Z 1000e850 f i NewtonClass.obj
 0001:0000d8a0       ?Remove@?$dgTree@PAVdgBody@@PAX@@QAEXQAVdgTreeNode@1@@Z 1000e8a0 f i NewtonClass.obj
 0001:0000d8e0       ??0?$dgTree@PAVdgConstraint@@PAX@@QAE@QAVdgMemoryAllocator@@@Z 1000e8e0 f i NewtonClass.obj
 0001:0000d920       ??1?$dgTree@PAVdgConstraint@@PAX@@QAE@XZ 1000e920 f i NewtonClass.obj
 0001:0000d940       ?Minimum@?$dgTree@PAVdgConstraint@@PAX@@QBEPAVdgTreeNode@1@XZ 1000e940 f i NewtonClass.obj
 0001:0000d980       ?Insert@?$dgTree@PAVdgConstraint@@PAX@@QAEPAVdgTreeNode@1@ABQAVdgConstraint@@PAX@Z 1000e980 f i NewtonClass.obj
 0001:0000d9d0       ?Remove@?$dgTree@PAVdgConstraint@@PAX@@QAEXQAVdgTreeNode@1@@Z 1000e9d0 f i NewtonClass.obj
 0001:0000da10       ?Insert@?$dgTree@PAVdgBody@@PAX@@QAEPAVdgTreeNode@1@ABQAVdgBody@@PAXAA_N@Z 1000ea10 f i NewtonClass.obj
 0001:0000dc80       ?RemoveAll@?$dgTree@PAVdgBody@@PAX@@QAEXXZ 1000ec80 f i NewtonClass.obj
 0001:0000dcc0       ?Insert@?$dgTree@PAVdgConstraint@@PAX@@QAEPAVdgTreeNode@1@ABQAVdgConstraint@@PAXAA_N@Z 1000ecc0 f i NewtonClass.obj
 0001:0000df30       ?RemoveAll@?$dgTree@PAVdgConstraint@@PAX@@QAEXXZ 1000ef30 f i NewtonClass.obj
 0001:0000df70       ??0dgTreeNode@?$dgTree@PAVdgBody@@PAX@@AAE@ABQAVdgBody@@ABQAXPAV01@@Z 1000ef70 f i NewtonClass.obj
 0001:0000e000       ?GetLeft@dgTreeNode@?$dgTree@PAVdgBody@@PAX@@ABEPAV12@XZ 1000f000 f i NewtonClass.obj
 0001:0000e020       ?GetRight@dgTreeNode@?$dgTree@PAVdgBody@@PAX@@ABEPAV12@XZ 1000f020 f i NewtonClass.obj
 0001:0000e040       ??0dgTreeNode@?$dgTree@PAVdgConstraint@@PAX@@AAE@ABQAVdgConstraint@@ABQAXPAV01@@Z 1000f040 f i NewtonClass.obj
 0001:0000e0d0       ?GetLeft@dgTreeNode@?$dgTree@PAVdgConstraint@@PAX@@ABEPAV12@XZ 1000f0d0 f i NewtonClass.obj
 0001:0000e0f0       ?GetRight@dgTreeNode@?$dgTree@PAVdgConstraint@@PAX@@ABEPAV12@XZ 1000f0f0 f i NewtonClass.obj
 0001:0000e110       ?CompareKeys@?$dgTree@PAVdgBody@@PAX@@ABEHABQAX0@Z 1000f110 f i NewtonClass.obj
 0001:0000e150       ?CompareKeys@?$dgTree@PAVdgConstraint@@PAX@@ABEHABQAX0@Z 1000f150 f i NewtonClass.obj
 0001:0000e190       ??3dgConstraint@@SAXPAX@Z  1000f190 f i NewtonClass.obj
 0001:0000e1b0       ?SetUpdateFeedbackFunction@dgConstraint@@IAEXP6AXABV1@MH@Z@Z 1000f1b0 f i NewtonClass.obj
 0001:0000e1d0       ??_H@YGXPAXIHP6EPAX0@Z@Z   1000f1d0 f i NewtonClass.obj
 0001:0000e200       ?Init@dgBilateralConstraint@@MAEXXZ 1000f200 f i NewtonClass.obj
 0001:0000e240       ?Remove@dgBilateralConstraint@@MAEXPAVdgWorld@@@Z 1000f240 f i NewtonClass.obj
 0001:0000e280       ??0dgWorld@@QAE@QAVdgMemoryAllocator@@@Z 1000f280 f   physics:dgWorld.obj
 0001:0000e800       ??1dgWorld@@QAE@XZ         1000f800 f   physics:dgWorld.obj
 0001:0000e9a0       ?GetPerformanceCount@dgWorld@@CAIXZ 1000f9a0 f   physics:dgWorld.obj
 0001:0000e9b0       ?AddSentinelBody@dgWorld@@AAEXXZ 1000f9b0 f   physics:dgWorld.obj
 0001:0000ea40       ?GetSentinelBody@dgWorld@@QBEPAVdgBody@@XZ 1000fa40 f   physics:dgWorld.obj
 0001:0000ea60       ?SetSolverMode@dgWorld@@QAEXH@Z 1000fa60 f   physics:dgWorld.obj
 0001:0000ea90       ?SetFrictionMode@dgWorld@@QAEXH@Z 1000fa90 f   physics:dgWorld.obj
 0001:0000eab0       ?SetHardwareMode@dgWorld@@QAEXH@Z 1000fab0 f   physics:dgWorld.obj
 0001:0000eae0       ?GetHardwareMode@dgWorld@@QAEHPAD@Z 1000fae0 f   physics:dgWorld.obj
 0001:0000eb40       ?SetThreadsCount@dgWorld@@QAEXH@Z 1000fb40 f   physics:dgWorld.obj
 0001:0000eb80       ?GetThreadsCount@dgWorld@@QBEHXZ 1000fb80 f   physics:dgWorld.obj
 0001:0000eba0       ?GetMaxThreadsCount@dgWorld@@QBEHXZ 1000fba0 f   physics:dgWorld.obj
 0001:0000ebc0       ?EnableThreadOnSingleIsland@dgWorld@@QAEXH@Z 1000fbc0 f   physics:dgWorld.obj
 0001:0000ebe0       ?GetThreadOnSingleIsland@dgWorld@@QBEHXZ 1000fbe0 f   physics:dgWorld.obj
 0001:0000ec00       ?SetFrictionThreshold@dgWorld@@QAEXM@Z 1000fc00 f   physics:dgWorld.obj
 0001:0000ec30       ?RemoveAllGroupID@dgWorld@@QAEXXZ 1000fc30 f   physics:dgWorld.obj
 0001:0000ec90       ?DestroyAllBodies@dgWorld@@QAEXXZ 1000fc90 f   physics:dgWorld.obj
 0001:0000eda0       ?CreateBody@dgWorld@@QAEPAVdgBody@@QAVdgCollision@@ABVdgMatrix@@@Z 1000fda0 f   physics:dgWorld.obj
 0001:0000f090       ?DestroyBody@dgWorld@@QAEXQAVdgBody@@@Z 10010090 f   physics:dgWorld.obj
 0001:0000f140       ?DestroyConstraint@dgWorld@@QAEXPAVdgConstraint@@@Z 10010140 f   physics:dgWorld.obj
 0001:0000f190       ?UpdateCollision@dgWorld@@QAEXXZ 10010190 f   physics:dgWorld.obj
 0001:0000f310       ?Update@dgWorld@@QAEXM@Z   10010310 f   physics:dgWorld.obj
 0001:0000f520       ?GetPerformaceFuntion@dgWorld@@QBEP6AIXZXZ 10010520 f   physics:dgWorld.obj
 0001:0000f540       ?SetPerfomanceCounter@dgWorld@@QAEXP6AIXZ@Z 10010540 f   physics:dgWorld.obj
 0001:0000f590       ?GetPerfomanceTicks@dgWorld@@QBEII@Z 10010590 f   physics:dgWorld.obj
 0001:0000f5c0       ?GetThreadPerfomanceTicks@dgWorld@@QBEII@Z 100105c0 f   physics:dgWorld.obj
 0001:0000f5e0       ?SetUserData@dgWorld@@QAEXQAX@Z 100105e0 f   physics:dgWorld.obj
 0001:0000f600       ?GetUserData@dgWorld@@QBEPAXXZ 10010600 f   physics:dgWorld.obj
 0001:0000f620       ?SetIslandUpdateCallback@dgWorld@@QAEXP6AIQBV1@PAXH@Z@Z 10010620 f   physics:dgWorld.obj
 0001:0000f640       ?SetDestroyCollisionCallback@dgWorld@@QAEXP6AXQBV1@PAVdgCollision@@@Z@Z 10010640 f   physics:dgWorld.obj
 0001:0000f660       ?SetLeavingWorldCallback@dgWorld@@QAEXP6AXPAVdgBody@@H@Z@Z 10010660 f   physics:dgWorld.obj
 0001:0000f680       ?SetBodyDestructionByExeciveForce@dgWorld@@QAEXP6AXQBVdgBody@@PBVdgContact@@@Z@Z 10010680 f   physics:dgWorld.obj
 0001:0000f6a0       ?CreateBallConstraint@dgWorld@@QAEPAVdgBallConstraint@@ABVdgVector@@QAVdgBody@@PAV4@@Z 100106a0 f   physics:dgWorld.obj
 0001:0000f760       ?CreateHingeConstraint@dgWorld@@QAEPAVdgHingeConstraint@@ABVdgVector@@0QAVdgBody@@PAV4@@Z 10010760 f   physics:dgWorld.obj
 0001:0000f820       ?CreateUpVectorConstraint@dgWorld@@QAEPAVdgUpVectorConstraint@@ABVdgVector@@PAVdgBody@@@Z 10010820 f   physics:dgWorld.obj
 0001:0000f8c0       ?CreateSlidingConstraint@dgWorld@@QAEPAVdgSlidingConstraint@@ABVdgVector@@0QAVdgBody@@PAV4@@Z 100108c0 f   physics:dgWorld.obj
 0001:0000f980       ?CreateCorkscrewConstraint@dgWorld@@QAEPAVdgCorkscrewConstraint@@ABVdgVector@@0QAVdgBody@@PAV4@@Z 10010980 f   physics:dgWorld.obj
 0001:0000fa40       ?CreateUniversalConstraint@dgWorld@@QAEPAVdgUniversalConstraint@@ABVdgVector@@00QAVdgBody@@PAV4@@Z 10010a40 f   physics:dgWorld.obj
 0001:0000fb10       ?GetBodiesCount@dgWorld@@QBEHXZ 10010b10 f   physics:dgWorld.obj
 0001:0000fb30       ?GetConstraintsCount@dgWorld@@QBEHXZ 10010b30 f   physics:dgWorld.obj
 0001:0000fb50       ?BodySetMatrix@dgWorld@@QAEXPAVdgBody@@ABVdgMatrix@@@Z 10010b50 f   physics:dgWorld.obj
 0001:0000fe10       ?AddBodyImpulse@dgWorld@@QAEXPAVdgBody@@ABVdgVector@@1@Z 10010e10 f   physics:dgWorld.obj
 0001:0000fe40       ?AreBodyConnectedByJoints@dgWorld@@AAE_NQAVdgBody@@0@Z 10010e40 f   physics:dgWorld.obj
 0001:00010020       ?FlushCache@dgWorld@@QAEXXZ 10011020 f   physics:dgWorld.obj
 0001:000100a0       ??0dgActiveContacts@@QAE@QAVdgMemoryAllocator@@@Z 100110a0 f i physics:dgWorld.obj
 0001:000100c0       ??2dgCollision@@SAPAXIQAVdgMemoryAllocator@@@Z 100110c0 f i physics:dgWorld.obj
 0001:000100e0       ??0dgBodyCollisionList@@QAE@QAVdgMemoryAllocator@@@Z 100110e0 f i physics:dgWorld.obj
 0001:00010100       ??0dgBodyMaterialList@@QAE@QAVdgMemoryAllocator@@@Z 10011100 f i physics:dgWorld.obj
 0001:00010120       ??0dgDetroyBodyByForce@dgWorld@@QAE@XZ 10011120 f i physics:dgWorld.obj
 0001:00010140       ??0dgCollisionPoint@@QAE@QAVdgMemoryAllocator@@@Z 10011140 f i physics:dgWorld.obj
 0001:00010180       ?ModifierGetMatrix@dgCollision@@UBE?AVdgMatrix@@XZ 10011180 f i physics:dgWorld.obj
 0001:000101b0       ?ModifierSetMatrix@dgCollision@@UAEXABVdgMatrix@@@Z 100111b0 f i physics:dgWorld.obj
 0001:000101c0       ?Release@dgCollision@@UAEHXZ 100111c0 f i physics:dgWorld.obj
 0001:00010220       ?SetBreakImpulse@dgCollision@@UAEXM@Z 10011220 f i physics:dgWorld.obj
 0001:00010230       ?GetBreakImpulse@dgCollision@@UBEMXZ 10011230 f i physics:dgWorld.obj
 0001:00010250       ??_GdgCollisionPoint@@UAEPAXI@Z 10011250 f i physics:dgWorld.obj
 0001:00010250       ??_EdgCollisionPoint@@UAEPAXI@Z 10011250 f i physics:dgWorld.obj
 0001:00010280       ??3dgCollision@@SAXPAX@Z   10011280 f i physics:dgWorld.obj
 0001:000102a0       ??1dgCollisionPoint@@UAE@XZ 100112a0 f i physics:dgWorld.obj
 0001:000102c0       ??_I@YGXPAXIHP6EX0@Z@Z     100112c0 f i physics:dgWorld.obj
 0001:000102f0       ??1dgBodyMaterialList@@QAE@XZ 100112f0 f i physics:dgWorld.obj
 0001:00010310       ??1dgBodyCollisionList@@QAE@XZ 10011310 f i physics:dgWorld.obj
 0001:00010330       ??1dgActiveContacts@@QAE@XZ 10011330 f i physics:dgWorld.obj
 0001:00010350       ??1dgWorldDynamicUpdate@@QAE@XZ 10011350 f i physics:dgWorld.obj
 0001:00010460       ??1dgSolverWorlkerThreads@@UAE@XZ 10011460 f i physics:dgWorld.obj
 0001:00010480       ??1dgParallelSolverClear@@UAE@XZ 10011480 f i physics:dgWorld.obj
 0001:000104a0       ??1dgParallelSolverBodyInertia@@UAE@XZ 100114a0 f i physics:dgWorld.obj
 0001:000104c0       ??1dgParallelSolverUpdateVeloc@@UAE@XZ 100114c0 f i physics:dgWorld.obj
 0001:000104e0       ??1dgParallelSolverUpdateForce@@UAE@XZ 100114e0 f i physics:dgWorld.obj
 0001:00010500       ??1dgParallelSolverCalculateForces@@UAE@XZ 10011500 f i physics:dgWorld.obj
 0001:00010520       ??1dgParallelSolverInitInternalForces@@UAE@XZ 10011520 f i physics:dgWorld.obj
 0001:00010540       ??1dgParallelSolverBuildJacobianRows@@UAE@XZ 10011540 f i physics:dgWorld.obj
 0001:00010560       ??1dgParallelSolverJointAcceleration@@UAE@XZ 10011560 f i physics:dgWorld.obj
 0001:00010580       ??1dgParallelSolverInitFeedbackUpdate@@UAE@XZ 10011580 f i physics:dgWorld.obj
 0001:000105a0       ??1dgParallelSolverBuildJacobianMatrix@@UAE@XZ 100115a0 f i physics:dgWorld.obj
 0001:000105c0       ??2dgBody@@SAPAXIQAVdgMemoryAllocator@@@Z 100115c0 f i physics:dgWorld.obj
 0001:000105e0       ??_GdgBody@@QAEPAXI@Z      100115e0 f i physics:dgWorld.obj
 0001:00010610       ??3dgBody@@SAXPAX@Z        10011610 f i physics:dgWorld.obj
 0001:00010630       ?GetInfo@dgListNode@?$dgList@PAVdgContact@@@@QAEAAPAVdgContact@@XZ 10011630 f i physics:dgWorld.obj
 0001:00010640       ?GetNext@dgListNode@?$dgList@PAVdgContact@@@@QBEPAV12@XZ 10011640 f i physics:dgWorld.obj
 0001:00010660       ?GetCount@?$dgList@VdgBodyMasterListCell@@@@QBEHXZ 10011660 f i physics:dgWorld.obj
 0001:00010670       ?GetCount@?$dgList@VdgBodyMasterListRow@@@@QBEHXZ 10011670 f i physics:dgWorld.obj
 0001:00010680       ??0?$dgList@PAVdgContact@@@@QAE@QAVdgMemoryAllocator@@@Z 10011680 f i physics:dgWorld.obj
 0001:000106c0       ??1?$dgList@PAVdgContact@@@@QAE@XZ 100116c0 f i physics:dgWorld.obj
 0001:000106e0       ?GetFirst@?$dgList@PAVdgContact@@@@QBEPAVdgListNode@1@XZ 100116e0 f i physics:dgWorld.obj
 0001:00010700       ??0?$dgTree@PAVdgCollision@@I@@QAE@QAVdgMemoryAllocator@@@Z 10011700 f i physics:dgWorld.obj
 0001:00010730       ??1?$dgTree@PAVdgCollision@@I@@QAE@XZ 10011730 f i physics:dgWorld.obj
 0001:00010750       ?GetCount@?$dgTree@PAVdgCollision@@I@@QBEHXZ 10011750 f i physics:dgWorld.obj
 0001:00010760       ??0?$dgTree@VdgContactMaterial@@I@@QAE@QAVdgMemoryAllocator@@@Z 10011760 f i physics:dgWorld.obj
 0001:00010790       ??1?$dgTree@VdgContactMaterial@@I@@QAE@XZ 10011790 f i physics:dgWorld.obj
 0001:000107b0       ?GetCount@?$dgTree@VdgContactMaterial@@I@@QBEHXZ 100117b0 f i physics:dgWorld.obj
 0001:000107c0       ?GetRoot@?$dgTree@VdgContactMaterial@@I@@QBEPAVdgTreeNode@1@XZ 100117c0 f i physics:dgWorld.obj
 0001:000107e0       ?Remove@?$dgTree@VdgContactMaterial@@I@@QAEXQAVdgTreeNode@1@@Z 100117e0 f i physics:dgWorld.obj
 0001:00010820       ??0?$dgTree@PAXI@@QAE@QAVdgMemoryAllocator@@@Z 10011820 f i physics:dgWorld.obj
 0001:00010850       ??1?$dgTree@PAXI@@QAE@XZ   10011850 f i physics:dgWorld.obj
 0001:00010870       ??$GetMax@H@@YAHHH@Z       10011870 f i physics:dgWorld.obj
 0001:00010890       ??$ClampValue@I@@YAIIII@Z  10011890 f i physics:dgWorld.obj
 0001:000108c0       ??$Swap@PAVdgBody@@@@YAXAAPAVdgBody@@0@Z 100118c0 f i physics:dgWorld.obj
 0001:000108f0       ?RemoveAll@?$dgList@PAVdgContact@@@@QAEXXZ 100118f0 f i physics:dgWorld.obj
 0001:000109b0       ?RemoveAll@?$dgTree@PAVdgCollision@@I@@QAEXXZ 100119b0 f i physics:dgWorld.obj
 0001:000109f0       ?RemoveAll@?$dgTree@VdgContactMaterial@@I@@QAEXXZ 100119f0 f i physics:dgWorld.obj
 0001:00010a30       ?RemoveAll@?$dgTree@PAXI@@QAEXXZ 10011a30 f i physics:dgWorld.obj
 0001:00010a70       ??_GdgListNode@?$dgList@PAVdgContact@@@@AAEPAXI@Z 10011a70 f i physics:dgWorld.obj
 0001:00010aa0       ??3dgListNode@?$dgList@PAVdgContact@@@@CAXPAX@Z 10011aa0 f i physics:dgWorld.obj
 0001:00010ac0       ??1dgListNode@?$dgList@PAVdgContact@@@@AAE@XZ 10011ac0 f i physics:dgWorld.obj
 0001:00010ad0       ?Unlink@dgListNode@?$dgList@PAVdgContact@@@@AAEXXZ 10011ad0 f i physics:dgWorld.obj
 0001:00010b20       ?Inverse@dgMatrix@@QBE?AV1@XZ 10011b20 f i physics:dgWorld.obj
 0001:00010c30       ??1dgWorkerThread@@UAE@XZ  10011c30 f i physics:dgWorld.obj
 0001:00010c50       ??_EdgWorkerThread@@UAEPAXI@Z 10011c50 f i physics:dgWorld.obj
 0001:00010c50       ??_GdgWorkerThread@@UAEPAXI@Z 10011c50 f i physics:dgWorld.obj
 0001:00010c80       ??0dgSortArray@@QAE@XZ     10011c80 f   physics:dgBroadPhaseCollision.obj
 0001:00010cb0       ??1dgSortArray@@QAE@XZ     10011cb0 f   physics:dgBroadPhaseCollision.obj
 0001:00010cf0       ?Add@dgSortArray@@QAEXQAVdgBody@@@Z 10011cf0 f   physics:dgBroadPhaseCollision.obj
 0001:00010d60       ?Remove@dgSortArray@@QAEXQAVdgBody@@@Z 10011d60 f   physics:dgBroadPhaseCollision.obj
 0001:00010dd0       ?Sort@dgSortArray@@QAEMXZ  10011dd0 f   physics:dgBroadPhaseCollision.obj
 0001:00010f20       ?RayCast@dgSortArray@@QBEMMABUdgLineBox@@P6AMQBVdgBody@@ABVdgVector@@HQAXM@ZP6AI1QBVdgCollision@@3@Z3@Z 10011f20 f   physics:dgBroadPhaseCollision.obj
 0001:00011040       ?InvalidateCache@dgSortArray@@QAEXXZ 10012040 f   physics:dgBroadPhaseCollision.obj
 0001:000110f0       ?SanityCheck@dgSortArray@@QAE_NXZ 100120f0 f   physics:dgBroadPhaseCollision.obj
 0001:00011170       ??0dgBroadPhaseCell@@QAE@XZ 10012170 f   physics:dgBroadPhaseCollision.obj
 0001:00011190       ??1dgBroadPhaseCell@@QAE@XZ 10012190 f   physics:dgBroadPhaseCollision.obj
 0001:000111e0       ?Init@dgBroadPhaseCell@@AAEXHPAVdgMemoryAllocator@@@Z 100121e0 f   physics:dgBroadPhaseCollision.obj
 0001:00011250       ?Add@dgBroadPhaseCell@@AAEXQAVdgBody@@@Z 10012250 f   physics:dgBroadPhaseCollision.obj
 0001:000112e0       ?Remove@dgBroadPhaseCell@@AAEXQAVdgBody@@@Z 100122e0 f   physics:dgBroadPhaseCollision.obj
 0001:000113a0       ?Sort@dgBroadPhaseCell@@AAEXXZ 100123a0 f   physics:dgBroadPhaseCollision.obj
 0001:00011430       ?UpdateAutoPair@dgBroadPhaseCell@@AAEXQAVdgWorld@@H@Z 10012430 f   physics:dgBroadPhaseCollision.obj
 0001:000115b0       ??0dgBroadPhaseLayer@@QAE@XZ 100125b0 f   physics:dgBroadPhaseCollision.obj
 0001:000115f0       ??1dgBroadPhaseLayer@@QAE@XZ 100125f0 f   physics:dgBroadPhaseCollision.obj
 0001:00011630       ?Init@dgBroadPhaseLayer@@AAEXQAVdgWorld@@MH@Z 10012630 f   physics:dgBroadPhaseCollision.obj
 0001:000116a0       ?FindCreate@dgBroadPhaseLayer@@AAEPAVdgBroadPhaseCell@@HH@Z 100126a0 f   physics:dgBroadPhaseCollision.obj
 0001:00011730       ??0dgBroadPhaseCollision@@AAE@PAVdgMemoryAllocator@@@Z 10012730 f   physics:dgBroadPhaseCollision.obj
 0001:000118d0       ??1dgBroadPhaseCollision@@AAE@XZ 100128d0 f   physics:dgBroadPhaseCollision.obj
 0001:00011960       ?Init@dgBroadPhaseCollision@@AAEXXZ 10012960 f   physics:dgBroadPhaseCollision.obj
 0001:000119e0       ?GetWorldSize@dgBroadPhaseCollision@@QBEXAAVdgVector@@0@Z 100129e0 f   physics:dgBroadPhaseCollision.obj
 0001:00011a30       ?SetWorldSize@dgBroadPhaseCollision@@QAEXABVdgVector@@0@Z 10012a30 f   physics:dgBroadPhaseCollision.obj
 0001:00011e70       ?InvalidateCache@dgBroadPhaseCollision@@AAEXXZ 10012e70 f   physics:dgBroadPhaseCollision.obj
 0001:00011f00       ?Add@dgBroadPhaseCollision@@AAEXQAVdgBody@@@Z 10012f00 f   physics:dgBroadPhaseCollision.obj
 0001:00011f60       ?Remove@dgBroadPhaseCollision@@AAEXQAVdgBody@@@Z 10012f60 f   physics:dgBroadPhaseCollision.obj
 0001:00012030       ?UpdatePairs@dgBroadPhaseCollision@@ABEXQAVdgBody@@QAVdgListNode@?$dgList@VdgSortArrayEntry@@@@HH@Z 10013030 f   physics:dgBroadPhaseCollision.obj
 0001:00012180       ?UpdatePairs@dgBroadPhaseCollision@@ABEXAAVdgBroadPhaseCell@@0H@Z 10013180 f   physics:dgBroadPhaseCollision.obj
 0001:00012260       ?ForEachBodyInAABB@dgBroadPhaseCollision@@QBEXABVdgVector@@0P6AXPAVdgBody@@QAX@Z2@Z 10013260 f   physics:dgBroadPhaseCollision.obj
 0001:000124c0       ?ConvexCast@dgBroadPhaseCollision@@QBEHQAVdgCollision@@ABVdgMatrix@@ABVdgVector@@AAMP6AIQBVdgBody@@QBV2@QAX@Z6QAVdgConvexCastReturnInfo@@HH@Z 100134c0 f   physics:dgBroadPhaseCollision.obj
 0001:00012fc0       ?Realloc@dgBroadPhaseCalculateContactsWorkerThread@@QAEXHHH@Z 10013fc0 f   physics:dgBroadPhaseCollision.obj
 0001:00013120       ?ThreadExecute@dgBroadPhaseCellPairsWorkerThread@@UAEXXZ 10014120 f   physics:dgBroadPhaseCollision.obj
 0001:000131e0       ?ThreadExecute@dgBroadPhaseApplyExternalForce@@UAEXXZ 100141e0 f   physics:dgBroadPhaseCollision.obj
 0001:00013700       ?ThreadExecute@dgBroadPhaseCalculateContactsWorkerThread@@UAEXXZ 10014700 f   physics:dgBroadPhaseCollision.obj
 0001:00013960       ?ThreadExecute@dgBroadPhaseMaterialCallbackWorkerThread@@UAEXXZ 10014960 f   physics:dgBroadPhaseCollision.obj
 0001:00013aa0       ?RayCast@dgBroadPhaseCollision@@QBEXABVdgVector@@0P6AMQBVdgBody@@0HQAXM@ZP6AI1QBVdgCollision@@2@Z2@Z 10014aa0 f   physics:dgBroadPhaseCollision.obj
 0001:00014490       ?UpdateBodyBroadphase@dgBroadPhaseCollision@@AAEXQAVdgBody@@H@Z 10015490 f   physics:dgBroadPhaseCollision.obj
 0001:00014a70       ?UpdateContactsBroadPhaseBegin@dgBroadPhaseCollision@@AAEIM_NI@Z 10015a70 f   physics:dgBroadPhaseCollision.obj
 0001:00015ae0       ?UpdateContactsBroadPhaseEnd@dgBroadPhaseCollision@@AAEXM@Z 10016ae0 f   physics:dgBroadPhaseCollision.obj
 0001:00015c60       ?UpdateContactsSimd@dgBroadPhaseCollision@@AAEXM_N@Z 10016c60 f   physics:dgBroadPhaseCollision.obj
 0001:00015fe0       ?UpdateContacts@dgBroadPhaseCollision@@AAEXM_N@Z 10016fe0 f   physics:dgBroadPhaseCollision.obj
 0001:00016360       ?GetKey@dgBroadPhaseLayer@@ABEIHH@Z 10017360 f i physics:dgBroadPhaseCollision.obj
 0001:00016380       ??0dgBroadPhaseApplyExternalForce@@QAE@XZ 10017380 f i physics:dgBroadPhaseCollision.obj
 0001:000163a0       ??0dgBroadPhaseCellPairsWorkerThread@@QAE@XZ 100173a0 f i physics:dgBroadPhaseCollision.obj
 0001:000163c0       ??0dgBroadPhaseMaterialCallbackWorkerThread@@QAE@XZ 100173c0 f i physics:dgBroadPhaseCollision.obj
 0001:000163e0       ??0dgBroadPhaseCalculateContactsWorkerThread@@QAE@XZ 100173e0 f i physics:dgBroadPhaseCollision.obj
 0001:00016400       ??_EdgBroadPhaseApplyExternalForce@@UAEPAXI@Z 10017400 f i physics:dgBroadPhaseCollision.obj
 0001:00016400       ??_GdgBroadPhaseApplyExternalForce@@UAEPAXI@Z 10017400 f i physics:dgBroadPhaseCollision.obj
 0001:00016430       ??1dgBroadPhaseApplyExternalForce@@UAE@XZ 10017430 f i physics:dgBroadPhaseCollision.obj
 0001:00016450       ??_GdgBroadPhaseCellPairsWorkerThread@@UAEPAXI@Z 10017450 f i physics:dgBroadPhaseCollision.obj
 0001:00016450       ??_EdgBroadPhaseCellPairsWorkerThread@@UAEPAXI@Z 10017450 f i physics:dgBroadPhaseCollision.obj
 0001:00016480       ??1dgBroadPhaseCellPairsWorkerThread@@UAE@XZ 10017480 f i physics:dgBroadPhaseCollision.obj
 0001:000164a0       ??_GdgBroadPhaseMaterialCallbackWorkerThread@@UAEPAXI@Z 100174a0 f i physics:dgBroadPhaseCollision.obj
 0001:000164a0       ??_EdgBroadPhaseMaterialCallbackWorkerThread@@UAEPAXI@Z 100174a0 f i physics:dgBroadPhaseCollision.obj
 0001:000164d0       ??1dgBroadPhaseMaterialCallbackWorkerThread@@UAE@XZ 100174d0 f i physics:dgBroadPhaseCollision.obj
 0001:000164f0       ??_GdgBroadPhaseCalculateContactsWorkerThread@@UAEPAXI@Z 100174f0 f i physics:dgBroadPhaseCollision.obj
 0001:000164f0       ??_EdgBroadPhaseCalculateContactsWorkerThread@@UAEPAXI@Z 100174f0 f i physics:dgBroadPhaseCollision.obj
 0001:00016520       ??1dgBroadPhaseCalculateContactsWorkerThread@@UAE@XZ 10017520 f i physics:dgBroadPhaseCollision.obj
 0001:00016540       _logf                      10017540 f i physics:dgBroadPhaseCollision.obj
 0001:00016560       _powf                      10017560 f i physics:dgBroadPhaseCollision.obj
 0001:00016590       ?Find@dgBroadPhaseLayer@@ABEPAVdgBroadPhaseCell@@HH@Z 10017590 f i physics:dgBroadPhaseCollision.obj
 0001:000165e0       ?ApplyExtenalForces@dgBody@@AAEXMH@Z 100175e0 f i physics:dgBroadPhaseCollision.obj
 0001:000166b0       ?IsInEquelibrium@dgBody@@QBE_NXZ 100176b0 f i physics:dgBroadPhaseCollision.obj
 0001:000168a0       ??0dgLineBox@@QAE@XZ       100178a0 f i physics:dgBroadPhaseCollision.obj
 0001:000168e0       ?GetCollisionPrimityType@dgCollision@@QBE?AW4dgCollisionID@@XZ 100178e0 f i physics:dgBroadPhaseCollision.obj
 0001:00016900       ?KeyToIndex@dgBroadPhaseLayer@@ABEXHAAH0@Z 10017900 f i physics:dgBroadPhaseCollision.obj
 0001:00016930       ?GetKey@dgTreeNode@?$dgTree@VdgBroadPhaseCell@@I@@QBEABIXZ 10017930 f i physics:dgBroadPhaseCollision.obj
 0001:00016950       ?GetInfo@dgTreeNode@?$dgTree@VdgBroadPhaseCell@@I@@QAEAAVdgBroadPhaseCell@@XZ 10017950 f i physics:dgBroadPhaseCollision.obj
 0001:00016970       ?GetInfo@dgListNode@?$dgList@VdgSortArrayEntry@@@@QAEAAVdgSortArrayEntry@@XZ 10017970 f i physics:dgBroadPhaseCollision.obj
 0001:00016980       ?GetNext@dgListNode@?$dgList@VdgSortArrayEntry@@@@QBEPAV12@XZ 10017980 f i physics:dgBroadPhaseCollision.obj
 0001:000169a0       ?GetPrev@dgListNode@?$dgList@VdgSortArrayEntry@@@@QBEPAV12@XZ 100179a0 f i physics:dgBroadPhaseCollision.obj
 0001:000169c0       ??0Iterator@?$dgTree@VdgBroadPhaseCell@@I@@QAE@ABV1@@Z 100179c0 f i physics:dgBroadPhaseCollision.obj
 0001:000169f0       ??1Iterator@?$dgTree@VdgBroadPhaseCell@@I@@QAE@XZ 100179f0 f i physics:dgBroadPhaseCollision.obj
 0001:00016a00       ?Begin@Iterator@?$dgTree@VdgBroadPhaseCell@@I@@QAEXXZ 10017a00 f i physics:dgBroadPhaseCollision.obj
 0001:00016a20       ??BIterator@?$dgTree@VdgBroadPhaseCell@@I@@QBEHXZ 10017a20 f i physics:dgBroadPhaseCollision.obj
 0001:00016a40       ??EIterator@?$dgTree@VdgBroadPhaseCell@@I@@QAEXH@Z 10017a40 f i physics:dgBroadPhaseCollision.obj
 0001:00016a90       ?GetNode@Iterator@?$dgTree@VdgBroadPhaseCell@@I@@QBEPAVdgTreeNode@2@XZ 10017a90 f i physics:dgBroadPhaseCollision.obj
 0001:00016aa0       ??A?$dgTemplateVector@M@@QBEABMH@Z 10017aa0 f i physics:dgBroadPhaseCollision.obj
 0001:00016b10       ??Z?$dgTemplateVector@M@@QAEAAV0@ABV0@@Z 10017b10 f i physics:dgBroadPhaseCollision.obj
 0001:00016bf0       ??0?$dgList@VdgSortArrayEntry@@@@QAE@QAVdgMemoryAllocator@@@Z 10017bf0 f i physics:dgBroadPhaseCollision.obj
 0001:00016c30       ??1?$dgList@VdgSortArrayEntry@@@@QAE@XZ 10017c30 f i physics:dgBroadPhaseCollision.obj
 0001:00016c50       ?SetAllocator@?$dgList@VdgSortArrayEntry@@@@QAEXQAVdgMemoryAllocator@@@Z 10017c50 f i physics:dgBroadPhaseCollision.obj
 0001:00016c80       ?GetCount@?$dgList@VdgSortArrayEntry@@@@QBEHXZ 10017c80 f i physics:dgBroadPhaseCollision.obj
 0001:00016c90       ?GetFirst@?$dgList@VdgSortArrayEntry@@@@QBEPAVdgListNode@1@XZ 10017c90 f i physics:dgBroadPhaseCollision.obj
 0001:00016cb0       ?Append@?$dgList@VdgSortArrayEntry@@@@QAEPAVdgListNode@1@XZ 10017cb0 f i physics:dgBroadPhaseCollision.obj
 0001:00016d70       ?RotateToBegin@?$dgList@VdgSortArrayEntry@@@@QAEXQAVdgListNode@1@@Z 10017d70 f i physics:dgBroadPhaseCollision.obj
 0001:00016de0       ?InsertAfter@?$dgList@VdgSortArrayEntry@@@@QAEXQAVdgListNode@1@0@Z 10017de0 f i physics:dgBroadPhaseCollision.obj
 0001:00016fb0       ?Remove@?$dgList@VdgSortArrayEntry@@@@QAEXQAVdgListNode@1@@Z 10017fb0 f i physics:dgBroadPhaseCollision.obj
 0001:00017000       ??0?$dgTree@VdgBroadPhaseCell@@I@@QAE@QAVdgMemoryAllocator@@@Z 10018000 f i physics:dgBroadPhaseCollision.obj
 0001:00017030       ??1?$dgTree@VdgBroadPhaseCell@@I@@QAE@XZ 10018030 f i physics:dgBroadPhaseCollision.obj
 0001:00017050       ?SetAllocator@?$dgTree@VdgBroadPhaseCell@@I@@QAEXQAVdgMemoryAllocator@@@Z 10018050 f i physics:dgBroadPhaseCollision.obj
 0001:00017080       ?GetCount@?$dgTree@VdgBroadPhaseCell@@I@@QBEHXZ 10018080 f i physics:dgBroadPhaseCollision.obj
 0001:00017090       ?Minimum@?$dgTree@VdgBroadPhaseCell@@I@@QBEPAVdgTreeNode@1@XZ 10018090 f i physics:dgBroadPhaseCollision.obj
 0001:000170c0       ?Find@?$dgTree@VdgBroadPhaseCell@@I@@QBEPAVdgTreeNode@1@I@Z 100180c0 f i physics:dgBroadPhaseCollision.obj
 0001:000171e0       ?GetNodeFromInfo@?$dgTree@VdgBroadPhaseCell@@I@@QBEPAVdgTreeNode@1@AAVdgBroadPhaseCell@@@Z 100181e0 f i physics:dgBroadPhaseCollision.obj
 0001:00017280       ?Insert@?$dgTree@VdgBroadPhaseCell@@I@@QAEPAVdgTreeNode@1@ABVdgBroadPhaseCell@@I@Z 10018280 f i physics:dgBroadPhaseCollision.obj
 0001:000172c0       ?Remove@?$dgTree@VdgBroadPhaseCell@@I@@QAEXQAVdgTreeNode@1@@Z 100182c0 f i physics:dgBroadPhaseCollision.obj
 0001:00017300       ??_GdgListNode@?$dgList@VdgSortArrayEntry@@@@AAEPAXI@Z 10018300 f i physics:dgBroadPhaseCollision.obj
 0001:00017330       ?GetLeft@dgTreeNode@?$dgTree@VdgBroadPhaseCell@@I@@ABEPAV12@XZ 10018330 f i physics:dgBroadPhaseCollision.obj
 0001:00017340       ?GetRight@dgTreeNode@?$dgTree@VdgBroadPhaseCell@@I@@ABEPAV12@XZ 10018340 f i physics:dgBroadPhaseCollision.obj
 0001:00017360       ??2dgListNode@?$dgList@VdgSortArrayEntry@@@@CAPAXIQAVdgMemoryAllocator@@@Z 10018360 f i physics:dgBroadPhaseCollision.obj
 0001:00017380       ??3dgListNode@?$dgList@VdgSortArrayEntry@@@@CAXPAX@Z 10018380 f i physics:dgBroadPhaseCollision.obj
 0001:000173a0       ??0dgListNode@?$dgList@VdgSortArrayEntry@@@@AAE@QAV01@0@Z 100183a0 f i physics:dgBroadPhaseCollision.obj
 0001:00017430       ??1dgListNode@?$dgList@VdgSortArrayEntry@@@@AAE@XZ 10018430 f i physics:dgBroadPhaseCollision.obj
 0001:00017440       ?Unlink@dgListNode@?$dgList@VdgSortArrayEntry@@@@AAEXXZ 10018440 f i physics:dgBroadPhaseCollision.obj
 0001:00017490       ?AddFirst@dgListNode@?$dgList@VdgSortArrayEntry@@@@AAEXQAV12@@Z 10018490 f i physics:dgBroadPhaseCollision.obj
 0001:000174b0       ?RemoveAll@?$dgList@VdgSortArrayEntry@@@@QAEXXZ 100184b0 f i physics:dgBroadPhaseCollision.obj
 0001:00017570       ?Unlink@?$dgList@VdgSortArrayEntry@@@@QAEXQAVdgListNode@1@@Z 10018570 f i physics:dgBroadPhaseCollision.obj
 0001:00017620       ?SanityCheck@?$dgList@VdgSortArrayEntry@@@@QBE_NXZ 10018620 f i physics:dgBroadPhaseCollision.obj
 0001:000177a0       ?Insert@?$dgTree@VdgBroadPhaseCell@@I@@QAEPAVdgTreeNode@1@ABVdgBroadPhaseCell@@IAA_N@Z 100187a0 f i physics:dgBroadPhaseCollision.obj
 0001:000179a0       ?RemoveAll@?$dgTree@VdgBroadPhaseCell@@I@@QAEXXZ 100189a0 f i physics:dgBroadPhaseCollision.obj
 0001:000179e0       ?CompareKeys@?$dgTree@VdgBroadPhaseCell@@I@@ABEHABI0@Z 100189e0 f i physics:dgBroadPhaseCollision.obj
 0001:00017a20       ??0dgTreeNode@?$dgTree@VdgBroadPhaseCell@@I@@AAE@ABVdgBroadPhaseCell@@ABIPAV01@@Z 10018a20 f i physics:dgBroadPhaseCollision.obj
 0001:00017aa0       ?IsInTree@dgRedBackNode@@QBEIXZ 10018aa0 f i physics:dgBroadPhaseCollision.obj
 0001:00017ac0       ??0dgWorkerThread@@QAE@XZ  10018ac0 f i physics:dgBroadPhaseCollision.obj
 0001:00017af0       ?dgOverlapTest@@YAHABVdgVector@@000@Z 10018af0 f i physics:dgBroadPhaseCollision.obj
 0001:00017b80       ?GetIslandBody@dgWorld@@QBEPAVdgBody@@QBXH@Z 10018b80 f   physics:dgWorldDynamicUpdate.obj
 0001:00017bf0       ??0dgWorldDynamicUpdate@@AAE@XZ 10018bf0 f   physics:dgWorldDynamicUpdate.obj
 0001:00017d50       ?UpdateDynamics@dgWorldDynamicUpdate@@AAEXQAVdgWorld@@HM@Z 10018d50 f   physics:dgWorldDynamicUpdate.obj
 0001:00018400       ?ThreadExecute@dgSolverWorlkerThreads@@UAEXXZ 10019400 f   physics:dgWorldDynamicUpdate.obj
 0001:00019120       ?ReallocBodyMemory@dgWorldDynamicUpdate@@AAEXH@Z 1001a120 f   physics:dgWorldDynamicUpdate.obj
 0001:00019280       ?ReallocIslandMemory@dgWorldDynamicUpdate@@AAEXH@Z 1001a280 f   physics:dgWorldDynamicUpdate.obj
 0001:000193e0       ?ReallocJointsMemory@dgWorldDynamicUpdate@@AAEXH@Z 1001a3e0 f   physics:dgWorldDynamicUpdate.obj
 0001:00019540       ?ReallocJacobiansMemory@dgWorldDynamicUpdate@@AAEXHH@Z 1001a540 f   physics:dgWorldDynamicUpdate.obj
 0001:00019da0       ?ReallocIntenalForcesMemory@dgWorldDynamicUpdate@@AAEXHH@Z 1001ada0 f   physics:dgWorldDynamicUpdate.obj
 0001:0001a000       ?BuildIsland@dgWorldDynamicUpdate@@AAEXAAV?$dgQueue@PAVdgBody@@@@HHH@Z 1001b000 f   physics:dgWorldDynamicUpdate.obj
 0001:0001a550       ?SpanningTree@dgWorldDynamicUpdate@@AAEXQAVdgBody@@@Z 1001b550 f   physics:dgWorldDynamicUpdate.obj
 0001:0001afb0       ?IntegrateArray@dgWorldDynamicUpdate@@ABEXPBVdgBodyInfo@@HMMH_N@Z 1001bfb0 f   physics:dgWorldDynamicUpdate.obj
 0001:0001b790       ?GetJacobialDerivatives@dgWorldDynamicUpdate@@AAEHABVdgIsland@@H_NHM@Z 1001c790 f   physics:dgWorldDynamicUpdate.obj
 0001:0001bf50       ?BuildJacobianMatrixSimd@dgWorldDynamicUpdate@@AAEXABVdgIsland@@HM@Z 1001cf50 f   physics:dgWorldDynamicUpdate.obj
 0001:0001cd40       ?BuildJacobianMatrix@dgWorldDynamicUpdate@@AAEXABVdgIsland@@HM@Z 1001dd40 f   physics:dgWorldDynamicUpdate.obj
 0001:0001d6b0       ?CalculateReactionsForcesSimd@dgJacobianMemory@@QBEXHM@Z 1001e6b0 f   physics:dgWorldDynamicUpdate.obj
 0001:0001d730       ?CalculateReactionsForces@dgJacobianMemory@@QBEXHM@Z 1001e730 f   physics:dgWorldDynamicUpdate.obj
 0001:0001d7b0       ?ApplyExternalForcesAndAccelerationSimd@dgJacobianMemory@@QBEXM@Z 1001e7b0 f   physics:dgWorldDynamicUpdate.obj
 0001:0001e220       ?ApplyExternalForcesAndAcceleration@dgJacobianMemory@@QBEXM@Z 1001f220 f   physics:dgWorldDynamicUpdate.obj
 0001:0001e8b0       ?SwapRowsSimd@dgJacobianMemory@@QBEXHH@Z 1001f8b0 f   physics:dgWorldDynamicUpdate.obj
 0001:0001ed00       ?SwapRows@dgJacobianMemory@@QBEXHH@Z 1001fd00 f   physics:dgWorldDynamicUpdate.obj
 0001:0001eef0       ?CalculateSimpleBodyReactionsForcesSimd@dgJacobianMemory@@QBEXM@Z 1001fef0 f   physics:dgWorldDynamicUpdate.obj
 0001:00021650       ?CalculateSimpleBodyReactionsForces@dgJacobianMemory@@QBEXM@Z 10022650 f   physics:dgWorldDynamicUpdate.obj
 0001:00022930       ?CalculateForcesSimulationModeSimd@dgJacobianMemory@@QBEXM@Z 10023930 f   physics:dgWorldDynamicUpdate.obj
 0001:00025f30       ?CalculateForcesSimulationMode@dgJacobianMemory@@QBEXM@Z 10026f30 f   physics:dgWorldDynamicUpdate.obj
 0001:00028620       ?CalculateJointForcesSimd@dgJacobianMemory@@QBEMHPAMM@Z 10029620 f   physics:dgWorldDynamicUpdate.obj
 0001:0002ac30       ?CalculateJointForces@dgJacobianMemory@@QBEMHPAMM@Z 1002bc30 f   physics:dgWorldDynamicUpdate.obj
 0001:0002be00       ?CalculateForcesGameModeSimd@dgJacobianMemory@@QBEXHM@Z 1002ce00 f   physics:dgWorldDynamicUpdate.obj
 0001:0002da30       ?CalculateForcesGameMode@dgJacobianMemory@@QBEXHM@Z 1002ea30 f   physics:dgWorldDynamicUpdate.obj
 0001:0002edf0       ?ThreadExecute@dgParallelSolverBodyInertia@@UAEXXZ 1002fdf0 f   physics:dgWorldDynamicUpdate.obj
 0001:0002eef0       ?ThreadExecute@dgParallelSolverBuildJacobianRows@@UAEXXZ 1002fef0 f   physics:dgWorldDynamicUpdate.obj
 0001:0002ff90       ?ThreadExecute@dgParallelSolverBuildJacobianMatrix@@UAEXXZ 10030f90 f   physics:dgWorldDynamicUpdate.obj
 0001:00030790       ?GetJacobialDerivativesParallel@dgWorldDynamicUpdate@@AAEHABVdgIsland@@_NHM@Z 10031790 f   physics:dgWorldDynamicUpdate.obj
[...]
 0003:00002b90       ?m_multiResDir@dgConvexCollision@@1PAVdgVector@@A 101bfb90     physics:dgConvexCollision.obj
 0003:00002c10       ?m_multiResDir_sse@dgConvexCollision@@1PAVdgVector@@A 101bfc10     physics:dgConvexCollision.obj
 0003:00002c70       ?m_zero@dgConvexCollision@@1VdgVector@@A 101bfc70     physics:dgConvexCollision.obj
 0003:00002c80       ?m_negOne@dgConvexCollision@@1VdgVector@@A 101bfc80     physics:dgConvexCollision.obj
 0003:00002c90       ?m_nrh0p5@dgConvexCollision@@1VdgVector@@A 101bfc90     physics:dgConvexCollision.obj
 0003:00002ca0       ?m_nrh3p0@dgConvexCollision@@1VdgVector@@A 101bfca0     physics:dgConvexCollision.obj
 0003:00002cb0       ?m_indexStep@dgConvexCollision@@1VdgVector@@A 101bfcb0     physics:dgConvexCollision.obj
 0003:00002cc0       ?m_index_0123@dgConvexCollision@@1VdgVector@@A 101bfcc0     physics:dgConvexCollision.obj
 0003:00002cd0       ?m_index_4567@dgConvexCollision@@1VdgVector@@A 101bfcd0     physics:dgConvexCollision.obj
 0003:00002ce0       ?m_huge@dgConvexCollision@@1VdgVector@@A 101bfce0     physics:dgConvexCollision.obj
 0003:00002cf0       ?m_negativeTiny@dgConvexCollision@@1VdgVector@@A 101bfcf0     physics:dgConvexCollision.obj
 0003:00002d00       ?m_aabb_padd@dgConvexCollision@@1VdgVector@@A 101bfd00     physics:dgConvexCollision.obj
 0003:00002d10       ?m_signMask@dgConvexCollision@@1VdgVector@@A 101bfd10     physics:dgConvexCollision.obj
 0003:00002d20       ?m_triplexMask@dgConvexCollision@@1VdgVector@@A 101bfd20     physics:dgConvexCollision.obj
 0003:00002d30       ?m_edgeArray@dgCollisionCapsule@@0PAVdgConvexSimplexEdge@@A 101bfd30     physics:dgCollisionCapsule.obj
 0003:00003870       ?m_shapeRefCount@dgCollisionCapsule@@0HA 101c0870     physics:dgCollisionCapsule.obj
 0003:00003878       ?m_edgeArray@dgCollisionCone@@0PAVdgConvexSimplexEdge@@A 101c0878     physics:dgCollisionCone.obj
 0003:00003a78       ?m_shapeRefCount@dgCollisionCone@@0HA 101c0a78     physics:dgCollisionCone.obj
 0003:00003a80       ?m_edgeArray@dgCollisionCylinder@@0PAVdgConvexSimplexEdge@@A 101c0a80     physics:dgCollisionCylinder.obj
 0003:00003d80       ?m_shapeRefCount@dgCollisionCylinder@@0HA 101c0d80     physics:dgCollisionCylinder.obj
 0003:00003d90       ?m_edgeArray@dgCollisionChamferCylinder@@0PAVdgConvexSimplexEdge@@A 101c0d90     physics:dgCollisionChamferCylinder.obj
 0003:00004690       ?m_shapeRefCount@dgCollisionChamferCylinder@@0HA 101c1690     physics:dgCollisionChamferCylinder.obj
 0003:000046a0       ?m_shapesDirs@dgCollisionChamferCylinder@@0PAVdgVector@@A 101c16a0     physics:dgCollisionChamferCylinder.obj
 0003:00004720       ?m_negIndex@dgContactSolver@@2T__m128@@A 101c1720     physics:dgMinkowskiConv.obj
 0003:00004730       ?m_zero@dgContactSolver@@2T__m128@@A 101c1730     physics:dgMinkowskiConv.obj
 0003:00004740       ?m_index_yx@dgContactSolver@@2T__m128@@A 101c1740     physics:dgMinkowskiConv.obj
 0003:00004750       ?m_index_wz@dgContactSolver@@2T__m128@@A 101c1750     physics:dgMinkowskiConv.obj
 0003:00004760       ?m_zeroTolerenace@dgContactSolver@@2T__m128@@A 101c1760     physics:dgMinkowskiConv.obj
 0003:00004770       ?m_nrh0p5@dgContactSolver@@2T__m128@@A 101c1770     physics:dgMinkowskiConv.obj
 0003:00004780       ?m_nrh3p0@dgContactSolver@@2T__m128@@A 101c1780     physics:dgMinkowskiConv.obj
 0003:00004790       ?m_negativeOne@dgContactSolver@@2T__m128@@A 101c1790     physics:dgMinkowskiConv.obj
 0003:000047a0       ?m_dir@dgContactSolver@@2PAVdgVector@@A 101c17a0     physics:dgMinkowskiConv.obj
 0003:00004880       ?m_globalAllocator@dgGlobalAllocator@@2V1@A 101c1880     corelib:dgMemory.obj
 0003:00004a20       ?id@?1???0dgAABBPointTree3d@@QAE@XZ@4HA 101c1a20     corelib:dgConvexHull3d.obj
 0003:00004a28       ?id@?1???0dgAABBPointTree4d@@QAE@XZ@4HA 101c1a28     corelib:dgConvexHull4d.obj
 0003:00004a88       ___fastflag                101c1a88     LIBCMTD:_fpinit_.obj
 0003:00004a8c       __adjust_fdiv              101c1a8c     LIBCMTD:_fpinit_.obj
 0003:00004a94       __aenvptr                  101c1a94     LIBCMTD:dllcrt0.obj
 0003:00004a98       __wenvptr                  101c1a98     LIBCMTD:dllcrt0.obj
 0003:00004a9c       ___error_mode              101c1a9c     LIBCMTD:dllcrt0.obj
 0003:00004aa0       ___app_type                101c1aa0     LIBCMTD:dllcrt0.obj
 0003:00004c24       ?_pfnDumpClient@@3P6AXPAXI@ZA 101c1c24     LIBCMTD:dbgheap.obj
 0003:00004c2c       ___crtDebugCheckCount      101c1c2c     LIBCMTD:dbgheap.obj
 0003:00004c34       ___pInvalidArgHandler      101c1c34     LIBCMTD:invarg.obj
 0003:00004c38       __umaskval                 101c1c38     LIBCMTD:crt0dat.obj
 0003:00004c3c       ___argc                    101c1c3c     LIBCMTD:crt0dat.obj
 0003:00004c40       ___argv                    101c1c40     LIBCMTD:crt0dat.obj
 0003:00004c44       ___wargv                   101c1c44     LIBCMTD:crt0dat.obj
 0003:00004c48       __environ                  101c1c48     LIBCMTD:crt0dat.obj
 0003:00004c4c       ___initenv                 101c1c4c     LIBCMTD:crt0dat.obj
 0003:00004c50       __wenviron                 101c1c50     LIBCMTD:crt0dat.obj
 0003:00004c54       ___winitenv                101c1c54     LIBCMTD:crt0dat.obj
 0003:00004c58       __pgmptr                   101c1c58     LIBCMTD:crt0dat.obj
 0003:00004c5c       __wpgmptr                  101c1c5c     LIBCMTD:crt0dat.obj
 0003:00004c60       __exitflag                 101c1c60     LIBCMTD:crt0dat.obj
 0003:00004c64       __C_Termination_Done       101c1c64     LIBCMTD:crt0dat.obj
 0003:00004c68       __C_Exit_Done              101c1c68     LIBCMTD:crt0dat.obj
 0003:00004c98       __newmode                  101c1c98     LIBCMTD:_newmode.obj
 0003:00004c9c       _gpFlsAlloc                101c1c9c     LIBCMTD:tidtable.obj
 0003:00004ca0       _gpFlsGetValue             101c1ca0     LIBCMTD:tidtable.obj
 0003:00004ca4       _gpFlsSetValue             101c1ca4     LIBCMTD:tidtable.obj
 0003:00004ca8       _gpFlsFree                 101c1ca8     LIBCMTD:tidtable.obj
 0003:00004dbc       __crtheap                  101c1dbc     LIBCMTD:heapinit.obj
 0003:000050dc       ___pPurecall               101c20dc     LIBCMTD:inithelp.obj
 0003:0000516c       ___mbulinfo                101c216c     LIBCMTD:mbctype.obj
 0003:00005178       ___mbcodepage              101c2178     LIBCMTD:mbctype.obj
 0003:0000517c       ___ismbcodepage            101c217c     LIBCMTD:mbctype.obj
 0003:00005180       ___mblcid                  101c2180     LIBCMTD:mbctype.obj
 0003:00005184       ___locale_changed          101c2184     LIBCMTD:setlocal.obj
 0003:00005188       ___lc_handle               101c2188     LIBCMTD:nlsdata2.obj
 0003:000051a0       ___lc_codepage             101c21a0     LIBCMTD:nlsdata2.obj
 0003:000051a4       ___lc_collate_cp           101c21a4     LIBCMTD:nlsdata2.obj
 0003:000051a8       __outputformat             101c21a8     LIBCMTD:outputformat.obj
 0003:000051b0       ?_pnhHeap@@3P6AHI@ZA       101c21b0     LIBCMTD:handler.obj
 0003:000051bc       ___sbh_pHeaderDefer        101c21bc     LIBCMTD:sbheap.obj
 0003:000051c0       ?__pInconsistency@@3P6AXXZA 101c21c0     LIBCMTD:hooks.obj
 0003:000054ec       __cflush                   101c24ec     LIBCMTD:_file.obj
 0003:00005514       ___lconv_static_null       101c2514     LIBCMTD:lconv.obj
 0003:00005518       ?wsprintffp@@3P6AHPADPBDZZA 101c2518     LIBCMTD:_error_.obj
 0003:0000551c       __stdbuf                   101c251c     LIBCMTD:_sftbuf.obj
 0003:00005610       ?pArgList@UnDecorator@@0PAVReplicator@@A 101c2610     LIBCMTD:undname.obj
 0003:00005614       ?pZNameList@UnDecorator@@0PAVReplicator@@A 101c2614     LIBCMTD:undname.obj
 0003:00005618       ?pTemplateArgList@UnDecorator@@0PAVReplicator@@A 101c2618     LIBCMTD:undname.obj
 0003:0000561c       ?gName@UnDecorator@@0PBDB  101c261c     LIBCMTD:undname.obj
 0003:00005620       ?name@UnDecorator@@0PBDB   101c2620     LIBCMTD:undname.obj
 0003:00005624       ?outputString@UnDecorator@@0PADA 101c2624     LIBCMTD:undname.obj
 0003:00005628       ?maxStringLength@UnDecorator@@0HA 101c2628     LIBCMTD:undname.obj
 0003:0000562c       ?disableFlags@UnDecorator@@0KA 101c262c     LIBCMTD:undname.obj
 0003:00005630       ?m_pGetParameter@UnDecorator@@0P6APADJ@ZA 101c2630     LIBCMTD:undname.obj
 0003:00005634       ?fExplicitTemplateParams@UnDecorator@@0_NA 101c2634     LIBCMTD:undname.obj
 0003:00005635       ?fGetTemplateArgumentList@UnDecorator@@0_NA 101c2635     LIBCMTD:undname.obj
 0003:00005688       ?nodes@?1??make@DNameStatusNode@@SAPAV2@W4DNameStatus@@@Z@4PAV2@A 101c2688     LIBCMTD:undname.obj
 0003:000056b8       ??_B?1??make@DNameStatusNode@@SAPAV1@W4DNameStatus@@@Z@51 101c26b8     LIBCMTD:undname.obj
 0003:000056c0       ___piob                    101c26c0     <common>
 0003:00005a00       __bufin                    101c2a00     <common>
 0003:00006a00       __nstream                  101c3a00     <common>
 0003:00006a04       ___sbh_initialized         101c3a04     <common>
 0003:00006a18       ___sbh_cntHeaderList       101c3a18     <common>
 0003:00006a1c       ___sbh_pHeaderList         101c3a1c     <common>
 0003:00006a20       ___sbh_threshold           101c3a20     <common>
 0003:00006a24       ___sbh_pHeaderScan         101c3a24     <common>
 0003:00006a28       ___sbh_sizeHeaderList      101c3a28     <common>
 0003:00006a2c       ___sbh_indGroupDefer       101c3a2c     <common>
 0003:00006a30       __debugger_hook_dummy      101c3a30     <common>
 0003:00006a3c       ___setlc_active            101c3a3c     <common>
 0003:00006a4c       ___unguarded_readlc_active 101c3a4c     <common>
 0003:00006a50       ___active_heap             101c3a50     <common>
 0003:00006a5c       __nhandle                  101c3a5c     <common>
 0003:00006aa0       ___pioinfo                 101c3aa0     <common>
 0003:00006ba0       ___env_initialized         101c3ba0     <common>
 0003:00006bb0       ___onexitend               101c3bb0     <common>
 0003:00006bb4       ___onexitbegin             101c3bb4     <common>
 0003:00006bb8       ___mbctype_initialized     101c3bb8     <common>
 0003:00006bbc       ___dyn_tls_init_callback   101c3bbc     <common>
 0003:00006bc0       __pfnReportHook            101c3bc0     <common>
 0003:00006bd0       __pReportHookListW         101c3bd0     <common>
 0003:00006bd4       __pReportHookList          101c3bd4     <common>
 0003:00006bd8       ___use_sse2_mathfcns       101c3bd8     <common>
 0003:00006be4       __pmatherr                 101c3be4     <common>
 0003:00006bf0       ___sse2_available          101c3bf0     <common>
 0003:00006bfc       __acmdln                   101c3bfc     <common>
 0004:00000000       __IMPORT_DESCRIPTOR_KERNEL32 101c4000     kernel32:KERNEL32.dll
 0004:00000014       __NULL_IMPORT_DESCRIPTOR   101c4014     kernel32:KERNEL32.dll
 0004:00000250       __imp__OutputDebugStringA@4 101c4250     kernel32:KERNEL32.dll
 0004:00000254       __imp__InterlockedExchangeAdd@8 101c4254     kernel32:KERNEL32.dll
 0004:00000258       __imp__GetSystemInfo@4     101c4258     kernel32:KERNEL32.dll
 0004:0000025c       __imp__InitializeCriticalSection@4 101c425c     kernel32:KERNEL32.dll
 0004:00000260       __imp__CreateEventA@16     101c4260     kernel32:KERNEL32.dll
 0004:00000264       __imp__CreateSemaphoreA@16 101c4264     kernel32:KERNEL32.dll
 0004:00000268       __imp__CloseHandle@4       101c4268     kernel32:KERNEL32.dll
 0004:0000026c       __imp__WaitForMultipleObjects@16 101c426c     kernel32:KERNEL32.dll
 0004:00000270       __imp__DeleteCriticalSection@4 101c4270     kernel32:KERNEL32.dll
 0004:00000274       __imp__SetEvent@4          101c4274     kernel32:KERNEL32.dll
 0004:00000278       __imp__Sleep@4             101c4278     kernel32:KERNEL32.dll
 0004:0000027c       __imp__LeaveCriticalSection@4 101c427c     kernel32:KERNEL32.dll
 0004:00000280       __imp__ReleaseSemaphore@12 101c4280     kernel32:KERNEL32.dll
 0004:00000284       __imp__EnterCriticalSection@4 101c4284     kernel32:KERNEL32.dll
 0004:00000288       __imp__WaitForSingleObject@8 101c4288     kernel32:KERNEL32.dll
 0004:0000028c       __imp__InterlockedIncrement@4 101c428c     kernel32:KERNEL32.dll
 0004:00000290       __imp__InterlockedDecrement@4 101c4290     kernel32:KERNEL32.dll
 0004:00000294       __imp__InterlockedExchange@8 101c4294     kernel32:KERNEL32.dll
 0004:00000298       __imp__GetModuleFileNameW@12 101c4298     kernel32:KERNEL32.dll
 0004:0000029c       __imp__GetCurrentThreadId@0 101c429c     kernel32:KERNEL32.dll
 0004:000002a0       __imp__GetCommandLineA@0   101c42a0     kernel32:KERNEL32.dll
 0004:000002a4       __imp__GetLastError@0      101c42a4     kernel32:KERNEL32.dll
 0004:000002a8       __imp__CreateThread@24     101c42a8     kernel32:KERNEL32.dll
 0004:000002ac       __imp__ExitThread@4        101c42ac     kernel32:KERNEL32.dll
 0004:000002b0       __imp__GetProcAddress@8    101c42b0     kernel32:KERNEL32.dll
 0004:000002b4       __imp__GetModuleHandleA@4  101c42b4     kernel32:KERNEL32.dll
 0004:000002b8       __imp__FatalAppExitA@8     101c42b8     kernel32:KERNEL32.dll
 0004:000002bc       __imp__HeapValidate@12     101c42bc     kernel32:KERNEL32.dll
 0004:000002c0       __imp__IsBadReadPtr@8      101c42c0     kernel32:KERNEL32.dll
 0004:000002c4       __imp__DebugBreak@0        101c42c4     kernel32:KERNEL32.dll
 0004:000002c8       __imp__GetStdHandle@4      101c42c8     kernel32:KERNEL32.dll
 0004:000002cc       __imp__WriteFile@20        101c42cc     kernel32:KERNEL32.dll
 0004:000002d0       __imp__WriteConsoleW@20    101c42d0     kernel32:KERNEL32.dll
 0004:000002d4       __imp__GetFileType@4       101c42d4     kernel32:KERNEL32.dll
 0004:000002d8       __imp__OutputDebugStringW@4 101c42d8     kernel32:KERNEL32.dll
 0004:000002dc       __imp__TerminateProcess@8  101c42dc     kernel32:KERNEL32.dll
 0004:000002e0       __imp__GetCurrentProcess@0 101c42e0     kernel32:KERNEL32.dll
 0004:000002e4       __imp__UnhandledExceptionFilter@4 101c42e4     kernel32:KERNEL32.dll
 0004:000002e8       __imp__SetUnhandledExceptionFilter@4 101c42e8     kernel32:KERNEL32.dll
 0004:000002ec       __imp__IsDebuggerPresent@0 101c42ec     kernel32:KERNEL32.dll
 0004:000002f0       __imp__GetModuleHandleW@4  101c42f0     kernel32:KERNEL32.dll
 0004:000002f4       __imp__ExitProcess@4       101c42f4     kernel32:KERNEL32.dll
 0004:000002f8       __imp__SetConsoleCtrlHandler@8 101c42f8     kernel32:KERNEL32.dll
 0004:000002fc       __imp__LoadLibraryW@4      101c42fc     kernel32:KERNEL32.dll
 0004:00000300       __imp__RaiseException@16   101c4300     kernel32:KERNEL32.dll
 0004:00000304       __imp__TlsGetValue@4       101c4304     kernel32:KERNEL32.dll
 0004:00000308       __imp__TlsAlloc@0          101c4308     kernel32:KERNEL32.dll
 0004:0000030c       __imp__TlsSetValue@8       101c430c     kernel32:KERNEL32.dll
 0004:00000310       __imp__TlsFree@4           101c4310     kernel32:KERNEL32.dll
 0004:00000314       __imp__SetLastError@4      101c4314     kernel32:KERNEL32.dll
 0004:00000318       __imp__GetCurrentThread@0  101c4318     kernel32:KERNEL32.dll
 0004:0000031c       __imp__SetHandleCount@4    101c431c     kernel32:KERNEL32.dll
 0004:00000320       __imp__GetStartupInfoA@4   101c4320     kernel32:KERNEL32.dll
 0004:00000324       __imp__GetModuleFileNameA@12 101c4324     kernel32:KERNEL32.dll
 0004:00000328       __imp__FreeEnvironmentStringsA@4 101c4328     kernel32:KERNEL32.dll
 0004:0000032c       __imp__GetEnvironmentStrings@0 101c432c     kernel32:KERNEL32.dll
 0004:00000330       __imp__FreeEnvironmentStringsW@4 101c4330     kernel32:KERNEL32.dll
 0004:00000334       __imp__WideCharToMultiByte@32 101c4334     kernel32:KERNEL32.dll
 0004:00000338       __imp__GetEnvironmentStringsW@0 101c4338     kernel32:KERNEL32.dll
 0004:0000033c       __imp__HeapDestroy@4       101c433c     kernel32:KERNEL32.dll
 0004:00000340       __imp__HeapCreate@12       101c4340     kernel32:KERNEL32.dll
 0004:00000344       __imp__HeapFree@12         101c4344     kernel32:KERNEL32.dll
 0004:00000348       __imp__VirtualFree@12      101c4348     kernel32:KERNEL32.dll
 0004:0000034c       __imp__QueryPerformanceCounter@4 101c434c     kernel32:KERNEL32.dll
 0004:00000350       __imp__GetTickCount@0      101c4350     kernel32:KERNEL32.dll
 0004:00000354       __imp__GetCurrentProcessId@0 101c4354     kernel32:KERNEL32.dll
 0004:00000358       __imp__GetSystemTimeAsFileTime@4 101c4358     kernel32:KERNEL32.dll
 0004:0000035c       __imp__RtlUnwind@16        101c435c     kernel32:KERNEL32.dll
 0004:00000360       __imp__VirtualQuery@12     101c4360     kernel32:KERNEL32.dll
 0004:00000364       __imp__GetACP@0            101c4364     kernel32:KERNEL32.dll
 0004:00000368       __imp__GetOEMCP@0          101c4368     kernel32:KERNEL32.dll
 0004:0000036c       __imp__GetCPInfo@8         101c436c     kernel32:KERNEL32.dll
 0004:00000370       __imp__IsValidCodePage@4   101c4370     kernel32:KERNEL32.dll
 0004:00000374       __imp__InitializeCriticalSectionAndSpinCount@8 101c4374     kernel32:KERNEL32.dll
 0004:00000378       __imp__HeapAlloc@12        101c4378     kernel32:KERNEL32.dll
 0004:0000037c       __imp__HeapSize@12         101c437c     kernel32:KERNEL32.dll
 0004:00000380       __imp__HeapReAlloc@16      101c4380     kernel32:KERNEL32.dll
 0004:00000384       __imp__VirtualAlloc@16     101c4384     kernel32:KERNEL32.dll
 0004:00000388       __imp__MultiByteToWideChar@24 101c4388     kernel32:KERNEL32.dll
 0004:0000038c       __imp__FreeLibrary@4       101c438c     kernel32:KERNEL32.dll
 0004:00000390       __imp__LoadLibraryA@4      101c4390     kernel32:KERNEL32.dll
 0004:00000394       __imp__SetFilePointer@16   101c4394     kernel32:KERNEL32.dll
 0004:00000398       __imp__GetConsoleCP@0      101c4398     kernel32:KERNEL32.dll
 0004:0000039c       __imp__GetConsoleMode@8    101c439c     kernel32:KERNEL32.dll
 0004:000003a0       __imp__GetLocaleInfoW@16   101c43a0     kernel32:KERNEL32.dll
 0004:000003a4       __imp__GetLocaleInfoA@16   101c43a4     kernel32:KERNEL32.dll
 0004:000003a8       __imp__LCMapStringA@24     101c43a8     kernel32:KERNEL32.dll
 0004:000003ac       __imp__LCMapStringW@24     101c43ac     kernel32:KERNEL32.dll
 0004:000003b0       __imp__GetStringTypeA@20   101c43b0     kernel32:KERNEL32.dll
 0004:000003b4       __imp__GetStringTypeW@16   101c43b4     kernel32:KERNEL32.dll
 0004:000003b8       __imp__GetTimeFormatA@24   101c43b8     kernel32:KERNEL32.dll
 0004:000003bc       __imp__GetDateFormatA@24   101c43bc     kernel32:KERNEL32.dll
 0004:000003c0       __imp__IsValidLocale@8     101c43c0     kernel32:KERNEL32.dll
 0004:000003c4       __imp__EnumSystemLocalesA@8 101c43c4     kernel32:KERNEL32.dll
 0004:000003c8       __imp__GetUserDefaultLCID@0 101c43c8     kernel32:KERNEL32.dll
 0004:000003cc       __imp__SetStdHandle@8      101c43cc     kernel32:KERNEL32.dll
 0004:000003d0       __imp__WriteConsoleA@20    101c43d0     kernel32:KERNEL32.dll
 0004:000003d4       __imp__GetConsoleOutputCP@0 101c43d4     kernel32:KERNEL32.dll
 0004:000003d8       __imp__lstrlenA@4          101c43d8     kernel32:KERNEL32.dll
 0004:000003dc       __imp__GetTimeZoneInformation@4 101c43dc     kernel32:KERNEL32.dll
 0004:000003e0       __imp__CreateFileA@28      101c43e0     kernel32:KERNEL32.dll
 0004:000003e4       __imp__GetProcessHeap@0    101c43e4     kernel32:KERNEL32.dll
 0004:000003e8       __imp__FlushFileBuffers@4  101c43e8     kernel32:KERNEL32.dll
 0004:000003ec       __imp__CompareStringA@24   101c43ec     kernel32:KERNEL32.dll
 0004:000003f0       __imp__CompareStringW@24   101c43f0     kernel32:KERNEL32.dll
 0004:000003f4       __imp__SetEnvironmentVariableA@8 101c43f4     kernel32:KERNEL32.dll
 0004:000003f8       \177KERNEL32_NULL_THUNK_DATA 101c43f8     kernel32:KERNEL32.dll

 entry point at        0001:000e40a0

