 newton_d

 Timestamp is 4d42f04d (Fri Jan 28 08:35:25 2011)

 Preferred load address is 0000000180000000

 Start         Length     Name                   Class
 0001:00000000 001bfef0H .text                   CODE
 0001:001bfef0 00001026H .text$0                 CODE
 0001:001c0f20 00001104H .text$00                CODE
 0001:001c2030 0000228bH .text$x                 CODE
 0001:001c42c0 000016e6H .text$yc                CODE
 0001:001c59b0 0000101aH .text$yd                CODE
 0002:00000000 00000109H .CRT$XCA                DATA
 0002:00000110 000001c9H .CRT$XCU                DATA
 0002:000002e0 00000109H .CRT$XCZ                DATA
 0002:000003f0 00000109H .CRT$XIA                DATA
 0002:00000500 0000011cH .CRT$XIC                DATA
 0002:00000620 00000109H .CRT$XIZ                DATA
 0002:00000730 00000109H .CRT$XPA                DATA
 0002:00000840 00000113H .CRT$XPX                DATA
 0002:00000958 00000109H .CRT$XPXA               DATA
 0002:00000a68 00000109H .CRT$XPZ                DATA
 0002:00000b78 00000109H .CRT$XTA                DATA
 0002:00000c88 00000109H .CRT$XTZ                DATA
 0002:00000da0 000379fcH .rdata                  DATA
 0002:0003879c 0000018dH .rdata$debug            DATA
 0002:00038930 0000048bH .rdata$r                DATA
 0002:00038dc0 00000109H .rtc$IAA                DATA
 0002:00038ed0 00000109H .rtc$IZZ                DATA
 0002:00038fe0 00000109H .rtc$TAA                DATA
 0002:000390f0 00000109H .rtc$TZZ                DATA
 0002:00039200 000092f0H .xdata                  DATA
 0002:000424f0 0000019eH .xdata$x                DATA
 0002:00042690 00003d6eH .edata                  DATA
 0003:00000000 0000318dH .data                   DATA
 0003:000031a0 00007091H .bss                    DATA
 0004:00000000 0000a290H .pdata                  DATA
 0005:00000000 00000014H .idata$2                DATA
 0005:00000014 00000014H .idata$3                DATA
 0005:00000028 00000460H .idata$4                DATA
 0005:00000488 00000460H .idata$5                DATA
 0005:000008e8 000009a5H .idata$6                DATA
 0006:00000000 00000169H .rsrc$01                DATA
 0006:00000170 00000580H .rsrc$02                DATA

  Address         Publics by Value              Rva+Base               Lib:Object

 0000:00000000       ___safe_se_handler_count   0000000000000000     <absolute>
 0000:00000000       ___safe_se_handler_table   0000000000000000     <absolute>
 0000:00000000       __ImageBase                0000000180000000     <linker-defined>
 0001:00001640       ?TraceFuntionName@@YAXPEBD@Z 0000000180002640 f   Newton.obj
 0001:00001670       DllMain                    0000000180002670 f   Newton.obj
 0001:00001690       NewtonGetMemoryUsed        0000000180002690 f   Newton.obj
 0001:000016b0       NewtonSetMemorySystem      00000001800026b0 f   Newton.obj
 0001:00001720       NewtonCreate               0000000180002720 f   Newton.obj
 0001:00001890       NewtonDestroy              0000000180002890 f   Newton.obj
 0001:00001960       NewtonInvalidateCache      0000000180002960 f   Newton.obj
 0001:00001990       NewtonSetPlatformArchitecture 0000000180002990 f   Newton.obj
 0001:000019c0       NewtonGetPlatformArchitecture 00000001800029c0 f   Newton.obj
 0001:00001a00       NewtonWorldCriticalSectionLock 0000000180002a00 f   Newton.obj
 0001:00001a30       NewtonWorldCriticalSectionUnlock 0000000180002a30 f   Newton.obj
 0001:00001a60       NewtonSetThreadsCount      0000000180002a60 f   Newton.obj
 0001:00001a90       NewtonGetThreadsCount      0000000180002a90 f   Newton.obj
 0001:00001ac0       NewtonGetMaxThreadsCount   0000000180002ac0 f   Newton.obj
 0001:00001af0       NewtonSetMultiThreadSolverOnSingleIsland 0000000180002af0 f   Newton.obj
 0001:00001b20       NewtonGetMultiThreadSolverOnSingleIsland 0000000180002b20 f   Newton.obj
 0001:00001b50       NewtonSetSolverModel       0000000180002b50 f   Newton.obj
 0001:00001b80       NewtonSetFrictionModel     0000000180002b80 f   Newton.obj
 0001:00001bb0       NewtonSetPerformanceClock  0000000180002bb0 f   Newton.obj
 0001:00001bf0       NewtonReadPerformanceTicks 0000000180002bf0 f   Newton.obj
 0001:00001c20       NewtonReadThreadPerformanceTicks 0000000180002c20 f   Newton.obj
 0001:00001c50       NewtonUpdate               0000000180002c50 f   Newton.obj
 0001:00001d40       NewtonCollisionUpdate      0000000180002d40 f   Newton.obj
 0001:00001d90       NewtonSetMinimumFrameRate  0000000180002d90 f   Newton.obj
 0001:00001df0       NewtonDestroyAllBodies     0000000180002df0 f   Newton.obj
 0001:00001e90       NewtonSetWorldSize         0000000180002e90 f   Newton.obj
 0001:00001f60       NewtonSetIslandUpdateEvent 0000000180002f60 f   Newton.obj
 0001:00001fa0       NewtonSetCollisionDestructor 0000000180002fa0 f   Newton.obj
 0001:00001fe0       NewtonSetDestroyBodyByExeciveForce 0000000180002fe0 f   Newton.obj
 0001:00002020       NewtonSetBodyLeaveWorldEvent 0000000180003020 f   Newton.obj
 0001:00002060       NewtonWorldGetFirstBody    0000000180003060 f   Newton.obj
 0001:00002120       NewtonWorldGetNextBody     0000000180003120 f   Newton.obj
 0001:00002180       NewtonWorldForEachJointDo  0000000180003180 f   Newton.obj
 0001:000022b0       NewtonWorldForEachBodyInAABBDo 00000001800032b0 f   Newton.obj
 0001:00002390       NewtonWorldGetVersion      0000000180003390 f   Newton.obj
 0001:000023a0       NewtonWorldFloatSize       00000001800033a0 f   Newton.obj
 0001:000023b0       NewtonWorldSetUserData     00000001800033b0 f   Newton.obj
 0001:000023f0       NewtonWorldGetUserData     00000001800033f0 f   Newton.obj
 0001:00002420       NewtonWorldSetDestructorCallBack 0000000180003420 f   Newton.obj
 0001:00002460       NewtonWorldGetDestructorCallBack 0000000180003460 f   Newton.obj
 0001:00002490       NewtonWorldGetBodyCount    0000000180003490 f   Newton.obj
 0001:000024c0       NewtonWorldGetConstraintCount 00000001800034c0 f   Newton.obj
 0001:000024f0       NewtonWorldRayCast         00000001800034f0 f   Newton.obj
 0001:000025f0       NewtonWorldConvexCast      00000001800035f0 f   Newton.obj
 0001:000026d0       NewtonIslandGetBody        00000001800036d0 f   Newton.obj
 0001:00002710       NewtonIslandGetBodyAABB    0000000180003710 f   Newton.obj
 0001:00002770       NewtonMaterialGetDefaultGroupID 0000000180003770 f   Newton.obj
 0001:000027a0       NewtonMaterialCreateGroupID 00000001800037a0 f   Newton.obj
 0001:000027d0       NewtonMaterialDestroyAllGroupID 00000001800037d0 f   Newton.obj
 0001:00002800       NewtonMaterialSetDefaultCollidable 0000000180003800 f   Newton.obj
 0001:00002880       NewtonMaterialSetContinuousCollisionMode 0000000180003880 f   Newton.obj
 0001:00002900       NewtonMaterialSetSurfaceThickness 0000000180003900 f   Newton.obj
 0001:00002970       NewtonMaterialSetDefaultFriction 0000000180003970 f   Newton.obj
 0001:00002ac0       NewtonMaterialSetDefaultElasticity 0000000180003ac0 f   Newton.obj
 0001:00002b30       NewtonMaterialSetDefaultSoftness 0000000180003b30 f   Newton.obj
 0001:00002ba0       NewtonMaterialSetCollisionCallback 0000000180003ba0 f   Newton.obj
 0001:00002c10       ?NewtonMaterialSetCompondCollisionCallback@@YAXPEBUNewtonWorld@@HHP6AHPEBUNewtonMaterial@@PEBUNewtonBody@@2H@Z@Z 0000000180003c10 f   Newton.obj
 0001:00002c70       NewtonMaterialGetUserData  0000000180003c70 f   Newton.obj
 0001:00002cc0       NewtonWorldGetFirstMaterial 0000000180003cc0 f   Newton.obj
 0001:00002cf0       NewtonWorldGetNextMaterial 0000000180003cf0 f   Newton.obj
 0001:00002d30       NewtonMaterialGetMaterialPairUserData 0000000180003d30 f   Newton.obj
 0001:00002d60       NewtonMaterialGetContactFaceAttribute 0000000180003d60 f   Newton.obj
 0001:00002d90       NewtonMaterialGetContactNormalSpeed 0000000180003d90 f   Newton.obj
 0001:00002f40       NewtonMaterialGetContactTangentSpeed 0000000180003f40 f   Newton.obj
 0001:00003180       NewtonMaterialGetContactPositionAndNormal 0000000180004180 f   Newton.obj
 0001:00003220       NewtonMaterialGetContactForce 0000000180004220 f   Newton.obj
 0001:00003330       NewtonMaterialGetContactTangentDirections 0000000180004330 f   Newton.obj
 0001:000033e0       NewtonMaterialGetBodyCollisionID 00000001800043e0 f   Newton.obj
 0001:00003450       NewtonMaterialSetContactSoftness 0000000180004450 f   Newton.obj
 0001:000034a0       NewtonMaterialSetContactElasticity 00000001800044a0 f   Newton.obj
 0001:000034f0       NewtonMaterialSetContactFrictionState 00000001800044f0 f   Newton.obj
 0001:00003590       NewtonMaterialSetContactFrictionCoef 0000000180004590 f   Newton.obj
 0001:00003690       NewtonMaterialSetContactNormalAcceleration 0000000180004690 f   Newton.obj
 0001:000036e0       NewtonMaterialSetContactTangentAcceleration 00000001800046e0 f   Newton.obj
 0001:00003770       NewtonMaterialSetContactNormalDirection 0000000180004770 f   Newton.obj
 0001:000038f0       NewtonMaterialContactRotateTangentDirections 00000001800048f0 f   Newton.obj
 0001:00003a70       NewtonCreateNull           0000000180004a70 f   Newton.obj
 0001:00003aa0       NewtonCreateBox            0000000180004aa0 f   Newton.obj
 0001:00003b80       NewtonCreateSphere         0000000180004b80 f   Newton.obj
 0001:00003d20       NewtonCreateCone           0000000180004d20 f   Newton.obj
 0001:00003df0       NewtonCreateCapsule        0000000180004df0 f   Newton.obj
 0001:00003ec0       NewtonCreateCylinder       0000000180004ec0 f   Newton.obj
 0001:00003f90       NewtonCreateChamferCylinder 0000000180004f90 f   Newton.obj
 0001:00004060       NewtonCreateConvexHull     0000000180005060 f   Newton.obj
 0001:00004170       NewtonCreateConvexHullFromMesh 0000000180005170 f   Newton.obj
 0001:000041c0       NewtonCreateConvexHullModifier 00000001800051c0 f   Newton.obj
 0001:00004210       NewtonConvexHullModifierGetMatrix 0000000180005210 f   Newton.obj
 0001:000042a0       NewtonConvexHullModifierSetMatrix 00000001800052a0 f   Newton.obj
 0001:000042f0       NewtonCreateCompoundCollision 00000001800052f0 f   Newton.obj
 0001:00004350       NewtonCreateCompoundCollisionFromMesh 0000000180005350 f   Newton.obj
 0001:000043c0       NewtonCreateCompoundBreakable 00000001800053c0 f   Newton.obj
 0001:00004460       NewtonCompoundBreakableResetAnchoredPieces 0000000180005460 f   Newton.obj
 0001:000044b0       NewtonCompoundBreakableSetAnchoredPieces 00000001800054b0 f   Newton.obj
 0001:00004520       NewtonBreakableGetMainMesh 0000000180005520 f   Newton.obj
 0001:00004580       NewtonBreakableBeginDelete 0000000180005580 f   Newton.obj
 0001:000045d0       NewtonBreakableCreateDebrieBody 00000001800055d0 f   Newton.obj
 0001:00004640       NewtonBreakableDeleteComponent 0000000180005640 f   Newton.obj
 0001:000046a0       NewtonBreakableEndDelete   00000001800056a0 f   Newton.obj
 0001:000046f0       NewtonBreakableGetFirstComponent 00000001800056f0 f   Newton.obj
 0001:00004750       NewtonBreakableGetNextComponent 0000000180005750 f   Newton.obj
 0001:000047b0       NewtonCompoundBreakableGetVertexCount 00000001800057b0 f   Newton.obj
 0001:00004810       NewtonCompoundBreakableGetVertexStreams 0000000180005810 f   Newton.obj
 0001:000048a0       NewtonBreakableGetFirstSegment 00000001800058a0 f   Newton.obj
 0001:000048e0       NewtonBreakableGetNextSegment 00000001800058e0 f   Newton.obj
 0001:00004910       NewtonBreakableGetComponentsInRadius 0000000180005910 f   Newton.obj
 0001:000049e0       NewtonBreakableSegmentGetMaterial 00000001800059e0 f   Newton.obj
 0001:00004a10       NewtonBreakableSegmentGetIndexCount 0000000180005a10 f   Newton.obj
 0001:00004a40       NewtonBreakableSegmentGetIndexStream 0000000180005a40 f   Newton.obj
 0001:00004ac0       NewtonBreakableSegmentGetIndexStreamShort 0000000180005ac0 f   Newton.obj
 0001:00004b40       NewtonCollisionIsTriggerVolume 0000000180005b40 f   Newton.obj
 0001:00004b90       NewtonCollisionSetAsTriggerVolume 0000000180005b90 f   Newton.obj
 0001:00004be0       NewtonCollisionSetMaxBreakImpactImpulse 0000000180005be0 f   Newton.obj
 0001:00004c20       NewtonCollisionGetMaxBreakImpactImpulse 0000000180005c20 f   Newton.obj
 0001:00004c60       NewtonCollisionSetUserID   0000000180005c60 f   Newton.obj
 0001:00004c90       NewtonCollisionGetUserID   0000000180005c90 f   Newton.obj
 0001:00004cc0       NewtonConvexHullGetFaceIndices 0000000180005cc0 f   Newton.obj
 0001:00004d20       NewtonConvexCollisionCalculateVolume 0000000180005d20 f   Newton.obj
 0001:00004d50       NewtonConvexCollisionCalculateInertialMatrix 0000000180005d50 f   Newton.obj
 0001:00004e80       NewtonCreateUserMeshCollision 0000000180005e80 f   Newton.obj
 0001:00004fd0       NewtonCreateTreeCollision  0000000180005fd0 f   Newton.obj
 0001:00005020       NewtonStaticCollisionSetDebugCallback 0000000180006020 f   Newton.obj
 0001:000050a0       NewtonTreeCollisionSetUserRayCastCallback 00000001800060a0 f   Newton.obj
 0001:000050f0       NewtonHeightFieldSetUserRayCastCallback 00000001800060f0 f   Newton.obj
 0001:00005140       NewtonTreeCollisionBeginBuild 0000000180006140 f   Newton.obj
 0001:000051b0       NewtonTreeCollisionAddFace 00000001800061b0 f   Newton.obj
 0001:00005240       NewtonTreeCollisionEndBuild 0000000180006240 f   Newton.obj
 0001:000052c0       NewtonTreeCollisionGetFaceAtribute 00000001800062c0 f   Newton.obj
 0001:00005340       NewtonTreeCollisionSetFaceAtribute 0000000180006340 f   Newton.obj
 0001:000053d0       NewtonTreeCollisionGetVertexListIndexListInAABB 00000001800063d0 f   Newton.obj
 0001:00005550       NewtonCreateHeightFieldCollision 0000000180006550 f   Newton.obj
 0001:000055f0       NewtonCreateSceneCollision 00000001800065f0 f   Newton.obj
 0001:00005640       NewtonSceneCollisionCreateProxy 0000000180006640 f   Newton.obj
 0001:000056c0       NewtonSceneCollisionDestroyProxy 00000001800066c0 f   Newton.obj
 0001:00005740       NewtonSceneProxySetMatrix  0000000180006740 f   Newton.obj
 0001:000057a0       NewtonSceneProxyGetMatrix  00000001800067a0 f   Newton.obj
 0001:00005850       NewtonSceneCollisionOptimize 0000000180006850 f   Newton.obj
 0001:000058c0       NewtonCollisionPointDistance 00000001800068c0 f   Newton.obj
 0001:00005930       NewtonCollisionClosestPoint 0000000180006930 f   Newton.obj
 0001:000059c0       NewtonCollisionCollide     00000001800069c0 f   Newton.obj
 0001:00005a60       NewtonCollisionCollideContinue 0000000180006a60 f   Newton.obj
 0001:00005b60       NewtonCollisionSupportVertex 0000000180006b60 f   Newton.obj
 0001:00005d10       NewtonCollisionRayCast     0000000180006d10 f   Newton.obj
 0001:00005f40       NewtonCollisionCalculateAABB 0000000180006f40 f   Newton.obj
 0001:00006030       NewtonCollisionForEachPolygonDo 0000000180007030 f   Newton.obj
 0001:000060c0       NewtonCollisionMakeUnique  00000001800070c0 f   Newton.obj
 0001:00006100       NewtonAddCollisionReference 0000000180007100 f   Newton.obj
 0001:00006140       NewtonReleaseCollision     0000000180007140 f   Newton.obj
 0001:00006180       NewtonCollisionSerialize   0000000180007180 f   Newton.obj
 0001:000061d0       NewtonCreateCollisionFromSerialization 00000001800071d0 f   Newton.obj
 0001:00006210       NewtonCollisionGetInfo     0000000180007210 f   Newton.obj
 0001:00006250       NewtonGetEulerAngle        0000000180007250 f   Newton.obj
 0001:000062c0       NewtonSetEulerAngle        00000001800072c0 f   Newton.obj
 0001:00006470       NewtonCalculateSpringDamperAcceleration 0000000180007470 f   Newton.obj
 0001:00006570       NewtonCreateBody           0000000180007570 f   Newton.obj
 0001:00006630       NewtonDestroyBody          0000000180007630 f   Newton.obj
 0001:00006670       NewtonBodySetUserData      0000000180007670 f   Newton.obj
 0001:000066b0       NewtonBodyGetUserData      00000001800076b0 f   Newton.obj
 0001:000066e0       NewtonBodyGetWorld         00000001800076e0 f   Newton.obj
 0001:00006710       NewtonBodySetTransformCallback 0000000180007710 f   Newton.obj
 0001:00006750       NewtonBodyGetTransformCallback 0000000180007750 f   Newton.obj
 0001:00006780       NewtonBodySetForceAndTorqueCallback 0000000180007780 f   Newton.obj
 0001:000067c0       NewtonBodyGetForceAndTorqueCallback 00000001800077c0 f   Newton.obj
 0001:000067f0       NewtonBodySetDestructorCallback 00000001800077f0 f   Newton.obj
 0001:00006830       NewtonBodySetMassMatrix    0000000180007830 f   Newton.obj
 0001:00006a00       NewtonBodyGetMassMatrix    0000000180007a00 f   Newton.obj
 0001:00006b00       NewtonBodyGetInvMass       0000000180007b00 f   Newton.obj
 0001:00006c00       NewtonBodySetMatrix        0000000180007c00 f   Newton.obj
 0001:00006ca0       NewtonBodySetMatrixRecursive 0000000180007ca0 f   Newton.obj
 0001:00006d20       NewtonBodyGetMatrix        0000000180007d20 f   Newton.obj
 0001:00006d90       NewtonBodyGetRotation      0000000180007d90 f   Newton.obj
 0001:00006df0       NewtonBodySetForce         0000000180007df0 f   Newton.obj
 0001:00006e60       NewtonBodyAddForce         0000000180007e60 f   Newton.obj
 0001:00006ed0       NewtonBodyGetForceAcc      0000000180007ed0 f   Newton.obj
 0001:00006f60       NewtonBodyGetForce         0000000180007f60 f   Newton.obj
 0001:00006ff0       NewtonBodyCalculateInverseDynamicsForce 0000000180007ff0 f   Newton.obj
 0001:000070f0       NewtonBodySetTorque        00000001800080f0 f   Newton.obj
 0001:00007160       NewtonBodyAddTorque        0000000180008160 f   Newton.obj
 0001:000071d0       NewtonBodyGetTorque        00000001800081d0 f   Newton.obj
 0001:00007260       NewtonBodyGetTorqueAcc     0000000180008260 f   Newton.obj
 0001:000072f0       NewtonBodySetCentreOfMass  00000001800082f0 f   Newton.obj
 0001:00007360       NewtonBodyGetCentreOfMass  0000000180008360 f   Newton.obj
 0001:000073d0       NewtonBodyGetFirstJoint    00000001800083d0 f   Newton.obj
 0001:00007400       NewtonBodyGetNextJoint     0000000180008400 f   Newton.obj
 0001:00007440       NewtonBodyGetFirstContactJoint 0000000180008440 f   Newton.obj
 0001:00007470       NewtonBodyGetNextContactJoint 0000000180008470 f   Newton.obj
 0001:000074b0       NewtonContactJointGetContactCount 00000001800084b0 f   Newton.obj
 0001:00007510       NewtonContactJointGetFirstContact 0000000180008510 f   Newton.obj
 0001:00007570       NewtonContactJointGetNextContact 0000000180008570 f   Newton.obj
 0001:000075d0       NewtonContactJointRemoveContact 00000001800085d0 f   Newton.obj
 0001:00007640       NewtonContactGetMaterial   0000000180008640 f   Newton.obj
 0001:00007680       NewtonBodyAddBuoyancyForce 0000000180008680 f   Newton.obj
 0001:00007740       NewtonBodySetCollision     0000000180008740 f   Newton.obj
 0001:00007780       NewtonBodyGetCollision     0000000180008780 f   Newton.obj
 0001:000077b0       NewtonBodySetMaterialGroupID 00000001800087b0 f   Newton.obj
 0001:000077e0       NewtonBodyGetMaterialGroupID 00000001800087e0 f   Newton.obj
 0001:00007810       NewtonBodySetContinuousCollisionMode 0000000180008810 f   Newton.obj
 0001:00007860       NewtonBodyGetContinuousCollisionMode 0000000180008860 f   Newton.obj
 0001:000078b0       NewtonBodySetJointRecursiveCollision 00000001800088b0 f   Newton.obj
 0001:00007900       NewtonBodyGetJointRecursiveCollision 0000000180008900 f   Newton.obj
 0001:00007950       NewtonBodyGetFreezeState   0000000180008950 f   Newton.obj
 0001:000079a0       NewtonBodySetFreezeState   00000001800089a0 f   Newton.obj
 0001:000079f0       NewtonBodySetAutoSleep     00000001800089f0 f   Newton.obj
 0001:00007a40       NewtonBodyGetAutoSleep     0000000180008a40 f   Newton.obj
 0001:00007a90       NewtonBodyGetSleepState    0000000180008a90 f   Newton.obj
 0001:00007ae0       NewtonBodyGetAABB          0000000180008ae0 f   Newton.obj
 0001:00007bb0       NewtonBodySetVelocity      0000000180008bb0 f   Newton.obj
 0001:00007c20       NewtonBodyGetVelocity      0000000180008c20 f   Newton.obj
 0001:00007cb0       NewtonBodySetOmega         0000000180008cb0 f   Newton.obj
 0001:00007d20       NewtonBodyGetOmega         0000000180008d20 f   Newton.obj
 0001:00007db0       NewtonBodySetLinearDamping 0000000180008db0 f   Newton.obj
 0001:00007df0       NewtonBodyGetLinearDamping 0000000180008df0 f   Newton.obj
 0001:00007e20       NewtonBodySetAngularDamping 0000000180008e20 f   Newton.obj
 0001:00007e90       NewtonBodyGetAngularDamping 0000000180008e90 f   Newton.obj
 0001:00007f00       NewtonBodyAddImpulse       0000000180008f00 f   Newton.obj
 0001:00007f80       NewtonConstraintCreateBall 0000000180008f80 f   Newton.obj
 0001:00008020       NewtonBallSetConeLimits    0000000180009020 f   Newton.obj
 0001:00008440       NewtonBallSetUserCallback  0000000180009440 f   Newton.obj
 0001:00008480       NewtonBallGetJointAngle    0000000180009480 f   Newton.obj
 0001:000084f0       NewtonBallGetJointOmega    00000001800094f0 f   Newton.obj
 0001:00008560       NewtonBallGetJointForce    0000000180009560 f   Newton.obj
 0001:000085d0       NewtonConstraintCreateHinge 00000001800095d0 f   Newton.obj
 0001:000086d0       NewtonHingeSetUserCallback 00000001800096d0 f   Newton.obj
 0001:00008710       NewtonHingeGetJointAngle   0000000180009710 f   Newton.obj
 0001:00008740       NewtonHingeGetJointOmega   0000000180009740 f   Newton.obj
 0001:00008770       NewtonHingeCalculateStopAlpha 0000000180009770 f   Newton.obj
 0001:000087b0       NewtonHingeGetJointForce   00000001800097b0 f   Newton.obj
 0001:00008820       NewtonConstraintCreateSlider 0000000180009820 f   Newton.obj
 0001:00008920       NewtonSliderSetUserCallback 0000000180009920 f   Newton.obj
 0001:00008960       NewtonSliderGetJointPosit  0000000180009960 f   Newton.obj
 0001:00008990       NewtonSliderGetJointVeloc  0000000180009990 f   Newton.obj
 0001:000089c0       NewtonSliderCalculateStopAccel 00000001800099c0 f   Newton.obj
 0001:00008a00       NewtonSliderGetJointForce  0000000180009a00 f   Newton.obj
 0001:00008a70       NewtonConstraintCreateCorkscrew 0000000180009a70 f   Newton.obj
 0001:00008b70       NewtonCorkscrewSetUserCallback 0000000180009b70 f   Newton.obj
 0001:00008bb0       NewtonCorkscrewGetJointPosit 0000000180009bb0 f   Newton.obj
 0001:00008be0       NewtonCorkscrewGetJointVeloc 0000000180009be0 f   Newton.obj
 0001:00008c10       NewtonCorkscrewGetJointAngle 0000000180009c10 f   Newton.obj
 0001:00008c40       NewtonCorkscrewGetJointOmega 0000000180009c40 f   Newton.obj
 0001:00008c70       NewtonCorkscrewCalculateStopAlpha 0000000180009c70 f   Newton.obj
 0001:00008cb0       NewtonCorkscrewCalculateStopAccel 0000000180009cb0 f   Newton.obj
 0001:00008cf0       NewtonCorkscrewGetJointForce 0000000180009cf0 f   Newton.obj
 0001:00008d60       NewtonConstraintCreateUniversal 0000000180009d60 f   Newton.obj
 0001:00008ea0       NewtonUniversalSetUserCallback 0000000180009ea0 f   Newton.obj
 0001:00008ee0       NewtonUniversalGetJointAngle0 0000000180009ee0 f   Newton.obj
 0001:00008f10       NewtonUniversalGetJointAngle1 0000000180009f10 f   Newton.obj
 0001:00008f40       NewtonUniversalGetJointOmega0 0000000180009f40 f   Newton.obj
 0001:00008f70       NewtonUniversalGetJointOmega1 0000000180009f70 f   Newton.obj
 0001:00008fa0       NewtonUniversalCalculateStopAlpha0 0000000180009fa0 f   Newton.obj
 0001:00008fe0       NewtonUniversalCalculateStopAlpha1 0000000180009fe0 f   Newton.obj
 0001:00009020       NewtonUniversalGetJointForce 000000018000a020 f   Newton.obj
 0001:00009090       NewtonConstraintCreateUpVector 000000018000a090 f   Newton.obj
 0001:00009120       NewtonUpVectorGetPin       000000018000a120 f   Newton.obj
 0001:00009190       NewtonUpVectorSetPin       000000018000a190 f   Newton.obj
 0001:00009200       NewtonConstraintCreateUserJoint 000000018000a200 f   Newton.obj
 0001:000092d0       NewtonUserJointAddLinearRow 000000018000a2d0 f   Newton.obj
 0001:00009490       NewtonUserJointAddAngularRow 000000018000a490 f   Newton.obj
 0001:000095d0       NewtonUserJointAddGeneralRow 000000018000a5d0 f   Newton.obj
 0001:00009610       NewtonUserJointSetRowMaximumFriction 000000018000a610 f   Newton.obj
 0001:00009650       NewtonUserJointSetRowMinimumFriction 000000018000a650 f   Newton.obj
 0001:00009690       NewtonUserJointSetRowAcceleration 000000018000a690 f   Newton.obj
 0001:000096d0       NewtonUserJointSetRowSpringDamperAcceleration 000000018000a6d0 f   Newton.obj
 0001:00009710       NewtonUserJointSetRowStiffness 000000018000a710 f   Newton.obj
 0001:00009750       NewtonUserJointGetRowForce 000000018000a750 f   Newton.obj
 0001:00009780       NewtonUserJointSetFeedbackCollectorCallback 000000018000a780 f   Newton.obj
 0001:000097c0       NewtonJointSetUserData     000000018000a7c0 f   Newton.obj
 0001:00009800       NewtonJointGetUserData     000000018000a800 f   Newton.obj
 0001:00009830       NewtonJointGetInfo         000000018000a830 f   Newton.obj
 0001:00009870       NewtonJointGetBody0        000000018000a870 f   Newton.obj
 0001:000098a0       NewtonJointGetBody1        000000018000a8a0 f   Newton.obj
 0001:00009910       NewtonJointSetCollisionState 000000018000a910 f   Newton.obj
 0001:00009960       NewtonJointGetCollisionState 000000018000a960 f   Newton.obj
 0001:000099b0       NewtonJointSetStiffness    000000018000a9b0 f   Newton.obj
 0001:000099f0       NewtonJointGetStiffness    000000018000a9f0 f   Newton.obj
 0001:00009a20       NewtonJointSetDestructor   000000018000aa20 f   Newton.obj
 0001:00009a60       NewtonDestroyJoint         000000018000aa60 f   Newton.obj
 0001:00009aa0       NewtonMeshCreate           000000018000aaa0 f   Newton.obj
 0001:00009b20       NewtonMeshCreateFromMesh   000000018000ab20 f   Newton.obj
 0001:00009ba0       NewtonMeshCreateFromCollision 000000018000aba0 f   Newton.obj
 0001:00009c10       NewtonMeshConvexHull       000000018000ac10 f   Newton.obj
 0001:00009cc0       NewtonMeshCreatePlane      000000018000acc0 f   Newton.obj
 0001:00009d90       NewtonMeshDestroy          000000018000ad90 f   Newton.obj
 0001:00009df0       NewtonMeshCalculateOOBB    000000018000adf0 f   Newton.obj
 0001:00009eb0       NewtonMeshCalculateVertexNormals 000000018000aeb0 f   Newton.obj
 0001:00009ef0       NewtonMeshApplySphericalMapping 000000018000aef0 f   Newton.obj
 0001:00009f20       NewtonMeshApplyBoxMapping  000000018000af20 f   Newton.obj
 0001:00009f70       NewtonMeshApplyCylindricalMapping 000000018000af70 f   Newton.obj
 0001:00009fb0       NewtonMeshTriangulate      000000018000afb0 f   Newton.obj
 0001:00009fd0       NewtonMeshPolygonize       000000018000afd0 f   Newton.obj
 0001:00009ff0       NewtonMeshIsOpenMesh       000000018000aff0 f   Newton.obj
 0001:0000a030       NewtonMeshFixTJoints       000000018000b030 f   Newton.obj
 0001:0000a050       NewtonMeshClip             000000018000b050 f   Newton.obj
 0001:0000a0c0       NewtonMeshUnion            000000018000b0c0 f   Newton.obj
 0001:0000a100       NewtonMeshDifference       000000018000b100 f   Newton.obj
 0001:0000a140       NewtonMeshIntersection     000000018000b140 f   Newton.obj
 0001:0000a180       NewtonRemoveUnusedVertices 000000018000b180 f   Newton.obj
 0001:0000a1b0       NewtonMeshBeginFace        000000018000b1b0 f   Newton.obj
 0001:0000a1e0       NewtonMeshAddFace          000000018000b1e0 f   Newton.obj
 0001:0000a230       NewtonMeshEndFace          000000018000b230 f   Newton.obj
 0001:0000a260       NewtonMeshBuildFromVertexListIndexList 000000018000b260 f   Newton.obj
 0001:0000a350       NewtonMeshGetVertexCount   000000018000b350 f   Newton.obj
 0001:0000a380       NewtonMeshGetVertexStrideInByte 000000018000b380 f   Newton.obj
 0001:0000a3b0       NewtonMeshGetVertexArray   000000018000b3b0 f   Newton.obj
 0001:0000a3e0       NewtonMeshGetPointCount    000000018000b3e0 f   Newton.obj
 0001:0000a410       NewtonMeshGetPointStrideInByte 000000018000b410 f   Newton.obj
 0001:0000a440       NewtonMeshGetPointArray    000000018000b440 f   Newton.obj
 0001:0000a470       NewtonMeshGetNormalArray   000000018000b470 f   Newton.obj
 0001:0000a4a0       NewtonMeshGetUV0Array      000000018000b4a0 f   Newton.obj
 0001:0000a4d0       NewtonMeshGetUV1Array      000000018000b4d0 f   Newton.obj
 0001:0000a500       NewtonMeshGetVertexStreams 000000018000b500 f   Newton.obj
 0001:0000a590       NewtonMeshGetIndirectVertexStreams 000000018000b590 f   Newton.obj
 0001:0000a6a0       NewtonMeshBeginHandle      000000018000b6a0 f   Newton.obj
 0001:0000a6d0       NewtonMeshEndHandle        000000018000b6d0 f   Newton.obj
 0001:0000a710       NewtonMeshFirstMaterial    000000018000b710 f   Newton.obj
 0001:0000a750       NewtonMeshNextMaterial     000000018000b750 f   Newton.obj
 0001:0000a790       NewtonMeshMaterialGetMaterial 000000018000b790 f   Newton.obj
 0001:0000a7d0       NewtonMeshMaterialGetIndexCount 000000018000b7d0 f   Newton.obj
 0001:0000a810       NewtonMeshMaterialGetIndexStream 000000018000b810 f   Newton.obj
 0001:0000a860       NewtonMeshMaterialGetIndexStreamShort 000000018000b860 f   Newton.obj
 0001:0000a8b0       NewtonMeshCreateFirstSingleSegment 000000018000b8b0 f   Newton.obj
 0001:0000a980       NewtonMeshCreateNextSingleSegment 000000018000b980 f   Newton.obj
 0001:0000aab0       NewtonMeshGetTotalFaceCount 000000018000bab0 f   Newton.obj
 0001:0000aad0       NewtonMeshGetTotalIndexCount 000000018000bad0 f   Newton.obj
 0001:0000aaf0       NewtonMeshGetFaces         000000018000baf0 f   Newton.obj
 0001:0000ab30       NewtonMeshGetFirstVertex   000000018000bb30 f   Newton.obj
 0001:0000ab50       NewtonMeshGetNextVertex    000000018000bb50 f   Newton.obj
 0001:0000ab80       NewtonMeshGetVertexIndex   000000018000bb80 f   Newton.obj
 0001:0000abb0       NewtonMeshGetFirstPoint    000000018000bbb0 f   Newton.obj
 0001:0000abd0       NewtonMeshGetNextPoint     000000018000bbd0 f   Newton.obj
 0001:0000ac00       NewtonMeshGetPointIndex    000000018000bc00 f   Newton.obj
 0001:0000ac30       NewtonMeshGetVertexIndexFromPoint 000000018000bc30 f   Newton.obj
 0001:0000ac60       NewtonMeshGetFirstEdge     000000018000bc60 f   Newton.obj
 0001:0000ac80       NewtonMeshGetNextEdge      000000018000bc80 f   Newton.obj
 0001:0000acb0       NewtonMeshGetEdgeIndices   000000018000bcb0 f   Newton.obj
 0001:0000acf0       NewtonMeshGetFirstFace     000000018000bcf0 f   Newton.obj
 0001:0000ad10       NewtonMeshGetNextFace      000000018000bd10 f   Newton.obj
 0001:0000ad40       NewtonMeshIsFaceOpen       000000018000bd40 f   Newton.obj
 0001:0000ad70       NewtonMeshGetFaceIndexCount 000000018000bd70 f   Newton.obj
 0001:0000ada0       NewtonMeshGetFaceMaterial  000000018000bda0 f   Newton.obj
 0001:0000add0       NewtonMeshGetFaceIndices   000000018000bdd0 f   Newton.obj
 0001:0000ae10       NewtonMeshGetFacePointIndices 000000018000be10 f   Newton.obj
 0001:0000d440       ??2Newton@@SAPEAX_KQEAVdgMemoryAllocator@@@Z 000000018000e440 f i Newton.obj
 0001:0000d470       ??_GNewton@@QEAAPEAXI@Z    000000018000e470 f i Newton.obj
 0001:0000d4c0       ??3Newton@@SAXPEAX@Z       000000018000e4c0 f i Newton.obj
 0001:0000d4e0       ??_GdgMemoryAllocator@@QEAAPEAXI@Z 000000018000e4e0 f i Newton.obj
 0001:0000d530       ??0dgVector@@QEAA@XZ       000000018000e530 f i Newton.obj
 0001:0000d560       ??0dgVector@@QEAA@AEBV?$dgTemplateVector@N@@@Z 000000018000e560 f i Newton.obj
 0001:0000d670       ??0dgVector@@QEAA@NNNN@Z   000000018000e670 f i Newton.obj
 0001:0000d7a0       ??0dgContactPoint@@QEAA@XZ 000000018000e7a0 f i Newton.obj
 0001:0000d7e0       ??0dgMatrix@@QEAA@AEBVdgVector@@@Z 000000018000e7e0 f i Newton.obj
 0001:0000ddb0       ??AdgMatrix@@QEAAAEAVdgVector@@H@Z 000000018000edb0 f i Newton.obj
 0001:0000de60       ?RotateVector@dgMatrix@@QEBA?AVdgVector@@AEBV2@@Z 000000018000ee60 f i Newton.obj
 0001:0000dfa0       ?UnrotateVector@dgMatrix@@QEBA?AVdgVector@@AEBV2@@Z 000000018000efa0 f i Newton.obj
 0001:0000e060       ?TransformVector@dgMatrix@@QEBA?AVdgVector@@AEBV2@@Z 000000018000f060 f i Newton.obj
 0001:0000e1d0       ?UntransformVector@dgMatrix@@QEBA?AVdgVector@@AEBV2@@Z 000000018000f1d0 f i Newton.obj
 0001:0000e240       ?dgPitchMatrix@@YA?AVdgMatrix@@N@Z 000000018000f240 f i Newton.obj
 0001:0000e3b0       ??0dgMatrix@@QEAA@AEBVdgVector@@000@Z 000000018000f3b0 f i Newton.obj
 0001:0000e4c0       ?dgYawMatrix@@YA?AVdgMatrix@@N@Z 000000018000f4c0 f i Newton.obj
 0001:0000e630       ?dgRollMatrix@@YA?AVdgMatrix@@N@Z 000000018000f630 f i Newton.obj
 0001:0000e7a0       ??0dgVector@@QEAA@PEBN@Z   000000018000f7a0 f i Newton.obj
 0001:0000e8a0       ?GetTagId@dgPolygonSoupDatabase@@QEBAIPEBH@Z 000000018000f8a0 f i Newton.obj
 0001:0000e8c0       ?SetTagId@dgPolygonSoupDatabase@@QEBAXPEBHI@Z 000000018000f8c0 f i Newton.obj
 0001:0000e900       ?GetBody@dgBodyMasterListRow@@QEBAPEAVdgBody@@XZ 000000018000f900 f i Newton.obj
 0001:0000e920       ?SetAutoSleep@dgBody@@QEAAX_N@Z 000000018000f920 f i Newton.obj
 0001:0000e9a0       ?GetAutoSleep@dgBody@@QEBA_NXZ 000000018000f9a0 f i Newton.obj
 0001:0000e9c0       ?GetSleepState@dgBody@@QEBA_NXZ 000000018000f9c0 f i Newton.obj
 0001:0000e9e0       ?GetCollisionWithLinkedBodies@dgBody@@QEBA_NXZ 000000018000f9e0 f i Newton.obj
 0001:0000ea00       ?SetCollisionWithLinkedBodies@dgBody@@QEAAX_N@Z 000000018000fa00 f i Newton.obj
 0001:0000ea40       ?SetUserData@dgBody@@QEAAXQEAX@Z 000000018000fa40 f i Newton.obj
 0001:0000ea70       ?GetUserData@dgBody@@QEBAPEAXXZ 000000018000fa70 f i Newton.obj
 0001:0000ea90       ?GetWorld@dgBody@@QEBAPEAVdgWorld@@XZ 000000018000fa90 f i Newton.obj
 0001:0000eab0       ?GetGroupID@dgBody@@QEBAIXZ 000000018000fab0 f i Newton.obj
 0001:0000ead0       ?SetGroupID@dgBody@@QEAAXI@Z 000000018000fad0 f i Newton.obj
 0001:0000eaf0       ?SetDestructorCallback@dgBody@@QEAAXP6AXAEAV1@@Z@Z 000000018000faf0 f i Newton.obj
 0001:0000eb20       ?SetExtForceAndTorqueCallback@dgBody@@QEAAXP6AXAEAV1@NH@Z@Z 000000018000fb20 f i Newton.obj
 0001:0000eb50       ?GetExtForceAndTorqueCallback@dgBody@@QEBAP6AXAEAV1@NH@ZXZ 000000018000fb50 f i Newton.obj
 0001:0000eb70       ?SetMatrixUpdateCallback@dgBody@@QEAAXP6AXAEBV1@AEBVdgMatrix@@H@Z@Z 000000018000fb70 f i Newton.obj
 0001:0000eba0       ?GetMatrixUpdateCallback@dgBody@@QEAAP6AXAEBV1@AEBVdgMatrix@@H@ZXZ 000000018000fba0 f i Newton.obj
 0001:0000ebc0       ?SetOmega@dgBody@@QEAAXAEBVdgVector@@@Z 000000018000fbc0 f i Newton.obj
 0001:0000ec10       ?SetVelocity@dgBody@@QEAAXAEBVdgVector@@@Z 000000018000fc10 f i Newton.obj
 0001:0000ec60       ?SetCentreOfMass@dgBody@@QEAAXAEBVdgVector@@@Z 000000018000fc60 f i Newton.obj
 0001:0000ed70       ?AddForce@dgBody@@QEAAXAEBVdgVector@@@Z 000000018000fd70 f i Newton.obj
 0001:0000edd0       ?AddTorque@dgBody@@QEAAXAEBVdgVector@@@Z 000000018000fdd0 f i Newton.obj
 0001:0000ee30       ?GetAparentMass@dgBody@@QEBAAEBVdgVector@@XZ 000000018000fe30 f i Newton.obj
 0001:0000ee50       ?GetOmega@dgBody@@QEBAAEBVdgVector@@XZ 000000018000fe50 f i Newton.obj
 0001:0000ee70       ?GetVelocity@dgBody@@QEBAAEBVdgVector@@XZ 000000018000fe70 f i Newton.obj
 0001:0000ee90       ?GetForce@dgBody@@QEBAAEBVdgVector@@XZ 000000018000fe90 f i Newton.obj
 0001:0000eeb0       ?GetTorque@dgBody@@QEBAAEBVdgVector@@XZ 000000018000feb0 f i Newton.obj
 0001:0000eed0       ?GetNetForce@dgBody@@QEBAAEBVdgVector@@XZ 000000018000fed0 f i Newton.obj
 0001:0000eef0       ?GetNetTorque@dgBody@@QEBAAEBVdgVector@@XZ 000000018000fef0 f i Newton.obj
 0001:0000ef10       ?GetCollision@dgBody@@QEBAPEAVdgCollision@@XZ 000000018000ff10 f i Newton.obj
 0001:0000ef30       ?GetPosition@dgBody@@QEBAAEBVdgVector@@XZ 000000018000ff30 f i Newton.obj
 0001:0000ef50       ?GetRotation@dgBody@@QEBAAEBVdgQuaternion@@XZ 000000018000ff50 f i Newton.obj
 0001:0000ef70       ?GetMatrix@dgBody@@QEBAAEBVdgMatrix@@XZ 000000018000ff70 f i Newton.obj
 0001:0000ef80       ?GetCentreOfMass@dgBody@@QEBA?AVdgVector@@XZ 000000018000ff80 f i Newton.obj
 0001:0000efe0       ?GetAABB@dgBody@@QEBAXAEAVdgVector@@0@Z 000000018000ffe0 f i Newton.obj
 0001:0000f0a0       ?SetContinuesCollisionMode@dgBody@@QEAAX_N@Z 00000001800100a0 f i Newton.obj
 0001:0000f0e0       ?GetContinuesCollisionMode@dgBody@@QEBA_NXZ 00000001800100e0 f i Newton.obj
 0001:0000f100       ?GetLinearDamping@dgBody@@QEBANXZ 0000000180010100 f i Newton.obj
 0001:0000f130       ?GetAngularDamping@dgBody@@QEBA?AVdgVector@@XZ 0000000180010130 f i Newton.obj
 0001:0000f1e0       ?SetLinearDamping@dgBody@@QEAAXN@Z 00000001800101e0 f i Newton.obj
 0001:0000f250       ?SetAngularDamping@dgBody@@QEAAXAEBVdgVector@@@Z 0000000180010250 f i Newton.obj
 0001:0000f370       ?SetForce@dgBody@@QEAAXAEBVdgVector@@@Z 0000000180010370 f i Newton.obj
 0001:0000f4f0       ?SetTorque@dgBody@@QEAAXAEBVdgVector@@@Z 00000001800104f0 f i Newton.obj
 0001:0000f670       ?GetMasterList@dgBody@@QEBAPEAVdgListNode@?$dgList@VdgBodyMasterListRow@@@@XZ 0000000180010670 f i Newton.obj
 0001:0000f690       ?GetFreeze@dgBody@@QEBA_NXZ 0000000180010690 f i Newton.obj
 0001:0000f6b0       ??2dgConstraint@@SAPEAX_KQEAVdgMemoryAllocator@@@Z 00000001800106b0 f i Newton.obj
 0001:0000f6e0       ?BeginConectedSurface@dgPolyhedra@@QEBAXXZ 00000001800106e0 f i Newton.obj
 0001:0000f710       ?IncLRU@dgPolyhedra@@QEBAHXZ 0000000180010710 f i Newton.obj
 0001:0000f790       ?EndConectedSurface@dgPolyhedra@@QEBAXXZ 0000000180010790 f i Newton.obj
 0001:0000f7a0       ?IsCollidable@dgConstraint@@QEBA_NXZ 00000001800107a0 f i Newton.obj
 0001:0000f7e0       ?SetCollidable@dgConstraint@@QEAAX_N@Z 00000001800107e0 f i Newton.obj
 0001:0000f820       ?GetId@dgConstraint@@QEBAIXZ 0000000180010820 f i Newton.obj
 0001:0000f840       ?GetBody0@dgConstraint@@QEBAPEAVdgBody@@XZ 0000000180010840 f i Newton.obj
 0001:0000f860       ?GetBody1@dgConstraint@@QEBAPEAVdgBody@@XZ 0000000180010860 f i Newton.obj
 0001:0000f880       ?SetCollisionCallback@dgContactMaterial@@QEAAXP6A_NAEBV1@AEBVdgBody@@1H@ZP6AXAEAVdgContact@@NH@Z@Z 0000000180010880 f i Newton.obj
 0001:0000f8c0       ??2?$dgTree@VdgEdge@@_J@@SAPEAX_KQEAVdgMemoryAllocator@@@Z 00000001800108c0 f i Newton.obj
 0001:0000f8f0       ?GetInfo@dgListNode@?$dgList@V?$dgGraphNode@VdgDebriNodeInfo@dgCollisionCompoundBreakable@@VdgSharedNodeMesh@2@@@@@QEAAAEAV?$dgGraphNode@VdgDebriNodeInfo@dgCollisionCompoundBreakable@@VdgSharedNodeMesh@2@@@XZ 00000001800108f0 f i Newton.obj
 0001:0000f900       ?SetCompoundCollisionCallback@dgContactMaterial@@QEAAXP6A_NAEBV1@AEBVdgBody@@1H@Z@Z 0000000180010900 f i Newton.obj
 0001:0000f930       ?GetInfo@dgListNode@?$dgList@VdgBodyMasterListRow@@@@QEAAAEAVdgBodyMasterListRow@@XZ 0000000180010930 f i Newton.obj
 0001:0000f940       ?GetUserData@dgContactMaterial@@QEBAPEAXXZ 0000000180010940 f i Newton.obj
 0001:0000f960       ?GetNext@dgListNode@?$dgList@VdgBodyMasterListRow@@@@QEBAPEAV12@XZ 0000000180010960 f i Newton.obj
 0001:0000f980       ?SetUserData@dgContactMaterial@@QEAAXQEAX@Z 0000000180010980 f i Newton.obj
 0001:0000f9b0       ?GetInfo@dgListNode@?$dgList@VdgBodyMasterListCell@@@@QEAAAEAVdgBodyMasterListCell@@XZ 00000001800109b0 f i Newton.obj
 0001:0000f9c0       ?GetNext@dgListNode@?$dgList@VdgBodyMasterListCell@@@@QEBAPEAV12@XZ 00000001800109c0 f i Newton.obj
 0001:0000f9e0       ?GetInfo@dgListNode@?$dgList@VdgSubMesh@dgCollisionCompoundBreakable@@@@QEAAAEAVdgSubMesh@dgCollisionCompoundBreakable@@XZ 00000001800109e0 f i Newton.obj
 0001:0000f9f0       ?GetNext@dgListNode@?$dgList@VdgSubMesh@dgCollisionCompoundBreakable@@@@QEBAPEAV12@XZ 00000001800109f0 f i Newton.obj
 0001:0000fa10       ?GetInfo@dgListNode@?$dgList@UdgProxy@dgCollisionScene@@@@QEAAAEAUdgProxy@dgCollisionScene@@XZ 0000000180010a10 f i Newton.obj
 0001:0000fa20       ?GetInfo@dgListNode@?$dgList@VdgContactMaterial@@@@QEAAAEAVdgContactMaterial@@XZ 0000000180010a20 f i Newton.obj
 0001:0000fa30       ?GetNext@dgListNode@?$dgList@VdgContactMaterial@@@@QEBAPEAV12@XZ 0000000180010a30 f i Newton.obj
 0001:0000fa50       ?GetFirst@?$dgList@VdgBodyMasterListCell@@@@QEBAPEAVdgListNode@1@XZ 0000000180010a50 f i Newton.obj
 0001:0000fa70       ?GetFirst@?$dgList@VdgBodyMasterListRow@@@@QEBAPEAVdgListNode@1@XZ 0000000180010a70 f i Newton.obj
 0001:0000fa90       ??0?$dgTree@PEAVdgConstraint@@PEAV1@@@QEAA@QEAVdgMemoryAllocator@@@Z 0000000180010a90 f i Newton.obj
 0001:0000fae0       ??1?$dgTree@PEAVdgConstraint@@PEAV1@@@QEAA@XZ 0000000180010ae0 f i Newton.obj
 0001:0000fb00       ?Find@?$dgTree@PEAVdgConstraint@@PEAV1@@@QEBAPEAVdgTreeNode@1@PEAVdgConstraint@@@Z 0000000180010b00 f i Newton.obj
 0001:0000fcd0       ?IsType@dgCollision@@QEBAHW4RTTI@1@@Z 0000000180010cd0 f i Newton.obj
 0001:0000fd00       ?Insert@?$dgTree@PEAVdgConstraint@@PEAV1@@@QEAAPEAVdgTreeNode@1@AEBQEAVdgConstraint@@PEAV3@@Z 0000000180010d00 f i Newton.obj
 0001:0000fd60       ?GetOffsetMatrix@dgCollision@@QEBAAEBVdgMatrix@@XZ 0000000180010d60 f i Newton.obj
 0001:0000fd80       ?GetFirst@?$dgList@VdgSubMesh@dgCollisionCompoundBreakable@@@@QEBAPEAVdgListNode@1@XZ 0000000180010d80 f i Newton.obj
 0001:0000fda0       ?GetCount@?$dgList@VdgContactMaterial@@@@QEBAHXZ 0000000180010da0 f i Newton.obj
 0001:0000fdb0       ?GetFirst@?$dgList@VdgContactMaterial@@@@QEBAPEAVdgListNode@1@XZ 0000000180010db0 f i Newton.obj
 0001:0000fdd0       ?Remove@?$dgList@VdgContactMaterial@@@@QEAAXQEAVdgListNode@1@@Z 0000000180010dd0 f i Newton.obj
 0001:0000fe50       ?SetUserDataID@dgCollision@@QEBAIXZ 0000000180010e50 f i Newton.obj
 0001:0000fe70       ?SetUserDataID@dgCollision@@QEAAXI@Z 0000000180010e70 f i Newton.obj
 0001:0000fe90       ?GetAllocator@?$dgTree@VdgEdge@@_J@@QEBAPEAVdgMemoryAllocator@@XZ 0000000180010e90 f i Newton.obj
 0001:0000feb0       ??_GdgListNode@?$dgList@VdgContactMaterial@@@@AEAAPEAXI@Z 0000000180010eb0 f i Newton.obj
 0001:0000ff00       ?AddRef@dgCollision@@QEAAPEAV1@XZ 0000000180010f00 f i Newton.obj
 0001:0000ff30       ??3dgListNode@?$dgList@VdgContactMaterial@@@@CAXPEAX@Z 0000000180010f30 f i Newton.obj
 0001:0000ff50       ??1dgListNode@?$dgList@VdgContactMaterial@@@@AEAA@XZ 0000000180010f50 f i Newton.obj
 0001:0000ff60       ?GetLeft@dgTreeNode@?$dgTree@PEAVdgConstraint@@PEAV1@@@AEBAPEAV12@XZ 0000000180010f60 f i Newton.obj
 0001:0000ff80       ?GetRefCount@dgCollision@@QEBAHXZ 0000000180010f80 f i Newton.obj
 0001:0000ffa0       ?GetRight@dgTreeNode@?$dgTree@PEAVdgConstraint@@PEAV1@@@AEBAPEAV12@XZ 0000000180010fa0 f i Newton.obj
 0001:0000ffc0       ?Insert@?$dgTree@PEAVdgConstraint@@PEAV1@@@QEAAPEAVdgTreeNode@1@AEBQEAVdgConstraint@@PEAV3@AEA_N@Z 0000000180010fc0 f i Newton.obj
 0001:00010330       ??2dgRedBackNode@@SAPEAX_KQEAVdgMemoryAllocator@@@Z 0000000180011330 f i Newton.obj
 0001:00010360       ?GetAllocator@dgCollision@@QEBAPEAVdgMemoryAllocator@@XZ 0000000180011360 f i Newton.obj
 0001:00010380       ?RemoveAll@?$dgTree@PEAVdgConstraint@@PEAV1@@@QEAAXXZ 0000000180011380 f i Newton.obj
 0001:000103d0       ?CompareKeys@?$dgTree@PEAVdgConstraint@@PEAV1@@@AEBAHAEBQEAVdgConstraint@@0@Z 00000001800113d0 f i Newton.obj
 0001:00010430       ?Unlink@?$dgList@VdgContactMaterial@@@@QEAAXQEAVdgListNode@1@@Z 0000000180011430 f i Newton.obj
 0001:00010560       ?Unlink@dgListNode@?$dgList@VdgContactMaterial@@@@AEAAXXZ 0000000180011560 f i Newton.obj
 0001:00010610       ?GetPrev@dgListNode@?$dgList@VdgContactMaterial@@@@QEBAPEAV12@XZ 0000000180011610 f i Newton.obj
 0001:00010630       ??0dgTreeNode@?$dgTree@PEAVdgConstraint@@PEAV1@@@AEAA@AEBQEAVdgConstraint@@0PEAV01@@Z 0000000180011630 f i Newton.obj
 0001:000106f0       ??0dgRedBackNode@@QEAA@QEAV0@@Z 00000001800116f0 f i Newton.obj
 0001:00010720       ?Initdata@dgRedBackNode@@QEAAXQEAV1@@Z 0000000180011720 f i Newton.obj
 0001:00010790       ?SetColor@dgRedBackNode@@QEAAXW4REDBLACK_COLOR@1@@Z 0000000180011790 f i Newton.obj
 0001:000107c0       ?SetInTreeFlag@dgRedBackNode@@QEAAXI@Z 00000001800117c0 f i Newton.obj
 0001:00010800       ?dgGetUserLock@dgWorld@@QEBAXXZ 0000000180011800 f i Newton.obj
 0001:00010840       ?dgReleasedUserLock@dgWorld@@QEBAXXZ 0000000180011840 f i Newton.obj
 0001:00010880       ?GetAllocator@dgWorld@@QEBAPEAVdgMemoryAllocator@@XZ 0000000180011880 f i Newton.obj
 0001:000108a0       ?GetVertexStrideInByte@dgMeshEffect@@QEBAHXZ 00000001800118a0 f i Newton.obj
 0001:000108b0       ?GetVertexPool@dgMeshEffect@@QEBAPEANXZ 00000001800118b0 f i Newton.obj
 0001:000108d0       ?GetPropertiesStrideInByte@dgMeshEffect@@QEBAHXZ 00000001800118d0 f i Newton.obj
 0001:000108e0       ?GetAttributePool@dgMeshEffect@@QEBAPEANXZ 00000001800118e0 f i Newton.obj
 0001:00010900       ?GetNormalPool@dgMeshEffect@@QEBAPEANXZ 0000000180011900 f i Newton.obj
 0001:00010920       ?GetUV0Pool@dgMeshEffect@@QEBAPEANXZ 0000000180011920 f i Newton.obj
 0001:00010940       ?GetUV1Pool@dgMeshEffect@@QEBAPEANXZ 0000000180011940 f i Newton.obj
 0001:00010960       ?GetVertexCount@dgMeshEffect@@QEBAHXZ 0000000180011960 f i Newton.obj
 0001:00010980       ?GetPropertiesCount@dgMeshEffect@@QEBAHXZ 0000000180011980 f i Newton.obj
 0001:000109a0       ?GetMaterialID@dgMeshEffect@@QEAAHPEAUdgIndexArray@1@H@Z 00000001800119a0 f i Newton.obj
 0001:000109d0       ?GetMaterialIndexCount@dgMeshEffect@@QEAAHPEAUdgIndexArray@1@H@Z 00000001800119d0 f i Newton.obj
 0001:00010a00       ?GetMainMesh@dgCollisionCompoundBreakable@@QEBAPEAVdgListNode@?$dgList@V?$dgGraphNode@VdgDebriNodeInfo@dgCollisionCompoundBreakable@@VdgSharedNodeMesh@2@@@@@XZ 0000000180011a00 f i Newton.obj
 0001:00010a30       ?GetFirstComponentMesh@dgCollisionCompoundBreakable@@QEBAPEAVdgListNode@?$dgList@V?$dgGraphNode@VdgDebriNodeInfo@dgCollisionCompoundBreakable@@VdgSharedNodeMesh@2@@@@@XZ 0000000180011a30 f i Newton.obj
 0001:00010aa0       ?GetVertecCount@dgCollisionCompoundBreakable@@QEBAHXZ 0000000180011aa0 f i Newton.obj
 0001:00010ac0       ?GetVertexStreams@dgCollisionCompoundBreakable@@QEBAXHPEANH0H0@Z 0000000180011ac0 f i Newton.obj
 0001:00010b30       ?GetNext@dgListNode@?$dgList@V?$dgGraphNode@VdgDebriNodeInfo@dgCollisionCompoundBreakable@@VdgSharedNodeMesh@2@@@@@QEBAPEAV12@XZ 0000000180011b30 f i Newton.obj
 0001:00010b50       ??0?$dgTemplateVector@N@@QEAA@NNNN@Z 0000000180011b50 f i Newton.obj
 0001:00010bd0       ??0?$dgTemplateVector@N@@QEAA@PEBN@Z 0000000180011bd0 f i Newton.obj
 0001:00010c40       ??0?$dgTemplateVector@N@@QEAA@XZ 0000000180011c40 f i Newton.obj
 0001:00010c50       ?Scale@?$dgTemplateVector@N@@QEBA?AV1@N@Z 0000000180011c50 f i Newton.obj
 0001:00010cd0       ??A?$dgTemplateVector@N@@QEAAAEANH@Z 0000000180011cd0 f i Newton.obj
 0001:00010d80       ??H?$dgTemplateVector@N@@QEBA?AV0@AEBV0@@Z 0000000180011d80 f i Newton.obj
 0001:00010e10       ??G?$dgTemplateVector@N@@QEBA?AV0@AEBV0@@Z 0000000180011e10 f i Newton.obj
 0001:00010ea0       ??L?$dgTemplateVector@N@@QEBANAEBV0@@Z 0000000180011ea0 f i Newton.obj
 0001:00010f00       ??D?$dgTemplateVector@N@@QEBA?AV0@AEBV0@@Z 0000000180011f00 f i Newton.obj
 0001:00010ff0       ??$ClampValue@N@@YANNNN@Z  0000000180011ff0 f i Newton.obj
 0001:00011050       ??$GetMin@N@@YANNN@Z       0000000180012050 f i Newton.obj
 0001:00011090       ??$GetMax@N@@YANNN@Z       0000000180012090 f i Newton.obj
 0001:000110d0       ?GetCount@?$dgList@V?$dgGraphNode@VdgDebriNodeInfo@dgCollisionCompoundBreakable@@VdgSharedNodeMesh@2@@@@@QEBAHXZ 00000001800120d0 f i Newton.obj
 0001:000110e0       ?GetLast@?$dgList@V?$dgGraphNode@VdgDebriNodeInfo@dgCollisionCompoundBreakable@@VdgSharedNodeMesh@2@@@@@QEBAPEAVdgListNode@1@XZ 00000001800120e0 f i Newton.obj
 0001:00011100       ?GetFirst@?$dgList@V?$dgGraphNode@VdgDebriNodeInfo@dgCollisionCompoundBreakable@@VdgSharedNodeMesh@2@@@@@QEBAPEAVdgListNode@1@XZ 0000000180012100 f i Newton.obj
 0001:00011120       ??0NewtonDeadBodies@@QEAA@QEAVdgMemoryAllocator@@@Z 0000000180012120 f   NewtonClass.obj
 0001:00011170       ?DestroyBodies@NewtonDeadBodies@@QEAAXAEAVNewton@@@Z 0000000180012170 f   NewtonClass.obj
 0001:00011210       ??0NewtonDeadJoints@@QEAA@QEAVdgMemoryAllocator@@@Z 0000000180012210 f   NewtonClass.obj
 0001:00011260       ?DestroyJoints@NewtonDeadJoints@@QEAAXAEAVNewton@@@Z 0000000180012260 f   NewtonClass.obj
 0001:00011300       ?DefaultAllocMemory@Newton@@SAPEAXH@Z 0000000180012300 f   NewtonClass.obj
 0001:00011320       ?DefaultFreeMemory@Newton@@SAXPEAXH@Z 0000000180012320 f   NewtonClass.obj
 0001:00011350       ??0Newton@@QEAA@NQEAVdgMemoryAllocator@@@Z 0000000180012350 f   NewtonClass.obj
 0001:000113f0       ??1Newton@@QEAA@XZ         00000001800123f0 f   NewtonClass.obj
 0001:00011450       ?UpdatePhysics@Newton@@QEAAXN@Z 0000000180012450 f   NewtonClass.obj
 0001:00011510       ?DestroyJoint@Newton@@QEAAXPEAVdgConstraint@@@Z 0000000180012510 f   NewtonClass.obj
 0001:00011590       ?DestroyBody@Newton@@QEAAXPEAVdgBody@@@Z 0000000180012590 f   NewtonClass.obj
 0001:00011610       ??0NewtonUserJoint@@QEAA@PEAVdgWorld@@HP6AXPEBUNewtonJoint@@NH@ZP6AX1PEAUNewtonJointRecord@@@ZPEAVdgBody@@5@Z 0000000180012610 f   NewtonClass.obj
 0001:000117e0       ??1NewtonUserJoint@@UEAA@XZ 00000001800127e0 f   NewtonClass.obj
 0001:00011860       ?JacobianDerivative@NewtonUserJoint@@UEAAIAEAVdgContraintDescritor@@@Z 0000000180012860 f   NewtonClass.obj
 0001:000118d0       ?AddLinearRowJacobian@NewtonUserJoint@@QEAAXAEBVdgVector@@00@Z 00000001800128d0 f   NewtonClass.obj
 0001:00011a90       ?AddAngularRowJacobian@NewtonUserJoint@@QEAAXAEBVdgVector@@N@Z 0000000180012a90 f   NewtonClass.obj
 0001:00011c60       ?AddGeneralRowJacobian@NewtonUserJoint@@QEAAXPEBN0@Z 0000000180012c60 f   NewtonClass.obj
 0001:00011e10       ?SetAcceleration@NewtonUserJoint@@QEAAXN@Z 0000000180012e10 f   NewtonClass.obj
 0001:00011e80       ?SetSpringDamperAcceleration@NewtonUserJoint@@QEAAXNN@Z 0000000180012e80 f   NewtonClass.obj
 0001:00011f90       ?SetHighFriction@NewtonUserJoint@@QEAAXN@Z 0000000180012f90 f   NewtonClass.obj
 0001:00012030       ?SetLowerFriction@NewtonUserJoint@@QEAAXN@Z 0000000180013030 f   NewtonClass.obj
 0001:000120d0       ?SetRowStiffness@NewtonUserJoint@@QEAAXN@Z 00000001800130d0 f   NewtonClass.obj
 0001:00012180       ?GetRowForce@NewtonUserJoint@@QEBANH@Z 0000000180013180 f   NewtonClass.obj
 0001:000121e0       ?GetInfo@NewtonUserJoint@@UEBAXQEAVdgConstraintInfo@@@Z 00000001800131e0 f   NewtonClass.obj
 0001:00012240       ?SetUpdateFeedbackFunction@NewtonUserJoint@@QEAAXP6AXPEBUNewtonJoint@@NH@Z@Z 0000000180013240 f   NewtonClass.obj
 0001:000126c0       ??1NewtonDeadBodies@@QEAA@XZ 00000001800136c0 f i NewtonClass.obj
 0001:000126e0       ??1NewtonDeadJoints@@QEAA@XZ 00000001800136e0 f i NewtonClass.obj
 0001:00012700       ??_ENewtonUserJoint@@UEAAPEAXI@Z 0000000180013700 f i NewtonClass.obj
 0001:00012700       ??_GNewtonUserJoint@@UEAAPEAXI@Z 0000000180013700 f i NewtonClass.obj
 0001:00012750       ??0dgPointParam@dgConstraint@@QEAA@XZ 0000000180013750 f i NewtonClass.obj
 0001:00012800       ??0Iterator@?$dgTree@PEAVdgBody@@PEAX@@QEAA@AEBV1@@Z 0000000180013800 f i NewtonClass.obj
 0001:00012840       ??1Iterator@?$dgTree@PEAVdgBody@@PEAX@@QEAA@XZ 0000000180013840 f i NewtonClass.obj
 0001:00012850       ?Begin@Iterator@?$dgTree@PEAVdgBody@@PEAX@@QEAAXXZ 0000000180013850 f i NewtonClass.obj
 0001:00012880       ??BIterator@?$dgTree@PEAVdgBody@@PEAX@@QEBAHXZ 0000000180013880 f i NewtonClass.obj
 0001:000128c0       ??EIterator@?$dgTree@PEAVdgBody@@PEAX@@QEAAXH@Z 00000001800138c0 f i NewtonClass.obj
 0001:00012940       ?GetNode@Iterator@?$dgTree@PEAVdgBody@@PEAX@@QEBAPEAVdgTreeNode@2@XZ 0000000180013940 f i NewtonClass.obj
 0001:00012960       ?GetInfo@dgTreeNode@?$dgTree@PEAVdgBody@@PEAX@@QEAAAEAPEAVdgBody@@XZ 0000000180013960 f i NewtonClass.obj
 0001:00012980       ??0Iterator@?$dgTree@PEAVdgConstraint@@PEAX@@QEAA@AEBV1@@Z 0000000180013980 f i NewtonClass.obj
 0001:000129c0       ??1Iterator@?$dgTree@PEAVdgConstraint@@PEAX@@QEAA@XZ 00000001800139c0 f i NewtonClass.obj
 0001:000129d0       ?Begin@Iterator@?$dgTree@PEAVdgConstraint@@PEAX@@QEAAXXZ 00000001800139d0 f i NewtonClass.obj
 0001:00012a00       ??BIterator@?$dgTree@PEAVdgConstraint@@PEAX@@QEBAHXZ 0000000180013a00 f i NewtonClass.obj
 0001:00012a40       ??EIterator@?$dgTree@PEAVdgConstraint@@PEAX@@QEAAXH@Z 0000000180013a40 f i NewtonClass.obj
 0001:00012ac0       ?GetNode@Iterator@?$dgTree@PEAVdgConstraint@@PEAX@@QEBAPEAVdgTreeNode@2@XZ 0000000180013ac0 f i NewtonClass.obj
 0001:00012ae0       ?GetInfo@dgTreeNode@?$dgTree@PEAVdgConstraint@@PEAX@@QEAAAEAPEAVdgConstraint@@XZ 0000000180013ae0 f i NewtonClass.obj
 0001:00012b00       ??0?$dgTree@PEAVdgBody@@PEAX@@QEAA@QEAVdgMemoryAllocator@@@Z 0000000180013b00 f i NewtonClass.obj
 0001:00012b50       ??1?$dgTree@PEAVdgBody@@PEAX@@QEAA@XZ 0000000180013b50 f i NewtonClass.obj
 0001:00012b70       ?Minimum@?$dgTree@PEAVdgBody@@PEAX@@QEBAPEAVdgTreeNode@1@XZ 0000000180013b70 f i NewtonClass.obj
 0001:00012bc0       ?Insert@?$dgTree@PEAVdgBody@@PEAX@@QEAAPEAVdgTreeNode@1@AEBQEAVdgBody@@PEAX@Z 0000000180013bc0 f i NewtonClass.obj
 0001:00012c20       ?Remove@?$dgTree@PEAVdgBody@@PEAX@@QEAAXQEAVdgTreeNode@1@@Z 0000000180013c20 f i NewtonClass.obj
 0001:00012c80       ??0?$dgTree@PEAVdgConstraint@@PEAX@@QEAA@QEAVdgMemoryAllocator@@@Z 0000000180013c80 f i NewtonClass.obj
 0001:00012cd0       ??1?$dgTree@PEAVdgConstraint@@PEAX@@QEAA@XZ 0000000180013cd0 f i NewtonClass.obj
 0001:00012cf0       ?Minimum@?$dgTree@PEAVdgConstraint@@PEAX@@QEBAPEAVdgTreeNode@1@XZ 0000000180013cf0 f i NewtonClass.obj
 0001:00012d40       ?Insert@?$dgTree@PEAVdgConstraint@@PEAX@@QEAAPEAVdgTreeNode@1@AEBQEAVdgConstraint@@PEAX@Z 0000000180013d40 f i NewtonClass.obj
 0001:00012da0       ?Remove@?$dgTree@PEAVdgConstraint@@PEAX@@QEAAXQEAVdgTreeNode@1@@Z 0000000180013da0 f i NewtonClass.obj
 0001:00012e00       ?Insert@?$dgTree@PEAVdgBody@@PEAX@@QEAAPEAVdgTreeNode@1@AEBQEAVdgBody@@PEAXAEA_N@Z 0000000180013e00 f i NewtonClass.obj
 0001:00013170       ?RemoveAll@?$dgTree@PEAVdgBody@@PEAX@@QEAAXXZ 0000000180014170 f i NewtonClass.obj
 0001:000131c0       ?Insert@?$dgTree@PEAVdgConstraint@@PEAX@@QEAAPEAVdgTreeNode@1@AEBQEAVdgConstraint@@PEAXAEA_N@Z 00000001800141c0 f i NewtonClass.obj
 0001:00013530       ?RemoveAll@?$dgTree@PEAVdgConstraint@@PEAX@@QEAAXXZ 0000000180014530 f i NewtonClass.obj
 0001:00013580       ??0dgTreeNode@?$dgTree@PEAVdgBody@@PEAX@@AEAA@AEBQEAVdgBody@@AEBQEAXPEAV01@@Z 0000000180014580 f i NewtonClass.obj
 0001:00013640       ?GetLeft@dgTreeNode@?$dgTree@PEAVdgBody@@PEAX@@AEBAPEAV12@XZ 0000000180014640 f i NewtonClass.obj
 0001:00013660       ?GetRight@dgTreeNode@?$dgTree@PEAVdgBody@@PEAX@@AEBAPEAV12@XZ 0000000180014660 f i NewtonClass.obj
 0001:00013680       ??0dgTreeNode@?$dgTree@PEAVdgConstraint@@PEAX@@AEAA@AEBQEAVdgConstraint@@AEBQEAXPEAV01@@Z 0000000180014680 f i NewtonClass.obj
 0001:00013740       ?GetLeft@dgTreeNode@?$dgTree@PEAVdgConstraint@@PEAX@@AEBAPEAV12@XZ 0000000180014740 f i NewtonClass.obj
 0001:00013760       ?GetRight@dgTreeNode@?$dgTree@PEAVdgConstraint@@PEAX@@AEBAPEAV12@XZ 0000000180014760 f i NewtonClass.obj
 0001:00013780       ?CompareKeys@?$dgTree@PEAVdgBody@@PEAX@@AEBAHAEBQEAX0@Z 0000000180014780 f i NewtonClass.obj
 0001:000137e0       ?CompareKeys@?$dgTree@PEAVdgConstraint@@PEAX@@AEBAHAEBQEAX0@Z 00000001800147e0 f i NewtonClass.obj
 0001:00013840       ??3dgConstraint@@SAXPEAX@Z 0000000180014840 f i NewtonClass.obj
 0001:00013860       ?SetUpdateFeedbackFunction@dgConstraint@@IEAAXP6AXAEBV1@NH@Z@Z 0000000180014860 f i NewtonClass.obj
 0001:00013880       ??_H@YAXPEAX_KHP6APEAX0@Z@Z 0000000180014880 f i NewtonClass.obj
 0001:000138e0       ?Init@dgBilateralConstraint@@MEAAXXZ 00000001800148e0 f i NewtonClass.obj
 0001:00013940       ?Remove@dgBilateralConstraint@@MEAAXPEAVdgWorld@@@Z 0000000180014940 f i NewtonClass.obj
 0001:000139a0       ??0dgWorld@@QEAA@QEAVdgMemoryAllocator@@@Z 00000001800149a0 f   physics:dgWorld.obj
 0001:000140f0       ??1dgWorld@@QEAA@XZ        00000001800150f0 f   physics:dgWorld.obj
 0001:000142e0       ?GetPerformanceCount@dgWorld@@CAIXZ 00000001800152e0 f   physics:dgWorld.obj
 0001:000142f0       ?AddSentinelBody@dgWorld@@AEAAXXZ 00000001800152f0 f   physics:dgWorld.obj
 0001:000143b0       ?GetSentinelBody@dgWorld@@QEBAPEAVdgBody@@XZ 00000001800153b0 f   physics:dgWorld.obj
 0001:000143d0       ?SetSolverMode@dgWorld@@QEAAXH@Z 00000001800153d0 f   physics:dgWorld.obj
 0001:00014410       ?SetFrictionMode@dgWorld@@QEAAXH@Z 0000000180015410 f   physics:dgWorld.obj
 0001:00014430       ?SetHardwareMode@dgWorld@@QEAAXH@Z 0000000180015430 f   physics:dgWorld.obj
 0001:00014480       ?GetHardwareMode@dgWorld@@QEAAHPEAD@Z 0000000180015480 f   physics:dgWorld.obj
 0001:000144f0       ?SetThreadsCount@dgWorld@@QEAAXH@Z 00000001800154f0 f   physics:dgWorld.obj
 0001:00014540       ?GetThreadsCount@dgWorld@@QEBAHXZ 0000000180015540 f   physics:dgWorld.obj
 0001:00014560       ?GetMaxThreadsCount@dgWorld@@QEBAHXZ 0000000180015560 f   physics:dgWorld.obj
 0001:00014580       ?EnableThreadOnSingleIsland@dgWorld@@QEAAXH@Z 0000000180015580 f   physics:dgWorld.obj
 0001:000145c0       ?GetThreadOnSingleIsland@dgWorld@@QEBAHXZ 00000001800155c0 f   physics:dgWorld.obj
 0001:00014600       ?SetFrictionThreshold@dgWorld@@QEAAXN@Z 0000000180015600 f   physics:dgWorld.obj
 0001:00014640       ?RemoveAllGroupID@dgWorld@@QEAAXXZ 0000000180015640 f   physics:dgWorld.obj
 0001:000146c0       ?DestroyAllBodies@dgWorld@@QEAAXXZ 00000001800156c0 f   physics:dgWorld.obj
 0001:00014820       ?CreateBody@dgWorld@@QEAAPEAVdgBody@@QEAVdgCollision@@AEBVdgMatrix@@@Z 0000000180015820 f   physics:dgWorld.obj
 0001:00014bd0       ?DestroyBody@dgWorld@@QEAAXQEAVdgBody@@@Z 0000000180015bd0 f   physics:dgWorld.obj
 0001:00014cc0       ?DestroyConstraint@dgWorld@@QEAAXPEAVdgConstraint@@@Z 0000000180015cc0 f   physics:dgWorld.obj
 0001:00014d30       ?UpdateCollision@dgWorld@@QEAAXXZ 0000000180015d30 f   physics:dgWorld.obj
 0001:00014e80       ?Update@dgWorld@@QEAAXN@Z  0000000180015e80 f   physics:dgWorld.obj
 0001:00015060       ?GetPerformaceFuntion@dgWorld@@QEBAP6AIXZXZ 0000000180016060 f   physics:dgWorld.obj
 0001:00015080       ?SetPerfomanceCounter@dgWorld@@QEAAXP6AIXZ@Z 0000000180016080 f   physics:dgWorld.obj
 0001:000150f0       ?GetPerfomanceTicks@dgWorld@@QEBAII@Z 00000001800160f0 f   physics:dgWorld.obj
 0001:00015130       ?GetThreadPerfomanceTicks@dgWorld@@QEBAII@Z 0000000180016130 f   physics:dgWorld.obj
 0001:00015160       ?SetUserData@dgWorld@@QEAAXQEAX@Z 0000000180016160 f   physics:dgWorld.obj
 0001:00015190       ?GetUserData@dgWorld@@QEBAPEAXXZ 0000000180016190 f   physics:dgWorld.obj
 0001:000151b0       ?SetIslandUpdateCallback@dgWorld@@QEAAXP6AIQEBV1@PEAXH@Z@Z 00000001800161b0 f   physics:dgWorld.obj
 0001:000151e0       ?SetDestroyCollisionCallback@dgWorld@@QEAAXP6AXQEBV1@PEAVdgCollision@@@Z@Z 00000001800161e0 f   physics:dgWorld.obj
 0001:00015210       ?SetLeavingWorldCallback@dgWorld@@QEAAXP6AXPEAVdgBody@@H@Z@Z 0000000180016210 f   physics:dgWorld.obj
 0001:00015240       ?SetBodyDestructionByExeciveForce@dgWorld@@QEAAXP6AXQEBVdgBody@@PEBVdgContact@@@Z@Z 0000000180016240 f   physics:dgWorld.obj
 0001:00015270       ?CreateBallConstraint@dgWorld@@QEAAPEAVdgBallConstraint@@AEBVdgVector@@QEAVdgBody@@PEAV4@@Z 0000000180016270 f   physics:dgWorld.obj
 0001:00015380       ?CreateHingeConstraint@dgWorld@@QEAAPEAVdgHingeConstraint@@AEBVdgVector@@0QEAVdgBody@@PEAV4@@Z 0000000180016380 f   physics:dgWorld.obj
 0001:000154a0       ?CreateUpVectorConstraint@dgWorld@@QEAAPEAVdgUpVectorConstraint@@AEBVdgVector@@PEAVdgBody@@@Z 00000001800164a0 f   physics:dgWorld.obj
 0001:00015570       ?CreateSlidingConstraint@dgWorld@@QEAAPEAVdgSlidingConstraint@@AEBVdgVector@@0QEAVdgBody@@PEAV4@@Z 0000000180016570 f   physics:dgWorld.obj
 0001:00015690       ?CreateCorkscrewConstraint@dgWorld@@QEAAPEAVdgCorkscrewConstraint@@AEBVdgVector@@0QEAVdgBody@@PEAV4@@Z 0000000180016690 f   physics:dgWorld.obj
 0001:000157b0       ?CreateUniversalConstraint@dgWorld@@QEAAPEAVdgUniversalConstraint@@AEBVdgVector@@00QEAVdgBody@@PEAV4@@Z 00000001800167b0 f   physics:dgWorld.obj
 0001:000158d0       ?GetBodiesCount@dgWorld@@QEBAHXZ 00000001800168d0 f   physics:dgWorld.obj
 0001:00015900       ?GetConstraintsCount@dgWorld@@QEBAHXZ 0000000180016900 f   physics:dgWorld.obj
 0001:00015930       ?BodySetMatrix@dgWorld@@QEAAXPEAVdgBody@@AEBVdgMatrix@@@Z 0000000180016930 f   physics:dgWorld.obj
 0001:00015cc0       ?AddBodyImpulse@dgWorld@@QEAAXPEAVdgBody@@AEBVdgVector@@1@Z 0000000180016cc0 f   physics:dgWorld.obj
 0001:00015d10       ?AreBodyConnectedByJoints@dgWorld@@AEAA_NQEAVdgBody@@0@Z 0000000180016d10 f   physics:dgWorld.obj
 0001:00015f60       ?FlushCache@dgWorld@@QEAAXXZ 0000000180016f60 f   physics:dgWorld.obj
 0001:00016000       ??0dgActiveContacts@@QEAA@QEAVdgMemoryAllocator@@@Z 0000000180017000 f i physics:dgWorld.obj
 0001:00016030       ??2dgCollision@@SAPEAX_KQEAVdgMemoryAllocator@@@Z 0000000180017030 f i physics:dgWorld.obj
 0001:00016060       ??0dgBodyCollisionList@@QEAA@QEAVdgMemoryAllocator@@@Z 0000000180017060 f i physics:dgWorld.obj
 0001:00016090       ??0dgBodyMaterialList@@QEAA@QEAVdgMemoryAllocator@@@Z 0000000180017090 f i physics:dgWorld.obj
 0001:000160c0       ??0dgDetroyBodyByForce@dgWorld@@QEAA@XZ 00000001800170c0 f i physics:dgWorld.obj
 0001:000160e0       ??0dgCollisionPoint@@QEAA@QEAVdgMemoryAllocator@@@Z 00000001800170e0 f i physics:dgWorld.obj
 0001:00016130       ?ModifierGetMatrix@dgCollision@@UEBA?AVdgMatrix@@XZ 0000000180017130 f i physics:dgWorld.obj
 0001:00016180       ?ModifierSetMatrix@dgCollision@@UEAAXAEBVdgMatrix@@@Z 0000000180017180 f i physics:dgWorld.obj
 0001:00016190       ?Release@dgCollision@@UEAAHXZ 0000000180017190 f i physics:dgWorld.obj
 0001:00016220       ?SetBreakImpulse@dgCollision@@UEAAXN@Z 0000000180017220 f i physics:dgWorld.obj
 0001:00016230       ?GetBreakImpulse@dgCollision@@UEBANXZ 0000000180017230 f i physics:dgWorld.obj
 0001:00016240       ??_GdgCollisionPoint@@UEAAPEAXI@Z 0000000180017240 f i physics:dgWorld.obj
 0001:00016240       ??_EdgCollisionPoint@@UEAAPEAXI@Z 0000000180017240 f i physics:dgWorld.obj
 0001:00016280       ??3dgCollision@@SAXPEAX@Z  0000000180017280 f i physics:dgWorld.obj
 0001:000162a0       ??1dgCollisionPoint@@UEAA@XZ 00000001800172a0 f i physics:dgWorld.obj
 0001:000162c0       ??_I@YAXPEAX_KHP6AX0@Z@Z   00000001800172c0 f i physics:dgWorld.obj
 0001:00016330       ??1dgBodyMaterialList@@QEAA@XZ 0000000180017330 f i physics:dgWorld.obj
 0001:00016350       ??1dgBodyCollisionList@@QEAA@XZ 0000000180017350 f i physics:dgWorld.obj
 0001:00016370       ??1dgActiveContacts@@QEAA@XZ 0000000180017370 f i physics:dgWorld.obj
 0001:00016390       ??1dgWorldDynamicUpdate@@QEAA@XZ 0000000180017390 f i physics:dgWorld.obj
 0001:00016520       ??1dgSolverWorlkerThreads@@UEAA@XZ 0000000180017520 f i physics:dgWorld.obj
 0001:00016540       ??1dgParallelSolverClear@@UEAA@XZ 0000000180017540 f i physics:dgWorld.obj
 0001:00016560       ??1dgParallelSolverBodyInertia@@UEAA@XZ 0000000180017560 f i physics:dgWorld.obj
 0001:00016580       ??1dgParallelSolverUpdateVeloc@@UEAA@XZ 0000000180017580 f i physics:dgWorld.obj
 0001:000165a0       ??1dgParallelSolverUpdateForce@@UEAA@XZ 00000001800175a0 f i physics:dgWorld.obj
 0001:000165c0       ??1dgParallelSolverCalculateForces@@UEAA@XZ 00000001800175c0 f i physics:dgWorld.obj
 0001:000165e0       ??1dgParallelSolverInitInternalForces@@UEAA@XZ 00000001800175e0 f i physics:dgWorld.obj
 0001:00016600       ??1dgParallelSolverBuildJacobianRows@@UEAA@XZ 0000000180017600 f i physics:dgWorld.obj
 0001:00016620       ??1dgParallelSolverJointAcceleration@@UEAA@XZ 0000000180017620 f i physics:dgWorld.obj
 0001:00016640       ??1dgParallelSolverInitFeedbackUpdate@@UEAA@XZ 0000000180017640 f i physics:dgWorld.obj
 0001:00016660       ??1dgParallelSolverBuildJacobianMatrix@@UEAA@XZ 0000000180017660 f i physics:dgWorld.obj
 0001:00016680       ??2dgBody@@SAPEAX_KQEAVdgMemoryAllocator@@@Z 0000000180017680 f i physics:dgWorld.obj
 0001:000166b0       ??_GdgBody@@QEAAPEAXI@Z    00000001800176b0 f i physics:dgWorld.obj
 0001:000166f0       ??3dgBody@@SAXPEAX@Z       00000001800176f0 f i physics:dgWorld.obj
 0001:00016710       ?GetInfo@dgListNode@?$dgList@PEAVdgContact@@@@QEAAAEAPEAVdgContact@@XZ 0000000180017710 f i physics:dgWorld.obj
 0001:00016720       ?Inverse@dgMatrix@@QEBA?AV1@XZ 0000000180017720 f i physics:dgWorld.obj
 0001:000168e0       ?GetNext@dgListNode@?$dgList@PEAVdgContact@@@@QEBAPEAV12@XZ 00000001800178e0 f i physics:dgWorld.obj
 0001:000168f0       ?GetCount@?$dgList@VdgBodyMasterListCell@@@@QEBAHXZ 00000001800178f0 f i physics:dgWorld.obj
 0001:00016900       ?GetCount@?$dgList@VdgBodyMasterListRow@@@@QEBAHXZ 0000000180017900 f i physics:dgWorld.obj
 0001:00016910       ??0?$dgList@PEAVdgContact@@@@QEAA@QEAVdgMemoryAllocator@@@Z 0000000180017910 f i physics:dgWorld.obj
 0001:00016960       ??1?$dgList@PEAVdgContact@@@@QEAA@XZ 0000000180017960 f i physics:dgWorld.obj
 0001:00016980       ?GetFirst@?$dgList@PEAVdgContact@@@@QEBAPEAVdgListNode@1@XZ 0000000180017980 f i physics:dgWorld.obj
 0001:00016990       ??0?$dgTree@PEAVdgCollision@@I@@QEAA@QEAVdgMemoryAllocator@@@Z 0000000180017990 f i physics:dgWorld.obj
 0001:000169d0       ??1?$dgTree@PEAVdgCollision@@I@@QEAA@XZ 00000001800179d0 f i physics:dgWorld.obj
 0001:000169f0       ?GetCount@?$dgTree@PEAVdgCollision@@I@@QEBAHXZ 00000001800179f0 f i physics:dgWorld.obj
 0001:00016a00       ??0?$dgTree@VdgContactMaterial@@I@@QEAA@QEAVdgMemoryAllocator@@@Z 0000000180017a00 f i physics:dgWorld.obj
 0001:00016a40       ??1?$dgTree@VdgContactMaterial@@I@@QEAA@XZ 0000000180017a40 f i physics:dgWorld.obj
 0001:00016a60       ?GetCount@?$dgTree@VdgContactMaterial@@I@@QEBAHXZ 0000000180017a60 f i physics:dgWorld.obj
 0001:00016a70       ?GetRoot@?$dgTree@VdgContactMaterial@@I@@QEBAPEAVdgTreeNode@1@XZ 0000000180017a70 f i physics:dgWorld.obj
 0001:00016a80       ?Remove@?$dgTree@VdgContactMaterial@@I@@QEAAXQEAVdgTreeNode@1@@Z 0000000180017a80 f i physics:dgWorld.obj
 0001:00016ad0       ??0?$dgTree@PEAXI@@QEAA@QEAVdgMemoryAllocator@@@Z 0000000180017ad0 f i physics:dgWorld.obj
 0001:00016b10       ??1?$dgTree@PEAXI@@QEAA@XZ 0000000180017b10 f i physics:dgWorld.obj
 0001:00016b30       ??$GetMax@H@@YAHHH@Z       0000000180017b30 f i physics:dgWorld.obj
 0001:00016b50       ??$ClampValue@I@@YAIIII@Z  0000000180017b50 f i physics:dgWorld.obj
 0001:00016b90       ??$Swap@PEAVdgBody@@@@YAXAEAPEAVdgBody@@0@Z 0000000180017b90 f i physics:dgWorld.obj
 0001:00016bd0       ??1dgWorkerThread@@UEAA@XZ 0000000180017bd0 f i physics:dgWorld.obj
 0001:00016bf0       ?RemoveAll@?$dgList@PEAVdgContact@@@@QEAAXXZ 0000000180017bf0 f i physics:dgWorld.obj
 0001:00016cf0       ??_GdgWorkerThread@@UEAAPEAXI@Z 0000000180017cf0 f i physics:dgWorld.obj
 0001:00016cf0       ??_EdgWorkerThread@@UEAAPEAXI@Z 0000000180017cf0 f i physics:dgWorld.obj
 0001:00016d30       ?RemoveAll@?$dgTree@PEAVdgCollision@@I@@QEAAXXZ 0000000180017d30 f i physics:dgWorld.obj
 0001:00016d70       ?RemoveAll@?$dgTree@VdgContactMaterial@@I@@QEAAXXZ 0000000180017d70 f i physics:dgWorld.obj
 0001:00016db0       ?RemoveAll@?$dgTree@PEAXI@@QEAAXXZ 0000000180017db0 f i physics:dgWorld.obj
 0001:00016df0       ??_GdgListNode@?$dgList@PEAVdgContact@@@@AEAAPEAXI@Z 0000000180017df0 f i physics:dgWorld.obj
 0001:00016e30       ??3dgListNode@?$dgList@PEAVdgContact@@@@CAXPEAX@Z 0000000180017e30 f i physics:dgWorld.obj
 0001:00016e50       ??1dgListNode@?$dgList@PEAVdgContact@@@@AEAA@XZ 0000000180017e50 f i physics:dgWorld.obj
 0001:00016e60       ?Unlink@dgListNode@?$dgList@PEAVdgContact@@@@AEAAXXZ 0000000180017e60 f i physics:dgWorld.obj
 0001:00016ed0       ??0dgSortArray@@QEAA@XZ    0000000180017ed0 f   physics:dgBroadPhaseCollision.obj
 0001:00016f10       ??1dgSortArray@@QEAA@XZ    0000000180017f10 f   physics:dgBroadPhaseCollision.obj
 0001:00016f70       ?Add@dgSortArray@@QEAAXQEAVdgBody@@@Z 0000000180017f70 f   physics:dgBroadPhaseCollision.obj
 0001:00017010       ?Remove@dgSortArray@@QEAAXQEAVdgBody@@@Z 0000000180018010 f   physics:dgBroadPhaseCollision.obj
 0001:000170b0       ?Sort@dgSortArray@@QEAANXZ 00000001800180b0 f   physics:dgBroadPhaseCollision.obj
 0001:00017290       ?RayCast@dgSortArray@@QEBANNAEBUdgLineBox@@P6ANQEBVdgBody@@AEBVdgVector@@HQEAXN@ZP6AI1QEBVdgCollision@@3@Z3@Z 0000000180018290 f   physics:dgBroadPhaseCollision.obj
 0001:00017440       ?InvalidateCache@dgSortArray@@QEAAXXZ 0000000180018440 f   physics:dgBroadPhaseCollision.obj
 0001:00017520       ?SanityCheck@dgSortArray@@QEAA_NXZ 0000000180018520 f   physics:dgBroadPhaseCollision.obj
 0001:000175c0       ??0dgBroadPhaseCell@@QEAA@XZ 00000001800185c0 f   physics:dgBroadPhaseCollision.obj
 0001:00017600       ??1dgBroadPhaseCell@@QEAA@XZ 0000000180018600 f   physics:dgBroadPhaseCollision.obj
 0001:00017670       ?Init@dgBroadPhaseCell@@AEAAXHPEAVdgMemoryAllocator@@@Z 0000000180018670 f   physics:dgBroadPhaseCollision.obj
 0001:00017720       ?Add@dgBroadPhaseCell@@AEAAXQEAVdgBody@@@Z 0000000180018720 f   physics:dgBroadPhaseCollision.obj
 0001:000177f0       ?Remove@dgBroadPhaseCell@@AEAAXQEAVdgBody@@@Z 00000001800187f0 f   physics:dgBroadPhaseCollision.obj
 0001:000178f0       ?Sort@dgBroadPhaseCell@@AEAAXXZ 00000001800188f0 f   physics:dgBroadPhaseCollision.obj
 0001:000179c0       ?UpdateAutoPair@dgBroadPhaseCell@@AEAAXQEAVdgWorld@@H@Z 00000001800189c0 f   physics:dgBroadPhaseCollision.obj
 0001:00017bc0       ??0dgBroadPhaseLayer@@QEAA@XZ 0000000180018bc0 f   physics:dgBroadPhaseCollision.obj
 0001:00017c10       ??1dgBroadPhaseLayer@@QEAA@XZ 0000000180018c10 f   physics:dgBroadPhaseCollision.obj
 0001:00017c70       ?Init@dgBroadPhaseLayer@@AEAAXQEAVdgWorld@@NH@Z 0000000180018c70 f   physics:dgBroadPhaseCollision.obj
 0001:00017d20       ?FindCreate@dgBroadPhaseLayer@@AEAAPEAVdgBroadPhaseCell@@HH@Z 0000000180018d20 f   physics:dgBroadPhaseCollision.obj
 0001:00017e10       ??0dgBroadPhaseCollision@@AEAA@PEAVdgMemoryAllocator@@@Z 0000000180018e10 f   physics:dgBroadPhaseCollision.obj
 0001:00018020       ??1dgBroadPhaseCollision@@AEAA@XZ 0000000180019020 f   physics:dgBroadPhaseCollision.obj
 0001:00018100       ?Init@dgBroadPhaseCollision@@AEAAXXZ 0000000180019100 f   physics:dgBroadPhaseCollision.obj
 0001:000181a0       ?GetWorldSize@dgBroadPhaseCollision@@QEBAXAEAVdgVector@@0@Z 00000001800191a0 f   physics:dgBroadPhaseCollision.obj
 0001:00018210       ?SetWorldSize@dgBroadPhaseCollision@@QEAAXAEBVdgVector@@0@Z 0000000180019210 f   physics:dgBroadPhaseCollision.obj
 0001:00018840       ?InvalidateCache@dgBroadPhaseCollision@@AEAAXXZ 0000000180019840 f   physics:dgBroadPhaseCollision.obj
 0001:00018900       ?Add@dgBroadPhaseCollision@@AEAAXQEAVdgBody@@@Z 0000000180019900 f   physics:dgBroadPhaseCollision.obj
 0001:00018980       ?Remove@dgBroadPhaseCollision@@AEAAXQEAVdgBody@@@Z 0000000180019980 f   physics:dgBroadPhaseCollision.obj
 0001:00018ab0       ?UpdatePairs@dgBroadPhaseCollision@@AEBAXQEAVdgBody@@QEAVdgListNode@?$dgList@VdgSortArrayEntry@@@@HH@Z 0000000180019ab0 f   physics:dgBroadPhaseCollision.obj
 0001:00018c70       ?UpdatePairs@dgBroadPhaseCollision@@AEBAXAEAVdgBroadPhaseCell@@0H@Z 0000000180019c70 f   physics:dgBroadPhaseCollision.obj
 0001:00018dc0       ?ForEachBodyInAABB@dgBroadPhaseCollision@@QEBAXAEBVdgVector@@0P6AXPEAVdgBody@@QEAX@Z2@Z 0000000180019dc0 f   physics:dgBroadPhaseCollision.obj
 0001:00019120       ?ConvexCast@dgBroadPhaseCollision@@QEBAHQEAVdgCollision@@AEBVdgMatrix@@AEBVdgVector@@AEANP6AIQEBVdgBody@@QEBV2@QEAX@Z6QEAVdgConvexCastReturnInfo@@HH@Z 000000018001a120 f   physics:dgBroadPhaseCollision.obj
 0001:0001a020       ?Realloc@dgBroadPhaseCalculateContactsWorkerThread@@QEAAXHHH@Z 000000018001b020 f   physics:dgBroadPhaseCollision.obj
 0001:0001a250       ?ThreadExecute@dgBroadPhaseCellPairsWorkerThread@@UEAAXXZ 000000018001b250 f   physics:dgBroadPhaseCollision.obj
 0001:0001a370       ?ThreadExecute@dgBroadPhaseApplyExternalForce@@UEAAXXZ 000000018001b370 f   physics:dgBroadPhaseCollision.obj
 0001:0001aa10       ?ThreadExecute@dgBroadPhaseCalculateContactsWorkerThread@@UEAAXXZ 000000018001ba10 f   physics:dgBroadPhaseCollision.obj
 0001:0001ada0       ?ThreadExecute@dgBroadPhaseMaterialCallbackWorkerThread@@UEAAXXZ 000000018001bda0 f   physics:dgBroadPhaseCollision.obj
 0001:0001af40       ?RayCast@dgBroadPhaseCollision@@QEBAXAEBVdgVector@@0P6ANQEBVdgBody@@0HQEAXN@ZP6AI1QEBVdgCollision@@2@Z2@Z 000000018001bf40 f   physics:dgBroadPhaseCollision.obj
 0001:0001bc10       ?UpdateBodyBroadphase@dgBroadPhaseCollision@@AEAAXQEAVdgBody@@H@Z 000000018001cc10 f   physics:dgBroadPhaseCollision.obj
 0001:0001c500       ?UpdateContactsBroadPhaseBegin@dgBroadPhaseCollision@@AEAAIN_NI@Z 000000018001d500 f   physics:dgBroadPhaseCollision.obj
 0001:0001d900       ?UpdateContactsBroadPhaseEnd@dgBroadPhaseCollision@@AEAAXN@Z 000000018001e900 f   physics:dgBroadPhaseCollision.obj
 0001:0001db20       ?UpdateContactsSimd@dgBroadPhaseCollision@@AEAAXN_N@Z 000000018001eb20 f   physics:dgBroadPhaseCollision.obj
 0001:0001db40       ?UpdateContacts@dgBroadPhaseCollision@@AEAAXN_N@Z 000000018001eb40 f   physics:dgBroadPhaseCollision.obj
 0001:0001e050       ?GetKey@dgBroadPhaseLayer@@AEBAIHH@Z 000000018001f050 f i physics:dgBroadPhaseCollision.obj
 0001:0001e080       ??0dgBroadPhaseApplyExternalForce@@QEAA@XZ 000000018001f080 f i physics:dgBroadPhaseCollision.obj
 0001:0001e0b0       ??0dgBroadPhaseCellPairsWorkerThread@@QEAA@XZ 000000018001f0b0 f i physics:dgBroadPhaseCollision.obj
 0001:0001e0e0       ??0dgBroadPhaseMaterialCallbackWorkerThread@@QEAA@XZ 000000018001f0e0 f i physics:dgBroadPhaseCollision.obj
 0001:0001e110       ??0dgBroadPhaseCalculateContactsWorkerThread@@QEAA@XZ 000000018001f110 f i physics:dgBroadPhaseCollision.obj
 0001:0001e140       ??_GdgBroadPhaseApplyExternalForce@@UEAAPEAXI@Z 000000018001f140 f i physics:dgBroadPhaseCollision.obj
 0001:0001e140       ??_EdgBroadPhaseApplyExternalForce@@UEAAPEAXI@Z 000000018001f140 f i physics:dgBroadPhaseCollision.obj
 0001:0001e180       ??1dgBroadPhaseApplyExternalForce@@UEAA@XZ 000000018001f180 f i physics:dgBroadPhaseCollision.obj
 0001:0001e1a0       ??_EdgBroadPhaseCellPairsWorkerThread@@UEAAPEAXI@Z 000000018001f1a0 f i physics:dgBroadPhaseCollision.obj
 0001:0001e1a0       ??_GdgBroadPhaseCellPairsWorkerThread@@UEAAPEAXI@Z 000000018001f1a0 f i physics:dgBroadPhaseCollision.obj
 0001:0001e1e0       ??1dgBroadPhaseCellPairsWorkerThread@@UEAA@XZ 000000018001f1e0 f i physics:dgBroadPhaseCollision.obj
 0001:0001e200       ??_EdgBroadPhaseMaterialCallbackWorkerThread@@UEAAPEAXI@Z 000000018001f200 f i physics:dgBroadPhaseCollision.obj
 0001:0001e200       ??_GdgBroadPhaseMaterialCallbackWorkerThread@@UEAAPEAXI@Z 000000018001f200 f i physics:dgBroadPhaseCollision.obj
 0001:0001e240       ??1dgBroadPhaseMaterialCallbackWorkerThread@@UEAA@XZ 000000018001f240 f i physics:dgBroadPhaseCollision.obj
 0001:0001e260       ??_GdgBroadPhaseCalculateContactsWorkerThread@@UEAAPEAXI@Z 000000018001f260 f i physics:dgBroadPhaseCollision.obj
 0001:0001e260       ??_EdgBroadPhaseCalculateContactsWorkerThread@@UEAAPEAXI@Z 000000018001f260 f i physics:dgBroadPhaseCollision.obj
 0001:0001e2a0       ??1dgBroadPhaseCalculateContactsWorkerThread@@UEAA@XZ 000000018001f2a0 f i physics:dgBroadPhaseCollision.obj
 0001:0001e2c0       ?Find@dgBroadPhaseLayer@@AEBAPEAVdgBroadPhaseCell@@HH@Z 000000018001f2c0 f i physics:dgBroadPhaseCollision.obj
 0001:0001e330       ?ApplyExtenalForces@dgBody@@AEAAXNH@Z 000000018001f330 f i physics:dgBroadPhaseCollision.obj
 0001:0001e430       ?IsInEquelibrium@dgBody@@QEBA_NXZ 000000018001f430 f i physics:dgBroadPhaseCollision.obj
 0001:0001e6d0       ??0dgWorkerThread@@QEAA@XZ 000000018001f6d0 f i physics:dgBroadPhaseCollision.obj
 0001:0001e700       ?dgOverlapTest@@YAHAEBVdgVector@@000@Z 000000018001f700 f i physics:dgBroadPhaseCollision.obj
 0001:0001e7b0       ??0dgLineBox@@QEAA@XZ      000000018001f7b0 f i physics:dgBroadPhaseCollision.obj
 0001:0001e800       ?GetCollisionPrimityType@dgCollision@@QEBA?AW4dgCollisionID@@XZ 000000018001f800 f i physics:dgBroadPhaseCollision.obj
 0001:0001e820       ?KeyToIndex@dgBroadPhaseLayer@@AEBAXHAEAH0@Z 000000018001f820 f i physics:dgBroadPhaseCollision.obj
 0001:0001e850       ?GetKey@dgTreeNode@?$dgTree@VdgBroadPhaseCell@@I@@QEBAAEBIXZ 000000018001f850 f i physics:dgBroadPhaseCollision.obj
 0001:0001e870       ?GetInfo@dgTreeNode@?$dgTree@VdgBroadPhaseCell@@I@@QEAAAEAVdgBroadPhaseCell@@XZ 000000018001f870 f i physics:dgBroadPhaseCollision.obj
 0001:0001e880       ?GetInfo@dgListNode@?$dgList@VdgSortArrayEntry@@@@QEAAAEAVdgSortArrayEntry@@XZ 000000018001f880 f i physics:dgBroadPhaseCollision.obj
 0001:0001e890       ?GetNext@dgListNode@?$dgList@VdgSortArrayEntry@@@@QEBAPEAV12@XZ 000000018001f890 f i physics:dgBroadPhaseCollision.obj
 0001:0001e8a0       ?GetPrev@dgListNode@?$dgList@VdgSortArrayEntry@@@@QEBAPEAV12@XZ 000000018001f8a0 f i physics:dgBroadPhaseCollision.obj
 0001:0001e8b0       ??0Iterator@?$dgTree@VdgBroadPhaseCell@@I@@QEAA@AEBV1@@Z 000000018001f8b0 f i physics:dgBroadPhaseCollision.obj
 0001:0001e8e0       ??1Iterator@?$dgTree@VdgBroadPhaseCell@@I@@QEAA@XZ 000000018001f8e0 f i physics:dgBroadPhaseCollision.obj
 0001:0001e8f0       ?Begin@Iterator@?$dgTree@VdgBroadPhaseCell@@I@@QEAAXXZ 000000018001f8f0 f i physics:dgBroadPhaseCollision.obj
 0001:0001e920       ??BIterator@?$dgTree@VdgBroadPhaseCell@@I@@QEBAHXZ 000000018001f920 f i physics:dgBroadPhaseCollision.obj
 0001:0001e950       ??EIterator@?$dgTree@VdgBroadPhaseCell@@I@@QEAAXH@Z 000000018001f950 f i physics:dgBroadPhaseCollision.obj
 0001:0001e9c0       ?GetNode@Iterator@?$dgTree@VdgBroadPhaseCell@@I@@QEBAPEAVdgTreeNode@2@XZ 000000018001f9c0 f i physics:dgBroadPhaseCollision.obj
 0001:0001e9d0       ??A?$dgTemplateVector@N@@QEBAAEBNH@Z 000000018001f9d0 f i physics:dgBroadPhaseCollision.obj
 0001:0001ea60       ??Z?$dgTemplateVector@N@@QEAAAEAV0@AEBV0@@Z 000000018001fa60 f i physics:dgBroadPhaseCollision.obj
 0001:0001eb70       ??0?$dgList@VdgSortArrayEntry@@@@QEAA@QEAVdgMemoryAllocator@@@Z 000000018001fb70 f i physics:dgBroadPhaseCollision.obj
 0001:0001ebc0       ??1?$dgList@VdgSortArrayEntry@@@@QEAA@XZ 000000018001fbc0 f i physics:dgBroadPhaseCollision.obj
 0001:0001ebe0       ?SetAllocator@?$dgList@VdgSortArrayEntry@@@@QEAAXQEAVdgMemoryAllocator@@@Z 000000018001fbe0 f i physics:dgBroadPhaseCollision.obj
 0001:0001ec10       ?GetCount@?$dgList@VdgSortArrayEntry@@@@QEBAHXZ 000000018001fc10 f i physics:dgBroadPhaseCollision.obj
 0001:0001ec20       ?GetFirst@?$dgList@VdgSortArrayEntry@@@@QEBAPEAVdgListNode@1@XZ 000000018001fc20 f i physics:dgBroadPhaseCollision.obj
 0001:0001ec30       ?Append@?$dgList@VdgSortArrayEntry@@@@QEAAPEAVdgListNode@1@XZ 000000018001fc30 f i physics:dgBroadPhaseCollision.obj
 0001:0001ed20       ?RotateToBegin@?$dgList@VdgSortArrayEntry@@@@QEAAXQEAVdgListNode@1@@Z 000000018001fd20 f i physics:dgBroadPhaseCollision.obj
 0001:0001edb0       ?InsertAfter@?$dgList@VdgSortArrayEntry@@@@QEAAXQEAVdgListNode@1@0@Z 000000018001fdb0 f i physics:dgBroadPhaseCollision.obj
 0001:0001f030       ?Remove@?$dgList@VdgSortArrayEntry@@@@QEAAXQEAVdgListNode@1@@Z 0000000180020030 f i physics:dgBroadPhaseCollision.obj
 0001:0001f090       ??0?$dgTree@VdgBroadPhaseCell@@I@@QEAA@QEAVdgMemoryAllocator@@@Z 0000000180020090 f i physics:dgBroadPhaseCollision.obj
 0001:0001f0d0       ??1?$dgTree@VdgBroadPhaseCell@@I@@QEAA@XZ 00000001800200d0 f i physics:dgBroadPhaseCollision.obj
 0001:0001f0f0       ?SetAllocator@?$dgTree@VdgBroadPhaseCell@@I@@QEAAXQEAVdgMemoryAllocator@@@Z 00000001800200f0 f i physics:dgBroadPhaseCollision.obj
 0001:0001f120       ?GetCount@?$dgTree@VdgBroadPhaseCell@@I@@QEBAHXZ 0000000180020120 f i physics:dgBroadPhaseCollision.obj
 0001:0001f130       ?Minimum@?$dgTree@VdgBroadPhaseCell@@I@@QEBAPEAVdgTreeNode@1@XZ 0000000180020130 f i physics:dgBroadPhaseCollision.obj
[...]
 0003:00003db0       ?m_shapeRefCount@dgCollisionSphere@@1HA 0000000180212db0     physics:dgCollisionSphere.obj
 0003:00003dc0       ?m_unitSphere@dgCollisionSphere@@1PAVdgVector@@A 0000000180212dc0     physics:dgCollisionSphere.obj
 0003:00004000       ?m_iniliazised@dgConvexCollision@@1HA 0000000180213000     physics:dgConvexCollision.obj
 0003:00004010       ?m_multiResDir@dgConvexCollision@@1PAVdgVector@@A 0000000180213010     physics:dgConvexCollision.obj
 0003:00004110       ?m_multiResDir_sse@dgConvexCollision@@1PAVdgVector@@A 0000000180213110     physics:dgConvexCollision.obj
 0003:000041d0       ?m_zero@dgConvexCollision@@1VdgVector@@A 00000001802131d0     physics:dgConvexCollision.obj
 0003:000041f0       ?m_negOne@dgConvexCollision@@1VdgVector@@A 00000001802131f0     physics:dgConvexCollision.obj
 0003:00004210       ?m_nrh0p5@dgConvexCollision@@1VdgVector@@A 0000000180213210     physics:dgConvexCollision.obj
 0003:00004230       ?m_nrh3p0@dgConvexCollision@@1VdgVector@@A 0000000180213230     physics:dgConvexCollision.obj
 0003:00004250       ?m_indexStep@dgConvexCollision@@1VdgVector@@A 0000000180213250     physics:dgConvexCollision.obj
 0003:00004270       ?m_index_0123@dgConvexCollision@@1VdgVector@@A 0000000180213270     physics:dgConvexCollision.obj
 0003:00004290       ?m_index_4567@dgConvexCollision@@1VdgVector@@A 0000000180213290     physics:dgConvexCollision.obj
 0003:000042b0       ?m_huge@dgConvexCollision@@1VdgVector@@A 00000001802132b0     physics:dgConvexCollision.obj
 0003:000042d0       ?m_negativeTiny@dgConvexCollision@@1VdgVector@@A 00000001802132d0     physics:dgConvexCollision.obj
 0003:000042f0       ?m_aabb_padd@dgConvexCollision@@1VdgVector@@A 00000001802132f0     physics:dgConvexCollision.obj
 0003:00004310       ?m_signMask@dgConvexCollision@@1VdgVector@@A 0000000180213310     physics:dgConvexCollision.obj
 0003:00004330       ?m_triplexMask@dgConvexCollision@@1VdgVector@@A 0000000180213330     physics:dgConvexCollision.obj
 0003:00004350       ?m_edgeArray@dgCollisionCapsule@@0PAVdgConvexSimplexEdge@@A 0000000180213350     physics:dgCollisionCapsule.obj
 0003:000059d0       ?m_shapeRefCount@dgCollisionCapsule@@0HA 00000001802149d0     physics:dgCollisionCapsule.obj
 0003:000059e0       ?m_edgeArray@dgCollisionCone@@0PAVdgConvexSimplexEdge@@A 00000001802149e0     physics:dgCollisionCone.obj
 0003:00005de0       ?m_shapeRefCount@dgCollisionCone@@0HA 0000000180214de0     physics:dgCollisionCone.obj
 0003:00005df0       ?m_edgeArray@dgCollisionCylinder@@0PAVdgConvexSimplexEdge@@A 0000000180214df0     physics:dgCollisionCylinder.obj
 0003:000063f0       ?m_shapeRefCount@dgCollisionCylinder@@0HA 00000001802153f0     physics:dgCollisionCylinder.obj
 0003:00006400       ?m_edgeArray@dgCollisionChamferCylinder@@0PAVdgConvexSimplexEdge@@A 0000000180215400     physics:dgCollisionChamferCylinder.obj
 0003:00007600       ?m_shapeRefCount@dgCollisionChamferCylinder@@0HA 0000000180216600     physics:dgCollisionChamferCylinder.obj
 0003:00007610       ?m_shapesDirs@dgCollisionChamferCylinder@@0PAVdgVector@@A 0000000180216610     physics:dgCollisionChamferCylinder.obj
 0003:00007710       ?m_dir@dgContactSolver@@2PAVdgVector@@A 0000000180216710     physics:dgMinkowskiConv.obj
 0003:000078d0       ?m_globalAllocator@dgGlobalAllocator@@2V1@A 00000001802168d0     corelib:dgMemory.obj
 0003:00007b10       ?id@?1???0dgAABBPointTree3d@@QEAA@XZ@4HA 0000000180216b10     corelib:dgConvexHull3d.obj
 0003:00007b18       ?id@?1???0dgAABBPointTree4d@@QEAA@XZ@4HA 0000000180216b18     corelib:dgConvexHull4d.obj
 0003:00007bc8       __fastflag                 0000000180216bc8     LIBCMTD:_fpinit_.obj
 0003:00007bd4       __error_mode               0000000180216bd4     LIBCMTD:dllcrt0.obj
 0003:00007bd8       _aenvptr                   0000000180216bd8     LIBCMTD:dllcrt0.obj
 0003:00007be0       _wenvptr                   0000000180216be0     LIBCMTD:dllcrt0.obj
 0003:00007be8       __app_type                 0000000180216be8     LIBCMTD:dllcrt0.obj
 0003:00007e70       ?_pfnDumpClient@@3P6AXPEAX_K@ZEA 0000000180216e70     LIBCMTD:dbgheap.obj
 0003:00007e80       __crtDebugCheckCount       0000000180216e80     LIBCMTD:dbgheap.obj
 0003:00007e88       __pInvalidArgHandler       0000000180216e88     LIBCMTD:invarg.obj
 0003:00007e90       _umaskval                  0000000180216e90     LIBCMTD:crt0dat.obj
 0003:00007e94       __argc                     0000000180216e94     LIBCMTD:crt0dat.obj
 0003:00007e98       __argv                     0000000180216e98     LIBCMTD:crt0dat.obj
 0003:00007ea0       __wargv                    0000000180216ea0     LIBCMTD:crt0dat.obj
 0003:00007ea8       _environ                   0000000180216ea8     LIBCMTD:crt0dat.obj
 0003:00007eb0       __initenv                  0000000180216eb0     LIBCMTD:crt0dat.obj
 0003:00007eb8       _wenviron                  0000000180216eb8     LIBCMTD:crt0dat.obj
 0003:00007ec0       __winitenv                 0000000180216ec0     LIBCMTD:crt0dat.obj
 0003:00007ec8       _pgmptr                    0000000180216ec8     LIBCMTD:crt0dat.obj
 0003:00007ed0       _wpgmptr                   0000000180216ed0     LIBCMTD:crt0dat.obj
 0003:00007ed8       _exitflag                  0000000180216ed8     LIBCMTD:crt0dat.obj
 0003:00007edc       _C_Termination_Done        0000000180216edc     LIBCMTD:crt0dat.obj
 0003:00007ee0       _C_Exit_Done               0000000180216ee0     LIBCMTD:crt0dat.obj
 0003:00007f38       _newmode                   0000000180216f38     LIBCMTD:_newmode.obj
 0003:00008050       _crtheap                   0000000180217050     LIBCMTD:heapinit.obj
 0003:00008380       __pPurecall                0000000180217380     LIBCMTD:inithelp.obj
 0003:00008390       __mbulinfo                 0000000180217390     LIBCMTD:mbctype.obj
 0003:0000839c       __mbcodepage               000000018021739c     LIBCMTD:mbctype.obj
 0003:000083a0       __ismbcodepage             00000001802173a0     LIBCMTD:mbctype.obj
 0003:000083a4       __mblcid                   00000001802173a4     LIBCMTD:mbctype.obj
 0003:000083a8       __locale_changed           00000001802173a8     LIBCMTD:setlocal.obj
 0003:000083b0       __lc_handle                00000001802173b0     LIBCMTD:nlsdata2.obj
 0003:000083c8       __lc_codepage              00000001802173c8     LIBCMTD:nlsdata2.obj
 0003:000083cc       __lc_collate_cp            00000001802173cc     LIBCMTD:nlsdata2.obj
 0003:000083d0       _outputformat              00000001802173d0     LIBCMTD:outputformat.obj
 0003:000083e0       ?_pnhHeap@@3P6AH_K@ZEA     00000001802173e0     LIBCMTD:handler.obj
 0003:000083e8       ?__pInconsistency@@3P6AXXZEA 00000001802173e8     LIBCMTD:hooks.obj
 0003:00008970       _cflush                    0000000180217970     LIBCMTD:_file.obj
 0003:000089b4       __lconv_static_null        00000001802179b4     LIBCMTD:lconv.obj
 0003:000089b8       ?wsprintffp@@3P6AHPEADPEBDZZEA 00000001802179b8     LIBCMTD:_error_.obj
 0003:000089c0       _stdbuf                    00000001802179c0     LIBCMTD:_sftbuf.obj
 0003:00008ac0       ?pArgList@UnDecorator@@0PEAVReplicator@@EA 0000000180217ac0     LIBCMTD:undname.obj
 0003:00008af0       ?pZNameList@UnDecorator@@0PEAVReplicator@@EA 0000000180217af0     LIBCMTD:undname.obj
 0003:00008af8       ?pTemplateArgList@UnDecorator@@0PEAVReplicator@@EA 0000000180217af8     LIBCMTD:undname.obj
 0003:00008b00       ?gName@UnDecorator@@0PEBDEB 0000000180217b00     LIBCMTD:undname.obj
 0003:00008b08       ?name@UnDecorator@@0PEBDEB 0000000180217b08     LIBCMTD:undname.obj
 0003:00008b10       ?outputString@UnDecorator@@0PEADEA 0000000180217b10     LIBCMTD:undname.obj
 0003:00008b18       ?maxStringLength@UnDecorator@@0HA 0000000180217b18     LIBCMTD:undname.obj
 0003:00008b1c       ?disableFlags@UnDecorator@@0KA 0000000180217b1c     LIBCMTD:undname.obj
 0003:00008b20       ?m_pGetParameter@UnDecorator@@0P6APEADJ@ZEA 0000000180217b20     LIBCMTD:undname.obj
 0003:00008b28       ?fExplicitTemplateParams@UnDecorator@@0_NA 0000000180217b28     LIBCMTD:undname.obj
 0003:00008b29       ?fGetTemplateArgumentList@UnDecorator@@0_NA 0000000180217b29     LIBCMTD:undname.obj
 0003:00008b80       ?nodes@?1??make@DNameStatusNode@@SAPEAV2@W4DNameStatus@@@Z@4PAV2@A 0000000180217b80     LIBCMTD:undname.obj
 0003:00008bc0       ??_B?1??make@DNameStatusNode@@SAPEAV1@W4DNameStatus@@@Z@51 0000000180217bc0     LIBCMTD:undname.obj
 0003:00008bc8       __piob                     0000000180217bc8     <common>
 0003:00008f20       _bufin                     0000000180217f20     <common>
 0003:00009f20       _nstream                   0000000180218f20     <common>
 0003:00009f24       _debugger_hook_dummy       0000000180218f24     <common>
 0003:00009f30       __setlc_active             0000000180218f30     <common>
 0003:00009f40       __unguarded_readlc_active  0000000180218f40     <common>
 0003:00009f44       _nhandle                   0000000180218f44     <common>
 0003:00009fc0       __pioinfo                  0000000180218fc0     <common>
 0003:0000a1c0       __env_initialized          00000001802191c0     <common>
 0003:0000a1d8       __onexitend                00000001802191d8     <common>
 0003:0000a1e0       __onexitbegin              00000001802191e0     <common>
 0003:0000a1e8       __mbctype_initialized      00000001802191e8     <common>
 0003:0000a1f0       __dyn_tls_init_callback    00000001802191f0     <common>
 0003:0000a1f8       _pfnReportHook             00000001802191f8     <common>
 0003:0000a210       _pReportHookListW          0000000180219210     <common>
 0003:0000a218       _pReportHookList           0000000180219218     <common>
 0003:0000a220       _acmdln                    0000000180219220     <common>
 0005:00000000       __IMPORT_DESCRIPTOR_KERNEL32 0000000180226000     kernel32:KERNEL32.dll
 0005:00000014       __NULL_IMPORT_DESCRIPTOR   0000000180226014     kernel32:KERNEL32.dll
 0005:00000488       __imp_OutputDebugStringA   0000000180226488     kernel32:KERNEL32.dll
 0005:00000490       __imp_GetSystemInfo        0000000180226490     kernel32:KERNEL32.dll
 0005:00000498       __imp_InitializeCriticalSection 0000000180226498     kernel32:KERNEL32.dll
 0005:000004a0       __imp_CreateEventA         00000001802264a0     kernel32:KERNEL32.dll
 0005:000004a8       __imp_CreateSemaphoreA     00000001802264a8     kernel32:KERNEL32.dll
 0005:000004b0       __imp_CloseHandle          00000001802264b0     kernel32:KERNEL32.dll
 0005:000004b8       __imp_WaitForMultipleObjects 00000001802264b8     kernel32:KERNEL32.dll
 0005:000004c0       __imp_DeleteCriticalSection 00000001802264c0     kernel32:KERNEL32.dll
 0005:000004c8       __imp_SetEvent             00000001802264c8     kernel32:KERNEL32.dll
 0005:000004d0       __imp_Sleep                00000001802264d0     kernel32:KERNEL32.dll
 0005:000004d8       __imp_LeaveCriticalSection 00000001802264d8     kernel32:KERNEL32.dll
 0005:000004e0       __imp_ReleaseSemaphore     00000001802264e0     kernel32:KERNEL32.dll
 0005:000004e8       __imp_EnterCriticalSection 00000001802264e8     kernel32:KERNEL32.dll
 0005:000004f0       __imp_WaitForSingleObject  00000001802264f0     kernel32:KERNEL32.dll
 0005:000004f8       __imp_GetModuleFileNameW   00000001802264f8     kernel32:KERNEL32.dll
 0005:00000500       __imp_GetCurrentThreadId   0000000180226500     kernel32:KERNEL32.dll
 0005:00000508       __imp_FlsSetValue          0000000180226508     kernel32:KERNEL32.dll
 0005:00000510       __imp_GetCommandLineA      0000000180226510     kernel32:KERNEL32.dll
 0005:00000518       __imp_GetLastError         0000000180226518     kernel32:KERNEL32.dll
 0005:00000520       __imp_CreateThread         0000000180226520     kernel32:KERNEL32.dll
 0005:00000528       __imp_ExitThread           0000000180226528     kernel32:KERNEL32.dll
 0005:00000530       __imp_RtlUnwindEx          0000000180226530     kernel32:KERNEL32.dll
 0005:00000538       __imp_FatalAppExitA        0000000180226538     kernel32:KERNEL32.dll
 0005:00000540       __imp_HeapSize             0000000180226540     kernel32:KERNEL32.dll
 0005:00000548       __imp_HeapValidate         0000000180226548     kernel32:KERNEL32.dll
 0005:00000550       __imp_IsBadReadPtr         0000000180226550     kernel32:KERNEL32.dll
 0005:00000558       __imp_DebugBreak           0000000180226558     kernel32:KERNEL32.dll
 0005:00000560       __imp_GetStdHandle         0000000180226560     kernel32:KERNEL32.dll
 0005:00000568       __imp_WriteFile            0000000180226568     kernel32:KERNEL32.dll
 0005:00000570       __imp_WriteConsoleW        0000000180226570     kernel32:KERNEL32.dll
 0005:00000578       __imp_GetFileType          0000000180226578     kernel32:KERNEL32.dll
 0005:00000580       __imp_OutputDebugStringW   0000000180226580     kernel32:KERNEL32.dll
 0005:00000588       __imp_TerminateProcess     0000000180226588     kernel32:KERNEL32.dll
 0005:00000590       __imp_GetCurrentProcess    0000000180226590     kernel32:KERNEL32.dll
 0005:00000598       __imp_UnhandledExceptionFilter 0000000180226598     kernel32:KERNEL32.dll
 0005:000005a0       __imp_SetUnhandledExceptionFilter 00000001802265a0     kernel32:KERNEL32.dll
 0005:000005a8       __imp_IsDebuggerPresent    00000001802265a8     kernel32:KERNEL32.dll
 0005:000005b0       __imp_RtlVirtualUnwind     00000001802265b0     kernel32:KERNEL32.dll
 0005:000005b8       __imp_RtlLookupFunctionEntry 00000001802265b8     kernel32:KERNEL32.dll
 0005:000005c0       __imp_RtlCaptureContext    00000001802265c0     kernel32:KERNEL32.dll
 0005:000005c8       __imp_GetModuleHandleW     00000001802265c8     kernel32:KERNEL32.dll
 0005:000005d0       __imp_GetProcAddress       00000001802265d0     kernel32:KERNEL32.dll
 0005:000005d8       __imp_ExitProcess          00000001802265d8     kernel32:KERNEL32.dll
 0005:000005e0       __imp_SetConsoleCtrlHandler 00000001802265e0     kernel32:KERNEL32.dll
 0005:000005e8       __imp_LoadLibraryW         00000001802265e8     kernel32:KERNEL32.dll
 0005:000005f0       __imp_RaiseException       00000001802265f0     kernel32:KERNEL32.dll
 0005:000005f8       __imp_EncodePointer        00000001802265f8     kernel32:KERNEL32.dll
 0005:00000600       __imp_DecodePointer        0000000180226600     kernel32:KERNEL32.dll
 0005:00000608       __imp_TlsAlloc             0000000180226608     kernel32:KERNEL32.dll
 0005:00000610       __imp_FlsGetValue          0000000180226610     kernel32:KERNEL32.dll
 0005:00000618       __imp_FlsAlloc             0000000180226618     kernel32:KERNEL32.dll
 0005:00000620       __imp_FlsFree              0000000180226620     kernel32:KERNEL32.dll
 0005:00000628       __imp_SetLastError         0000000180226628     kernel32:KERNEL32.dll
 0005:00000630       __imp_GetCurrentThread     0000000180226630     kernel32:KERNEL32.dll
 0005:00000638       __imp_SetHandleCount       0000000180226638     kernel32:KERNEL32.dll
 0005:00000640       __imp_GetStartupInfoA      0000000180226640     kernel32:KERNEL32.dll
 0005:00000648       __imp_GetModuleFileNameA   0000000180226648     kernel32:KERNEL32.dll
 0005:00000650       __imp_FreeEnvironmentStringsA 0000000180226650     kernel32:KERNEL32.dll
 0005:00000658       __imp_GetEnvironmentStrings 0000000180226658     kernel32:KERNEL32.dll
 0005:00000660       __imp_FreeEnvironmentStringsW 0000000180226660     kernel32:KERNEL32.dll
 0005:00000668       __imp_WideCharToMultiByte  0000000180226668     kernel32:KERNEL32.dll
 0005:00000670       __imp_GetEnvironmentStringsW 0000000180226670     kernel32:KERNEL32.dll
 0005:00000678       __imp_HeapSetInformation   0000000180226678     kernel32:KERNEL32.dll
 0005:00000680       __imp_HeapCreate           0000000180226680     kernel32:KERNEL32.dll
 0005:00000688       __imp_HeapDestroy          0000000180226688     kernel32:KERNEL32.dll
 0005:00000690       __imp_QueryPerformanceCounter 0000000180226690     kernel32:KERNEL32.dll
 0005:00000698       __imp_GetTickCount         0000000180226698     kernel32:KERNEL32.dll
 0005:000006a0       __imp_GetCurrentProcessId  00000001802266a0     kernel32:KERNEL32.dll
 0005:000006a8       __imp_GetSystemTimeAsFileTime 00000001802266a8     kernel32:KERNEL32.dll
 0005:000006b0       __imp_GetACP               00000001802266b0     kernel32:KERNEL32.dll
 0005:000006b8       __imp_GetOEMCP             00000001802266b8     kernel32:KERNEL32.dll
 0005:000006c0       __imp_GetCPInfo            00000001802266c0     kernel32:KERNEL32.dll
 0005:000006c8       __imp_IsValidCodePage      00000001802266c8     kernel32:KERNEL32.dll
 0005:000006d0       __imp_InitializeCriticalSectionAndSpinCount 00000001802266d0     kernel32:KERNEL32.dll
 0005:000006d8       __imp_HeapAlloc            00000001802266d8     kernel32:KERNEL32.dll
 0005:000006e0       __imp_HeapReAlloc          00000001802266e0     kernel32:KERNEL32.dll
 0005:000006e8       __imp_HeapQueryInformation 00000001802266e8     kernel32:KERNEL32.dll
 0005:000006f0       __imp_HeapFree             00000001802266f0     kernel32:KERNEL32.dll
 0005:000006f8       __imp_MultiByteToWideChar  00000001802266f8     kernel32:KERNEL32.dll
 0005:00000700       __imp_FreeLibrary          0000000180226700     kernel32:KERNEL32.dll
 0005:00000708       __imp_LoadLibraryA         0000000180226708     kernel32:KERNEL32.dll
 0005:00000710       __imp_SetFilePointer       0000000180226710     kernel32:KERNEL32.dll
 0005:00000718       __imp_GetConsoleCP         0000000180226718     kernel32:KERNEL32.dll
 0005:00000720       __imp_GetConsoleMode       0000000180226720     kernel32:KERNEL32.dll
 0005:00000728       __imp_GetLocaleInfoW       0000000180226728     kernel32:KERNEL32.dll
 0005:00000730       __imp_GetLocaleInfoA       0000000180226730     kernel32:KERNEL32.dll
 0005:00000738       __imp_LCMapStringA         0000000180226738     kernel32:KERNEL32.dll
 0005:00000740       __imp_LCMapStringW         0000000180226740     kernel32:KERNEL32.dll
 0005:00000748       __imp_GetStringTypeA       0000000180226748     kernel32:KERNEL32.dll
 0005:00000750       __imp_GetStringTypeW       0000000180226750     kernel32:KERNEL32.dll
 0005:00000758       __imp_GetTimeFormatA       0000000180226758     kernel32:KERNEL32.dll
 0005:00000760       __imp_GetDateFormatA       0000000180226760     kernel32:KERNEL32.dll
 0005:00000768       __imp_IsValidLocale        0000000180226768     kernel32:KERNEL32.dll
 0005:00000770       __imp_EnumSystemLocalesA   0000000180226770     kernel32:KERNEL32.dll
 0005:00000778       __imp_GetUserDefaultLCID   0000000180226778     kernel32:KERNEL32.dll
 0005:00000780       __imp_SetStdHandle         0000000180226780     kernel32:KERNEL32.dll
 0005:00000788       __imp_WriteConsoleA        0000000180226788     kernel32:KERNEL32.dll
 0005:00000790       __imp_GetConsoleOutputCP   0000000180226790     kernel32:KERNEL32.dll
 0005:00000798       __imp_lstrlenA             0000000180226798     kernel32:KERNEL32.dll
 0005:000007a0       __imp_RtlPcToFileHeader    00000001802267a0     kernel32:KERNEL32.dll
 0005:000007a8       __imp_GetTimeZoneInformation 00000001802267a8     kernel32:KERNEL32.dll
 0005:000007b0       __imp_CreateFileA          00000001802267b0     kernel32:KERNEL32.dll
 0005:000007b8       __imp_GetProcessHeap       00000001802267b8     kernel32:KERNEL32.dll
 0005:000007c0       __imp_VirtualQuery         00000001802267c0     kernel32:KERNEL32.dll
 0005:000007c8       __imp_FlushFileBuffers     00000001802267c8     kernel32:KERNEL32.dll
 0005:000007d0       __imp_CompareStringA       00000001802267d0     kernel32:KERNEL32.dll
 0005:000007d8       __imp_CompareStringW       00000001802267d8     kernel32:KERNEL32.dll
 0005:000007e0       __imp_SetEnvironmentVariableA 00000001802267e0     kernel32:KERNEL32.dll
 0005:000007e8       \177KERNEL32_NULL_THUNK_DATA 00000001802267e8     kernel32:KERNEL32.dll

 entry point at        0001:0010d7c0

