 newton

 Timestamp is 4d42f037 (Fri Jan 28 08:35:03 2011)

 Preferred load address is 0000000180000000

 Start         Length     Name                   Class
 0001:00000000 000b0daeH .text                   CODE
 0001:000b0db0 0000001fH .text$0                 CODE
 0001:000b0dd0 00000080H .text$00                CODE
 0001:000b0e50 00000248H .text$x                 CODE
 0001:000b10a0 000002d9H .text$yc                CODE
 0001:000b1380 00000020H .text$yd                CODE
 0002:00000000 00000290H .idata$5                DATA
 0002:00000290 00000008H .CRT$XCA                DATA
 0002:00000298 00000020H .CRT$XCU                DATA
 0002:000002b8 00000008H .CRT$XCZ                DATA
 0002:000002c0 00000008H .CRT$XIA                DATA
 0002:000002c8 00000018H .CRT$XIC                DATA
 0002:000002e0 00000008H .CRT$XIZ                DATA
 0002:000002e8 00000008H .CRT$XPA                DATA
 0002:000002f0 00000008H .CRT$XPX                DATA
 0002:000002f8 00000008H .CRT$XPXA               DATA
 0002:00000300 00000008H .CRT$XPZ                DATA
 0002:00000308 00000008H .CRT$XTA                DATA
 0002:00000310 00000008H .CRT$XTZ                DATA
 0002:00000320 00005350H .rdata                  DATA
 0002:00005670 00000076H .rdata$debug            DATA
 0002:000056e8 00000008H .rtc$IAA                DATA
 0002:000056f0 00000008H .rtc$IZZ                DATA
 0002:000056f8 00000008H .rtc$TAA                DATA
 0002:00005700 00000008H .rtc$TZZ                DATA
 0002:00005708 0000879cH .xdata                  DATA
 0002:0000dea4 00000014H .idata$2                DATA
 0002:0000deb8 00000014H .idata$3                DATA
 0002:0000ded0 00000290H .idata$4                DATA
 0002:0000e160 000005e2H .idata$6                DATA
 0002:0000e750 0000325aH .edata                  DATA
 0003:00000000 0000290cH .data                   DATA
 0003:00002920 00006810H .bss                    DATA
 0004:00000000 00005898H .pdata                  DATA
 0005:00000000 00000058H .rsrc$01                DATA
 0005:00000060 000003c0H .rsrc$02                DATA

  Address         Publics by Value              Rva+Base               Lib:Object

 0000:00000000       ___safe_se_handler_count   0000000000000000     <absolute>
 0000:00000000       ___safe_se_handler_table   0000000000000000     <absolute>
 0000:00000000       __ImageBase                0000000180000000     <linker-defined>
 0001:00000000       DllMain                    0000000180001000 f   Newton.obj
 0001:00000010       NewtonGetMemoryUsed        0000000180001010 f   Newton.obj
 0001:00000050       NewtonSetMemorySystem      0000000180001050 f   Newton.obj
 0001:00000090       NewtonCreate               0000000180001090 f   Newton.obj
 0001:00000230       NewtonDestroy              0000000180001230 f   Newton.obj
 0001:00000310       NewtonInvalidateCache      0000000180001310 f   Newton.obj
 0001:00000320       NewtonSetPlatformArchitecture 0000000180001320 f   Newton.obj
 0001:00000340       NewtonGetPlatformArchitecture 0000000180001340 f   Newton.obj
 0001:00000390       NewtonWorldCriticalSectionUnlock 0000000180001390 f   Newton.obj
 0001:000003b0       NewtonSetThreadsCount      00000001800013b0 f   Newton.obj
 0001:000003f0       NewtonGetThreadsCount      00000001800013f0 f   Newton.obj
 0001:00000400       NewtonGetMaxThreadsCount   0000000180001400 f   Newton.obj
 0001:00000410       NewtonSetMultiThreadSolverOnSingleIsland 0000000180001410 f   Newton.obj
 0001:00000420       NewtonGetMultiThreadSolverOnSingleIsland 0000000180001420 f   Newton.obj
 0001:00000430       NewtonSetSolverModel       0000000180001430 f   Newton.obj
 0001:00000440       NewtonSetFrictionModel     0000000180001440 f   Newton.obj
 0001:00000450       NewtonSetPerformanceClock  0000000180001450 f   Newton.obj
 0001:000004a0       NewtonReadThreadPerformanceTicks 00000001800014a0 f   Newton.obj
 0001:000004a0       NewtonReadPerformanceTicks 00000001800014a0 f   Newton.obj
 0001:000004c0       NewtonUpdate               00000001800014c0 f   Newton.obj
 0001:000005f0       NewtonCollisionUpdate      00000001800015f0 f   Newton.obj
 0001:00000670       NewtonSetMinimumFrameRate  0000000180001670 f   Newton.obj
 0001:000006b0       NewtonDestroyAllBodies     00000001800016b0 f   Newton.obj
 0001:00000720       NewtonSetWorldSize         0000000180001720 f   Newton.obj
 0001:00000790       NewtonSetIslandUpdateEvent 0000000180001790 f   Newton.obj
 0001:000007a0       NewtonSetCollisionDestructor 00000001800017a0 f   Newton.obj
 0001:000007b0       NewtonSetDestroyBodyByExeciveForce 00000001800017b0 f   Newton.obj
 0001:000007c0       NewtonSetBodyLeaveWorldEvent 00000001800017c0 f   Newton.obj
 0001:000007d0       NewtonWorldGetFirstBody    00000001800017d0 f   Newton.obj
 0001:000007f0       NewtonWorldGetNextBody     00000001800017f0 f   Newton.obj
 0001:00000810       NewtonWorldForEachJointDo  0000000180001810 f   Newton.obj
 0001:00000a20       NewtonWorldForEachBodyInAABBDo 0000000180001a20 f   Newton.obj
 0001:00000aa0       NewtonWorldGetVersion      0000000180001aa0 f   Newton.obj
 0001:00000ab0       NewtonWorldFloatSize       0000000180001ab0 f   Newton.obj
 0001:00000ac0       NewtonWorldSetUserData     0000000180001ac0 f   Newton.obj
 0001:00000ad0       NewtonWorldGetUserData     0000000180001ad0 f   Newton.obj
 0001:00000ae0       NewtonWorldSetDestructorCallBack 0000000180001ae0 f   Newton.obj
 0001:00000af0       NewtonWorldGetDestructorCallBack 0000000180001af0 f   Newton.obj
 0001:00000b00       NewtonWorldGetBodyCount    0000000180001b00 f   Newton.obj
 0001:00000b10       NewtonWorldGetConstraintCount 0000000180001b10 f   Newton.obj
 0001:00000b20       NewtonWorldRayCast         0000000180001b20 f   Newton.obj
 0001:00000bb0       NewtonWorldConvexCast      0000000180001bb0 f   Newton.obj
 0001:00000c50       NewtonIslandGetBody        0000000180001c50 f   Newton.obj
 0001:00000c70       NewtonIslandGetBodyAABB    0000000180001c70 f   Newton.obj
 0001:00000ce0       NewtonMaterialGetDefaultGroupID 0000000180001ce0 f   Newton.obj
 0001:00000cf0       NewtonMaterialCreateGroupID 0000000180001cf0 f   Newton.obj
 0001:00000d00       NewtonMaterialDestroyAllGroupID 0000000180001d00 f   Newton.obj
 0001:00000d10       NewtonMaterialSetDefaultCollidable 0000000180001d10 f   Newton.obj
 0001:00000d70       NewtonMaterialSetContinuousCollisionMode 0000000180001d70 f   Newton.obj
 0001:00000dd0       NewtonMaterialSetSurfaceThickness 0000000180001dd0 f   Newton.obj
 0001:00000e50       NewtonMaterialSetDefaultFriction 0000000180001e50 f   Newton.obj
 0001:00000f20       NewtonMaterialSetDefaultElasticity 0000000180001f20 f   Newton.obj
 0001:00000fa0       NewtonMaterialSetDefaultSoftness 0000000180001fa0 f   Newton.obj
 0001:00001020       NewtonMaterialSetCollisionCallback 0000000180002020 f   Newton.obj
 0001:00001090       NewtonMaterialGetUserData  0000000180002090 f   Newton.obj
 0001:000010f0       NewtonWorldGetFirstMaterial 00000001800020f0 f   Newton.obj
 0001:00001120       NewtonWorldGetNextMaterial 0000000180002120 f   Newton.obj
 0001:00001180       NewtonMaterialGetMaterialPairUserData 0000000180002180 f   Newton.obj
 0001:00001190       NewtonMaterialGetContactFaceAttribute 0000000180002190 f   Newton.obj
 0001:000011a0       NewtonMaterialGetContactNormalSpeed 00000001800021a0 f   Newton.obj
 0001:00001320       NewtonMaterialGetContactTangentSpeed 0000000180002320 f   Newton.obj
 0001:00001510       NewtonMaterialGetContactPositionAndNormal 0000000180002510 f   Newton.obj
 0001:00001540       NewtonMaterialGetContactForce 0000000180002540 f   Newton.obj
 0001:00001600       NewtonMaterialGetContactTangentDirections 0000000180002600 f   Newton.obj
 0001:00001640       NewtonMaterialGetBodyCollisionID 0000000180002640 f   Newton.obj
 0001:00001660       NewtonMaterialSetContactSoftness 0000000180002660 f   Newton.obj
 0001:00001690       NewtonMaterialSetContactElasticity 0000000180002690 f   Newton.obj
 0001:000016c0       NewtonMaterialSetContactFrictionState 00000001800026c0 f   Newton.obj
 0001:000016f0       NewtonMaterialSetContactFrictionCoef 00000001800026f0 f   Newton.obj
 0001:000017a0       NewtonMaterialSetContactNormalAcceleration 00000001800027a0 f   Newton.obj
 0001:000017b0       NewtonMaterialSetContactTangentAcceleration 00000001800027b0 f   Newton.obj
 0001:000017e0       NewtonMaterialSetContactNormalDirection 00000001800027e0 f   Newton.obj
 0001:00001ba0       NewtonMaterialContactRotateTangentDirections 0000000180002ba0 f   Newton.obj
 0001:00001d70       NewtonCreateNull           0000000180002d70 f   Newton.obj
 0001:00001d80       NewtonCreateBox            0000000180002d80 f   Newton.obj
 0001:00001e30       NewtonCreateSphere         0000000180002e30 f   Newton.obj
 0001:00001f30       NewtonCreateCone           0000000180002f30 f   Newton.obj
 0001:00001fd0       NewtonCreateCapsule        0000000180002fd0 f   Newton.obj
 0001:00002070       NewtonCreateCylinder       0000000180003070 f   Newton.obj
 0001:00002110       NewtonCreateChamferCylinder 0000000180003110 f   Newton.obj
 0001:000021b0       NewtonCreateConvexHull     00000001800031b0 f   Newton.obj
 0001:00002270       NewtonCreateConvexHullFromMesh 0000000180003270 f   Newton.obj
 0001:00002290       NewtonCreateConvexHullModifier 0000000180003290 f   Newton.obj
 0001:00002310       NewtonConvexHullModifierGetMatrix 0000000180003310 f   Newton.obj
 0001:00002350       NewtonConvexHullModifierSetMatrix 0000000180003350 f   Newton.obj
 0001:00002360       NewtonCreateCompoundCollision 0000000180003360 f   Newton.obj
 0001:000023d0       NewtonCreateCompoundCollisionFromMesh 00000001800033d0 f   Newton.obj
 0001:000023f0       NewtonCreateCompoundBreakable 00000001800033f0 f   Newton.obj
 0001:00002440       NewtonCompoundBreakableResetAnchoredPieces 0000000180003440 f   Newton.obj
 0001:000024a0       NewtonCompoundBreakableSetAnchoredPieces 00000001800034a0 f   Newton.obj
 0001:000024c0       NewtonBreakableGetMainMesh 00000001800034c0 f   Newton.obj
 0001:000024e0       NewtonBreakableBeginDelete 00000001800034e0 f   Newton.obj
 0001:00002510       NewtonBreakableDeleteComponent 0000000180003510 f   Newton.obj
 0001:00002530       NewtonBreakableEndDelete   0000000180003530 f   Newton.obj
 0001:00002550       NewtonBreakableGetFirstComponent 0000000180003550 f   Newton.obj
 0001:00002580       NewtonBreakableGetNextComponent 0000000180003580 f   Newton.obj
 0001:00002590       NewtonCompoundBreakableGetVertexCount 0000000180003590 f   Newton.obj
 0001:000025b0       NewtonCompoundBreakableGetVertexStreams 00000001800035b0 f   Newton.obj
 0001:000025f0       NewtonBreakableGetFirstSegment 00000001800035f0 f   Newton.obj
 0001:00002600       NewtonBreakableGetNextSegment 0000000180003600 f   Newton.obj
 0001:00002610       NewtonBreakableGetComponentsInRadius 0000000180003610 f   Newton.obj
 0001:00002670       NewtonBreakableSegmentGetMaterial 0000000180003670 f   Newton.obj
 0001:00002680       NewtonBreakableSegmentGetIndexCount 0000000180003680 f   Newton.obj
 0001:00002690       NewtonBreakableSegmentGetIndexStream 0000000180003690 f   Newton.obj
 0001:000026b0       NewtonBreakableSegmentGetIndexStreamShort 00000001800036b0 f   Newton.obj
 0001:000026d0       NewtonCollisionIsTriggerVolume 00000001800036d0 f   Newton.obj
 0001:000026f0       NewtonCollisionSetAsTriggerVolume 00000001800036f0 f   Newton.obj
 0001:00002700       NewtonCollisionSetMaxBreakImpactImpulse 0000000180003700 f   Newton.obj
 0001:00002710       NewtonCollisionGetMaxBreakImpactImpulse 0000000180003710 f   Newton.obj
 0001:00002720       NewtonCollisionSetUserID   0000000180003720 f   Newton.obj
 0001:00002730       NewtonCollisionGetUserID   0000000180003730 f   Newton.obj
 0001:00002740       NewtonConvexHullGetFaceIndices 0000000180003740 f   Newton.obj
 0001:00002790       NewtonConvexCollisionCalculateVolume 0000000180003790 f   Newton.obj
 0001:000027a0       NewtonConvexCollisionCalculateInertialMatrix 00000001800037a0 f   Newton.obj
 0001:00002810       NewtonCreateUserMeshCollision 0000000180003810 f   Newton.obj
 0001:00002960       NewtonCreateTreeCollision  0000000180003960 f   Newton.obj
 0001:000029c0       NewtonStaticCollisionSetDebugCallback 00000001800039c0 f   Newton.obj
 0001:00002a20       NewtonTreeCollisionSetUserRayCastCallback 0000000180003a20 f   Newton.obj
 0001:00002a40       NewtonHeightFieldSetUserRayCastCallback 0000000180003a40 f   Newton.obj
 0001:00002a60       NewtonTreeCollisionBeginBuild 0000000180003a60 f   Newton.obj
 0001:00002a70       NewtonTreeCollisionAddFace 0000000180003a70 f   Newton.obj
 0001:00002b00       NewtonTreeCollisionEndBuild 0000000180003b00 f   Newton.obj
 0001:00002b10       NewtonTreeCollisionGetFaceAtribute 0000000180003b10 f   Newton.obj
 0001:00002b20       NewtonTreeCollisionSetFaceAtribute 0000000180003b20 f   Newton.obj
 0001:00002b30       NewtonTreeCollisionGetVertexListIndexListInAABB 0000000180003b30 f   Newton.obj
 0001:00002c20       NewtonCreateHeightFieldCollision 0000000180003c20 f   Newton.obj
 0001:00002c70       NewtonCreateSceneCollision 0000000180003c70 f   Newton.obj
 0001:00002cd0       NewtonSceneCollisionCreateProxy 0000000180003cd0 f   Newton.obj
 0001:00002d40       NewtonSceneCollisionDestroyProxy 0000000180003d40 f   Newton.obj
 0001:00002d80       NewtonSceneProxySetMatrix  0000000180003d80 f   Newton.obj
 0001:00002df0       NewtonSceneProxyGetMatrix  0000000180003df0 f   Newton.obj
 0001:00002e30       NewtonSceneCollisionOptimize 0000000180003e30 f   Newton.obj
 0001:00002e40       NewtonCollisionPointDistance 0000000180003e40 f   Newton.obj
 0001:00002e70       NewtonCollisionClosestPoint 0000000180003e70 f   Newton.obj
 0001:00002ec0       NewtonCollisionCollide     0000000180003ec0 f   Newton.obj
 0001:00002f30       NewtonCollisionCollideContinue 0000000180003f30 f   Newton.obj
 0001:00002fe0       NewtonCollisionSupportVertex 0000000180003fe0 f   Newton.obj
 0001:000031d0       NewtonCollisionRayCast     00000001800041d0 f   Newton.obj
 0001:00003440       NewtonCollisionCalculateAABB 0000000180004440 f   Newton.obj
 0001:000034b0       NewtonCollisionForEachPolygonDo 00000001800044b0 f   Newton.obj
 0001:00003510       NewtonCollisionMakeUnique  0000000180004510 f   Newton.obj
 0001:00003520       NewtonAddCollisionReference 0000000180004520 f   Newton.obj
 0001:00003530       NewtonReleaseCollision     0000000180004530 f   Newton.obj
 0001:00003540       NewtonCollisionSerialize   0000000180004540 f   Newton.obj
 0001:00003550       NewtonCreateCollisionFromSerialization 0000000180004550 f   Newton.obj
 0001:00003560       NewtonCollisionGetInfo     0000000180004560 f   Newton.obj
 0001:00003570       NewtonGetEulerAngle        0000000180004570 f   Newton.obj
 0001:000035b0       NewtonSetEulerAngle        00000001800045b0 f   Newton.obj
 0001:00003a90       NewtonCalculateSpringDamperAcceleration 0000000180004a90 f   Newton.obj
 0001:00003b00       NewtonCreateBody           0000000180004b00 f   Newton.obj
 0001:00003b70       NewtonDestroyBody          0000000180004b70 f   Newton.obj
 0001:00003b80       NewtonBodySetUserData      0000000180004b80 f   Newton.obj
 0001:00003b90       NewtonBodyGetUserData      0000000180004b90 f   Newton.obj
 0001:00003ba0       NewtonBodyGetWorld         0000000180004ba0 f   Newton.obj
 0001:00003bb0       NewtonBodySetTransformCallback 0000000180004bb0 f   Newton.obj
 0001:00003bc0       NewtonBodyGetTransformCallback 0000000180004bc0 f   Newton.obj
 0001:00003bd0       NewtonBodyGetForceAndTorqueCallback 0000000180004bd0 f   Newton.obj
 0001:00003be0       NewtonBodySetDestructorCallback 0000000180004be0 f   Newton.obj
 0001:00003bf0       NewtonBodySetMassMatrix    0000000180004bf0 f   Newton.obj
 0001:00003d20       NewtonBodyGetMassMatrix    0000000180004d20 f   Newton.obj
 0001:00003da0       NewtonBodyGetInvMass       0000000180004da0 f   Newton.obj
 0001:00003e50       NewtonBodySetMatrix        0000000180004e50 f   Newton.obj
 0001:00003eb0       NewtonBodySetMatrixRecursive 0000000180004eb0 f   Newton.obj
 0001:00003ef0       NewtonBodyGetMatrix        0000000180004ef0 f   Newton.obj
 0001:00003f10       NewtonBodyGetRotation      0000000180004f10 f   Newton.obj
 0001:00003f40       NewtonBodySetForce         0000000180004f40 f   Newton.obj
 0001:00004010       NewtonBodyAddForce         0000000180005010 f   Newton.obj
 0001:00004050       NewtonBodyGetForceAcc      0000000180005050 f   Newton.obj
 0001:000040b0       NewtonBodyGetForce         00000001800050b0 f   Newton.obj
 0001:00004110       NewtonBodyCalculateInverseDynamicsForce 0000000180005110 f   Newton.obj
 0001:00004180       NewtonBodySetTorque        0000000180005180 f   Newton.obj
 0001:00004250       NewtonBodyAddTorque        0000000180005250 f   Newton.obj
 0001:00004290       NewtonBodyGetTorque        0000000180005290 f   Newton.obj
 0001:000042f0       NewtonBodyGetTorqueAcc     00000001800052f0 f   Newton.obj
 0001:00004350       NewtonBodySetCentreOfMass  0000000180005350 f   Newton.obj
 0001:000043a0       NewtonBodyGetCentreOfMass  00000001800053a0 f   Newton.obj
 0001:00004400       NewtonBodyGetFirstJoint    0000000180005400 f   Newton.obj
 0001:00004440       NewtonBodyGetNextJoint     0000000180005440 f   Newton.obj
 0001:00004490       NewtonBodyGetFirstContactJoint 0000000180005490 f   Newton.obj
 0001:000044d0       NewtonBodyGetNextContactJoint 00000001800054d0 f   Newton.obj
 0001:00004520       NewtonContactJointGetContactCount 0000000180005520 f   Newton.obj
 0001:00004540       NewtonContactJointGetFirstContact 0000000180005540 f   Newton.obj
 0001:00004560       NewtonContactJointGetNextContact 0000000180005560 f   Newton.obj
 0001:00004580       NewtonContactJointRemoveContact 0000000180005580 f   Newton.obj
 0001:000045b0       NewtonContactGetMaterial   00000001800055b0 f   Newton.obj
 0001:000045c0       NewtonBodyAddBuoyancyForce 00000001800055c0 f   Newton.obj
 0001:00004640       NewtonBodySetCollision     0000000180005640 f   Newton.obj
 0001:00004650       NewtonBodyGetCollision     0000000180005650 f   Newton.obj
 0001:00004660       NewtonBodySetMaterialGroupID 0000000180005660 f   Newton.obj
 0001:00004670       NewtonBodyGetMaterialGroupID 0000000180005670 f   Newton.obj
 0001:00004680       NewtonBodySetContinuousCollisionMode 0000000180005680 f   Newton.obj
 0001:000046a0       NewtonBodyGetContinuousCollisionMode 00000001800056a0 f   Newton.obj
 0001:000046b0       NewtonBodySetJointRecursiveCollision 00000001800056b0 f   Newton.obj
 0001:000046d0       NewtonBodyGetJointRecursiveCollision 00000001800056d0 f   Newton.obj
 0001:000046e0       NewtonBodyGetFreezeState   00000001800056e0 f   Newton.obj
 0001:000046f0       NewtonBodySetFreezeState   00000001800056f0 f   Newton.obj
 0001:00004700       NewtonBodySetAutoSleep     0000000180005700 f   Newton.obj
 0001:00004730       NewtonBodyGetAutoSleep     0000000180005730 f   Newton.obj
 0001:00004740       NewtonBodyGetSleepState    0000000180005740 f   Newton.obj
 0001:00004750       NewtonBodyGetAABB          0000000180005750 f   Newton.obj
 0001:000047a0       NewtonBodySetVelocity      00000001800057a0 f   Newton.obj
 0001:00004810       NewtonBodyGetVelocity      0000000180005810 f   Newton.obj
 0001:00004870       NewtonBodySetOmega         0000000180005870 f   Newton.obj
 0001:000048e0       NewtonBodyGetOmega         00000001800058e0 f   Newton.obj
 0001:00004940       NewtonBodySetLinearDamping 0000000180005940 f   Newton.obj
 0001:00004980       NewtonBodyGetLinearDamping 0000000180005980 f   Newton.obj
 0001:000049a0       NewtonBodySetAngularDamping 00000001800059a0 f   Newton.obj
 0001:00004a50       NewtonBodyGetAngularDamping 0000000180005a50 f   Newton.obj
 0001:00004aa0       NewtonBodyAddImpulse       0000000180005aa0 f   Newton.obj
 0001:00004b20       NewtonConstraintCreateBall 0000000180005b20 f   Newton.obj
 0001:00004bc0       NewtonBallSetConeLimits    0000000180005bc0 f   Newton.obj
 0001:00005000       NewtonBallSetUserCallback  0000000180006000 f   Newton.obj
 0001:00005000       NewtonBodySetForceAndTorqueCallback 0000000180006000 f   Newton.obj
 0001:00005010       NewtonBallGetJointAngle    0000000180006010 f   Newton.obj
 0001:00005070       NewtonBallGetJointOmega    0000000180006070 f   Newton.obj
 0001:000050b0       NewtonBallGetJointForce    00000001800060b0 f   Newton.obj
 0001:000050f0       NewtonConstraintCreateHinge 00000001800060f0 f   Newton.obj
 0001:00005170       NewtonHingeSetUserCallback 0000000180006170 f   Newton.obj
 0001:00005170       NewtonSliderSetUserCallback 0000000180006170 f   Newton.obj
 0001:00005180       NewtonHingeCalculateStopAlpha 0000000180006180 f   Newton.obj
 0001:00005190       NewtonHingeGetJointForce   0000000180006190 f   Newton.obj
 0001:000051d0       NewtonConstraintCreateSlider 00000001800061d0 f   Newton.obj
 0001:00005250       NewtonCorkscrewGetJointVeloc 0000000180006250 f   Newton.obj
 0001:00005250       NewtonSliderGetJointVeloc  0000000180006250 f   Newton.obj
 0001:00005260       NewtonSliderCalculateStopAccel 0000000180006260 f   Newton.obj
 0001:00005270       NewtonSliderGetJointForce  0000000180006270 f   Newton.obj
 0001:000052b0       NewtonConstraintCreateCorkscrew 00000001800062b0 f   Newton.obj
 0001:00005330       NewtonCorkscrewGetJointPosit 0000000180006330 f   Newton.obj
 0001:00005330       NewtonUniversalGetJointAngle1 0000000180006330 f   Newton.obj
 0001:00005340       NewtonUniversalGetJointOmega0 0000000180006340 f   Newton.obj
 0001:00005340       NewtonHingeGetJointOmega   0000000180006340 f   Newton.obj
 0001:00005340       NewtonCorkscrewGetJointOmega 0000000180006340 f   Newton.obj
 0001:00005350       NewtonUniversalCalculateStopAlpha0 0000000180006350 f   Newton.obj
 0001:00005350       NewtonCorkscrewCalculateStopAlpha 0000000180006350 f   Newton.obj
 0001:00005360       NewtonCorkscrewCalculateStopAccel 0000000180006360 f   Newton.obj
 0001:00005370       NewtonConstraintCreateUniversal 0000000180006370 f   Newton.obj
 0001:00005420       NewtonCorkscrewSetUserCallback 0000000180006420 f   Newton.obj
 0001:00005420       NewtonUniversalSetUserCallback 0000000180006420 f   Newton.obj
 0001:00005430       NewtonUniversalGetJointAngle0 0000000180006430 f   Newton.obj
 0001:00005430       NewtonHingeGetJointAngle   0000000180006430 f   Newton.obj
 0001:00005430       NewtonCorkscrewGetJointAngle 0000000180006430 f   Newton.obj
 0001:00005430       NewtonSliderGetJointPosit  0000000180006430 f   Newton.obj
 0001:00005440       NewtonUniversalGetJointOmega1 0000000180006440 f   Newton.obj
 0001:00005450       NewtonUniversalCalculateStopAlpha1 0000000180006450 f   Newton.obj
 0001:00005460       NewtonUniversalGetJointForce 0000000180006460 f   Newton.obj
 0001:00005460       NewtonCorkscrewGetJointForce 0000000180006460 f   Newton.obj
 0001:000054a0       NewtonConstraintCreateUpVector 00000001800064a0 f   Newton.obj
 0001:000054e0       NewtonUpVectorGetPin       00000001800064e0 f   Newton.obj
 0001:00005540       NewtonUpVectorSetPin       0000000180006540 f   Newton.obj
 0001:00005580       NewtonConstraintCreateUserJoint 0000000180006580 f   Newton.obj
 0001:00005600       NewtonUserJointAddLinearRow 0000000180006600 f   Newton.obj
 0001:00005820       NewtonUserJointAddAngularRow 0000000180006820 f   Newton.obj
 0001:00005930       NewtonUserJointAddGeneralRow 0000000180006930 f   Newton.obj
 0001:00005940       NewtonUserJointSetRowMaximumFriction 0000000180006940 f   Newton.obj
 0001:000059b0       NewtonUserJointSetRowMinimumFriction 00000001800069b0 f   Newton.obj
 0001:00005a20       NewtonUserJointSetRowAcceleration 0000000180006a20 f   Newton.obj
 0001:00005a50       NewtonUserJointSetRowSpringDamperAcceleration 0000000180006a50 f   Newton.obj
 0001:00005a60       NewtonUserJointSetRowStiffness 0000000180006a60 f   Newton.obj
 0001:00005ac0       NewtonUserJointGetRowForce 0000000180006ac0 f   Newton.obj
 0001:00005af0       NewtonUserJointSetFeedbackCollectorCallback 0000000180006af0 f   Newton.obj
 0001:00005b00       NewtonJointSetUserData     0000000180006b00 f   Newton.obj
 0001:00005b10       NewtonJointGetUserData     0000000180006b10 f   Newton.obj
 0001:00005b20       NewtonJointGetInfo         0000000180006b20 f   Newton.obj
 0001:00005b30       NewtonJointGetBody0        0000000180006b30 f   Newton.obj
 0001:00005b40       NewtonJointGetBody1        0000000180006b40 f   Newton.obj
 0001:00005b60       NewtonJointSetCollisionState 0000000180006b60 f   Newton.obj
 0001:00005b80       NewtonJointGetCollisionState 0000000180006b80 f   Newton.obj
 0001:00005b90       NewtonJointSetStiffness    0000000180006b90 f   Newton.obj
 0001:00005ba0       NewtonJointGetStiffness    0000000180006ba0 f   Newton.obj
 0001:00005bb0       NewtonJointSetDestructor   0000000180006bb0 f   Newton.obj
 0001:00005bc0       NewtonDestroyJoint         0000000180006bc0 f   Newton.obj
 0001:00005c20       NewtonMeshCreate           0000000180006c20 f   Newton.obj
 0001:00005cb0       NewtonMeshCreateFromMesh   0000000180006cb0 f   Newton.obj
 0001:00005cf0       NewtonMeshCreateFromCollision 0000000180006cf0 f   Newton.obj
 0001:00005d30       NewtonMeshConvexHull       0000000180006d30 f   Newton.obj
 0001:00005db0       NewtonMeshCreatePlane      0000000180006db0 f   Newton.obj
 0001:00005e30       NewtonMeshDestroy          0000000180006e30 f   Newton.obj
 0001:00005e50       NewtonMeshCalculateOOBB    0000000180006e50 f   Newton.obj
 0001:00005ed0       NewtonMeshCalculateVertexNormals 0000000180006ed0 f   Newton.obj
 0001:00005ee0       NewtonMeshApplySphericalMapping 0000000180006ee0 f   Newton.obj
 0001:00005ef0       NewtonMeshApplyBoxMapping  0000000180006ef0 f   Newton.obj
 0001:00005f00       NewtonMeshApplyCylindricalMapping 0000000180006f00 f   Newton.obj
 0001:00005f10       NewtonMeshTriangulate      0000000180006f10 f   Newton.obj
 0001:00005f20       NewtonMeshPolygonize       0000000180006f20 f   Newton.obj
 0001:00005f30       NewtonMeshIsOpenMesh       0000000180006f30 f   Newton.obj
 0001:00005f50       NewtonMeshFixTJoints       0000000180006f50 f   Newton.obj
 0001:00005f60       NewtonMeshClip             0000000180006f60 f   Newton.obj
 0001:00005f90       NewtonMeshIntersection     0000000180006f90 f   Newton.obj
 0001:00005f90       NewtonMeshDifference       0000000180006f90 f   Newton.obj
 0001:00005f90       NewtonMeshUnion            0000000180006f90 f   Newton.obj
 0001:00005fa0       NewtonRemoveUnusedVertices 0000000180006fa0 f   Newton.obj
 0001:00005fb0       NewtonMeshBeginFace        0000000180006fb0 f   Newton.obj
 0001:00005fd0       NewtonMeshAddFace          0000000180006fd0 f   Newton.obj
 0001:00005ff0       NewtonMeshEndFace          0000000180006ff0 f   Newton.obj
 0001:00006000       NewtonMeshBuildFromVertexListIndexList 0000000180007000 f   Newton.obj
 0001:000060b0       NewtonMeshGetVertexCount   00000001800070b0 f   Newton.obj
 0001:000060c0       NewtonMeshGetVertexStrideInByte 00000001800070c0 f   Newton.obj
 0001:000060d0       NewtonMeshGetVertexArray   00000001800070d0 f   Newton.obj
 0001:000060e0       NewtonMeshGetPointCount    00000001800070e0 f   Newton.obj
 0001:000060f0       NewtonMeshGetPointStrideInByte 00000001800070f0 f   Newton.obj
 0001:00006100       NewtonMeshGetPointArray    0000000180007100 f   Newton.obj
 0001:00006110       NewtonMeshGetNormalArray   0000000180007110 f   Newton.obj
 0001:00006120       NewtonMeshGetUV0Array      0000000180007120 f   Newton.obj
 0001:00006130       NewtonMeshGetUV1Array      0000000180007130 f   Newton.obj
 0001:00006140       NewtonMeshGetVertexStreams 0000000180007140 f   Newton.obj
 0001:00006190       NewtonMeshGetIndirectVertexStreams 0000000180007190 f   Newton.obj
 0001:00006240       NewtonMeshBeginHandle      0000000180007240 f   Newton.obj
 0001:00006250       NewtonMeshEndHandle        0000000180007250 f   Newton.obj
 0001:00006270       NewtonMeshFirstMaterial    0000000180007270 f   Newton.obj
 0001:00006280       NewtonMeshNextMaterial     0000000180007280 f   Newton.obj
 0001:00006290       NewtonMeshMaterialGetMaterial 0000000180007290 f   Newton.obj
 0001:000062a0       NewtonMeshMaterialGetIndexCount 00000001800072a0 f   Newton.obj
 0001:000062b0       NewtonMeshMaterialGetIndexStream 00000001800072b0 f   Newton.obj
 0001:00006320       NewtonMeshMaterialGetIndexStreamShort 0000000180007320 f   Newton.obj
 0001:00006390       NewtonMeshCreateFirstSingleSegment 0000000180007390 f   Newton.obj
 0001:00006430       NewtonMeshCreateNextSingleSegment 0000000180007430 f   Newton.obj
 0001:000064d0       NewtonMeshGetTotalFaceCount 00000001800074d0 f   Newton.obj
 0001:000064e0       NewtonMeshGetTotalIndexCount 00000001800074e0 f   Newton.obj
 0001:000064f0       NewtonMeshGetFaces         00000001800074f0 f   Newton.obj
 0001:00006500       NewtonMeshGetFirstVertex   0000000180007500 f   Newton.obj
 0001:00006570       NewtonMeshGetNextVertex    0000000180007570 f   Newton.obj
 0001:00006580       NewtonMeshGetVertexIndex   0000000180007580 f   Newton.obj
 0001:00006580       NewtonMeshGetVertexIndexFromPoint 0000000180007580 f   Newton.obj
 0001:00006590       NewtonMeshGetFirstPoint    0000000180007590 f   Newton.obj
 0001:000065a0       NewtonMeshGetNextPoint     00000001800075a0 f   Newton.obj
 0001:000065b0       NewtonMeshGetPointIndex    00000001800075b0 f   Newton.obj
 0001:000065c0       NewtonMeshGetFirstEdge     00000001800075c0 f   Newton.obj
 0001:00006610       NewtonMeshGetNextEdge      0000000180007610 f   Newton.obj
 0001:00006620       NewtonMeshGetEdgeIndices   0000000180007620 f   Newton.obj
 0001:00006630       NewtonMeshGetFirstFace     0000000180007630 f   Newton.obj
 0001:00006690       NewtonMeshGetNextFace      0000000180007690 f   Newton.obj
 0001:000066a0       NewtonMeshIsFaceOpen       00000001800076a0 f   Newton.obj
 0001:000066b0       NewtonMeshGetFaceIndexCount 00000001800076b0 f   Newton.obj
 0001:000066d0       NewtonMeshGetFaceMaterial  00000001800076d0 f   Newton.obj
 0001:000066f0       NewtonMeshGetFaceIndices   00000001800076f0 f   Newton.obj
 0001:00006720       NewtonMeshGetFacePointIndices 0000000180007720 f   Newton.obj
 0001:00006750       ?Remove@?$dgList@VdgContactMaterial@@@@QEAAXQEAVdgListNode@1@@Z 0000000180007750 f i Newton.obj
 0001:000067d0       ?SetCentreOfMass@dgBody@@QEAAXAEBVdgVector@@@Z 00000001800077d0 f i Newton.obj
 0001:000068f0       ?AddTorque@dgBody@@QEAAXAEBVdgVector@@@Z 00000001800078f0 f i Newton.obj
 0001:000069e0       ?AddForce@dgBody@@QEAAXAEBVdgVector@@@Z 00000001800079e0 f i Newton.obj
 0001:00006ad0       ?Scale@?$dgTemplateVector@N@@QEBA?AV1@N@Z 0000000180007ad0 f i Newton.obj
 0001:00006b00       ??L?$dgTemplateVector@N@@QEBANAEBV0@@Z 0000000180007b00 f i Newton.obj
 0001:00006b30       ??D?$dgTemplateVector@N@@QEBA?AV0@AEBV0@@Z 0000000180007b30 f i Newton.obj
 0001:00006ba0       ??H?$dgTemplateVector@N@@QEBA?AV0@AEBV0@@Z 0000000180007ba0 f i Newton.obj
 0001:00006be0       ??G?$dgTemplateVector@N@@QEBA?AV0@AEBV0@@Z 0000000180007be0 f i Newton.obj
 0001:00006c20       ??0?$dgTemplateVector@N@@QEAA@NNNN@Z 0000000180007c20 f i Newton.obj
 0001:00006c40       NewtonWorldCriticalSectionLock 0000000180007c40 f i Newton.obj
 0001:00006c40       ?dgGetUserLock@dgWorld@@QEBAXXZ 0000000180007c40 f i Newton.obj
 0001:00006c90       ?DestroyBodies@NewtonDeadBodies@@QEAAXAEAVNewton@@@Z 0000000180007c90 f   NewtonClass.obj
 0001:00006eb0       ?DestroyJoints@NewtonDeadJoints@@QEAAXAEAVNewton@@@Z 0000000180007eb0 f   NewtonClass.obj
 0001:00006fb0       ?DefaultAllocMemory@Newton@@SAPEAXH@Z 0000000180007fb0 f   NewtonClass.obj
 0001:00006fc0       ??0Newton@@QEAA@NQEAVdgMemoryAllocator@@@Z 0000000180007fc0 f   NewtonClass.obj
 0001:000070e0       ?DestroyBody@Newton@@QEAAXPEAVdgBody@@@Z 00000001800080e0 f   NewtonClass.obj
 0001:00007170       ??0NewtonUserJoint@@QEAA@PEAVdgWorld@@HP6AXPEBUNewtonJoint@@NH@ZP6AX1PEAUNewtonJointRecord@@@ZPEAVdgBody@@5@Z 0000000180008170 f   NewtonClass.obj
 0001:00007280       ??_GNewtonUserJoint@@UEAAPEAXI@Z 0000000180008280 f i NewtonClass.obj
 0001:00007280       ??_ENewtonUserJoint@@UEAAPEAXI@Z 0000000180008280 f i  CIL library: CIL module
 0001:00007310       ?JacobianDerivative@NewtonUserJoint@@UEAAIAEAVdgContraintDescritor@@@Z 0000000180008310 f   NewtonClass.obj
 0001:00007350       ?AddAngularRowJacobian@NewtonUserJoint@@QEAAXAEBVdgVector@@N@Z 0000000180008350 f   NewtonClass.obj
 0001:00007440       ?AddGeneralRowJacobian@NewtonUserJoint@@QEAAXPEBN0@Z 0000000180008440 f   NewtonClass.obj
 0001:00007530       ?SetSpringDamperAcceleration@NewtonUserJoint@@QEAAXNN@Z 0000000180008530 f   NewtonClass.obj
 0001:000075b0       ?GetInfo@NewtonUserJoint@@UEBAXQEAVdgConstraintInfo@@@Z 00000001800085b0 f   NewtonClass.obj
 0001:00007600       ?Insert@?$dgTree@PEAVdgConstraint@@PEAX@@QEAAPEAVdgTreeNode@1@AEBQEAVdgConstraint@@PEAXAEA_N@Z 0000000180008600 f i NewtonClass.obj
 0001:00007600       ?Insert@?$dgTree@PEAVdgBody@@PEAX@@QEAAPEAVdgTreeNode@1@AEBQEAVdgBody@@PEAXAEA_N@Z 0000000180008600 f i NewtonClass.obj
 0001:000076f0       ?RemoveAll@?$dgTree@PEAVdgBody@@PEAX@@QEAAXXZ 00000001800086f0 f i NewtonClass.obj
 0001:000076f0       ?RemoveAll@?$dgTree@VdgEdge@@_J@@QEAAXXZ 00000001800086f0 f i physics:dgMeshEffect.obj
 0001:000076f0       ?RemoveAll@?$dgTree@VdgEdgeSharedTetras@Tetrahedralization@@_K@@QEAAXXZ 00000001800086f0 f i physics:dgMeshEffect2.obj
 0001:000076f0       ?RemoveAll@?$dgTree@PEAVdgConstraint@@PEAX@@QEAAXXZ 00000001800086f0 f i NewtonClass.obj
 0001:00007770       ?ModifierGetMatrix@dgCollision@@UEBA?AVdgMatrix@@XZ 0000000180008770 f i physics:dgWorld.obj
 0001:000077a0       ?Release@dgCollision@@UEAAHXZ 00000001800087a0 f i physics:dgWorld.obj
 0001:000077d0       ?GetBreakImpulse@dgCollision@@UEBANXZ 00000001800087d0 f i physics:dgWorld.obj
 0001:000077e0       ??0dgWorld@@QEAA@QEAVdgMemoryAllocator@@@Z 00000001800087e0 f   physics:dgWorld.obj
 0001:00007e20       ??1dgWorldDynamicUpdate@@QEAA@XZ 0000000180008e20 f i physics:dgWorld.obj
 0001:00007f90       ??1dgWorld@@QEAA@XZ        0000000180008f90 f   physics:dgWorld.obj
 0001:00008310       ?AddSentinelBody@dgWorld@@AEAAXXZ 0000000180009310 f   physics:dgWorld.obj
 0001:000083b0       ?RemoveAllGroupID@dgWorld@@QEAAXXZ 00000001800093b0 f   physics:dgWorld.obj
 0001:00008430       ?DestroyAllBodies@dgWorld@@QEAAXXZ 0000000180009430 f   physics:dgWorld.obj
 0001:000084d0       ?CreateBody@dgWorld@@QEAAPEAVdgBody@@QEAVdgCollision@@AEBVdgMatrix@@@Z 00000001800094d0 f   physics:dgWorld.obj
 0001:000086d0       ?UpdateCollision@dgWorld@@QEAAXXZ 00000001800096d0 f   physics:dgWorld.obj
 0001:00008780       ?Update@dgWorld@@QEAAXN@Z  0000000180009780 f   physics:dgWorld.obj
 0001:000088a0       ?CreateHingeConstraint@dgWorld@@QEAAPEAVdgHingeConstraint@@AEBVdgVector@@0QEAVdgBody@@PEAV4@@Z 00000001800098a0 f   physics:dgWorld.obj
 0001:00008970       ?CreateUpVectorConstraint@dgWorld@@QEAAPEAVdgUpVectorConstraint@@AEBVdgVector@@PEAVdgBody@@@Z 0000000180009970 f   physics:dgWorld.obj
 0001:00008a60       ?CreateSlidingConstraint@dgWorld@@QEAAPEAVdgSlidingConstraint@@AEBVdgVector@@0QEAVdgBody@@PEAV4@@Z 0000000180009a60 f   physics:dgWorld.obj
 0001:00008b30       ?CreateCorkscrewConstraint@dgWorld@@QEAAPEAVdgCorkscrewConstraint@@AEBVdgVector@@0QEAVdgBody@@PEAV4@@Z 0000000180009b30 f   physics:dgWorld.obj
 0001:00008c00       ?CreateUniversalConstraint@dgWorld@@QEAAPEAVdgUniversalConstraint@@AEBVdgVector@@00QEAVdgBody@@PEAV4@@Z 0000000180009c00 f   physics:dgWorld.obj
 0001:00008cd0       ?BodySetMatrix@dgWorld@@QEAAXPEAVdgBody@@AEBVdgMatrix@@@Z 0000000180009cd0 f   physics:dgWorld.obj
 0001:00009060       ?AreBodyConnectedByJoints@dgWorld@@AEAA_NQEAVdgBody@@0@Z 000000018000a060 f   physics:dgWorld.obj
 0001:00009150       ?FlushCache@dgWorld@@QEAAXXZ 000000018000a150 f   physics:dgWorld.obj
 0001:000091d0       ?ApplyExtenalForces@dgBody@@AEAAXNH@Z 000000018000a1d0 f i physics:dgBroadPhaseCollision.obj
 0001:00009280       ?IsInEquelibrium@dgBody@@QEBA_NXZ 000000018000a280 f i physics:dgBroadPhaseCollision.obj
 0001:000093f0       ?Remove@dgSortArray@@QEAAXQEAVdgBody@@@Z 000000018000a3f0 f   physics:dgBroadPhaseCollision.obj
 0001:00009490       ?Sort@dgSortArray@@QEAANXZ 000000018000a490 f   physics:dgBroadPhaseCollision.obj
 0001:00009620       ?RayCast@dgSortArray@@QEBANNAEBUdgLineBox@@P6ANQEBVdgBody@@AEBVdgVector@@HQEAXN@ZP6AI1QEBVdgCollision@@3@Z3@Z 000000018000a620 f   physics:dgBroadPhaseCollision.obj
 0001:00009720       ??1dgBroadPhaseCell@@QEAA@XZ 000000018000a720 f   physics:dgBroadPhaseCollision.obj
 0001:000097c0       ?Add@dgBroadPhaseCell@@AEAAXQEAVdgBody@@@Z 000000018000a7c0 f   physics:dgBroadPhaseCollision.obj
 0001:00009890       ?Remove@dgBroadPhaseCell@@AEAAXQEAVdgBody@@@Z 000000018000a890 f   physics:dgBroadPhaseCollision.obj
 0001:000098e0       ?UpdateAutoPair@dgBroadPhaseCell@@AEAAXQEAVdgWorld@@H@Z 000000018000a8e0 f   physics:dgBroadPhaseCollision.obj
 0001:00009a40       ?Init@dgBroadPhaseLayer@@AEAAXQEAVdgWorld@@NH@Z 000000018000aa40 f   physics:dgBroadPhaseCollision.obj
 0001:00009a60       ?FindCreate@dgBroadPhaseLayer@@AEAAPEAVdgBroadPhaseCell@@HH@Z 000000018000aa60 f   physics:dgBroadPhaseCollision.obj
 0001:00009cd0       ??0dgBroadPhaseCollision@@AEAA@PEAVdgMemoryAllocator@@@Z 000000018000acd0 f   physics:dgBroadPhaseCollision.obj
 0001:0000a170       ??_GdgParallelSolverCalculateForces@@UEAAPEAXI@Z 000000018000b170 f i physics:dgWorldDynamicUpdate.obj
 0001:0000a170       ??_EdgParallelSolverBodyInertia@@UEAAPEAXI@Z 000000018000b170 f i  CIL library: CIL module
 0001:0000a170       ??_EdgParallelSolverBuildJacobianMatrix@@UEAAPEAXI@Z 000000018000b170 f i  CIL library: CIL module
 0001:0000a170       ??_GdgParallelSolverClear@@UEAAPEAXI@Z 000000018000b170 f i physics:dgWorldDynamicUpdate.obj
 0001:0000a170       ??_GdgBroadPhaseApplyExternalForce@@UEAAPEAXI@Z 000000018000b170 f i physics:dgBroadPhaseCollision.obj
 0001:0000a170       ??_GdgParallelSolverInitInternalForces@@UEAAPEAXI@Z 000000018000b170 f i physics:dgWorldDynamicUpdate.obj
 0001:0000a170       ??_EdgBroadPhaseCalculateContactsWorkerThread@@UEAAPEAXI@Z 000000018000b170 f i  CIL library: CIL module
 0001:0000a170       ??_GdgParallelSolverBuildJacobianRows@@UEAAPEAXI@Z 000000018000b170 f i physics:dgWorldDynamicUpdate.obj
 0001:0000a170       ??_EdgParallelSolverBuildJacobianRows@@UEAAPEAXI@Z 000000018000b170 f i  CIL library: CIL module
 0001:0000a170       ??_GdgBroadPhaseCellPairsWorkerThread@@UEAAPEAXI@Z 000000018000b170 f i physics:dgBroadPhaseCollision.obj
 0001:0000a170       ??_EdgParallelSolverUpdateForce@@UEAAPEAXI@Z 000000018000b170 f i  CIL library: CIL module
 0001:0000a170       ??_EdgParallelSolverCalculateForces@@UEAAPEAXI@Z 000000018000b170 f i  CIL library: CIL module
 0001:0000a170       ??_EdgWorkerThread@@UEAAPEAXI@Z 000000018000b170 f i  CIL library: CIL module
 0001:0000a170       ??_GdgParallelSolverUpdateForce@@UEAAPEAXI@Z 000000018000b170 f i physics:dgWorldDynamicUpdate.obj
 0001:0000a170       ??_EdgBroadPhaseCellPairsWorkerThread@@UEAAPEAXI@Z 000000018000b170 f i  CIL library: CIL module
 0001:0000a170       ??_GdgBroadPhaseMaterialCallbackWorkerThread@@UEAAPEAXI@Z 000000018000b170 f i physics:dgBroadPhaseCollision.obj
 0001:0000a170       ??_GdgParallelSolverBuildJacobianMatrix@@UEAAPEAXI@Z 000000018000b170 f i physics:dgWorldDynamicUpdate.obj
 0001:0000a170       ??_EdgParallelSolverClear@@UEAAPEAXI@Z 000000018000b170 f i  CIL library: CIL module
 0001:0000a170       ??_EdgParallelSolverJointAcceleration@@UEAAPEAXI@Z 000000018000b170 f i  CIL library: CIL module
 0001:0000a170       ??_EdgSolverWorlkerThreads@@UEAAPEAXI@Z 000000018000b170 f i  CIL library: CIL module
 0001:0000a170       ??_GdgBroadPhaseCalculateContactsWorkerThread@@UEAAPEAXI@Z 000000018000b170 f i physics:dgBroadPhaseCollision.obj
 0001:0000a170       ??_EdgParallelSolverUpdateVeloc@@UEAAPEAXI@Z 000000018000b170 f i  CIL library: CIL module
 0001:0000a170       ??_EdgParallelSolverInitFeedbackUpdate@@UEAAPEAXI@Z 000000018000b170 f i  CIL library: CIL module
 0001:0000a170       ??_EdgBroadPhaseApplyExternalForce@@UEAAPEAXI@Z 000000018000b170 f i  CIL library: CIL module
 0001:0000a170       ??_GdgParallelSolverJointAcceleration@@UEAAPEAXI@Z 000000018000b170 f i physics:dgWorldDynamicUpdate.obj
 0001:0000a170       ??_GdgParallelSolverUpdateVeloc@@UEAAPEAXI@Z 000000018000b170 f i physics:dgWorldDynamicUpdate.obj
 0001:0000a170       ??_EdgParallelSolverInitInternalForces@@UEAAPEAXI@Z 000000018000b170 f i  CIL library: CIL module
 0001:0000a170       ??_GdgSolverWorlkerThreads@@UEAAPEAXI@Z 000000018000b170 f i physics:dgWorldDynamicUpdate.obj
 0001:0000a170       ??_GdgWorkerThread@@UEAAPEAXI@Z 000000018000b170 f i physics:dgWorld.obj
 0001:0000a170       ??_GdgParallelSolverInitFeedbackUpdate@@UEAAPEAXI@Z 000000018000b170 f i physics:dgWorldDynamicUpdate.obj
 0001:0000a170       ??_GdgParallelSolverBodyInertia@@UEAAPEAXI@Z 000000018000b170 f i physics:dgWorldDynamicUpdate.obj
 0001:0000a170       ??_EdgBroadPhaseMaterialCallbackWorkerThread@@UEAAPEAXI@Z 000000018000b170 f i  CIL library: CIL module
 0001:0000a1a0       ??1dgBroadPhaseCollision@@AEAA@XZ 000000018000b1a0 f   physics:dgBroadPhaseCollision.obj
 0001:0000a2d0       ?SetWorldSize@dgBroadPhaseCollision@@QEAAXAEBVdgVector@@0@Z 000000018000b2d0 f   physics:dgBroadPhaseCollision.obj
 0001:0000a690       ?InvalidateCache@dgBroadPhaseCollision@@AEAAXXZ 000000018000b690 f   physics:dgBroadPhaseCollision.obj
 0001:0000a730       ?Remove@dgBroadPhaseCollision@@AEAAXQEAVdgBody@@@Z 000000018000b730 f   physics:dgBroadPhaseCollision.obj
 0001:0000a7f0       ?UpdatePairs@dgBroadPhaseCollision@@AEBAXQEAVdgBody@@QEAVdgListNode@?$dgList@VdgSortArrayEntry@@@@HH@Z 000000018000b7f0 f   physics:dgBroadPhaseCollision.obj
 0001:0000a920       ?UpdatePairs@dgBroadPhaseCollision@@AEBAXAEAVdgBroadPhaseCell@@0H@Z 000000018000b920 f   physics:dgBroadPhaseCollision.obj
 0001:0000a9c0       ?ForEachBodyInAABB@dgBroadPhaseCollision@@QEBAXAEBVdgVector@@0P6AXPEAVdgBody@@QEAX@Z2@Z 000000018000b9c0 f   physics:dgBroadPhaseCollision.obj
 0001:0000ad10       ?ConvexCast@dgBroadPhaseCollision@@QEBAHQEAVdgCollision@@AEBVdgMatrix@@AEBVdgVector@@AEANP6AIQEBVdgBody@@QEBV2@QEAX@Z6QEAVdgConvexCastReturnInfo@@HH@Z 000000018000bd10 f   physics:dgBroadPhaseCollision.obj
 0001:0000b9a0       ?Realloc@dgBroadPhaseCalculateContactsWorkerThread@@QEAAXHHH@Z 000000018000c9a0 f   physics:dgBroadPhaseCollision.obj
 0001:0000bb20       ?ThreadExecute@dgBroadPhaseCellPairsWorkerThread@@UEAAXXZ 000000018000cb20 f   physics:dgBroadPhaseCollision.obj
 0001:0000bbd0       ?ThreadExecute@dgBroadPhaseApplyExternalForce@@UEAAXXZ 000000018000cbd0 f   physics:dgBroadPhaseCollision.obj
 0001:0000bdc0       ?ThreadExecute@dgBroadPhaseCalculateContactsWorkerThread@@UEAAXXZ 000000018000cdc0 f   physics:dgBroadPhaseCollision.obj
 0001:0000bfb0       ?ThreadExecute@dgBroadPhaseMaterialCallbackWorkerThread@@UEAAXXZ 000000018000cfb0 f   physics:dgBroadPhaseCollision.obj
 0001:0000c090       ?RayCast@dgBroadPhaseCollision@@QEBAXAEBVdgVector@@0P6ANQEBVdgBody@@0HQEAXN@ZP6AI1QEBVdgCollision@@2@Z2@Z 000000018000d090 f   physics:dgBroadPhaseCollision.obj
 0001:0000ca20       ?UpdateBodyBroadphase@dgBroadPhaseCollision@@AEAAXQEAVdgBody@@H@Z 000000018000da20 f   physics:dgBroadPhaseCollision.obj
 0001:0000cfc0       ?UpdateContactsBroadPhaseBegin@dgBroadPhaseCollision@@AEAAIN_NI@Z 000000018000dfc0 f   physics:dgBroadPhaseCollision.obj
 0001:0000dd20       ?UpdateContactsBroadPhaseEnd@dgBroadPhaseCollision@@AEAAXN@Z 000000018000ed20 f   physics:dgBroadPhaseCollision.obj
 0001:0000de20       ?UpdateContacts@dgBroadPhaseCollision@@AEAAXN_N@Z 000000018000ee20 f   physics:dgBroadPhaseCollision.obj
 0001:0000e0d0       ??Z?$dgTemplateVector@N@@QEAAAEAV0@AEBV0@@Z 000000018000f0d0 f i physics:dgBroadPhaseCollision.obj
 0001:0000e100       ?Append@?$dgList@VdgSortArrayEntry@@@@QEAAPEAVdgListNode@1@XZ 000000018000f100 f i physics:dgBroadPhaseCollision.obj
 0001:0000e1a0       ?AddDamingAcceleration@dgBody@@AEAAXXZ 000000018000f1a0 f i physics:dgWorldDynamicUpdate.obj
 0001:0000e3f0       ??0dgWorldDynamicUpdate@@AEAA@XZ 000000018000f3f0 f   physics:dgWorldDynamicUpdate.obj
 0001:0000ea30       ?UpdateDynamics@dgWorldDynamicUpdate@@AEAAXQEAVdgWorld@@HN@Z 000000018000fa30 f   physics:dgWorldDynamicUpdate.obj
 0001:0000ef80       ?ThreadExecute@dgSolverWorlkerThreads@@UEAAXXZ 000000018000ff80 f   physics:dgWorldDynamicUpdate.obj
 0001:0000f960       ?ReallocBodyMemory@dgWorldDynamicUpdate@@AEAAXH@Z 0000000180010960 f   physics:dgWorldDynamicUpdate.obj
 0001:0000fa90       ?ReallocIslandMemory@dgWorldDynamicUpdate@@AEAAXH@Z 0000000180010a90 f   physics:dgWorldDynamicUpdate.obj
 0001:0000fbe0       ?ReallocJointsMemory@dgWorldDynamicUpdate@@AEAAXH@Z 0000000180010be0 f   physics:dgWorldDynamicUpdate.obj
 0001:0000fd10       ?ReallocJacobiansMemory@dgWorldDynamicUpdate@@AEAAXHH@Z 0000000180010d10 f   physics:dgWorldDynamicUpdate.obj
 0001:00010060       ?ReallocIntenalForcesMemory@dgWorldDynamicUpdate@@AEAAXHH@Z 0000000180011060 f   physics:dgWorldDynamicUpdate.obj
 0001:000101f0       ?BuildIsland@dgWorldDynamicUpdate@@AEAAXAEAV?$dgQueue@PEAVdgBody@@@@HHH@Z 00000001800111f0 f   physics:dgWorldDynamicUpdate.obj
 0001:000104f0       ?SpanningTree@dgWorldDynamicUpdate@@AEAAXQEAVdgBody@@@Z 00000001800114f0 f   physics:dgWorldDynamicUpdate.obj
 0001:00010a00       ?IntegrateArray@dgWorldDynamicUpdate@@AEBAXPEBVdgBodyInfo@@HNNH_N@Z 0000000180011a00 f   physics:dgWorldDynamicUpdate.obj
 0001:00011130       ?GetJacobialDerivatives@dgWorldDynamicUpdate@@AEAAHAEBVdgIsland@@H_NHN@Z 0000000180012130 f   physics:dgWorldDynamicUpdate.obj
 0001:00011980       ?BuildJacobianMatrix@dgWorldDynamicUpdate@@AEAAXAEBVdgIsland@@HN@Z 0000000180012980 f   physics:dgWorldDynamicUpdate.obj
 0001:00012300       ?ApplyExternalForcesAndAcceleration@dgJacobianMemory@@QEBAXN@Z 0000000180013300 f   physics:dgWorldDynamicUpdate.obj
 0001:00012c30       ?SwapRows@dgJacobianMemory@@QEBAXHH@Z 0000000180013c30 f   physics:dgWorldDynamicUpdate.obj
 0001:00012e30       ?CalculateSimpleBodyReactionsForces@dgJacobianMemory@@QEBAXN@Z 0000000180013e30 f   physics:dgWorldDynamicUpdate.obj
 0001:00014300       ?CalculateForcesSimulationMode@dgJacobianMemory@@QEBAXN@Z 0000000180015300 f   physics:dgWorldDynamicUpdate.obj
 0001:00016c00       ?CalculateJointForces@dgJacobianMemory@@QEBANHPEANN@Z 0000000180017c00 f   physics:dgWorldDynamicUpdate.obj
 0001:00017dc0       ?CalculateForcesGameMode@dgJacobianMemory@@QEBAXHN@Z 0000000180018dc0 f   physics:dgWorldDynamicUpdate.obj
 0001:00019420       ?ThreadExecute@dgParallelSolverBodyInertia@@UEAAXXZ 000000018001a420 f   physics:dgWorldDynamicUpdate.obj
 0001:000194c0       ?ThreadExecute@dgParallelSolverBuildJacobianRows@@UEAAXXZ 000000018001a4c0 f   physics:dgWorldDynamicUpdate.obj
 0001:00019be0       ?ThreadExecute@dgParallelSolverBuildJacobianMatrix@@UEAAXXZ 000000018001abe0 f   physics:dgWorldDynamicUpdate.obj
 0001:0001a400       ?GetJacobialDerivativesParallel@dgWorldDynamicUpdate@@AEAAHAEBVdgIsland@@_NHN@Z 000000018001b400 f   physics:dgWorldDynamicUpdate.obj
 0001:0001a630       ?BuildJacobianMatrixParallel@dgWorldDynamicUpdate@@AEAAXAEBVdgIsland@@NH@Z 000000018001b630 f   physics:dgWorldDynamicUpdate.obj
 0001:0001aaf0       ?ThreadExecute@dgParallelSolverClear@@UEAAXXZ 000000018001baf0 f   physics:dgWorldDynamicUpdate.obj
 0001:0001ac70       ?ThreadExecute@dgParallelSolverInitInternalForces@@UEAAXXZ 000000018001bc70 f   physics:dgWorldDynamicUpdate.obj
 0001:0001b050       ?ThreadExecute@dgParallelSolverJointAcceleration@@UEAAXXZ 000000018001c050 f   physics:dgWorldDynamicUpdate.obj
 0001:0001b270       ?ThreadExecute@dgParallelSolverUpdateVeloc@@UEAAXXZ 000000018001c270 f   physics:dgWorldDynamicUpdate.obj
 0001:0001b540       ?ThreadExecute@dgParallelSolverUpdateForce@@UEAAXXZ 000000018001c540 f   physics:dgWorldDynamicUpdate.obj
 0001:0001bb20       ?ThreadExecute@dgParallelSolverInitFeedbackUpdate@@UEAAXXZ 000000018001cb20 f   physics:dgWorldDynamicUpdate.obj
 0001:0001bc60       ?ThreadExecute@dgParallelSolverCalculateForces@@UEAAXXZ 000000018001cc60 f   physics:dgWorldDynamicUpdate.obj
 0001:0001c3e0       ?CalculateForcesGameModeParallel@dgJacobianMemory@@QEBAXHNH@Z 000000018001d3e0 f   physics:dgWorldDynamicUpdate.obj
 0001:0001cfc0       ??Y?$dgTemplateVector@N@@QEAAAEAV0@AEBV0@@Z 000000018001dfc0 f i physics:dgWorldDynamicUpdate.obj
 0001:0001cff0       ?CompProduct@?$dgTemplateVector@N@@QEBA?AV1@AEBV1@@Z 000000018001dff0 f i physics:dgWorldDynamicUpdate.obj
 0001:0001d040       ??$dgSort@VdgIsland@@@@YAXQEAVdgIsland@@HP6AHQEBV0@1QEAX@Z2@Z 000000018001e040 f i physics:dgWorldDynamicUpdate.obj
 0001:0001d310       ?AddToBreakQueue@dgWorld@@QEAAXQEBVdgContact@@QEAVdgBody@@N@Z 000000018001e310 f i physics:dgNarrowPhaseCollision.obj
 0001:0001d3b0       ?CreateNull@dgWorld@@QEAAPEAVdgCollision@@XZ 000000018001e3b0 f   physics:dgNarrowPhaseCollision.obj
 0001:0001d530       ?CreateBox@dgWorld@@QEAAPEAVdgCollision@@NNNHAEBVdgMatrix@@@Z 000000018001e530 f   physics:dgNarrowPhaseCollision.obj
 0001:0001d840       ?CreateSphere@dgWorld@@QEAAPEAVdgCollision@@NHAEBVdgMatrix@@@Z 000000018001e840 f   physics:dgNarrowPhaseCollision.obj
 0001:0001dad0       ?CreateEllipse@dgWorld@@QEAAPEAVdgCollision@@NNNHAEBVdgMatrix@@@Z 000000018001ead0 f   physics:dgNarrowPhaseCollision.obj
 0001:0001dda0       ?CreateCapsule@dgWorld@@QEAAPEAVdgCollision@@NNHAEBVdgMatrix@@@Z 000000018001eda0 f   physics:dgNarrowPhaseCollision.obj
 0001:0001e060       ?CreateCone@dgWorld@@QEAAPEAVdgCollision@@NNHAEBVdgMatrix@@@Z 000000018001f060 f   physics:dgNarrowPhaseCollision.obj
 0001:0001e320       ?CreateCylinder@dgWorld@@QEAAPEAVdgCollision@@NNHAEBVdgMatrix@@@Z 000000018001f320 f   physics:dgNarrowPhaseCollision.obj
 0001:0001e5e0       ?CreateChamferCylinder@dgWorld@@QEAAPEAVdgCollision@@NNHAEBVdgMatrix@@@Z 000000018001f5e0 f   physics:dgNarrowPhaseCollision.obj
 0001:0001e8a0       ?CreateConvexHull@dgWorld@@QEAAPEAVdgCollision@@HPEBNHNHAEBVdgMatrix@@@Z 000000018001f8a0 f   physics:dgNarrowPhaseCollision.obj
 0001:0001ed30       ?CreateCollisionCompoundBreakable@dgWorld@@QEAAPEAVdgCollision@@HQEBQEBVdgMeshEffect@@QEBHQEBN1HN@Z 000000018001fd30 f   physics:dgNarrowPhaseCollision.obj
 0001:0001edd0       ?CreateBVHFieldCollision@dgWorld@@QEAAPEAVdgCollision@@HHHQEBGQEBDNN@Z 000000018001fdd0 f   physics:dgNarrowPhaseCollision.obj
 0001:0001ee70       ?Serialize@dgWorld@@QEBAXPEAVdgCollision@@P6AXPEAXPEBX_K@ZQEAX@Z 000000018001fe70 f   physics:dgNarrowPhaseCollision.obj
 0001:0001eef0       ?CreateFromSerialization@dgWorld@@QEAAPEAVdgCollision@@P6AXPEAX0_K@ZQEAX@Z 000000018001fef0 f   physics:dgNarrowPhaseCollision.obj
 0001:0001fa90       ?CreateBodyGroupID@dgWorld@@QEAAIXZ 0000000180020a90 f   physics:dgNarrowPhaseCollision.obj
 0001:0001fcc0       ?RemoveFromCache@dgWorld@@QEAAXQEAVdgCollision@@@Z 0000000180020cc0 f   physics:dgNarrowPhaseCollision.obj
 0001:0001fd50       ?ReleaseCollision@dgWorld@@QEAAXQEAVdgCollision@@@Z 0000000180020d50 f   physics:dgNarrowPhaseCollision.obj
 0001:0001fe30       ?ClosestPoint@dgWorld@@QEBAHAEAVdgTriplex@@QEAVdgCollision@@AEBVdgMatrix@@00H@Z 0000000180020e30 f   physics:dgNarrowPhaseCollision.obj
 0001:0001ff10       ?ClosestPoint@dgWorld@@QEBAHQEAVdgCollision@@AEBVdgMatrix@@01AEAVdgTriplex@@22H@Z 0000000180020f10 f   physics:dgNarrowPhaseCollision.obj
 0001:000202d0       ?ReduceContacts@dgWorld@@AEBAHHQEAVdgContactPoint@@HNH@Z 00000001800212d0 f   physics:dgNarrowPhaseCollision.obj
 0001:00020550       ?PruneContacts@dgWorld@@AEBAHHQEAVdgContactPoint@@H@Z 0000000180021550 f   physics:dgNarrowPhaseCollision.obj
 0001:00020820       ?ProcessCachedContacts@dgWorld@@AEBAXQEAVdgContact@@QEBVdgContactMaterial@@NH@Z 0000000180021820 f   physics:dgNarrowPhaseCollision.obj
 0001:00020920       ?ProcessTriggers@dgWorld@@AEAAXQEAUdgPair@dgCollidingPairCollector@@NH@Z 0000000180021920 f   physics:dgNarrowPhaseCollision.obj
 0001:00020a70       ?ProcessContacts@dgWorld@@AEAAXQEAUdgPair@dgCollidingPairCollector@@NH@Z 0000000180021a70 f   physics:dgNarrowPhaseCollision.obj
 0001:00021d00       ?ValidateContactCache@dgWorld@@AEBAHQEAVdgBody@@0QEAVdgContact@@@Z 0000000180022d00 f   physics:dgNarrowPhaseCollision.obj
 0001:00022510       ?CompoundContactsSimd@dgWorld@@AEBAXQEAUdgPair@dgCollidingPairCollector@@AEAVdgCollisionParamProxi@@@Z 0000000180023510 f   physics:dgNarrowPhaseCollision.obj
 0001:00022620       ?CompoundContacts@dgWorld@@AEBAXQEAUdgPair@dgCollidingPairCollector@@AEAVdgCollisionParamProxi@@@Z 0000000180023620 f   physics:dgNarrowPhaseCollision.obj
 0001:00022720       ?ConvexContactsSimd@dgWorld@@AEBAXQEAUdgPair@dgCollidingPairCollector@@AEAVdgCollisionParamProxi@@@Z 0000000180023720 f   physics:dgNarrowPhaseCollision.obj
 0001:00022820       ?ConvexContacts@dgWorld@@AEBAXQEAUdgPair@dgCollidingPairCollector@@AEAVdgCollisionParamProxi@@@Z 0000000180023820 f   physics:dgNarrowPhaseCollision.obj
 0001:00022990       ?SceneContacts@dgWorld@@AEBAXAEBUdgProxy@dgCollisionScene@@QEAUdgPair@dgCollidingPairCollector@@AEAVdgCollisionParamProxi@@@Z 0000000180023990 f   physics:dgNarrowPhaseCollision.obj
 0001:00022ac0       ?SceneContacts@dgWorld@@AEBAXQEAUdgPair@dgCollidingPairCollector@@AEAVdgCollisionParamProxi@@@Z 0000000180023ac0 f   physics:dgNarrowPhaseCollision.obj
 0001:00022bd0       ?SceneContactsSimd@dgWorld@@AEBAXQEAUdgPair@dgCollidingPairCollector@@AEAVdgCollisionParamProxi@@@Z 0000000180023bd0 f   physics:dgNarrowPhaseCollision.obj
 0001:00022ce0       ?CalculateContactsSimd@dgWorld@@AEAAXQEAUdgPair@dgCollidingPairCollector@@NH@Z 0000000180023ce0 f   physics:dgNarrowPhaseCollision.obj
 0001:00022e60       ?CalculateContacts@dgWorld@@AEAAXQEAUdgPair@dgCollidingPairCollector@@NH@Z 0000000180023e60 f   physics:dgNarrowPhaseCollision.obj
 0001:00022ff0       ?CollideContinueSimd@dgWorld@@QEAAHPEAVdgCollision@@AEBVdgMatrix@@AEBVdgVector@@20122AEANPEAVdgTriplex@@4PEANHH@Z 0000000180023ff0 f   physics:dgNarrowPhaseCollision.obj
 0001:000238b0       ?CollideContinue@dgWorld@@QEAAHPEAVdgCollision@@AEBVdgMatrix@@AEBVdgVector@@20122AEANPEAVdgTriplex@@4PEANHH@Z 00000001800248b0 f   physics:dgNarrowPhaseCollision.obj
 0001:000241b0       ?Collide@dgWorld@@QEAAHPEAVdgCollision@@AEBVdgMatrix@@01PEAVdgTriplex@@2PEANHH@Z 00000001800251b0 f   physics:dgNarrowPhaseCollision.obj
 0001:00024790       ?Append@?$dgList@VdgContactMaterial@@@@QEAAPEAVdgListNode@1@XZ 0000000180025790 f i physics:dgNarrowPhaseCollision.obj
 0001:00024810       ??$dgSort@VdgContactPoint@@@@YAXQEAVdgContactPoint@@HP6AHQEBV0@1QEAX@Z2@Z 0000000180025810 f i physics:dgNarrowPhaseCollision.obj
 0001:00024a70       ??0dgListNode@?$dgList@VdgContactMaterial@@@@AEAA@QEAV01@0@Z 0000000180025a70 f i physics:dgNarrowPhaseCollision.obj
 0001:00024b30       ??0dgMeshEffectBuilder@@QEAA@XZ 0000000180025b30 f i physics:dgMeshEffect.obj
 0001:00024c00       ?GetShapeFromCollision@dgMeshEffectBuilder@@SAXPEAXHPEBNH@Z 0000000180025c00 f i physics:dgMeshEffect.obj
 0001:00024de0       ??_EdgMeshEffect@@UEAAPEAXI@Z 0000000180025de0 f i  CIL library: CIL module
 0001:00024de0       ??_GdgMeshEffect@@UEAAPEAXI@Z 0000000180025de0 f i physics:dgMeshEffect.obj
 0001:00024e20       ??0dgMeshEffect@@QEAA@AEAVdgPolyhedra@@AEBV0@@Z 0000000180025e20 f   physics:dgMeshEffect.obj
 0001:00024f30       ??0dgMeshEffect@@QEAA@AEBV0@@Z 0000000180025f30 f   physics:dgMeshEffect.obj
 0001:00025040       ??0dgMeshEffect@@QEAA@QEAVdgCollision@@@Z 0000000180026040 f   physics:dgMeshEffect.obj
 0001:00025430       ??1dgMeshEffect@@UEAA@XZ   0000000180026430 f   physics:dgMeshEffect.obj
 0001:000254b0       ?Init@dgMeshEffect@@AEAAX_N@Z 00000001800264b0 f   physics:dgMeshEffect.obj
 0001:00025570       ?Triangulate@dgMeshEffect@@QEAAXXZ 0000000180026570 f   physics:dgMeshEffect.obj
 0001:00025950       ?ConvertToPolygons@dgMeshEffect@@QEAAXXZ 0000000180026950 f   physics:dgMeshEffect.obj
 0001:00025d30       ?RemoveUnusedVertices@dgMeshEffect@@QEAAXQEAH@Z 0000000180026d30 f   physics:dgMeshEffect.obj
 0001:00026380       ?CalculateOOBB@dgMeshEffect@@QEBA?AVdgMatrix@@AEAVdgVector@@@Z 0000000180027380 f   physics:dgMeshEffect.obj
 0001:00026620       ?CalculateAABB@dgMeshEffect@@QEBAXAEAVdgVector@@0@Z 0000000180027620 f   physics:dgMeshEffect.obj
 0001:00026820       ?EnumerateAttributeArray@dgMeshEffect@@AEAAXPEAUdgVertexAtribute@1@@Z 0000000180027820 f   physics:dgMeshEffect.obj
 0001:00026910       ?ApplyAttributeArray@dgMeshEffect@@AEAAXPEAUdgVertexAtribute@1@@Z 0000000180027910 f   physics:dgMeshEffect.obj
 0001:00026ae0       ?FixCylindricalMapping@dgMeshEffect@@AEBAXPEAUdgVertexAtribute@1@@Z 0000000180027ae0 f   physics:dgMeshEffect.obj
 0001:00026cd0       ?SphericalMapping@dgMeshEffect@@QEAAXH@Z 0000000180027cd0 f   physics:dgMeshEffect.obj
 0001:000270c0       ?CylindricalMapping@dgMeshEffect@@QEAAXHH@Z 00000001800280c0 f   physics:dgMeshEffect.obj
 0001:00027680       ?BoxMapping@dgMeshEffect@@QEAAXHHH@Z 0000000180028680 f   physics:dgMeshEffect.obj
 0001:00027b90       ?CalculateNormals@dgMeshEffect@@QEAAXN@Z 0000000180028b90 f   physics:dgMeshEffect.obj
 0001:00028080       ?AddAtribute@dgMeshEffect@@AEAAXAEBUdgVertexAtribute@1@@Z 0000000180029080 f   physics:dgMeshEffect.obj
 0001:00028160       ?AddVertex@dgMeshEffect@@AEAAXAEBVdgVector@@@Z 0000000180029160 f   physics:dgMeshEffect.obj
 0001:00028270       ?AddPoint@dgMeshEffect@@AEAAXPEBNH@Z 0000000180029270 f   physics:dgMeshEffect.obj
 0001:00028380       ?PackVertexArrays@dgMeshEffect@@QEAAXXZ 0000000180029380 f   physics:dgMeshEffect.obj
 0001:000284a0       ?AddPolygon@dgMeshEffect@@QEAAXHPEBNHH@Z 00000001800294a0 f   physics:dgMeshEffect.obj
 0001:000286f0       ?EndPolygon@dgMeshEffect@@QEAAXXZ 00000001800296f0 f   physics:dgMeshEffect.obj
 0001:00028ad0       ?BuildFromVertexListIndexList@dgMeshEffect@@QEAAXHQEBH0QEBNH01H01H01H0@Z 0000000180029ad0 f   physics:dgMeshEffect.obj
 0001:00029180       ?GetTotalIndexCount@dgMeshEffect@@QEBAHXZ 000000018002a180 f   physics:dgMeshEffect.obj
 0001:00029240       ?GetFaces@dgMeshEffect@@QEBAXQEAH0QEAPEAX@Z 000000018002a240 f   physics:dgMeshEffect.obj
 0001:00029390       ?GetNextVertex@dgMeshEffect@@QEAAPEAXPEBX@Z 000000018002a390 f   physics:dgMeshEffect.obj
 0001:00029450       ?GetFirstPoint@dgMeshEffect@@QEAAPEAXXZ 000000018002a450 f   physics:dgMeshEffect.obj
 0001:00029510       ?GetNextPoint@dgMeshEffect@@QEAAPEAXPEBX@Z 000000018002a510 f   physics:dgMeshEffect.obj
 0001:000295d0       ?ConectVertex@dgMeshEffect@@QEAAPEAVdgEdge@@QEAV2@0@Z 000000018002a5d0 f   physics:dgMeshEffect.obj
 0001:00029710       ?GetNextEdge@dgMeshEffect@@QEAAPEAXPEBX@Z 000000018002a710 f   physics:dgMeshEffect.obj
 0001:000297c0       ?GetNextFace@dgMeshEffect@@QEAAPEAXPEBX@Z 000000018002a7c0 f   physics:dgMeshEffect.obj
 0001:00029870       ?GetVertexStreams@dgMeshEffect@@QEAAXHPEANH0H0H0@Z 000000018002a870 f   physics:dgMeshEffect.obj
 0001:000299e0       ?GetIndirectVertexStreams@dgMeshEffect@@QEAAXHPEANPEAH1H011H011H011@Z 000000018002a9e0 f   physics:dgMeshEffect.obj
 0001:00029e30       ?MaterialGeomteryBegin@dgMeshEffect@@QEAAPEAUdgIndexArray@1@XZ 000000018002ae30 f   physics:dgMeshEffect.obj
 0001:0002a0c0       ?CreateConvexCollision@dgMeshEffect@@QEBAPEAVdgCollision@@NHAEBVdgMatrix@@@Z 000000018002b0c0 f   physics:dgMeshEffect.obj
 0001:0002a580       ?InterpolateEdge@dgMeshEffect@@AEBA?AUdgVertexAtribute@1@QEAVdgEdge@@N@Z 000000018002b580 f   physics:dgMeshEffect.obj
 0001:0002a6d0       ?InsertEdgeVertex@dgMeshEffect@@QEAAPEAVdgEdge@@QEAV2@N@Z 000000018002b6d0 f   physics:dgMeshEffect.obj
 0001:0002a800       ?Difference@dgMeshEffect@@QEBAPEAV1@AEBVdgMatrix@@PEBV1@@Z 000000018002b800 f   physics:dgMeshEffect.obj
 0001:0002a800       ?Intersection@dgMeshEffect@@QEBAPEAV1@AEBVdgMatrix@@PEBV1@@Z 000000018002b800 f   physics:dgMeshEffect.obj
 0001:0002a800       ?Union@dgMeshEffect@@QEBAPEAV1@AEBVdgMatrix@@PEBV1@@Z 000000018002b800 f   physics:dgMeshEffect.obj
 0001:0002a890       ?ClipMesh@dgMeshEffect@@QEBAXAEBVdgMatrix@@PEBV1@PEAPEAV1@2@Z 000000018002b890 f   physics:dgMeshEffect.obj
 0001:0002a940       ?HasOpenEdges@dgMeshEffect@@QEBA_NXZ 000000018002b940 f   physics:dgMeshEffect.obj
 0001:0002a9d0       ?WeldTJoints@dgMeshEffect@@QEAAXXZ 000000018002b9d0 f   physics:dgMeshEffect.obj
 0001:0002b170       ??_EdgMeshEffect@@WDA@EAAPEAXI@Z 000000018002c170 f i physics:dgMeshEffect.obj
 0001:0002b180       ??_GdgRefCounter@@MEAAPEAXI@Z 000000018002c180 f i physics:dgMeshEffect.obj
 0001:0002b180       ??_EdgRefCounter@@MEAAPEAXI@Z 000000018002c180 f i  CIL library: CIL module
 0001:0002b1b0       ??0dgMeshEffect@@QEAA@QEAVdgMemoryAllocator@@QEBNHHN@Z 000000018002c1b0 f   physics:dgMeshEffect2.obj
 0001:0002b6e0       ??1dgEdgeMap@Tetrahedralization@@QEAA@XZ 000000018002c6e0 f i physics:dgMeshEffect2.obj
 0001:0002b7c0       ??1Tetrahedralization@@UEAA@XZ 000000018002c7c0 f i physics:dgMeshEffect2.obj
 0001:0002b850       ?RecoverEdges@Tetrahedralization@@QEAAXXZ 000000018002c850 f i physics:dgMeshEffect2.obj
 0001:0002bf90       ?RemoveDegeneratedTetras@Tetrahedralization@@QEAAXXZ 000000018002cf90 f i physics:dgMeshEffect2.obj
 0001:0002c310       ?MatchFace@Tetrahedralization@@QEBA_NAEAVdgMeshEffect@@QEAVdgEdge@@H@Z 000000018002d310 f i physics:dgMeshEffect2.obj
 0001:0002c5c0       ?RecoverFace@Tetrahedralization@@QEBAXAEAVdgMeshEffect@@QEAVdgEdge@@HHAEAV?$dgTree@PEAVdgEdge@@PEAV1@@@@Z 000000018002d5c0 f i physics:dgMeshEffect2.obj
 0001:0002cbc0       ?ConvexCompareIndex@Tetrahedralization@@SAHQEBVdgIndexMapPair@1@0QEAX@Z 000000018002dbc0 f i physics:dgMeshEffect2.obj
 0001:0002cbe0       ?CreateIndexMap@Tetrahedralization@@QEAAXXZ 000000018002dbe0 f i physics:dgMeshEffect2.obj
 0001:0002ccf0       ?InsertNewNode@Tetrahedralization@@QEAAXHHQEAVdgListNode@?$dgList@VdgConvexHull4dTetraherum@@@@@Z 000000018002dcf0 f i physics:dgMeshEffect2.obj
 0001:0002ce40       ?AddEdges@Tetrahedralization@@QEAAXQEAVdgListNode@?$dgList@VdgConvexHull4dTetraherum@@@@@Z 000000018002de40 f i physics:dgMeshEffect2.obj
 0001:0002ced0       ?RemoveNode@Tetrahedralization@@QEAAXHHQEAVdgListNode@?$dgList@VdgConvexHull4dTetraherum@@@@@Z 000000018002ded0 f i physics:dgMeshEffect2.obj
 0001:0002d0d0       ?AddFace@Tetrahedralization@@UEAAPEAVdgListNode@?$dgList@VdgConvexHull4dTetraherum@@@@HHHH@Z 000000018002e0d0 f i physics:dgMeshEffect2.obj
 0001:0002d110       ?DeleteFace@Tetrahedralization@@UEAAXQEAVdgListNode@?$dgList@VdgConvexHull4dTetraherum@@@@@Z 000000018002e110 f i physics:dgMeshEffect2.obj
 0001:0002d230       ?RecoverFaces@Tetrahedralization@@QEAAXXZ 000000018002e230 f i physics:dgMeshEffect2.obj
 0001:0002d870       ??_GTetrahedralization@@UEAAPEAXI@Z 000000018002e870 f i physics:dgMeshEffect2.obj
 0001:0002d870       ??_ETetrahedralization@@UEAAPEAXI@Z 000000018002e870 f i  CIL library: CIL module
 0001:0002d8b0       ?CreateConvexApproximationCollision@dgMeshEffect@@QEBAPEAVdgCollision@@QEAVdgWorld@@HHH@Z 000000018002e8b0 f   physics:dgMeshEffect2.obj
 0001:0002e390       ?Scale4@?$dgTemplateVector@N@@QEBA?AV1@N@Z 000000018002f390 f i physics:dgMeshEffect2.obj
 0001:0002e3d0       ?Add4@?$dgTemplateVector@N@@QEBA?AV1@AEBV1@@Z 000000018002f3d0 f i physics:dgMeshEffect2.obj
 0001:0002e420       ?Append@?$dgList@PEAVdgTreeNode@?$dgTree@VdgEdge@@_J@@@@QEAAPEAVdgListNode@1@AEBQEAVdgTreeNode@?$dgTree@VdgEdge@@_J@@@Z 000000018002f420 f i physics:dgMeshEffect2.obj
 0001:0002e420       ?Append@?$dgList@PEAVdgMemoryAllocator@@@@QEAAPEAVdgListNode@1@AEBQEAVdgMemoryAllocator@@@Z 000000018002f420 f i corelib:dgMemory.obj
 0001:0002e420       ?Append@?$dgList@PEAVdgListNode@?$dgList@VdgConvexHull4dTetraherum@@@@@@QEAAPEAVdgListNode@1@AEBQEAV2?$dgList@VdgConvexHull4dTetraherum@@@@@Z 000000018002f420 f i physics:dgMeshEffect2.obj
 0001:0002e420       ?Append@?$dgList@PEAVdgContact@@@@QEAAPEAVdgListNode@1@AEBQEAVdgContact@@@Z 000000018002f420 f i physics:dgContact.obj
 0001:0002e4e0       ??$dgSort@VdgIndexMapPair@Tetrahedralization@@@@YAXQEAVdgIndexMapPair@Tetrahedralization@@HP6AHQEBV01@1QEAX@Z2@Z 000000018002f4e0 f i physics:dgMeshEffect2.obj
 0001:0002e630       ?Resize@?$dgArray@VdgIndexMapPair@Tetrahedralization@@@@QEBAXH@Z 000000018002f630 f i physics:dgMeshEffect2.obj
 0001:0002e790       ?Resize@?$dgArray@VdgHullVector@@@@QEBAXH@Z 000000018002f790 f i physics:dgMeshEffect2.obj
 0001:0002e950       ?Resize@?$dgArray@VdgVector@@@@QEBAXH@Z 000000018002f950 f i physics:dgMeshEffect2.obj
 0001:0002eaf0       ?IsBilateral@dgConstraint@@MEBA_NXZ 000000018002faf0 f i physics:dgConstraint.obj
 0001:0002eaf0       ?IsTriggerVolume@dgCollision@@UEBA_NXZ 000000018002faf0 f i physics:dgCollisionCompoundBreakable.obj
 0001:0002eaf0       ?IsBilateral@dgUpVectorConstraint@@UEBA_NXZ 000000018002faf0 f i physics:dgUpVectorConstraint.obj
 0001:0002eb00       ??_GdgCollisionConvexIntance@dgCollisionCompoundBreakable@@UEAAPEAXI@Z 000000018002fb00 f i physics:dgCollisionCompoundBreakable.obj
 0001:0002eb00       ??_EdgCollisionConvexIntance@dgCollisionCompoundBreakable@@UEAAPEAXI@Z 000000018002fb00 f i  CIL library: CIL module
 0001:0002eb40       ??0dgCollisionConvexIntance@dgCollisionCompoundBreakable@@QEAA@AEBV01@PEAVdgListNode@?$dgList@V?$dgGraphNode@VdgDebriNodeInfo@dgCollisionCompoundBreakable@@VdgSharedNodeMesh@2@@@@@@Z 000000018002fb40 f   physics:dgCollisionCompoundBreakable.obj
 0001:0002ec40       ??0dgCollisionConvexIntance@dgCollisionCompoundBreakable@@QEAA@QEAVdgWorld@@P6AXPEAX1_K@ZQEAX@Z 000000018002fc40 f   physics:dgCollisionCompoundBreakable.obj
 0001:0002ed20       ??1dgCollisionConvexIntance@dgCollisionCompoundBreakable@@UEAA@XZ 000000018002fd20 f   physics:dgCollisionCompoundBreakable.obj
 0001:0002ed90       ?GetVolume@dgCollisionConvexIntance@dgCollisionCompoundBreakable@@MEBANXZ 000000018002fd90 f   physics:dgCollisionCompoundBreakable.obj
 0001:0002eda0       ?OOBBTest@dgCollisionConvexIntance@dgCollisionCompoundBreakable@@MEBA_NAEBVdgMatrix@@QEBVdgConvexCollision@@QEAX@Z 000000018002fda0 f   physics:dgCollisionCompoundBreakable.obj
 0001:0002edb0       ?SupportVertex@dgCollisionConvexIntance@dgCollisionCompoundBreakable@@MEBA?AVdgVector@@AEBV3@@Z 000000018002fdb0 f   physics:dgCollisionCompoundBreakable.obj
 0001:0002edd0       ?SupportVertexSimd@dgCollisionConvexIntance@dgCollisionCompoundBreakable@@MEBA?AVdgVector@@AEBV3@@Z 000000018002fdd0 f   physics:dgCollisionCompoundBreakable.obj
 0001:0002ee00       ?CalcAABB@dgCollisionConvexIntance@dgCollisionCompoundBreakable@@MEBAXAEBVdgMatrix@@AEAVdgVector@@1@Z 000000018002fe00 f   physics:dgCollisionCompoundBreakable.obj
 0001:0002ee10       ?CalcAABBSimd@dgCollisionConvexIntance@dgCollisionCompoundBreakable@@MEBAXAEBVdgMatrix@@AEAVdgVector@@1@Z 000000018002fe10 f   physics:dgCollisionCompoundBreakable.obj
 0001:0002ee20       ?DebugCollision@dgCollisionConvexIntance@dgCollisionCompoundBreakable@@MEBAXAEBVdgMatrix@@P6AXPEAXHPEBNH@ZQEAX@Z 000000018002fe20 f   physics:dgCollisionCompoundBreakable.obj
 0001:0002ee30       ?RayCast@dgCollisionConvexIntance@dgCollisionCompoundBreakable@@MEBANAEBVdgVector@@0AEAVdgContactPoint@@P6AIQEBVdgBody@@QEBVdgCollision@@QEAX@Z24@Z 000000018002fe30 f   physics:dgCollisionCompoundBreakable.obj
 0001:0002ee70       ?RayCastSimd@dgCollisionConvexIntance@dgCollisionCompoundBreakable@@MEBANAEBVdgVector@@0AEAVdgContactPoint@@P6AIQEBVdgBody@@QEBVdgCollision@@QEAX@Z24@Z 000000018002fe70 f   physics:dgCollisionCompoundBreakable.obj
 0001:0002eeb0       ?CalculateVolumeIntegral@dgCollisionConvexIntance@dgCollisionCompoundBreakable@@MEBA?AVdgVector@@AEBVdgMatrix@@P6AIPEAX10AEAVdgPlane@@@ZQEAX@Z 000000018002feb0 f   physics:dgCollisionCompoundBreakable.obj
 0001:0002eee0       ?SetCollisionBBox@dgCollisionConvexIntance@dgCollisionCompoundBreakable@@EEAAXAEBVdgVector@@0@Z 000000018002fee0 f   physics:dgCollisionCompoundBreakable.obj
 0001:0002eef0       ?GetBoxMinRadius@dgCollisionConvexIntance@dgCollisionCompoundBreakable@@EEBANXZ 000000018002fef0 f   physics:dgCollisionCompoundBreakable.obj
 0001:0002ef00       ?GetBoxMaxRadius@dgCollisionConvexIntance@dgCollisionCompoundBreakable@@EEBANXZ 000000018002ff00 f   physics:dgCollisionCompoundBreakable.obj
 0001:0002ef10       ?CalculatePlaneIntersection@dgCollisionConvexIntance@dgCollisionCompoundBreakable@@EEBAHAEBVdgVector@@0QEAV3@@Z 000000018002ff10 f   physics:dgCollisionCompoundBreakable.obj
 0001:0002ef30       ?CalculatePlaneIntersectionSimd@dgCollisionConvexIntance@dgCollisionCompoundBreakable@@EEBAHAEBVdgVector@@0QEAV3@@Z 000000018002ff30 f   physics:dgCollisionCompoundBreakable.obj
 0001:0002ef50       ?GetCollisionInfo@dgCollisionConvexIntance@dgCollisionCompoundBreakable@@EEBAXPEAVdgCollisionInfo@@@Z 000000018002ff50 f   physics:dgCollisionCompoundBreakable.obj
 0001:0002ef70       ?Serialize@dgCollisionConvexIntance@dgCollisionCompoundBreakable@@EEBAXP6AXPEAXPEBX_K@ZQEAX@Z 000000018002ff70 f   physics:dgCollisionCompoundBreakable.obj
 0001:0002eff0       ?SetBreakImpulse@dgCollisionConvexIntance@dgCollisionCompoundBreakable@@EEAAXN@Z 000000018002fff0 f   physics:dgCollisionCompoundBreakable.obj
 0001:0002f000       ?GetBreakImpulse@dgCollisionConvexIntance@dgCollisionCompoundBreakable@@EEBANXZ 0000000180030000 f   physics:dgCollisionCompoundBreakable.obj
 0001:0002f010       ??_EdgVertexBuffer@dgCollisionCompoundBreakable@@UEAAPEAXI@Z 0000000180030010 f i  CIL library: CIL module
 0001:0002f010       ??_GdgVertexBuffer@dgCollisionCompoundBreakable@@UEAAPEAXI@Z 0000000180030010 f i physics:dgCollisionCompoundBreakable.obj
 0001:0002f080       ??0dgVertexBuffer@dgCollisionCompoundBreakable@@QEAA@QEAVdgMemoryAllocator@@P6AXPEAX1_K@ZQEAX@Z 0000000180030080 f   physics:dgCollisionCompoundBreakable.obj
 0001:0002f160       ?Serialize@dgVertexBuffer@dgCollisionCompoundBreakable@@QEBAXP6AXPEAXPEBX_K@ZQEAX@Z 0000000180030160 f   physics:dgCollisionCompoundBreakable.obj
 0001:0002f1f0       ?GetVertexStreams@dgVertexBuffer@dgCollisionCompoundBreakable@@QEBAXHPEANH0H0@Z 00000001800301f0 f   physics:dgCollisionCompoundBreakable.obj
 0001:0002f350       ??_EdgMesh@dgCollisionCompoundBreakable@@UEAAPEAXI@Z 0000000180030350 f i  CIL library: CIL module
 0001:0002f350       ??_GdgMesh@dgCollisionCompoundBreakable@@UEAAPEAXI@Z 0000000180030350 f i physics:dgCollisionCompoundBreakable.obj
 0001:0002f3a0       ??0dgMesh@dgCollisionCompoundBreakable@@QEAA@QEAVdgMemoryAllocator@@P6AXPEAX1_K@ZQEAX@Z 00000001800303a0 f   physics:dgCollisionCompoundBreakable.obj
 0001:0002f540       ?Serialize@dgMesh@dgCollisionCompoundBreakable@@QEBAXP6AXPEAXPEBX_K@ZQEAX@Z 0000000180030540 f   physics:dgCollisionCompoundBreakable.obj
 0001:0002f600       ??0dgDebriGraph@dgCollisionCompoundBreakable@@QEAA@QEAVdgMemoryAllocator@@P6AXPEAX1_K@ZQEAX@Z 0000000180030600 f   physics:dgCollisionCompoundBreakable.obj
 0001:0002f930       ??0dgDebriGraph@dgCollisionCompoundBreakable@@QEAA@AEBV01@@Z 0000000180030930 f   physics:dgCollisionCompoundBreakable.obj
 0001:0002fc50       ?Serialize@dgDebriGraph@dgCollisionCompoundBreakable@@QEBAXP6AXPEAXPEBX_K@ZQEAX@Z 0000000180030c50 f   physics:dgCollisionCompoundBreakable.obj
 0001:0002ff90       ??0dgCollisionCompoundBreakable@@QEAA@HQEBQEBVdgMeshEffect@@QEBHQEBN1HNPEAVdgWorld@@@Z 0000000180030f90 f   physics:dgCollisionCompoundBreakable.obj
 0001:00030e20       ??_GdgCollisionCompoundBreakable@@UEAAPEAXI@Z 0000000180031e20 f i physics:dgCollisionCompoundBreakable.obj
 0001:00030e20       ??_EdgCollisionCompoundBreakable@@UEAAPEAXI@Z 0000000180031e20 f i  CIL library: CIL module
 0001:00030e60       ??0dgCollisionCompoundBreakable@@QEAA@AEBV0@@Z 0000000180031e60 f   physics:dgCollisionCompoundBreakable.obj
 0001:000312b0       ??0dgCollisionCompoundBreakable@@QEAA@QEAVdgWorld@@P6AXPEAX1_K@ZQEAX@Z 00000001800322b0 f   physics:dgCollisionCompoundBreakable.obj
 0001:000314c0       ??1dgCollisionCompoundBreakable@@UEAA@XZ 00000001800324c0 f   physics:dgCollisionCompoundBreakable.obj
 0001:00031540       ?Serialize@dgCollisionCompoundBreakable@@EEBAXP6AXPEAXPEBX_K@ZQEAX@Z 0000000180032540 f   physics:dgCollisionCompoundBreakable.obj
 0001:00031610       ?GetCollisionInfo@dgCollisionCompoundBreakable@@EEBAXPEAVdgCollisionInfo@@@Z 0000000180032610 f   physics:dgCollisionCompoundBreakable.obj
 0001:000316a0       ?GetSegmentIndexStreamShort@dgCollisionCompoundBreakable@@QEBAHQEAVdgListNode@?$dgList@V?$dgGraphNode@VdgDebriNodeInfo@dgCollisionCompoundBreakable@@VdgSharedNodeMesh@2@@@@@PEAV2?$dgList@VdgSubMesh@dgCollisionCompoundBreakable@@@@QEAF@Z 00000001800326a0 f   physics:dgCollisionCompoundBreakable.obj
 0001:00031770       ?GetSegmentIndexStream@dgCollisionCompoundBreakable@@QEBAHQEAVdgListNode@?$dgList@V?$dgGraphNode@VdgDebriNodeInfo@dgCollisionCompoundBreakable@@VdgSharedNodeMesh@2@@@@@PEAV2?$dgList@VdgSubMesh@dgCollisionCompoundBreakable@@@@QEAH@Z 0000000180032770 f   physics:dgCollisionCompoundBreakable.obj
 0001:00031840       ?GetSegmentsInRadius@dgCollisionCompoundBreakable@@QEAAHAEBVdgVector@@NPEAPEAVdgListNode@?$dgList@V?$dgGraphNode@VdgDebriNodeInfo@dgCollisionCompoundBreakable@@VdgSharedNodeMesh@2@@@@@H@Z 0000000180032840 f   physics:dgCollisionCompoundBreakable.obj
 0001:00031a70       ?EnumerateIslands@dgCollisionCompoundBreakable@@QEAAXXZ 0000000180032a70 f   physics:dgCollisionCompoundBreakable.obj
 0001:00031b90       ?SetAnchoredParts@dgCollisionCompoundBreakable@@QEAAXHQEBVdgMatrix@@PEAPEBVdgCollision@@@Z 0000000180032b90 f   physics:dgCollisionCompoundBreakable.obj
 0001:00031ec0       ?DeleteComponent@dgCollisionCompoundBreakable@@QEAAXPEAVdgListNode@?$dgList@V?$dgGraphNode@VdgDebriNodeInfo@dgCollisionCompoundBreakable@@VdgSharedNodeMesh@2@@@@@@Z 0000000180032ec0 f   physics:dgCollisionCompoundBreakable.obj
 0001:00032120       ?DeleteComponentEnd@dgCollisionCompoundBreakable@@QEAAXXZ 0000000180033120 f   physics:dgCollisionCompoundBreakable.obj
 0001:000325c0       ?Append@?$dgList@VdgSubMesh@dgCollisionCompoundBreakable@@@@QEAAPEAVdgListNode@1@AEBVdgSubMesh@dgCollisionCompoundBreakable@@@Z 00000001800335c0 f i physics:dgCollisionCompoundBreakable.obj
 0001:000326b0       ?DeleteNode@?$dgGraph@VdgDebriNodeInfo@dgCollisionCompoundBreakable@@VdgSharedNodeMesh@2@@@QEAAXQEAVdgListNode@?$dgList@V?$dgGraphNode@VdgDebriNodeInfo@dgCollisionCompoundBreakable@@VdgSharedNodeMesh@2@@@@@@Z 00000001800336b0 f i physics:dgCollisionCompoundBreakable.obj
 0001:00032780       ?DeleteEdge@?$dgGraphNode@VdgDebriNodeInfo@dgCollisionCompoundBreakable@@VdgSharedNodeMesh@2@@@QEAAXQEAVdgListNode@?$dgList@V?$dgGraphEdge@VdgDebriNodeInfo@dgCollisionCompoundBreakable@@VdgSharedNodeMesh@2@@@@@@Z 0000000180033780 f i physics:dgCollisionCompoundBreakable.obj
 0001:00032880       ?Resize@?$dgArray@VdgFlatVertex@dgCollisionCompoundBreakable@@@@QEBAXH@Z 0000000180033880 f i physics:dgCollisionCompoundBreakable.obj
 0001:00032a00       ?RemoveAll@?$dgList@VdgSubMesh@dgCollisionCompoundBreakable@@@@QEAAXXZ 0000000180033a00 f i physics:dgCollisionCompoundBreakable.obj
 0001:00032ab0       ?Append@?$dgList@V?$dgGraphNode@VdgDebriNodeInfo@dgCollisionCompoundBreakable@@VdgSharedNodeMesh@2@@@@@QEAAPEAVdgListNode@1@XZ 0000000180033ab0 f i physics:dgCollisionCompoundBreakable.obj
 0001:00032b90       ?Remove@?$dgList@V?$dgGraphNode@VdgDebriNodeInfo@dgCollisionCompoundBreakable@@VdgSharedNodeMesh@2@@@@@QEAAXQEAVdgListNode@1@@Z 0000000180033b90 f i physics:dgCollisionCompoundBreakable.obj
 0001:00032c30       ?RemoveAll@?$dgList@V?$dgGraphNode@VdgDebriNodeInfo@dgCollisionCompoundBreakable@@VdgSharedNodeMesh@2@@@@@QEAAXXZ 0000000180033c30 f i physics:dgCollisionCompoundBreakable.obj
 0001:00032d60       ?RemoveAll@?$dgList@VdgBodyMasterListCell@@@@QEAAXXZ 0000000180033d60 f i physics:dgBodyMasterList.obj
 0001:00032d60       ?RemoveAll@?$dgList@V?$dgGraphEdge@VdgDebriNodeInfo@dgCollisionCompoundBreakable@@VdgSharedNodeMesh@2@@@@@QEAAXXZ 0000000180033d60 f i physics:dgCollisionCompoundBreakable.obj
 0001:00032de0       ??0dgCollisionConvexHull@@QEAA@QEAVdgMemoryAllocator@@IHHNPEBNAEBVdgMatrix@@@Z 0000000180033de0 f   physics:dgCollisionConvexHull.obj
 0001:00033250       ??_EdgCollisionConvexHull@@UEAAPEAXI@Z 0000000180034250 f i  CIL library: CIL module
 0001:00033250       ??_GdgCollisionConvexHull@@UEAAPEAXI@Z 0000000180034250 f i physics:dgCollisionConvexHull.obj
 0001:00033290       ??0dgCollisionConvexHull@@QEAA@QEAVdgWorld@@P6AXPEAX1_K@ZQEAX@Z 0000000180034290 f   physics:dgCollisionConvexHull.obj
 0001:000334c0       ??1dgCollisionConvexHull@@UEAA@XZ 00000001800344c0 f   physics:dgCollisionConvexHull.obj
 0001:00033540       ?FaceNormal@dgCollisionConvexHull@@AEBA?AVdgBigVector@@PEBVdgEdge@@QEBVdgVector@@@Z 0000000180034540 f   physics:dgCollisionConvexHull.obj
 0001:000337a0       ?RemoveCoplanarEdge@dgCollisionConvexHull@@AEBA_NAEAVdgPolyhedra@@QEAVdgVector@@@Z 00000001800347a0 f   physics:dgCollisionConvexHull.obj
 0001:00033de0       ?CheckConvex@dgCollisionConvexHull@@AEBA_NAEAVdgPolyhedra@@PEBVdgVector@@@Z 0000000180034de0 f   physics:dgCollisionConvexHull.obj
 0001:000342c0       ?Create@dgCollisionConvexHull@@AEAA_NHHQEBNN@Z 00000001800352c0 f   physics:dgCollisionConvexHull.obj
 0001:00034aa0       ?SetBreakImpulse@dgCollisionConvexHull@@EEAAXN@Z 0000000180035aa0 f   physics:dgCollisionConvexHull.obj
 0001:00034ab0       ?DebugCollision@dgCollisionConvexHull@@EEBAXAEBVdgMatrix@@P6AXPEAXHPEBNH@ZQEAX@Z 0000000180035ab0 f   physics:dgCollisionConvexHull.obj
 0001:00034c20       ?GetCollisionInfo@dgCollisionConvexHull@@EEBAXPEAVdgCollisionInfo@@@Z 0000000180035c20 f   physics:dgCollisionConvexHull.obj
 0001:00034cd0       ?Serialize@dgCollisionConvexHull@@EEBAXP6AXPEAXPEBX_K@ZQEAX@Z 0000000180035cd0 f   physics:dgCollisionConvexHull.obj
 0001:00034e70       ?OOBBTest@dgCollisionConvexHull@@EEBA_NAEBVdgMatrix@@QEBVdgConvexCollision@@QEAX@Z 0000000180035e70 f   physics:dgCollisionConvexHull.obj
 0001:00035440       ??0dgCollisionConvexPolygon@dgCollisionMesh@@QEAA@QEAVdgMemoryAllocator@@@Z 0000000180036440 f   physics:dgCollisionMesh.obj
 0001:00035510       ?CalculateSignature@dgCollisionConvexPolygon@dgCollisionMesh@@UEBAHXZ 0000000180036510 f   physics:dgCollisionMesh.obj
 0001:00035520       ?OOBBTest@dgCollisionConvexPolygon@dgCollisionMesh@@UEBA_NAEBVdgMatrix@@QEBVdgConvexCollision@@QEAX@Z 0000000180036520 f   physics:dgCollisionMesh.obj
 0001:00035520       ?OOBBTest@dgCollisionMesh@@EEBA_NAEBVdgMatrix@@QEBVdgConvexCollision@@QEAX@Z 0000000180036520 f   physics:dgCollisionMesh.obj
 0001:00035520       ?OOBBTest@dgCollisionConvexModifier@@MEBA_NAEBVdgMatrix@@QEBVdgConvexCollision@@QEAX@Z 0000000180036520 f   physics:dgCollisionConvexModifier.obj
 0001:00035520       ?OOBBTest@dgCollisionCompound@@MEBA_NAEBVdgMatrix@@QEBVdgConvexCollision@@QEAX@Z 0000000180036520 f   physics:dgCollisionCompound.obj
 0001:00035520       ?OOBBTest@dgCollisionScene@@EEBA_NAEBVdgMatrix@@QEBVdgConvexCollision@@QEAX@Z 0000000180036520 f   physics:dgCollisionScene.obj
 0001:00035520       ?IsBilateral@dgBilateralConstraint@@MEBA_NXZ 0000000180036520 f   physics:dgBilateralConstraint.obj
 0001:00035530       ?SupportVertex@dgCollisionConvexPolygon@dgCollisionMesh@@UEBA?AVdgVector@@AEBV3@@Z 0000000180036530 f   physics:dgCollisionMesh.obj
 0001:00035610       ?CalculateNormal@dgCollisionConvexPolygon@dgCollisionMesh@@QEAAXXZ 0000000180036610 f   physics:dgCollisionMesh.obj
 0001:000357d0       ?QuickTestContinue@dgCollisionConvexPolygon@dgCollisionMesh@@QEAAHPEBVdgConvexCollision@@AEBVdgMatrix@@@Z 00000001800367d0 f   physics:dgCollisionMesh.obj
[...]
 0003:000010c0       _pctype                    00000001800c60c0     LIBCMT:ctype.obj
 0003:000010c8       _pwctype                   00000001800c60c8     LIBCMT:ctype.obj
 0003:000010d0       __lc_time_c                00000001800c60d0     LIBCMT:strftime.obj
 0003:00001238       __lc_time_curr             00000001800c6238     LIBCMT:strftime.obj
 0003:00001240       __lconv_static_decimal     00000001800c6240     LIBCMT:lconv.obj
 0003:00001250       __lconv_c                  00000001800c6250     LIBCMT:lconv.obj
 0003:000012a8       __lconv                    00000001800c62a8     LIBCMT:lconv.obj
 0003:000012b0       __mb_cur_max               00000001800c62b0     LIBCMT:nlsdata1.obj
 0003:000012b4       __decimal_point            00000001800c62b4     LIBCMT:nlsdata1.obj
 0003:000012b8       __decimal_point_length     00000001800c62b8     LIBCMT:nlsdata1.obj
 0003:000012d0       _timezone                  00000001800c62d0     LIBCMT:timeset.obj
 0003:000012d4       _daylight                  00000001800c62d4     LIBCMT:timeset.obj
 0003:000012d8       _dstbias                   00000001800c62d8     LIBCMT:timeset.obj
 0003:00001360       _tzname                    00000001800c6360     LIBCMT:timeset.obj
 0003:00001390       _coninpfh                  00000001800c6390     LIBCMT:initcon.obj
 0003:00001398       _confh                     00000001800c6398     LIBCMT:initcon.obj
 0003:000013a0       _lpdays                    00000001800c63a0     LIBCMT:days.obj
 0003:000013d8       _days                      00000001800c63d8     LIBCMT:days.obj
 0003:00001410       ?mult@dgPolyhedraMassProperties@@0PANA 00000001800c6410     corelib:dgPolyhedraMassProperties.obj
 0003:00001880       ?m_faceIndex@dgContactSolver@@2PAY03HA 00000001800c6880     physics:dgMinkowskiConv.obj
 0003:000018c0       ?m_edgeArray@dgCollisionBox@@1PAVdgConvexSimplexEdge@@A 00000001800c68c0     physics:dgCollisionBox.obj
 0003:00001bc0       ?m_rayCastSimplex@dgConvexCollision@@1PAY03HA 00000001800c6bc0     physics:dgConvexCollision.obj
 0003:00001c00       ?m_hullDirs@dgConvexCollision@@1PAVdgTriplex@@A 00000001800c6c00     physics:dgConvexCollision.obj
 0003:00001d60       ?m_negOne@dgConvexCollision@@1VdgVector@@A 00000001800c6d60     physics:dgConvexCollision.obj
 0003:00001d80       ?m_nrh0p5@dgConvexCollision@@1VdgVector@@A 00000001800c6d80     physics:dgConvexCollision.obj
 0003:00001da0       ?m_nrh3p0@dgConvexCollision@@1VdgVector@@A 00000001800c6da0     physics:dgConvexCollision.obj
 0003:00001dc0       ?m_indexStep@dgConvexCollision@@1VdgVector@@A 00000001800c6dc0     physics:dgConvexCollision.obj
 0003:00001de0       ?m_index_0123@dgConvexCollision@@1VdgVector@@A 00000001800c6de0     physics:dgConvexCollision.obj
 0003:00001e00       ?m_index_4567@dgConvexCollision@@1VdgVector@@A 00000001800c6e00     physics:dgConvexCollision.obj
 0003:00001e20       ?m_huge@dgConvexCollision@@1VdgVector@@A 00000001800c6e20     physics:dgConvexCollision.obj
 0003:00001e40       ?m_negativeTiny@dgConvexCollision@@1VdgVector@@A 00000001800c6e40     physics:dgConvexCollision.obj
 0003:00001e60       ?m_aabb_padd@dgConvexCollision@@1VdgVector@@A 00000001800c6e60     physics:dgConvexCollision.obj
 0003:00001e80       ?m_globalAllocator@dgGlobalAllocator@@2V1@A 00000001800c6e80     corelib:dgMemory.obj
 0003:00001fc4       _fltused                   00000001800c6fc4     LIBCMT:_fpinit_.obj
 0003:00001fc8       _ldused                    00000001800c6fc8     LIBCMT:_fpinit_.obj
 0003:00002400       ?dazSupported@?1??_control87@@9@9 00000001800c7400     LIBCMT:_ieee_.obj
 0003:000025e0       _matherr_flag              00000001800c75e0     LIBCMT:_matherr_.obj
 0003:00002620       _d_inf                     00000001800c7620     LIBCMT:_util_.obj
 0003:00002628       _d_ind                     00000001800c7628     LIBCMT:_util_.obj
 0003:00002630       _d_max                     00000001800c7630     LIBCMT:_util_.obj
 0003:00002638       _d_min                     00000001800c7638     LIBCMT:_util_.obj
 0003:00002640       _d_mzero                   00000001800c7640     LIBCMT:_util_.obj
 0003:00002650       _pow10pos                  00000001800c7650     LIBCMT:_constpow_.obj
 0003:000027b0       _pow10neg                  00000001800c77b0     LIBCMT:_constpow_.obj
 0003:00002924       __error_mode               00000001800c7924     LIBCMT:dllcrt0.obj
 0003:00002928       _aenvptr                   00000001800c7928     LIBCMT:dllcrt0.obj
 0003:00002930       _wenvptr                   00000001800c7930     LIBCMT:dllcrt0.obj
 0003:00002938       __app_type                 00000001800c7938     LIBCMT:dllcrt0.obj
 0003:00002940       _crtheap                   00000001800c7940     LIBCMT:heapinit.obj
 0003:00002948       _umaskval                  00000001800c7948     LIBCMT:crt0dat.obj
 0003:0000294c       __argc                     00000001800c794c     LIBCMT:crt0dat.obj
 0003:00002950       __argv                     00000001800c7950     LIBCMT:crt0dat.obj
 0003:00002958       __wargv                    00000001800c7958     LIBCMT:crt0dat.obj
 0003:00002960       _environ                   00000001800c7960     LIBCMT:crt0dat.obj
 0003:00002968       __initenv                  00000001800c7968     LIBCMT:crt0dat.obj
 0003:00002970       _wenviron                  00000001800c7970     LIBCMT:crt0dat.obj
 0003:00002978       __winitenv                 00000001800c7978     LIBCMT:crt0dat.obj
 0003:00002980       _pgmptr                    00000001800c7980     LIBCMT:crt0dat.obj
 0003:00002988       _wpgmptr                   00000001800c7988     LIBCMT:crt0dat.obj
 0003:00002990       _exitflag                  00000001800c7990     LIBCMT:crt0dat.obj
 0003:00002994       _C_Termination_Done        00000001800c7994     LIBCMT:crt0dat.obj
 0003:00002998       _C_Exit_Done               00000001800c7998     LIBCMT:crt0dat.obj
 0003:00002cb8       ?_pnhHeap@@3P6AH_K@ZEA     00000001800c7cb8     LIBCMT:handler.obj
 0003:00002cc0       _newmode                   00000001800c7cc0     LIBCMT:_newmode.obj
 0003:00002cc4       _maxwait                   00000001800c7cc4     LIBCMT:crtheap.obj
 0003:00002de0       __pInvalidArgHandler       00000001800c7de0     LIBCMT:invarg.obj
 0003:00002df0       __pPurecall                00000001800c7df0     LIBCMT:inithelp.obj
 0003:00003030       ?__pInconsistency@@3P6AXXZEA 00000001800c8030     LIBCMT:hooks.obj
 0003:00003098       __locale_changed           00000001800c8098     LIBCMT:setlocal.obj
 0003:000030a0       __lc_handle                00000001800c80a0     LIBCMT:nlsdata2.obj
 0003:000030b8       __lc_codepage              00000001800c80b8     LIBCMT:nlsdata2.obj
 0003:000030bc       __lc_collate_cp            00000001800c80bc     LIBCMT:nlsdata2.obj
 0003:000030c8       __mbulinfo                 00000001800c80c8     LIBCMT:mbctype.obj
 0003:000030d4       __mbcodepage               00000001800c80d4     LIBCMT:mbctype.obj
 0003:000030d8       __ismbcodepage             00000001800c80d8     LIBCMT:mbctype.obj
 0003:000030dc       __mblcid                   00000001800c80dc     LIBCMT:mbctype.obj
 0003:000030e0       _cflush                    00000001800c80e0     LIBCMT:_file.obj
 0003:000030f0       __lconv_static_null        00000001800c80f0     LIBCMT:lconv.obj
 0003:00003100       _stdbuf                    00000001800c8100     LIBCMT:_sftbuf.obj
 0003:00003744       __@@_PchSym_@00@UmvdglmPCAAUDworyUgllohUmvdglmUkilqvxgPehCAAIUcGEUmvdglmUivovzhvPCAAJPwlfyovPwooUmvdglmxozhhOlyq@ 00000001800c8744     NewtonClass.obj
 0003:00003748       __@@_PchSym_@00@UmvdglmPCAAUDworyUgllohUmvdglmUkilqvxgPehCAAIUcGEUksbhrxhUivovzhvPCAAJPwlfyovPwooUwtdliowOlyq@ 00000001800c8748     physics:dgWorld.obj
 0003:0000374c       __@@_PchSym_@00@UmvdglmPCAAUDworyUgllohUmvdglmUkilqvxgPehCAAIUcGEUxlivoryUivovzhvPCAAJPwlfyovPwooUwtgbkvhOlyq@ 00000001800c874c     corelib:dgTypes.obj
 0003:00003750       ?m_edgeArray@dgCollisionSphere@@1PAVdgConvexSimplexEdge@@A 00000001800c8750     physics:dgCollisionSphere.obj
 0003:00004350       ?m_edgeArray@dgCollisionCapsule@@0PAVdgConvexSimplexEdge@@A 00000001800c9350     physics:dgCollisionCapsule.obj
 0003:000059d0       ?m_edgeArray@dgCollisionCone@@0PAVdgConvexSimplexEdge@@A 00000001800ca9d0     physics:dgCollisionCone.obj
 0003:00005dd0       ?m_edgeArray@dgCollisionCylinder@@0PAVdgConvexSimplexEdge@@A 00000001800cadd0     physics:dgCollisionCylinder.obj
 0003:000063d0       ?m_edgeArray@dgCollisionChamferCylinder@@0PAVdgConvexSimplexEdge@@A 00000001800cb3d0     physics:dgCollisionChamferCylinder.obj
 0003:000075d0       ?m_shapeRefCount@dgCollisionSphere@@1HA 00000001800cc5d0     physics:dgCollisionSphere.obj
 0003:000075d4       ?m_iniliazised@dgConvexCollision@@1HA 00000001800cc5d4     physics:dgConvexCollision.obj
 0003:000075d8       ?m_shapeRefCount@dgCollisionCapsule@@0HA 00000001800cc5d8     physics:dgCollisionCapsule.obj
 0003:000075dc       ?m_shapeRefCount@dgCollisionCone@@0HA 00000001800cc5dc     physics:dgCollisionCone.obj
 0003:000075e0       ?m_shapeRefCount@dgCollisionCylinder@@0HA 00000001800cc5e0     physics:dgCollisionCylinder.obj
 0003:000075e4       ?m_shapeRefCount@dgCollisionChamferCylinder@@0HA 00000001800cc5e4     physics:dgCollisionChamferCylinder.obj
 0003:000075f0       ?m_zero@dgConvexCollision@@1VdgVector@@A 00000001800cc5f0     physics:dgConvexCollision.obj
 0003:00007610       ?m_signMask@dgConvexCollision@@1VdgVector@@A 00000001800cc610     physics:dgConvexCollision.obj
 0003:00007630       ?m_triplexMask@dgConvexCollision@@1VdgVector@@A 00000001800cc630     physics:dgConvexCollision.obj
 0003:000076f0       ?m_unitSphere@dgCollisionSphere@@1PAVdgVector@@A 00000001800cc6f0     physics:dgCollisionSphere.obj
 0003:00007930       ?m_multiResDir@dgConvexCollision@@1PAVdgVector@@A 00000001800cc930     physics:dgConvexCollision.obj
 0003:00007a30       ?m_multiResDir_sse@dgConvexCollision@@1PAVdgVector@@A 00000001800cca30     physics:dgConvexCollision.obj
 0003:00007af0       ?m_shapesDirs@dgCollisionChamferCylinder@@0PAVdgVector@@A 00000001800ccaf0     physics:dgCollisionChamferCylinder.obj
 0003:00007bf0       ?m_dir@dgContactSolver@@2PAVdgVector@@A 00000001800ccbf0     physics:dgMinkowskiConv.obj
 0003:00007eb0       __fastflag                 00000001800cceb0     LIBCMT:_fpinit_.obj
 0003:00007eb4       _outputformat              00000001800cceb4     LIBCMT:outputformat.obj
 0003:00007eb8       _debugger_hook_dummy       00000001800cceb8     <common>
 0003:00007ec0       __piob                     00000001800ccec0     <common>
 0003:00007ee0       _bufin                     00000001800ccee0     <common>
 0003:00008ee0       _nstream                   00000001800cdee0     <common>
 0003:00008ee8       _pDestructExceptionObject  00000001800cdee8     <common>
 0003:00008ef0       _nhandle                   00000001800cdef0     <common>
 0003:00008f00       __pioinfo                  00000001800cdf00     <common>
 0003:00009100       __env_initialized          00000001800ce100     <common>
 0003:00009108       __onexitend                00000001800ce108     <common>
 0003:00009110       __onexitbegin              00000001800ce110     <common>
 0003:00009118       __mbctype_initialized      00000001800ce118     <common>
 0003:00009120       __dyn_tls_init_callback    00000001800ce120     <common>
 0003:00009128       _acmdln                    00000001800ce128     <common>

 entry point at        0001:000a213c

 Static symbols

 0001:0000e3c0       ?CompareIslands@@YAHQEBVdgIsland@@0PEAX@Z 000000018000f3c0 f    CIL library: CIL module
 0001:000202a0       ?CompareContact@@YAHQEBVdgContactPoint@@0PEAX@Z 00000001800212a0 f    CIL library: CIL module
 0001:000812f0       ?MatchTwins@InternalPolyhedra@@YA_NPEAVdgPolyhedra@@@Z 00000001800822f0 f    CIL library: CIL module
 0001:000813f0       ?CloseOpenBounds@InternalPolyhedra@@YAXPEAVdgPolyhedra@@@Z 00000001800823f0 f    CIL library: CIL module
 0001:000815f0       ?NormalizeVertex@InternalPolyhedra@@YAXHQEAVdgTriplex@@QEBNH@Z 00000001800825f0 f    CIL library: CIL module
 0001:000817d0       ?EdgePlane@InternalPolyhedra@@YA?AVdgBigPlane@@HHHQEBVdgTriplex@@@Z 00000001800827d0 f    CIL library: CIL module
 0001:000819a0       ?UnboundedLoopPlane@InternalPolyhedra@@YA?AVdgBigPlane@@HHHQEBVdgTriplex@@@Z 00000001800829a0 f    CIL library: CIL module
 0001:00081c40       ?CalculateAllMetrics@InternalPolyhedra@@YAXPEBVdgPolyhedra@@QEAUVERTEX_METRIC_STRUCT@1@QEBVdgTriplex@@@Z 0000000180082c40 f    CIL library: CIL module
 0001:000820d0       ?BigFaceNormal@InternalPolyhedra@@YA?AVdgBigVector@@PEAVdgEdge@@QEBNH@Z 00000001800830d0 f    CIL library: CIL module
 0001:00082370       ?EdgePenalty@InternalPolyhedra@@YANAEBVdgPolyhedra@@QEBVdgTriplex@@PEAVdgEdge@@@Z 0000000180083370 f    CIL library: CIL module
 0001:00082b30       ?CalculateVertexMetrics@InternalPolyhedra@@YAXQEAUVERTEX_METRIC_STRUCT@1@QEBVdgTriplex@@PEAVdgEdge@@@Z 0000000180083b30 f    CIL library: CIL module
 0001:00082e20       ?RefineTriangulation@InternalPolyhedra@@YAXAEAVdgPolyhedra@@QEBNHQEAVdgVector@@HQEAPEAVdgEdge@@@Z 0000000180083e20 f    CIL library: CIL module
 0001:00083c80       ?FindEarTip@InternalPolyhedra@@YAPEAVdgEdge@@AEBVdgPolyhedra@@QEAV2@QEBNHAEAV?$dgDownHeap@PEAVdgEdge@@N@@AEBVdgVector@@@Z 0000000180084c80 f    CIL library: CIL module
 0001:000843c0       ?IsEssensialPointDiagonal@InternalPolyhedra@@YA_NQEAVdgEdge@@AEBVdgBigVector@@QEBNH@Z 00000001800853c0 f    CIL library: CIL module
 0001:00084670       ?MarkAdjacentCoplanarFaces@InternalPolyhedra@@YAXAEAVdgPolyhedra@@0QEAVdgEdge@@QEBNH@Z 0000000180085670 f    CIL library: CIL module
 0001:00084df0       ?RemoveColinearVertices@InternalPolyhedra@@YAXAEAVdgPolyhedra@@QEBNH@Z 0000000180085df0 f    CIL library: CIL module
 0001:00085360       ?RefineTriangulation@InternalPolyhedra@@YAXAEAVdgPolyhedra@@QEBNH@Z 0000000180086360 f    CIL library: CIL module
 0001:00085500       ?TriangulateFace@InternalPolyhedra@@YAPEAVdgEdge@@AEAVdgPolyhedra@@PEAV2@QEBNHAEAV?$dgDownHeap@PEAVdgEdge@@N@@QEAVdgVector@@@Z 0000000180086500 f    CIL library: CIL module
 0001:000859f0       ?OptimizeTriangulation@InternalPolyhedra@@YAXAEAVdgPolyhedra@@QEBNH@Z 00000001800869f0 f    CIL library: CIL module
 0001:00085d80       ?ConvexPartition@InternalPolyhedra@@YA_NAEAVdgPolyhedra@@QEBNH@Z 0000000180086d80 f    CIL library: CIL module
 0001:0008b3a0       ?SortVertices@InternalGeoUtil@@YAHQEANHHHHN@Z 000000018008c3a0 f    CIL library: CIL module
 0001:0008bee0       ?QuickSortVertices@InternalGeoUtil@@YAHQEANHHHHN@Z 000000018008cee0 f    CIL library: CIL module
 0001:00098c00       ??0dgSpliteInfo@?6??BuildTree@dgAABBTree@@QEAAPEAVdgConstructionTree@2@QEAVdgMemoryAllocator@@HHQEAV2@QEBVdgTriplex@@@Z@QEAA@1H2QEBV32@@Z 0000000180099c00 f    CIL library: CIL module
 0001:000a2024       __DllMainCRTStartup        00000001800a3024 f   LIBCMT:dllcrt0.obj
 0001:000a2400       _callthreadstartex         00000001800a3400 f   LIBCMT:threadex.obj
 0001:000a242c       _threadstartex             00000001800a342c f   LIBCMT:threadex.obj
 0001:000a27a8       _initterm                  00000001800a37a8 f   LIBCMT:crt0dat.obj
 0001:000a28c8       doexit                     00000001800a38c8 f   LIBCMT:crt0dat.obj
 0001:000a3738       parse_cmdline              00000001800a4738 f   LIBCMT:stdargv.obj
 0001:000a42ac       write_char                 00000001800a52ac f   LIBCMT:output.obj
 0001:000a42f4       write_multi_char           00000001800a52f4 f   LIBCMT:output.obj
 0001:000a4348       write_string               00000001800a5348 f   LIBCMT:output.obj
 0001:000a5f88       _updatetlocinfoEx_nolock   00000001800a6f88 f   LIBCMT:setlocal.obj
 0001:000a6058       ?setSBCS@@YAXPEAUthreadmbcinfostruct@@@Z 00000001800a7058 f   LIBCMT:mbctype.obj
 0001:000a60ec       ?setSBUpLow@@YAXPEAUthreadmbcinfostruct@@@Z 00000001800a70ec f   LIBCMT:mbctype.obj
 0001:000a638c       ?getSystemCP@@YAHH@Z       00000001800a738c f   LIBCMT:mbctype.obj
 0001:000a6a38       ?x_ismbbtype_l@@YAHPEAUlocaleinfo_struct@@IHH@Z 00000001800a7a38 f   LIBCMT:ismbbyte.obj
 0001:000a85a8       ?__crtGetStringTypeA_stat@@YAHPEAUlocaleinfo_struct@@KPEBDHPEAGHHH@Z 00000001800a95a8 f   LIBCMT:a_str.obj
 0001:000a8968       ?__crtLCMapStringA_stat@@YAHPEAUlocaleinfo_struct@@KKPEBDHPEADHHH@Z 00000001800a9968 f   LIBCMT:a_map.obj
 0001:000a9544       flsall                     00000001800aa544 f   LIBCMT:fflush.obj
 0001:000a9790       ?strtoxl@@YAKPEAUlocaleinfo_struct@@PEBDPEAPEBDHH@Z 00000001800aa790 f   LIBCMT:strtol.obj
 0001:000aa510       sin_piby4                  00000001800ab510 f   LIBCMT:_sincos_.obj
 0001:000aa5b4       cos_piby4                  00000001800ab5b4 f   LIBCMT:_sincos_.obj
 0001:000ac81c       _cftoe2_l                  00000001800ad81c f   LIBCMT:cvt.obj
 0001:000acfac       _cftof2_l                  00000001800adfac f   LIBCMT:cvt.obj
 0001:000ad9d0       _call_matherr              00000001800ae9d0 f   LIBCMT:_libm_error_.obj
 0001:000ada38       _exception_enabled         00000001800aea38 f   LIBCMT:_libm_error_.obj
 0001:000b0e50       __DllMainCRTStartup$filt$0 00000001800b1e50 f   LIBCMT:dllcrt0.obj
 0001:000b0e6c       _onexit$fin$0              00000001800b1e6c f   LIBCMT:onexit.obj
 0001:000b0e80       _callthreadstartex$filt$0  00000001800b1e80 f   LIBCMT:threadex.obj
 0001:000b0e9c       doexit$fin$0               00000001800b1e9c f   LIBCMT:crt0dat.obj
 0001:000b0ebe       _initptd$fin$1             00000001800b1ebe f   LIBCMT:tidtable.obj
 0001:000b0ebe       _freefls$fin$1             00000001800b1ebe f   LIBCMT:tidtable.obj
 0001:000b0ede       _initptd$fin$0             00000001800b1ede f   LIBCMT:tidtable.obj
 0001:000b0ede       _freefls$fin$0             00000001800b1ede f   LIBCMT:tidtable.obj
 0001:000b0f00       _IsNonwritableInCurrentImage$filt$0 00000001800b1f00 f   LIBCMT:pesect.obj
 0001:000b0f21       _mtinitlocknum$fin$0       00000001800b1f21 f   LIBCMT:mlock.obj
 0001:000b0f3d       raise$fin$0                00000001800b1f3d f   LIBCMT:winsig.obj
 0001:000b0f59       __crtInitCritSecAndSpinCount$filt$0 00000001800b1f59 f   LIBCMT:initcrit.obj
 0001:000b0f7a       __updatetlocinfo$fin$0     00000001800b1f7a f   LIBCMT:setlocal.obj
 0001:000b0f93       __updatetmbcinfo$fin$0     00000001800b1f93 f   LIBCMT:mbctype.obj
 0001:000b0f93       _setmbcp$fin$0             00000001800b1f93 f   LIBCMT:mbctype.obj
 0001:000b0fac       _lseeki64$fin$0            00000001800b1fac f   LIBCMT:write.obj
 0001:000b0fac       _write$fin$0               00000001800b1fac f   LIBCMT:write.obj
 0001:000b0fc3       __lock_fhandle$fin$0       00000001800b1fc3 f   LIBCMT:osfinfo.obj
 0001:000b0fdc       _fcloseall$fin$0           00000001800b1fdc f   LIBCMT:closeall.obj
 0001:000b0ff5       flsall$fin$0               00000001800b1ff5 f   LIBCMT:fflush.obj
 0001:000b1025       flsall$fin$1               00000001800b2025 f   LIBCMT:fflush.obj
 0001:000b103e       fclose$fin$0               00000001800b203e f   LIBCMT:fclose.obj
 0001:000b1056       _close$fin$0               00000001800b2056 f   LIBCMT:close.obj
 0001:000b1056       _commit$fin$0              00000001800b2056 f   LIBCMT:close.obj
 0001:000b106d       _control87$filt$0          00000001800b206d f   LIBCMT:_ieee_.obj
 0001:000b106d       _ctrlfp$filt$0             00000001800b206d f   LIBCMT:_ieee_.obj
 0001:000b10a0       ??__E?m_globalAllocator@dgGlobalAllocator@@2V1@A@@YAXXZ 00000001800b20a0 f    CIL library: CIL module
 0001:000b10f0       ??__EzeroMatrix@@YAXXZ     00000001800b20f0 f    CIL library: CIL module
 0001:000b1220       ??__EidentityMatrix@@YAXXZ 00000001800b2220 f    CIL library: CIL module
 0001:000b1360       ??__EidentitySphere@@YAXXZ 00000001800b2360 f    CIL library: CIL module
 0001:000b1380       ??__F?m_globalAllocator@dgGlobalAllocator@@2V1@A@@YAXXZ 00000001800b2380 f    CIL library: CIL module
