 newton_d

 Timestamp is 4d42f052 (Fri Jan 28 08:35:30 2011)

 Preferred load address is 10000000

 Start         Length     Name                   Class
 0001:00000000 00152455H .text                   CODE
 0001:00152460 00001187H .text$x                 CODE
 0001:001535f0 000016b6H .text$yc                CODE
 0001:00154cb0 00001012H .text$yd                CODE
 0002:00000000 00000104H .CRT$XCA                DATA
 0002:00000104 00000164H .CRT$XCU                DATA
 0002:00000268 00000104H .CRT$XCZ                DATA
 0002:0000036c 00000104H .CRT$XIA                DATA
 0002:00000470 00000118H .CRT$XIC                DATA
 0002:00000588 00000104H .CRT$XIZ                DATA
 0002:0000068c 00000104H .CRT$XPA                DATA
 0002:00000790 00000109H .CRT$XPX                DATA
 0002:0000089c 00000104H .CRT$XPXA               DATA
 0002:000009a0 00000104H .CRT$XPZ                DATA
 0002:00000aa4 00000104H .CRT$XTA                DATA
 0002:00000ba8 00000104H .CRT$XTZ                DATA
 0002:00000cb0 00036613H .rdata                  DATA
 0002:000372c4 00000190H .rdata$debug            DATA
 0002:00037454 0000031eH .rdata$r                DATA
 0002:00037780 00000139H .rdata$sxdata           DATA
 0002:000378bc 00000104H .rtc$IAA                DATA
 0002:000379c0 00000104H .rtc$IZZ                DATA
 0002:00037ac4 00000104H .rtc$TAA                DATA
 0002:00037bc8 00000104H .rtc$TZZ                DATA
 0002:00037cd0 00001073H .xdata$x                DATA
 0002:00038d50 00003d6eH .edata                  DATA
 0003:00000000 0000254cH .data                   DATA
 0003:00002560 00004bc4H .bss                    DATA
 0004:00000000 00000014H .idata$2                DATA
 0004:00000014 00000014H .idata$3                DATA
 0004:00000028 00000228H .idata$4                DATA
 0004:00000250 00000228H .idata$5                DATA
 0004:00000478 00000982H .idata$6                DATA
 0005:00000000 00000169H .rsrc$01                DATA
 0005:00000170 00000580H .rsrc$02                DATA

  Address         Publics by Value              Rva+Base       Lib:Object

 0000:00000000       __except_list              00000000     <absolute>
 0000:0000000c       ___safe_se_handler_count   0000000c     <absolute>
 0000:00000000       ___ImageBase               10000000     <linker-defined>
 0001:00001640       ?TraceFuntionName@@YAXPBD@Z 10002640 f   Newton.obj
 0001:00001660       _DllMain@12                10002660 f   Newton.obj
 0001:00001670       _NewtonGetMemoryUsed       10002670 f   Newton.obj
 0001:00001680       _NewtonSetMemorySystem     10002680 f   Newton.obj
 0001:000016d0       _NewtonCreate              100026d0 f   Newton.obj
 0001:000017e0       _NewtonDestroy             100027e0 f   Newton.obj
 0001:00001880       _NewtonInvalidateCache     10002880 f   Newton.obj
 0001:000018a0       _NewtonSetPlatformArchitecture 100028a0 f   Newton.obj
 0001:000018c0       _NewtonGetPlatformArchitecture 100028c0 f   Newton.obj
 0001:000018e0       _NewtonWorldCriticalSectionLock 100028e0 f   Newton.obj
 0001:00001900       _NewtonWorldCriticalSectionUnlock 10002900 f   Newton.obj
 0001:00001920       _NewtonSetThreadsCount     10002920 f   Newton.obj
 0001:00001940       _NewtonGetThreadsCount     10002940 f   Newton.obj
 0001:00001960       _NewtonGetMaxThreadsCount  10002960 f   Newton.obj
 0001:00001980       _NewtonSetMultiThreadSolverOnSingleIsland 10002980 f   Newton.obj
 0001:000019a0       _NewtonGetMultiThreadSolverOnSingleIsland 100029a0 f   Newton.obj
 0001:000019c0       _NewtonSetSolverModel      100029c0 f   Newton.obj
 0001:000019e0       _NewtonSetFrictionModel    100029e0 f   Newton.obj
 0001:00001a00       _NewtonSetPerformanceClock 10002a00 f   Newton.obj
 0001:00001a20       _NewtonReadPerformanceTicks 10002a20 f   Newton.obj
 0001:00001a40       _NewtonReadThreadPerformanceTicks 10002a40 f   Newton.obj
 0001:00001a60       _NewtonUpdate              10002a60 f   Newton.obj
 0001:00001b30       _NewtonCollisionUpdate     10002b30 f   Newton.obj
 0001:00001b70       _NewtonSetMinimumFrameRate 10002b70 f   Newton.obj
 0001:00001bc0       _NewtonDestroyAllBodies    10002bc0 f   Newton.obj
 0001:00001c30       _NewtonSetWorldSize        10002c30 f   Newton.obj
 0001:00001cd0       _NewtonSetIslandUpdateEvent 10002cd0 f   Newton.obj
 0001:00001cf0       _NewtonSetCollisionDestructor 10002cf0 f   Newton.obj
 0001:00001d10       _NewtonSetDestroyBodyByExeciveForce 10002d10 f   Newton.obj
 0001:00001d30       _NewtonSetBodyLeaveWorldEvent 10002d30 f   Newton.obj
 0001:00001d50       _NewtonWorldGetFirstBody   10002d50 f   Newton.obj
 0001:00001de0       _NewtonWorldGetNextBody    10002de0 f   Newton.obj
 0001:00001e20       _NewtonWorldForEachJointDo 10002e20 f   Newton.obj
 0001:00001f00       _NewtonWorldForEachBodyInAABBDo 10002f00 f   Newton.obj
 0001:00001fb0       _NewtonWorldGetVersion     10002fb0 f   Newton.obj
 0001:00001fc0       _NewtonWorldFloatSize      10002fc0 f   Newton.obj
 0001:00001fd0       _NewtonWorldSetUserData    10002fd0 f   Newton.obj
 0001:00001ff0       _NewtonWorldGetUserData    10002ff0 f   Newton.obj
 0001:00002010       _NewtonWorldSetDestructorCallBack 10003010 f   Newton.obj
 0001:00002030       _NewtonWorldGetDestructorCallBack 10003030 f   Newton.obj
 0001:00002050       _NewtonWorldGetBodyCount   10003050 f   Newton.obj
 0001:00002070       _NewtonWorldGetConstraintCount 10003070 f   Newton.obj
 0001:00002090       _NewtonWorldRayCast        10003090 f   Newton.obj
 0001:00002150       _NewtonWorldConvexCast     10003150 f   Newton.obj
 0001:000021e0       _NewtonIslandGetBody       100031e0 f   Newton.obj
 0001:00002200       _NewtonIslandGetBodyAABB   10003200 f   Newton.obj
 0001:00002240       _NewtonMaterialGetDefaultGroupID 10003240 f   Newton.obj
 0001:00002260       _NewtonMaterialCreateGroupID 10003260 f   Newton.obj
 0001:00002280       _NewtonMaterialDestroyAllGroupID 10003280 f   Newton.obj
 0001:000022a0       _NewtonMaterialSetDefaultCollidable 100032a0 f   Newton.obj
 0001:00002300       _NewtonMaterialSetContinuousCollisionMode 10003300 f   Newton.obj
 0001:00002360       _NewtonMaterialSetSurfaceThickness 10003360 f   Newton.obj
 0001:000023c0       _NewtonMaterialSetDefaultFriction 100033c0 f   Newton.obj
 0001:000024f0       _NewtonMaterialSetDefaultElasticity 100034f0 f   Newton.obj
 0001:00002550       _NewtonMaterialSetDefaultSoftness 10003550 f   Newton.obj
 0001:000025b0       _NewtonMaterialSetCollisionCallback 100035b0 f   Newton.obj
 0001:000025f0       ?NewtonMaterialSetCompondCollisionCallback@@YAXPBUNewtonWorld@@HHP6AHPBUNewtonMaterial@@PBUNewtonBody@@2H@Z@Z 100035f0 f   Newton.obj
 0001:00002620       _NewtonMaterialGetUserData 10003620 f   Newton.obj
 0001:00002650       _NewtonWorldGetFirstMaterial 10003650 f   Newton.obj
 0001:00002670       _NewtonWorldGetNextMaterial 10003670 f   Newton.obj
 0001:00002690       _NewtonMaterialGetMaterialPairUserData 10003690 f   Newton.obj
 0001:000026b0       _NewtonMaterialGetContactFaceAttribute 100036b0 f   Newton.obj
 0001:000026d0       _NewtonMaterialGetContactNormalSpeed 100036d0 f   Newton.obj
 0001:00002810       _NewtonMaterialGetContactTangentSpeed 10003810 f   Newton.obj
 0001:00002990       _NewtonMaterialGetContactPositionAndNormal 10003990 f   Newton.obj
 0001:000029f0       _NewtonMaterialGetContactForce 100039f0 f   Newton.obj
 0001:00002ad0       _NewtonMaterialGetContactTangentDirections 10003ad0 f   Newton.obj
 0001:00002b30       _NewtonMaterialGetBodyCollisionID 10003b30 f   Newton.obj
 0001:00002b70       _NewtonMaterialSetContactSoftness 10003b70 f   Newton.obj
 0001:00002bb0       _NewtonMaterialSetContactElasticity 10003bb0 f   Newton.obj
 0001:00002bf0       _NewtonMaterialSetContactFrictionState 10003bf0 f   Newton.obj
 0001:00002c70       _NewtonMaterialSetContactFrictionCoef 10003c70 f   Newton.obj
 0001:00002d70       _NewtonMaterialSetContactNormalAcceleration 10003d70 f   Newton.obj
 0001:00002da0       _NewtonMaterialSetContactTangentAcceleration 10003da0 f   Newton.obj
 0001:00002e00       _NewtonMaterialSetContactNormalDirection 10003e00 f   Newton.obj
 0001:00002f50       _NewtonMaterialContactRotateTangentDirections 10003f50 f   Newton.obj
 0001:00003080       _NewtonCreateNull          10004080 f   Newton.obj
 0001:000030a0       _NewtonCreateBox           100040a0 f   Newton.obj
 0001:00003130       _NewtonCreateSphere        10004130 f   Newton.obj
 0001:00003260       _NewtonCreateCone          10004260 f   Newton.obj
 0001:000032e0       _NewtonCreateCapsule       100042e0 f   Newton.obj
 0001:00003360       _NewtonCreateCylinder      10004360 f   Newton.obj
 0001:000033e0       _NewtonCreateChamferCylinder 100043e0 f   Newton.obj
 0001:00003460       _NewtonCreateConvexHull    10004460 f   Newton.obj
 0001:00003510       _NewtonCreateConvexHullFromMesh 10004510 f   Newton.obj
 0001:00003540       _NewtonCreateConvexHullModifier 10004540 f   Newton.obj
 0001:00003570       _NewtonConvexHullModifierGetMatrix 10004570 f   Newton.obj
 0001:000035d0       _NewtonConvexHullModifierSetMatrix 100045d0 f   Newton.obj
 0001:00003600       _NewtonCreateCompoundCollision 10004600 f   Newton.obj
 0001:00003640       _NewtonCreateCompoundCollisionFromMesh 10004640 f   Newton.obj
 0001:00003680       _NewtonCreateCompoundBreakable 10004680 f   Newton.obj
 0001:000036d0       _NewtonCompoundBreakableResetAnchoredPieces 100046d0 f   Newton.obj
 0001:00003700       _NewtonCompoundBreakableSetAnchoredPieces 10004700 f   Newton.obj
 0001:00003740       _NewtonBreakableGetMainMesh 10004740 f   Newton.obj
 0001:00003780       _NewtonBreakableBeginDelete 10004780 f   Newton.obj
 0001:000037c0       _NewtonBreakableCreateDebrieBody 100047c0 f   Newton.obj
 0001:00003810       _NewtonBreakableDeleteComponent 10004810 f   Newton.obj
 0001:00003850       _NewtonBreakableEndDelete  10004850 f   Newton.obj
 0001:00003890       _NewtonBreakableGetFirstComponent 10004890 f   Newton.obj
 0001:000038d0       _NewtonBreakableGetNextComponent 100048d0 f   Newton.obj
 0001:00003900       _NewtonCompoundBreakableGetVertexCount 10004900 f   Newton.obj
 0001:00003940       _NewtonCompoundBreakableGetVertexStreams 10004940 f   Newton.obj
 0001:00003990       _NewtonBreakableGetFirstSegment 10004990 f   Newton.obj
 0001:000039c0       _NewtonBreakableGetNextSegment 100049c0 f   Newton.obj
 0001:000039e0       _NewtonBreakableGetComponentsInRadius 100049e0 f   Newton.obj
 0001:00003a80       _NewtonBreakableSegmentGetMaterial 10004a80 f   Newton.obj
 0001:00003aa0       _NewtonBreakableSegmentGetIndexCount 10004aa0 f   Newton.obj
 0001:00003ac0       _NewtonBreakableSegmentGetIndexStream 10004ac0 f   Newton.obj
 0001:00003b10       _NewtonBreakableSegmentGetIndexStreamShort 10004b10 f   Newton.obj
 0001:00003b60       _NewtonCollisionIsTriggerVolume 10004b60 f   Newton.obj
 0001:00003b90       _NewtonCollisionSetAsTriggerVolume 10004b90 f   Newton.obj
 0001:00003bc0       _NewtonCollisionSetMaxBreakImpactImpulse 10004bc0 f   Newton.obj
 0001:00003bf0       _NewtonCollisionGetMaxBreakImpactImpulse 10004bf0 f   Newton.obj
 0001:00003c10       _NewtonCollisionSetUserID  10004c10 f   Newton.obj
 0001:00003c30       _NewtonCollisionGetUserID  10004c30 f   Newton.obj
 0001:00003c50       _NewtonConvexHullGetFaceIndices 10004c50 f   Newton.obj
 0001:00003c90       _NewtonConvexCollisionCalculateVolume 10004c90 f   Newton.obj
 0001:00003cb0       _NewtonConvexCollisionCalculateInertialMatrix 10004cb0 f   Newton.obj
 0001:00003d70       _NewtonCreateUserMeshCollision 10004d70 f   Newton.obj
 0001:00003e50       _NewtonCreateTreeCollision 10004e50 f   Newton.obj
 0001:00003e80       _NewtonStaticCollisionSetDebugCallback 10004e80 f   Newton.obj
 0001:00003ee0       _NewtonTreeCollisionSetUserRayCastCallback 10004ee0 f   Newton.obj
 0001:00003f10       _NewtonHeightFieldSetUserRayCastCallback 10004f10 f   Newton.obj
 0001:00003f40       _NewtonTreeCollisionBeginBuild 10004f40 f   Newton.obj
 0001:00003f90       _NewtonTreeCollisionAddFace 10004f90 f   Newton.obj
 0001:00003ff0       _NewtonTreeCollisionEndBuild 10004ff0 f   Newton.obj
 0001:00004040       _NewtonTreeCollisionGetFaceAtribute 10005040 f   Newton.obj
 0001:000040a0       _NewtonTreeCollisionSetFaceAtribute 100050a0 f   Newton.obj
 0001:00004100       _NewtonTreeCollisionGetVertexListIndexListInAABB 10005100 f   Newton.obj
 0001:00004210       _NewtonCreateHeightFieldCollision 10005210 f   Newton.obj
 0001:00004260       _NewtonCreateSceneCollision 10005260 f   Newton.obj
 0001:00004290       _NewtonSceneCollisionCreateProxy 10005290 f   Newton.obj
 0001:000042e0       _NewtonSceneCollisionDestroyProxy 100052e0 f   Newton.obj
 0001:00004330       _NewtonSceneProxySetMatrix 10005330 f   Newton.obj
 0001:00004370       _NewtonSceneProxyGetMatrix 10005370 f   Newton.obj
 0001:000043e0       _NewtonSceneCollisionOptimize 100053e0 f   Newton.obj
 0001:00004430       _NewtonCollisionPointDistance 10005430 f   Newton.obj
 0001:00004460       _NewtonCollisionClosestPoint 10005460 f   Newton.obj
 0001:000044a0       _NewtonCollisionCollide    100054a0 f   Newton.obj
 0001:000044e0       _NewtonCollisionCollideContinue 100054e0 f   Newton.obj
 0001:00004540       _NewtonCollisionSupportVertex 10005540 f   Newton.obj
 0001:00004670       _NewtonCollisionRayCast    10005670 f   Newton.obj
 0001:000047e0       _NewtonCollisionCalculateAABB 100057e0 f   Newton.obj
 0001:00004870       _NewtonCollisionForEachPolygonDo 10005870 f   Newton.obj
 0001:000048d0       _NewtonCollisionMakeUnique 100058d0 f   Newton.obj
 0001:00004900       _NewtonAddCollisionReference 10005900 f   Newton.obj
 0001:00004920       _NewtonReleaseCollision    10005920 f   Newton.obj
 0001:00004950       _NewtonCollisionSerialize  10005950 f   Newton.obj
 0001:00004980       _NewtonCreateCollisionFromSerialization 10005980 f   Newton.obj
 0001:000049a0       _NewtonCollisionGetInfo    100059a0 f   Newton.obj
 0001:000049c0       _NewtonGetEulerAngle       100059c0 f   Newton.obj
 0001:00004a10       _NewtonSetEulerAngle       10005a10 f   Newton.obj
 0001:00004b80       _NewtonCalculateSpringDamperAcceleration 10005b80 f   Newton.obj
 0001:00004c00       _NewtonCreateBody          10005c00 f   Newton.obj
 0001:00004c70       _NewtonDestroyBody         10005c70 f   Newton.obj
 0001:00004ca0       _NewtonBodySetUserData     10005ca0 f   Newton.obj
 0001:00004cc0       _NewtonBodyGetUserData     10005cc0 f   Newton.obj
 0001:00004ce0       _NewtonBodyGetWorld        10005ce0 f   Newton.obj
 0001:00004d00       _NewtonBodySetTransformCallback 10005d00 f   Newton.obj
 0001:00004d20       _NewtonBodyGetTransformCallback 10005d20 f   Newton.obj
 0001:00004d40       _NewtonBodySetForceAndTorqueCallback 10005d40 f   Newton.obj
 0001:00004d60       _NewtonBodyGetForceAndTorqueCallback 10005d60 f   Newton.obj
 0001:00004d80       _NewtonBodySetDestructorCallback 10005d80 f   Newton.obj
 0001:00004da0       _NewtonBodySetMassMatrix   10005da0 f   Newton.obj
 0001:00004f30       _NewtonBodyGetMassMatrix   10005f30 f   Newton.obj
 0001:00004fd0       _NewtonBodyGetInvMass      10005fd0 f   Newton.obj
 0001:00005060       _NewtonBodySetMatrix       10006060 f   Newton.obj
 0001:000050c0       _NewtonBodySetMatrixRecursive 100060c0 f   Newton.obj
 0001:00005120       _NewtonBodyGetMatrix       10006120 f   Newton.obj
 0001:00005150       _NewtonBodyGetRotation     10006150 f   Newton.obj
 0001:00005180       _NewtonBodySetForce        10006180 f   Newton.obj
 0001:000051f0       _NewtonBodyAddForce        100061f0 f   Newton.obj
 0001:00005260       _NewtonBodyGetForceAcc     10006260 f   Newton.obj
 0001:000052c0       _NewtonBodyGetForce        100062c0 f   Newton.obj
 0001:00005320       _NewtonBodyCalculateInverseDynamicsForce 10006320 f   Newton.obj
 0001:000053d0       _NewtonBodySetTorque       100063d0 f   Newton.obj
 0001:00005440       _NewtonBodyAddTorque       10006440 f   Newton.obj
 0001:000054b0       _NewtonBodyGetTorque       100064b0 f   Newton.obj
 0001:00005510       _NewtonBodyGetTorqueAcc    10006510 f   Newton.obj
 0001:00005570       _NewtonBodySetCentreOfMass 10006570 f   Newton.obj
 0001:000055e0       _NewtonBodyGetCentreOfMass 100065e0 f   Newton.obj
 0001:00005630       _NewtonBodyGetFirstJoint   10006630 f   Newton.obj
 0001:00005650       _NewtonBodyGetNextJoint    10006650 f   Newton.obj
 0001:00005670       _NewtonBodyGetFirstContactJoint 10006670 f   Newton.obj
 0001:00005690       _NewtonBodyGetNextContactJoint 10006690 f   Newton.obj
 0001:000056b0       _NewtonContactJointGetContactCount 100066b0 f   Newton.obj
 0001:000056f0       _NewtonContactJointGetFirstContact 100066f0 f   Newton.obj
 0001:00005730       _NewtonContactJointGetNextContact 10006730 f   Newton.obj
 0001:00005770       _NewtonContactJointRemoveContact 10006770 f   Newton.obj
 0001:000057c0       _NewtonContactGetMaterial  100067c0 f   Newton.obj
 0001:000057e0       _NewtonBodyAddBuoyancyForce 100067e0 f   Newton.obj
 0001:00005870       _NewtonBodySetCollision    10006870 f   Newton.obj
 0001:000058a0       _NewtonBodyGetCollision    100068a0 f   Newton.obj
 0001:000058c0       _NewtonBodySetMaterialGroupID 100068c0 f   Newton.obj
 0001:000058e0       _NewtonBodyGetMaterialGroupID 100068e0 f   Newton.obj
 0001:00005900       _NewtonBodySetContinuousCollisionMode 10006900 f   Newton.obj
 0001:00005930       _NewtonBodyGetContinuousCollisionMode 10006930 f   Newton.obj
 0001:00005950       _NewtonBodySetJointRecursiveCollision 10006950 f   Newton.obj
 0001:00005980       _NewtonBodyGetJointRecursiveCollision 10006980 f   Newton.obj
 0001:000059a0       _NewtonBodyGetFreezeState  100069a0 f   Newton.obj
 0001:000059c0       _NewtonBodySetFreezeState  100069c0 f   Newton.obj
 0001:000059f0       _NewtonBodySetAutoSleep    100069f0 f   Newton.obj
 0001:00005a20       _NewtonBodyGetAutoSleep    10006a20 f   Newton.obj
 0001:00005a40       _NewtonBodyGetSleepState   10006a40 f   Newton.obj
 0001:00005a60       _NewtonBodyGetAABB         10006a60 f   Newton.obj
 0001:00005ae0       _NewtonBodySetVelocity     10006ae0 f   Newton.obj
 0001:00005b50       _NewtonBodyGetVelocity     10006b50 f   Newton.obj
 0001:00005bb0       _NewtonBodySetOmega        10006bb0 f   Newton.obj
 0001:00005c20       _NewtonBodyGetOmega        10006c20 f   Newton.obj
 0001:00005c80       _NewtonBodySetLinearDamping 10006c80 f   Newton.obj
 0001:00005ca0       _NewtonBodyGetLinearDamping 10006ca0 f   Newton.obj
 0001:00005cc0       _NewtonBodySetAngularDamping 10006cc0 f   Newton.obj
 0001:00005d30       _NewtonBodyGetAngularDamping 10006d30 f   Newton.obj
 0001:00005d80       _NewtonBodyAddImpulse      10006d80 f   Newton.obj
 0001:00005de0       _NewtonConstraintCreateBall 10006de0 f   Newton.obj
 0001:00005e60       _NewtonBallSetConeLimits   10006e60 f   Newton.obj
 0001:000061b0       _NewtonBallSetUserCallback 100071b0 f   Newton.obj
 0001:000061d0       _NewtonBallGetJointAngle   100071d0 f   Newton.obj
 0001:00006220       _NewtonBallGetJointOmega   10007220 f   Newton.obj
 0001:00006270       _NewtonBallGetJointForce   10007270 f   Newton.obj
 0001:000062c0       _NewtonConstraintCreateHinge 100072c0 f   Newton.obj
 0001:00006370       _NewtonHingeSetUserCallback 10007370 f   Newton.obj
 0001:00006390       _NewtonHingeGetJointAngle  10007390 f   Newton.obj
 0001:000063b0       _NewtonHingeGetJointOmega  100073b0 f   Newton.obj
 0001:000063d0       _NewtonHingeCalculateStopAlpha 100073d0 f   Newton.obj
 0001:00006400       _NewtonHingeGetJointForce  10007400 f   Newton.obj
 0001:00006450       _NewtonConstraintCreateSlider 10007450 f   Newton.obj
 0001:00006500       _NewtonSliderSetUserCallback 10007500 f   Newton.obj
 0001:00006520       _NewtonSliderGetJointPosit 10007520 f   Newton.obj
 0001:00006540       _NewtonSliderGetJointVeloc 10007540 f   Newton.obj
 0001:00006560       _NewtonSliderCalculateStopAccel 10007560 f   Newton.obj
 0001:00006590       _NewtonSliderGetJointForce 10007590 f   Newton.obj
 0001:000065e0       _NewtonConstraintCreateCorkscrew 100075e0 f   Newton.obj
 0001:00006690       _NewtonCorkscrewSetUserCallback 10007690 f   Newton.obj
 0001:000066b0       _NewtonCorkscrewGetJointPosit 100076b0 f   Newton.obj
 0001:000066d0       _NewtonCorkscrewGetJointVeloc 100076d0 f   Newton.obj
 0001:000066f0       _NewtonCorkscrewGetJointAngle 100076f0 f   Newton.obj
 0001:00006710       _NewtonCorkscrewGetJointOmega 10007710 f   Newton.obj
 0001:00006730       _NewtonCorkscrewCalculateStopAlpha 10007730 f   Newton.obj
 0001:00006760       _NewtonCorkscrewCalculateStopAccel 10007760 f   Newton.obj
 0001:00006790       _NewtonCorkscrewGetJointForce 10007790 f   Newton.obj
 0001:000067e0       _NewtonConstraintCreateUniversal 100077e0 f   Newton.obj
 0001:000068d0       _NewtonUniversalSetUserCallback 100078d0 f   Newton.obj
 0001:000068f0       _NewtonUniversalGetJointAngle0 100078f0 f   Newton.obj
 0001:00006910       _NewtonUniversalGetJointAngle1 10007910 f   Newton.obj
 0001:00006930       _NewtonUniversalGetJointOmega0 10007930 f   Newton.obj
 0001:00006950       _NewtonUniversalGetJointOmega1 10007950 f   Newton.obj
 0001:00006970       _NewtonUniversalCalculateStopAlpha0 10007970 f   Newton.obj
 0001:000069a0       _NewtonUniversalCalculateStopAlpha1 100079a0 f   Newton.obj
 0001:000069d0       _NewtonUniversalGetJointForce 100079d0 f   Newton.obj
 0001:00006a20       _NewtonConstraintCreateUpVector 10007a20 f   Newton.obj
 0001:00006a90       _NewtonUpVectorGetPin      10007a90 f   Newton.obj
 0001:00006ae0       _NewtonUpVectorSetPin      10007ae0 f   Newton.obj
 0001:00006b50       _NewtonConstraintCreateUserJoint 10007b50 f   Newton.obj
 0001:00006bc0       _NewtonUserJointAddLinearRow 10007bc0 f   Newton.obj
 0001:00006d40       _NewtonUserJointAddAngularRow 10007d40 f   Newton.obj
 0001:00006e50       _NewtonUserJointAddGeneralRow 10007e50 f   Newton.obj
 0001:00006e70       _NewtonUserJointSetRowMaximumFriction 10007e70 f   Newton.obj
 0001:00006e90       _NewtonUserJointSetRowMinimumFriction 10007e90 f   Newton.obj
 0001:00006eb0       _NewtonUserJointSetRowAcceleration 10007eb0 f   Newton.obj
 0001:00006ed0       _NewtonUserJointSetRowSpringDamperAcceleration 10007ed0 f   Newton.obj
 0001:00006f00       _NewtonUserJointSetRowStiffness 10007f00 f   Newton.obj
 0001:00006f20       _NewtonUserJointGetRowForce 10007f20 f   Newton.obj
 0001:00006f40       _NewtonUserJointSetFeedbackCollectorCallback 10007f40 f   Newton.obj
 0001:00006f60       _NewtonJointSetUserData    10007f60 f   Newton.obj
 0001:00006f80       _NewtonJointGetUserData    10007f80 f   Newton.obj
 0001:00006fa0       _NewtonJointGetInfo        10007fa0 f   Newton.obj
 0001:00006fc0       _NewtonJointGetBody0       10007fc0 f   Newton.obj
 0001:00006fe0       _NewtonJointGetBody1       10007fe0 f   Newton.obj
 0001:00007020       _NewtonJointSetCollisionState 10008020 f   Newton.obj
 0001:00007050       _NewtonJointGetCollisionState 10008050 f   Newton.obj
 0001:00007070       _NewtonJointSetStiffness   10008070 f   Newton.obj
 0001:000070a0       _NewtonJointGetStiffness   100080a0 f   Newton.obj
 0001:000070c0       _NewtonJointSetDestructor  100080c0 f   Newton.obj
 0001:000070e0       _NewtonDestroyJoint        100080e0 f   Newton.obj
 0001:00007100       _NewtonMeshCreate          10008100 f   Newton.obj
 0001:00007160       _NewtonMeshCreateFromMesh  10008160 f   Newton.obj
 0001:000071b0       _NewtonMeshCreateFromCollision 100081b0 f   Newton.obj
 0001:00007200       _NewtonMeshConvexHull      10008200 f   Newton.obj
 0001:00007270       _NewtonMeshCreatePlane     10008270 f   Newton.obj
 0001:000072f0       _NewtonMeshDestroy         100082f0 f   Newton.obj
 0001:00007330       _NewtonMeshCalculateOOBB   10008330 f   Newton.obj
 0001:000073a0       _NewtonMeshCalculateVertexNormals 100083a0 f   Newton.obj
 0001:000073c0       _NewtonMeshApplySphericalMapping 100083c0 f   Newton.obj
 0001:000073e0       _NewtonMeshApplyBoxMapping 100083e0 f   Newton.obj
 0001:00007410       _NewtonMeshApplyCylindricalMapping 10008410 f   Newton.obj
 0001:00007430       _NewtonMeshTriangulate     10008430 f   Newton.obj
 0001:00007440       _NewtonMeshPolygonize      10008440 f   Newton.obj
 0001:00007450       _NewtonMeshIsOpenMesh      10008450 f   Newton.obj
 0001:00007470       _NewtonMeshFixTJoints      10008470 f   Newton.obj
 0001:00007480       _NewtonMeshClip            10008480 f   Newton.obj
 0001:000074c0       _NewtonMeshUnion           100084c0 f   Newton.obj
 0001:000074e0       _NewtonMeshDifference      100084e0 f   Newton.obj
 0001:00007500       _NewtonMeshIntersection    10008500 f   Newton.obj
 0001:00007520       _NewtonRemoveUnusedVertices 10008520 f   Newton.obj
 0001:00007540       _NewtonMeshBeginFace       10008540 f   Newton.obj
 0001:00007560       _NewtonMeshAddFace         10008560 f   Newton.obj
 0001:00007590       _NewtonMeshEndFace         10008590 f   Newton.obj
 0001:000075b0       _NewtonMeshBuildFromVertexListIndexList 100085b0 f   Newton.obj
 0001:00007610       _NewtonMeshGetVertexCount  10008610 f   Newton.obj
 0001:00007630       _NewtonMeshGetVertexStrideInByte 10008630 f   Newton.obj
 0001:00007650       _NewtonMeshGetVertexArray  10008650 f   Newton.obj
 0001:00007670       _NewtonMeshGetPointCount   10008670 f   Newton.obj
 0001:00007690       _NewtonMeshGetPointStrideInByte 10008690 f   Newton.obj
 0001:000076b0       _NewtonMeshGetPointArray   100086b0 f   Newton.obj
 0001:000076d0       _NewtonMeshGetNormalArray  100086d0 f   Newton.obj
 0001:000076f0       _NewtonMeshGetUV0Array     100086f0 f   Newton.obj
 0001:00007710       _NewtonMeshGetUV1Array     10008710 f   Newton.obj
 0001:00007730       _NewtonMeshGetVertexStreams 10008730 f   Newton.obj
 0001:00007770       _NewtonMeshGetIndirectVertexStreams 10008770 f   Newton.obj
 0001:000077d0       _NewtonMeshBeginHandle     100087d0 f   Newton.obj
 0001:000077f0       _NewtonMeshEndHandle       100087f0 f   Newton.obj
 0001:00007810       _NewtonMeshFirstMaterial   10008810 f   Newton.obj
 0001:00007830       _NewtonMeshNextMaterial    10008830 f   Newton.obj
 0001:00007850       _NewtonMeshMaterialGetMaterial 10008850 f   Newton.obj
 0001:00007870       _NewtonMeshMaterialGetIndexCount 10008870 f   Newton.obj
 0001:00007890       _NewtonMeshMaterialGetIndexStream 10008890 f   Newton.obj
 0001:000078c0       _NewtonMeshMaterialGetIndexStreamShort 100088c0 f   Newton.obj
 0001:000078f0       _NewtonMeshCreateFirstSingleSegment 100088f0 f   Newton.obj
 0001:00007980       _NewtonMeshCreateNextSingleSegment 10008980 f   Newton.obj
 0001:00007a50       _NewtonMeshGetTotalFaceCount 10008a50 f   Newton.obj
 0001:00007a60       _NewtonMeshGetTotalIndexCount 10008a60 f   Newton.obj
 0001:00007a70       _NewtonMeshGetFaces        10008a70 f   Newton.obj
 0001:00007a90       _NewtonMeshGetFirstVertex  10008a90 f   Newton.obj
 0001:00007aa0       _NewtonMeshGetNextVertex   10008aa0 f   Newton.obj
 0001:00007ac0       _NewtonMeshGetVertexIndex  10008ac0 f   Newton.obj
 0001:00007ae0       _NewtonMeshGetFirstPoint   10008ae0 f   Newton.obj
 0001:00007af0       _NewtonMeshGetNextPoint    10008af0 f   Newton.obj
 0001:00007b10       _NewtonMeshGetPointIndex   10008b10 f   Newton.obj
 0001:00007b30       _NewtonMeshGetVertexIndexFromPoint 10008b30 f   Newton.obj
 0001:00007b50       _NewtonMeshGetFirstEdge    10008b50 f   Newton.obj
 0001:00007b60       _NewtonMeshGetNextEdge     10008b60 f   Newton.obj
 0001:00007b80       _NewtonMeshGetEdgeIndices  10008b80 f   Newton.obj
 0001:00007ba0       _NewtonMeshGetFirstFace    10008ba0 f   Newton.obj
 0001:00007bb0       _NewtonMeshGetNextFace     10008bb0 f   Newton.obj
 0001:00007bd0       _NewtonMeshIsFaceOpen      10008bd0 f   Newton.obj
 0001:00007bf0       _NewtonMeshGetFaceIndexCount 10008bf0 f   Newton.obj
 0001:00007c10       _NewtonMeshGetFaceMaterial 10008c10 f   Newton.obj
 0001:00007c30       _NewtonMeshGetFaceIndices  10008c30 f   Newton.obj
 0001:00007c50       _NewtonMeshGetFacePointIndices 10008c50 f   Newton.obj
 0001:000095f0       ??2Newton@@SAPAXIQAVdgMemoryAllocator@@@Z 1000a5f0 f i Newton.obj
 0001:00009610       ??_GNewton@@QAEPAXI@Z      1000a610 f i Newton.obj
 0001:00009650       ??3Newton@@SAXPAX@Z        1000a650 f i Newton.obj
 0001:00009670       ??_GdgMemoryAllocator@@QAEPAXI@Z 1000a670 f i Newton.obj
 0001:000096b0       ??0dgVector@@QAE@XZ        1000a6b0 f i Newton.obj
 0001:000096d0       ??0dgVector@@QAE@ABV?$dgTemplateVector@N@@@Z 1000a6d0 f i Newton.obj
 0001:000097c0       ??0dgVector@@QAE@NNNN@Z    1000a7c0 f i Newton.obj
 0001:000098d0       ??0dgContactPoint@@QAE@XZ  1000a8d0 f i Newton.obj
 0001:00009900       ??0dgMatrix@@QAE@ABVdgVector@@@Z 1000a900 f i Newton.obj
 0001:00009d50       ??AdgMatrix@@QAEAAVdgVector@@H@Z 1000ad50 f i Newton.obj
 0001:00009dd0       ?RotateVector@dgMatrix@@QBE?AVdgVector@@ABV2@@Z 1000add0 f i Newton.obj
 0001:00009eb0       ?UnrotateVector@dgMatrix@@QBE?AVdgVector@@ABV2@@Z 1000aeb0 f i Newton.obj
 0001:00009f30       ?TransformVector@dgMatrix@@QBE?AVdgVector@@ABV2@@Z 1000af30 f i Newton.obj
 0001:0000a020       ?UntransformVector@dgMatrix@@QBE?AVdgVector@@ABV2@@Z 1000b020 f i Newton.obj
 0001:0000a090       ?dgPitchMatrix@@YA?AVdgMatrix@@N@Z 1000b090 f i Newton.obj
 0001:0000a1e0       ??0dgMatrix@@QAE@ABVdgVector@@000@Z 1000b1e0 f i Newton.obj
 0001:0000a250       ?dgYawMatrix@@YA?AVdgMatrix@@N@Z 1000b250 f i Newton.obj
 0001:0000a3a0       ?dgRollMatrix@@YA?AVdgMatrix@@N@Z 1000b3a0 f i Newton.obj
 0001:0000a4f0       ??0dgVector@@QAE@PBN@Z     1000b4f0 f i Newton.obj
 0001:0000a5e0       ?GetTagId@dgPolygonSoupDatabase@@QBEIPBH@Z 1000b5e0 f i Newton.obj
 0001:0000a600       ?SetTagId@dgPolygonSoupDatabase@@QBEXPBHI@Z 1000b600 f i Newton.obj
 0001:0000a630       ?GetBody@dgBodyMasterListRow@@QBEPAVdgBody@@XZ 1000b630 f i Newton.obj
 0001:0000a650       ?SetAutoSleep@dgBody@@QAEX_N@Z 1000b650 f i Newton.obj
 0001:0000a6c0       ?GetAutoSleep@dgBody@@QBE_NXZ 1000b6c0 f i Newton.obj
 0001:0000a6e0       ?GetSleepState@dgBody@@QBE_NXZ 1000b6e0 f i Newton.obj
 0001:0000a700       ?GetCollisionWithLinkedBodies@dgBody@@QBE_NXZ 1000b700 f i Newton.obj
 0001:0000a720       ?SetCollisionWithLinkedBodies@dgBody@@QAEX_N@Z 1000b720 f i Newton.obj
 0001:0000a760       ?SetUserData@dgBody@@QAEXQAX@Z 1000b760 f i Newton.obj
 0001:0000a780       ?GetUserData@dgBody@@QBEPAXXZ 1000b780 f i Newton.obj
 0001:0000a7a0       ?GetWorld@dgBody@@QBEPAVdgWorld@@XZ 1000b7a0 f i Newton.obj
 0001:0000a7c0       ?GetGroupID@dgBody@@QBEIXZ 1000b7c0 f i Newton.obj
 0001:0000a7e0       ?SetGroupID@dgBody@@QAEXI@Z 1000b7e0 f i Newton.obj
 0001:0000a800       ?SetDestructorCallback@dgBody@@QAEXP6AXAAV1@@Z@Z 1000b800 f i Newton.obj
 0001:0000a820       ?SetExtForceAndTorqueCallback@dgBody@@QAEXP6AXAAV1@NH@Z@Z 1000b820 f i Newton.obj
 0001:0000a840       ?GetExtForceAndTorqueCallback@dgBody@@QBEP6AXAAV1@NH@ZXZ 1000b840 f i Newton.obj
 0001:0000a860       ?SetMatrixUpdateCallback@dgBody@@QAEXP6AXABV1@ABVdgMatrix@@H@Z@Z 1000b860 f i Newton.obj
 0001:0000a880       ?GetMatrixUpdateCallback@dgBody@@QAEP6AXABV1@ABVdgMatrix@@H@ZXZ 1000b880 f i Newton.obj
 0001:0000a8a0       ?SetOmega@dgBody@@QAEXABVdgVector@@@Z 1000b8a0 f i Newton.obj
 0001:0000a8d0       ?SetVelocity@dgBody@@QAEXABVdgVector@@@Z 1000b8d0 f i Newton.obj
 0001:0000a900       ?SetCentreOfMass@dgBody@@QAEXABVdgVector@@@Z 1000b900 f i Newton.obj
 0001:0000a9b0       ?AddForce@dgBody@@QAEXABVdgVector@@@Z 1000b9b0 f i Newton.obj
 0001:0000aa20       ?AddTorque@dgBody@@QAEXABVdgVector@@@Z 1000ba20 f i Newton.obj
 0001:0000aa90       ?GetAparentMass@dgBody@@QBEABVdgVector@@XZ 1000ba90 f i Newton.obj
 0001:0000aab0       ?GetOmega@dgBody@@QBEABVdgVector@@XZ 1000bab0 f i Newton.obj
 0001:0000aad0       ?GetVelocity@dgBody@@QBEABVdgVector@@XZ 1000bad0 f i Newton.obj
 0001:0000aaf0       ?GetForce@dgBody@@QBEABVdgVector@@XZ 1000baf0 f i Newton.obj
 0001:0000ab10       ?GetTorque@dgBody@@QBEABVdgVector@@XZ 1000bb10 f i Newton.obj
 0001:0000ab30       ?GetNetForce@dgBody@@QBEABVdgVector@@XZ 1000bb30 f i Newton.obj
 0001:0000ab50       ?GetNetTorque@dgBody@@QBEABVdgVector@@XZ 1000bb50 f i Newton.obj
 0001:0000ab70       ?GetCollision@dgBody@@QBEPAVdgCollision@@XZ 1000bb70 f i Newton.obj
 0001:0000ab90       ?GetPosition@dgBody@@QBEABVdgVector@@XZ 1000bb90 f i Newton.obj
 0001:0000abb0       ?GetRotation@dgBody@@QBEABVdgQuaternion@@XZ 1000bbb0 f i Newton.obj
 0001:0000abd0       ?GetMatrix@dgBody@@QBEABVdgMatrix@@XZ 1000bbd0 f i Newton.obj
 0001:0000abf0       ?GetCentreOfMass@dgBody@@QBE?AVdgVector@@XZ 1000bbf0 f i Newton.obj
 0001:0000ac20       ?GetAABB@dgBody@@QBEXAAVdgVector@@0@Z 1000bc20 f i Newton.obj
 0001:0000aca0       ?SetContinuesCollisionMode@dgBody@@QAEX_N@Z 1000bca0 f i Newton.obj
 0001:0000ace0       ?GetContinuesCollisionMode@dgBody@@QBE_NXZ 1000bce0 f i Newton.obj
 0001:0000ad00       ?GetLinearDamping@dgBody@@QBENXZ 1000bd00 f i Newton.obj
 0001:0000ad30       ?GetAngularDamping@dgBody@@QBE?AVdgVector@@XZ 1000bd30 f i Newton.obj
 0001:0000adc0       ?SetLinearDamping@dgBody@@QAEXN@Z 1000bdc0 f i Newton.obj
 0001:0000ae20       ?SetAngularDamping@dgBody@@QAEXABVdgVector@@@Z 1000be20 f i Newton.obj
 0001:0000af20       ?SetForce@dgBody@@QAEXABVdgVector@@@Z 1000bf20 f i Newton.obj
 0001:0000b030       ?SetTorque@dgBody@@QAEXABVdgVector@@@Z 1000c030 f i Newton.obj
 0001:0000b140       ?GetMasterList@dgBody@@QBEPAVdgListNode@?$dgList@VdgBodyMasterListRow@@@@XZ 1000c140 f i Newton.obj
 0001:0000b160       ?GetFreeze@dgBody@@QBE_NXZ 1000c160 f i Newton.obj
 0001:0000b180       ??2dgConstraint@@SAPAXIQAVdgMemoryAllocator@@@Z 1000c180 f i Newton.obj
 0001:0000b1a0       ?BeginConectedSurface@dgPolyhedra@@QBEXXZ 1000c1a0 f i Newton.obj
 0001:0000b1c0       ?IncLRU@dgPolyhedra@@QBEHXZ 1000c1c0 f i Newton.obj
 0001:0000b220       ?EndConectedSurface@dgPolyhedra@@QBEXXZ 1000c220 f i Newton.obj
 0001:0000b230       ?IsCollidable@dgConstraint@@QBE_NXZ 1000c230 f i Newton.obj
 0001:0000b250       ?SetCollidable@dgConstraint@@QAEX_N@Z 1000c250 f i Newton.obj
 0001:0000b290       ?GetId@dgConstraint@@QBEIXZ 1000c290 f i Newton.obj
 0001:0000b2b0       ?GetBody0@dgConstraint@@QBEPAVdgBody@@XZ 1000c2b0 f i Newton.obj
 0001:0000b2d0       ?GetBody1@dgConstraint@@QBEPAVdgBody@@XZ 1000c2d0 f i Newton.obj
 0001:0000b2f0       ?SetCollisionCallback@dgContactMaterial@@QAEXP6A_NABV1@ABVdgBody@@1H@ZP6AXAAVdgContact@@NH@Z@Z 1000c2f0 f i Newton.obj
 0001:0000b320       ??2?$dgTree@VdgEdge@@_J@@SAPAXIQAVdgMemoryAllocator@@@Z 1000c320 f i Newton.obj
 0001:0000b340       ?GetInfo@dgListNode@?$dgList@V?$dgGraphNode@VdgDebriNodeInfo@dgCollisionCompoundBreakable@@VdgSharedNodeMesh@2@@@@@QAEAAV?$dgGraphNode@VdgDebriNodeInfo@dgCollisionCompoundBreakable@@VdgSharedNodeMesh@2@@@XZ 1000c340 f i Newton.obj
 0001:0000b360       ?SetCompoundCollisionCallback@dgContactMaterial@@QAEXP6A_NABV1@ABVdgBody@@1H@Z@Z 1000c360 f i Newton.obj
 0001:0000b380       ?GetInfo@dgListNode@?$dgList@VdgBodyMasterListRow@@@@QAEAAVdgBodyMasterListRow@@XZ 1000c380 f i Newton.obj
 0001:0000b3a0       ?GetUserData@dgContactMaterial@@QBEPAXXZ 1000c3a0 f i Newton.obj
 0001:0000b3c0       ?GetNext@dgListNode@?$dgList@VdgBodyMasterListRow@@@@QBEPAV12@XZ 1000c3c0 f i Newton.obj
 0001:0000b3e0       ?SetUserData@dgContactMaterial@@QAEXQAX@Z 1000c3e0 f i Newton.obj
 0001:0000b400       ?GetInfo@dgListNode@?$dgList@VdgBodyMasterListCell@@@@QAEAAVdgBodyMasterListCell@@XZ 1000c400 f i Newton.obj
 0001:0000b420       ?GetNext@dgListNode@?$dgList@VdgBodyMasterListCell@@@@QBEPAV12@XZ 1000c420 f i Newton.obj
 0001:0000b440       ?GetInfo@dgListNode@?$dgList@VdgSubMesh@dgCollisionCompoundBreakable@@@@QAEAAVdgSubMesh@dgCollisionCompoundBreakable@@XZ 1000c440 f i Newton.obj
 0001:0000b460       ?GetNext@dgListNode@?$dgList@VdgSubMesh@dgCollisionCompoundBreakable@@@@QBEPAV12@XZ 1000c460 f i Newton.obj
 0001:0000b480       ?GetInfo@dgListNode@?$dgList@UdgProxy@dgCollisionScene@@@@QAEAAUdgProxy@dgCollisionScene@@XZ 1000c480 f i Newton.obj
 0001:0000b4a0       ?GetInfo@dgListNode@?$dgList@VdgContactMaterial@@@@QAEAAVdgContactMaterial@@XZ 1000c4a0 f i Newton.obj
 0001:0000b4c0       ?GetNext@dgListNode@?$dgList@VdgContactMaterial@@@@QBEPAV12@XZ 1000c4c0 f i Newton.obj
 0001:0000b4e0       ?GetFirst@?$dgList@VdgBodyMasterListCell@@@@QBEPAVdgListNode@1@XZ 1000c4e0 f i Newton.obj
 0001:0000b500       ?GetFirst@?$dgList@VdgBodyMasterListRow@@@@QBEPAVdgListNode@1@XZ 1000c500 f i Newton.obj
 0001:0000b520       ??0?$dgTree@PAVdgConstraint@@PAV1@@@QAE@QAVdgMemoryAllocator@@@Z 1000c520 f i Newton.obj
 0001:0000b560       ??1?$dgTree@PAVdgConstraint@@PAV1@@@QAE@XZ 1000c560 f i Newton.obj
 0001:0000b580       ?Find@?$dgTree@PAVdgConstraint@@PAV1@@@QBEPAVdgTreeNode@1@PAVdgConstraint@@@Z 1000c580 f i Newton.obj
 0001:0000b6e0       ?IsType@dgCollision@@QBEHW4RTTI@1@@Z 1000c6e0 f i Newton.obj
 0001:0000b710       ?Insert@?$dgTree@PAVdgConstraint@@PAV1@@@QAEPAVdgTreeNode@1@ABQAVdgConstraint@@PAV3@@Z 1000c710 f i Newton.obj
 0001:0000b760       ?GetOffsetMatrix@dgCollision@@QBEABVdgMatrix@@XZ 1000c760 f i Newton.obj
 0001:0000b780       ?GetFirst@?$dgList@VdgSubMesh@dgCollisionCompoundBreakable@@@@QBEPAVdgListNode@1@XZ 1000c780 f i Newton.obj
 0001:0000b7a0       ?GetCount@?$dgList@VdgContactMaterial@@@@QBEHXZ 1000c7a0 f i Newton.obj
 0001:0000b7c0       ?GetFirst@?$dgList@VdgContactMaterial@@@@QBEPAVdgListNode@1@XZ 1000c7c0 f i Newton.obj
 0001:0000b7e0       ?Remove@?$dgList@VdgContactMaterial@@@@QAEXQAVdgListNode@1@@Z 1000c7e0 f i Newton.obj
 0001:0000b840       ?SetUserDataID@dgCollision@@QBEIXZ 1000c840 f i Newton.obj
 0001:0000b860       ?SetUserDataID@dgCollision@@QAEXI@Z 1000c860 f i Newton.obj
 0001:0000b880       ?GetAllocator@?$dgTree@VdgEdge@@_J@@QBEPAVdgMemoryAllocator@@XZ 1000c880 f i Newton.obj
 0001:0000b8a0       ??_GdgListNode@?$dgList@VdgContactMaterial@@@@AAEPAXI@Z 1000c8a0 f i Newton.obj
 0001:0000b8e0       ?AddRef@dgCollision@@QAEPAV1@XZ 1000c8e0 f i Newton.obj
 0001:0000b910       ??3dgListNode@?$dgList@VdgContactMaterial@@@@CAXPAX@Z 1000c910 f i Newton.obj
 0001:0000b930       ??1dgListNode@?$dgList@VdgContactMaterial@@@@AAE@XZ 1000c930 f i Newton.obj
 0001:0000b940       ?GetLeft@dgTreeNode@?$dgTree@PAVdgConstraint@@PAV1@@@ABEPAV12@XZ 1000c940 f i Newton.obj
 0001:0000b960       ?GetRefCount@dgCollision@@QBEHXZ 1000c960 f i Newton.obj
 0001:0000b980       ?GetRight@dgTreeNode@?$dgTree@PAVdgConstraint@@PAV1@@@ABEPAV12@XZ 1000c980 f i Newton.obj
 0001:0000b9a0       ?Insert@?$dgTree@PAVdgConstraint@@PAV1@@@QAEPAVdgTreeNode@1@ABQAVdgConstraint@@PAV3@AA_N@Z 1000c9a0 f i Newton.obj
 0001:0000bc10       ??2dgRedBackNode@@SAPAXIQAVdgMemoryAllocator@@@Z 1000cc10 f i Newton.obj
 0001:0000bc30       ?GetAllocator@dgCollision@@QBEPAVdgMemoryAllocator@@XZ 1000cc30 f i Newton.obj
 0001:0000bc50       ?RemoveAll@?$dgTree@PAVdgConstraint@@PAV1@@@QAEXXZ 1000cc50 f i Newton.obj
 0001:0000bc90       ?CompareKeys@?$dgTree@PAVdgConstraint@@PAV1@@@ABEHABQAVdgConstraint@@0@Z 1000cc90 f i Newton.obj
 0001:0000bcd0       ?Unlink@?$dgList@VdgContactMaterial@@@@QAEXQAVdgListNode@1@@Z 1000ccd0 f i Newton.obj
 0001:0000bdb0       ?Unlink@dgListNode@?$dgList@VdgContactMaterial@@@@AAEXXZ 1000cdb0 f i Newton.obj
 0001:0000be40       ?GetPrev@dgListNode@?$dgList@VdgContactMaterial@@@@QBEPAV12@XZ 1000ce40 f i Newton.obj
 0001:0000be60       ??0dgTreeNode@?$dgTree@PAVdgConstraint@@PAV1@@@AAE@ABQAVdgConstraint@@0PAV01@@Z 1000ce60 f i Newton.obj
 0001:0000bef0       ??0dgRedBackNode@@QAE@QAV0@@Z 1000cef0 f i Newton.obj
 0001:0000bf20       ?Initdata@dgRedBackNode@@QAEXQAV1@@Z 1000cf20 f i Newton.obj
 0001:0000bf70       ?SetColor@dgRedBackNode@@QAEXW4REDBLACK_COLOR@1@@Z 1000cf70 f i Newton.obj
 0001:0000bfa0       ?SetInTreeFlag@dgRedBackNode@@QAEXI@Z 1000cfa0 f i Newton.obj
 0001:0000bfd0       ?dgGetUserLock@dgWorld@@QBEXXZ 1000cfd0 f i Newton.obj
 0001:0000c000       ?dgReleasedUserLock@dgWorld@@QBEXXZ 1000d000 f i Newton.obj
 0001:0000c030       ?GetAllocator@dgWorld@@QBEPAVdgMemoryAllocator@@XZ 1000d030 f i Newton.obj
 0001:0000c050       ?GetVertexStrideInByte@dgMeshEffect@@QBEHXZ 1000d050 f i Newton.obj
 0001:0000c070       ?GetVertexPool@dgMeshEffect@@QBEPANXZ 1000d070 f i Newton.obj
 0001:0000c090       ?GetPropertiesStrideInByte@dgMeshEffect@@QBEHXZ 1000d090 f i Newton.obj
 0001:0000c0b0       ?GetAttributePool@dgMeshEffect@@QBEPANXZ 1000d0b0 f i Newton.obj
 0001:0000c0d0       ?GetNormalPool@dgMeshEffect@@QBEPANXZ 1000d0d0 f i Newton.obj
 0001:0000c0f0       ?GetUV0Pool@dgMeshEffect@@QBEPANXZ 1000d0f0 f i Newton.obj
 0001:0000c110       ?GetUV1Pool@dgMeshEffect@@QBEPANXZ 1000d110 f i Newton.obj
 0001:0000c130       ?GetVertexCount@dgMeshEffect@@QBEHXZ 1000d130 f i Newton.obj
 0001:0000c150       ?GetPropertiesCount@dgMeshEffect@@QBEHXZ 1000d150 f i Newton.obj
 0001:0000c170       ?GetMaterialID@dgMeshEffect@@QAEHPAUdgIndexArray@1@H@Z 1000d170 f i Newton.obj
 0001:0000c190       ?GetMaterialIndexCount@dgMeshEffect@@QAEHPAUdgIndexArray@1@H@Z 1000d190 f i Newton.obj
 0001:0000c1b0       ?GetMainMesh@dgCollisionCompoundBreakable@@QBEPAVdgListNode@?$dgList@V?$dgGraphNode@VdgDebriNodeInfo@dgCollisionCompoundBreakable@@VdgSharedNodeMesh@2@@@@@XZ 1000d1b0 f i Newton.obj
 0001:0000c1d0       ?GetFirstComponentMesh@dgCollisionCompoundBreakable@@QBEPAVdgListNode@?$dgList@V?$dgGraphNode@VdgDebriNodeInfo@dgCollisionCompoundBreakable@@VdgSharedNodeMesh@2@@@@@XZ 1000d1d0 f i Newton.obj
 0001:0000c230       ?GetVertecCount@dgCollisionCompoundBreakable@@QBEHXZ 1000d230 f i Newton.obj
 0001:0000c250       ?GetVertexStreams@dgCollisionCompoundBreakable@@QBEXHPANH0H0@Z 1000d250 f i Newton.obj
 0001:0000c290       ?GetNext@dgListNode@?$dgList@V?$dgGraphNode@VdgDebriNodeInfo@dgCollisionCompoundBreakable@@VdgSharedNodeMesh@2@@@@@QBEPAV12@XZ 1000d290 f i Newton.obj
 0001:0000c2b0       ??0?$dgTemplateVector@N@@QAE@NNNN@Z 1000d2b0 f i Newton.obj
 0001:0000c2f0       ??0?$dgTemplateVector@N@@QAE@PBN@Z 1000d2f0 f i Newton.obj
 0001:0000c340       ??0?$dgTemplateVector@N@@QAE@XZ 1000d340 f i Newton.obj
 0001:0000c360       ?Scale@?$dgTemplateVector@N@@QBE?AV1@N@Z 1000d360 f i Newton.obj
 0001:0000c3d0       ??A?$dgTemplateVector@N@@QAEAANH@Z 1000d3d0 f i Newton.obj
 0001:0000c450       ??H?$dgTemplateVector@N@@QBE?AV0@ABV0@@Z 1000d450 f i Newton.obj
 0001:0000c4c0       ??G?$dgTemplateVector@N@@QBE?AV0@ABV0@@Z 1000d4c0 f i Newton.obj
 0001:0000c530       ??L?$dgTemplateVector@N@@QBENABV0@@Z 1000d530 f i Newton.obj
 0001:0000c570       ??D?$dgTemplateVector@N@@QBE?AV0@ABV0@@Z 1000d570 f i Newton.obj
 0001:0000c610       ??$ClampValue@N@@YANNNN@Z  1000d610 f i Newton.obj
 0001:0000c650       ??$GetMin@N@@YANNN@Z       1000d650 f i Newton.obj
 0001:0000c680       ??$GetMax@N@@YANNN@Z       1000d680 f i Newton.obj
 0001:0000c6b0       ?GetCount@?$dgList@V?$dgGraphNode@VdgDebriNodeInfo@dgCollisionCompoundBreakable@@VdgSharedNodeMesh@2@@@@@QBEHXZ 1000d6b0 f i Newton.obj
 0001:0000c6d0       ?GetLast@?$dgList@V?$dgGraphNode@VdgDebriNodeInfo@dgCollisionCompoundBreakable@@VdgSharedNodeMesh@2@@@@@QBEPAVdgListNode@1@XZ 1000d6d0 f i Newton.obj
 0001:0000c6f0       ?GetFirst@?$dgList@V?$dgGraphNode@VdgDebriNodeInfo@dgCollisionCompoundBreakable@@VdgSharedNodeMesh@2@@@@@QBEPAVdgListNode@1@XZ 1000d6f0 f i Newton.obj
 0001:0000c710       ??0NewtonDeadBodies@@QAE@QAVdgMemoryAllocator@@@Z 1000d710 f   NewtonClass.obj
 0001:0000c750       ?DestroyBodies@NewtonDeadBodies@@QAEXAAVNewton@@@Z 1000d750 f   NewtonClass.obj
 0001:0000c7d0       ??0NewtonDeadJoints@@QAE@QAVdgMemoryAllocator@@@Z 1000d7d0 f   NewtonClass.obj
 0001:0000c810       ?DestroyJoints@NewtonDeadJoints@@QAEXAAVNewton@@@Z 1000d810 f   NewtonClass.obj
 0001:0000c890       ?DefaultAllocMemory@Newton@@SAPAXH@Z 1000d890 f   NewtonClass.obj
 0001:0000c8b0       ?DefaultFreeMemory@Newton@@SAXPAXH@Z 1000d8b0 f   NewtonClass.obj
 0001:0000c8d0       ??0Newton@@QAE@NQAVdgMemoryAllocator@@@Z 1000d8d0 f   NewtonClass.obj
 0001:0000c940       ??1Newton@@QAE@XZ          1000d940 f   NewtonClass.obj
 0001:0000c990       ?UpdatePhysics@Newton@@QAEXN@Z 1000d990 f   NewtonClass.obj
 0001:0000ca20       ?DestroyJoint@Newton@@QAEXPAVdgConstraint@@@Z 1000da20 f   NewtonClass.obj
 0001:0000ca80       ?DestroyBody@Newton@@QAEXPAVdgBody@@@Z 1000da80 f   NewtonClass.obj
 0001:0000cae0       ??0NewtonUserJoint@@QAE@PAVdgWorld@@HP6AXPBUNewtonJoint@@NH@ZP6AX1PAUNewtonJointRecord@@@ZPAVdgBody@@5@Z 1000dae0 f   NewtonClass.obj
 0001:0000cc30       ??1NewtonUserJoint@@UAE@XZ 1000dc30 f   NewtonClass.obj
 0001:0000cc90       ?JacobianDerivative@NewtonUserJoint@@UAEIAAVdgContraintDescritor@@@Z 1000dc90 f   NewtonClass.obj
 0001:0000ccf0       ?AddLinearRowJacobian@NewtonUserJoint@@QAEXABVdgVector@@00@Z 1000dcf0 f   NewtonClass.obj
 0001:0000ce10       ?AddAngularRowJacobian@NewtonUserJoint@@QAEXABVdgVector@@N@Z 1000de10 f   NewtonClass.obj
 0001:0000cf60       ?AddGeneralRowJacobian@NewtonUserJoint@@QAEXPBN0@Z 1000df60 f   NewtonClass.obj
 0001:0000d090       ?SetAcceleration@NewtonUserJoint@@QAEXN@Z 1000e090 f   NewtonClass.obj
 0001:0000d0e0       ?SetSpringDamperAcceleration@NewtonUserJoint@@QAEXNN@Z 1000e0e0 f   NewtonClass.obj
 0001:0000d1b0       ?SetHighFriction@NewtonUserJoint@@QAEXN@Z 1000e1b0 f   NewtonClass.obj
 0001:0000d240       ?SetLowerFriction@NewtonUserJoint@@QAEXN@Z 1000e240 f   NewtonClass.obj
 0001:0000d2d0       ?SetRowStiffness@NewtonUserJoint@@QAEXN@Z 1000e2d0 f   NewtonClass.obj
 0001:0000d350       ?GetRowForce@NewtonUserJoint@@QBENH@Z 1000e350 f   NewtonClass.obj
 0001:0000d390       ?GetInfo@NewtonUserJoint@@UBEXQAVdgConstraintInfo@@@Z 1000e390 f   NewtonClass.obj
 0001:0000d3e0       ?SetUpdateFeedbackFunction@NewtonUserJoint@@QAEXP6AXPBUNewtonJoint@@NH@Z@Z 1000e3e0 f   NewtonClass.obj
 0001:0000d740       ??1NewtonDeadBodies@@QAE@XZ 1000e740 f i NewtonClass.obj
 0001:0000d760       ??1NewtonDeadJoints@@QAE@XZ 1000e760 f i NewtonClass.obj
 0001:0000d780       ??_GNewtonUserJoint@@UAEPAXI@Z 1000e780 f i NewtonClass.obj
 0001:0000d780       ??_ENewtonUserJoint@@UAEPAXI@Z 1000e780 f i NewtonClass.obj
 0001:0000d7c0       ??0dgPointParam@dgConstraint@@QAE@XZ 1000e7c0 f i NewtonClass.obj
 0001:0000d850       ??0Iterator@?$dgTree@PAVdgBody@@PAX@@QAE@ABV1@@Z 1000e850 f i NewtonClass.obj
 0001:0000d880       ??1Iterator@?$dgTree@PAVdgBody@@PAX@@QAE@XZ 1000e880 f i NewtonClass.obj
 0001:0000d890       ?Begin@Iterator@?$dgTree@PAVdgBody@@PAX@@QAEXXZ 1000e890 f i NewtonClass.obj
 0001:0000d8c0       ??BIterator@?$dgTree@PAVdgBody@@PAX@@QBEHXZ 1000e8c0 f i NewtonClass.obj
 0001:0000d8e0       ??EIterator@?$dgTree@PAVdgBody@@PAX@@QAEXH@Z 1000e8e0 f i NewtonClass.obj
 0001:0000d940       ?GetNode@Iterator@?$dgTree@PAVdgBody@@PAX@@QBEPAVdgTreeNode@2@XZ 1000e940 f i NewtonClass.obj
 0001:0000d960       ?GetInfo@dgTreeNode@?$dgTree@PAVdgBody@@PAX@@QAEAAPAVdgBody@@XZ 1000e960 f i NewtonClass.obj
 0001:0000d980       ??0Iterator@?$dgTree@PAVdgConstraint@@PAX@@QAE@ABV1@@Z 1000e980 f i NewtonClass.obj
 0001:0000d9b0       ??1Iterator@?$dgTree@PAVdgConstraint@@PAX@@QAE@XZ 1000e9b0 f i NewtonClass.obj
 0001:0000d9c0       ?Begin@Iterator@?$dgTree@PAVdgConstraint@@PAX@@QAEXXZ 1000e9c0 f i NewtonClass.obj
 0001:0000d9f0       ??BIterator@?$dgTree@PAVdgConstraint@@PAX@@QBEHXZ 1000e9f0 f i NewtonClass.obj
 0001:0000da10       ??EIterator@?$dgTree@PAVdgConstraint@@PAX@@QAEXH@Z 1000ea10 f i NewtonClass.obj
 0001:0000da70       ?GetNode@Iterator@?$dgTree@PAVdgConstraint@@PAX@@QBEPAVdgTreeNode@2@XZ 1000ea70 f i NewtonClass.obj
 0001:0000da90       ?GetInfo@dgTreeNode@?$dgTree@PAVdgConstraint@@PAX@@QAEAAPAVdgConstraint@@XZ 1000ea90 f i NewtonClass.obj
 0001:0000dab0       ??0?$dgTree@PAVdgBody@@PAX@@QAE@QAVdgMemoryAllocator@@@Z 1000eab0 f i NewtonClass.obj
 0001:0000daf0       ??1?$dgTree@PAVdgBody@@PAX@@QAE@XZ 1000eaf0 f i NewtonClass.obj
 0001:0000db10       ?Minimum@?$dgTree@PAVdgBody@@PAX@@QBEPAVdgTreeNode@1@XZ 1000eb10 f i NewtonClass.obj
 0001:0000db50       ?Insert@?$dgTree@PAVdgBody@@PAX@@QAEPAVdgTreeNode@1@ABQAVdgBody@@PAX@Z 1000eb50 f i NewtonClass.obj
 0001:0000dba0       ?Remove@?$dgTree@PAVdgBody@@PAX@@QAEXQAVdgTreeNode@1@@Z 1000eba0 f i NewtonClass.obj
 0001:0000dbe0       ??0?$dgTree@PAVdgConstraint@@PAX@@QAE@QAVdgMemoryAllocator@@@Z 1000ebe0 f i NewtonClass.obj
 0001:0000dc20       ??1?$dgTree@PAVdgConstraint@@PAX@@QAE@XZ 1000ec20 f i NewtonClass.obj
 0001:0000dc40       ?Minimum@?$dgTree@PAVdgConstraint@@PAX@@QBEPAVdgTreeNode@1@XZ 1000ec40 f i NewtonClass.obj
 0001:0000dc80       ?Insert@?$dgTree@PAVdgConstraint@@PAX@@QAEPAVdgTreeNode@1@ABQAVdgConstraint@@PAX@Z 1000ec80 f i NewtonClass.obj
 0001:0000dcd0       ?Remove@?$dgTree@PAVdgConstraint@@PAX@@QAEXQAVdgTreeNode@1@@Z 1000ecd0 f i NewtonClass.obj
 0001:0000dd10       ?Insert@?$dgTree@PAVdgBody@@PAX@@QAEPAVdgTreeNode@1@ABQAVdgBody@@PAXAA_N@Z 1000ed10 f i NewtonClass.obj
 0001:0000df80       ?RemoveAll@?$dgTree@PAVdgBody@@PAX@@QAEXXZ 1000ef80 f i NewtonClass.obj
 0001:0000dfc0       ?Insert@?$dgTree@PAVdgConstraint@@PAX@@QAEPAVdgTreeNode@1@ABQAVdgConstraint@@PAXAA_N@Z 1000efc0 f i NewtonClass.obj
 0001:0000e230       ?RemoveAll@?$dgTree@PAVdgConstraint@@PAX@@QAEXXZ 1000f230 f i NewtonClass.obj
 0001:0000e270       ??0dgTreeNode@?$dgTree@PAVdgBody@@PAX@@AAE@ABQAVdgBody@@ABQAXPAV01@@Z 1000f270 f i NewtonClass.obj
 0001:0000e300       ?GetLeft@dgTreeNode@?$dgTree@PAVdgBody@@PAX@@ABEPAV12@XZ 1000f300 f i NewtonClass.obj
 0001:0000e320       ?GetRight@dgTreeNode@?$dgTree@PAVdgBody@@PAX@@ABEPAV12@XZ 1000f320 f i NewtonClass.obj
 0001:0000e340       ??0dgTreeNode@?$dgTree@PAVdgConstraint@@PAX@@AAE@ABQAVdgConstraint@@ABQAXPAV01@@Z 1000f340 f i NewtonClass.obj
 0001:0000e3d0       ?GetLeft@dgTreeNode@?$dgTree@PAVdgConstraint@@PAX@@ABEPAV12@XZ 1000f3d0 f i NewtonClass.obj
 0001:0000e3f0       ?GetRight@dgTreeNode@?$dgTree@PAVdgConstraint@@PAX@@ABEPAV12@XZ 1000f3f0 f i NewtonClass.obj
 0001:0000e410       ?CompareKeys@?$dgTree@PAVdgBody@@PAX@@ABEHABQAX0@Z 1000f410 f i NewtonClass.obj
 0001:0000e450       ?CompareKeys@?$dgTree@PAVdgConstraint@@PAX@@ABEHABQAX0@Z 1000f450 f i NewtonClass.obj
 0001:0000e490       ??3dgConstraint@@SAXPAX@Z  1000f490 f i NewtonClass.obj
 0001:0000e4b0       ?SetUpdateFeedbackFunction@dgConstraint@@IAEXP6AXABV1@NH@Z@Z 1000f4b0 f i NewtonClass.obj
 0001:0000e4d0       ??_H@YGXPAXIHP6EPAX0@Z@Z   1000f4d0 f i NewtonClass.obj
 0001:0000e500       ?Init@dgBilateralConstraint@@MAEXXZ 1000f500 f i NewtonClass.obj
 0001:0000e540       ?Remove@dgBilateralConstraint@@MAEXPAVdgWorld@@@Z 1000f540 f i NewtonClass.obj
 0001:0000e580       ??0dgWorld@@QAE@QAVdgMemoryAllocator@@@Z 1000f580 f   physics:dgWorld.obj
 0001:0000eb00       ??1dgWorld@@QAE@XZ         1000fb00 f   physics:dgWorld.obj
 0001:0000eca0       ?GetPerformanceCount@dgWorld@@CAIXZ 1000fca0 f   physics:dgWorld.obj
 0001:0000ecb0       ?AddSentinelBody@dgWorld@@AAEXXZ 1000fcb0 f   physics:dgWorld.obj
 0001:0000ed40       ?GetSentinelBody@dgWorld@@QBEPAVdgBody@@XZ 1000fd40 f   physics:dgWorld.obj
 0001:0000ed60       ?SetSolverMode@dgWorld@@QAEXH@Z 1000fd60 f   physics:dgWorld.obj
 0001:0000ed90       ?SetFrictionMode@dgWorld@@QAEXH@Z 1000fd90 f   physics:dgWorld.obj
 0001:0000edb0       ?SetHardwareMode@dgWorld@@QAEXH@Z 1000fdb0 f   physics:dgWorld.obj
 0001:0000ede0       ?GetHardwareMode@dgWorld@@QAEHPAD@Z 1000fde0 f   physics:dgWorld.obj
 0001:0000ee40       ?SetThreadsCount@dgWorld@@QAEXH@Z 1000fe40 f   physics:dgWorld.obj
 0001:0000ee80       ?GetThreadsCount@dgWorld@@QBEHXZ 1000fe80 f   physics:dgWorld.obj
 0001:0000eea0       ?GetMaxThreadsCount@dgWorld@@QBEHXZ 1000fea0 f   physics:dgWorld.obj
 0001:0000eec0       ?EnableThreadOnSingleIsland@dgWorld@@QAEXH@Z 1000fec0 f   physics:dgWorld.obj
 0001:0000eee0       ?GetThreadOnSingleIsland@dgWorld@@QBEHXZ 1000fee0 f   physics:dgWorld.obj
 0001:0000ef00       ?SetFrictionThreshold@dgWorld@@QAEXN@Z 1000ff00 f   physics:dgWorld.obj
 0001:0000ef40       ?RemoveAllGroupID@dgWorld@@QAEXXZ 1000ff40 f   physics:dgWorld.obj
 0001:0000efa0       ?DestroyAllBodies@dgWorld@@QAEXXZ 1000ffa0 f   physics:dgWorld.obj
 0001:0000f0b0       ?CreateBody@dgWorld@@QAEPAVdgBody@@QAVdgCollision@@ABVdgMatrix@@@Z 100100b0 f   physics:dgWorld.obj
 0001:0000f3b0       ?DestroyBody@dgWorld@@QAEXQAVdgBody@@@Z 100103b0 f   physics:dgWorld.obj
 0001:0000f460       ?DestroyConstraint@dgWorld@@QAEXPAVdgConstraint@@@Z 10010460 f   physics:dgWorld.obj
 0001:0000f4b0       ?UpdateCollision@dgWorld@@QAEXXZ 100104b0 f   physics:dgWorld.obj
 0001:0000f5c0       ?Update@dgWorld@@QAEXN@Z   100105c0 f   physics:dgWorld.obj
 0001:0000f750       ?GetPerformaceFuntion@dgWorld@@QBEP6AIXZXZ 10010750 f   physics:dgWorld.obj
 0001:0000f770       ?SetPerfomanceCounter@dgWorld@@QAEXP6AIXZ@Z 10010770 f   physics:dgWorld.obj
 0001:0000f7c0       ?GetPerfomanceTicks@dgWorld@@QBEII@Z 100107c0 f   physics:dgWorld.obj
 0001:0000f7f0       ?GetThreadPerfomanceTicks@dgWorld@@QBEII@Z 100107f0 f   physics:dgWorld.obj
 0001:0000f810       ?SetUserData@dgWorld@@QAEXQAX@Z 10010810 f   physics:dgWorld.obj
 0001:0000f830       ?GetUserData@dgWorld@@QBEPAXXZ 10010830 f   physics:dgWorld.obj
 0001:0000f850       ?SetIslandUpdateCallback@dgWorld@@QAEXP6AIQBV1@PAXH@Z@Z 10010850 f   physics:dgWorld.obj
 0001:0000f870       ?SetDestroyCollisionCallback@dgWorld@@QAEXP6AXQBV1@PAVdgCollision@@@Z@Z 10010870 f   physics:dgWorld.obj
 0001:0000f890       ?SetLeavingWorldCallback@dgWorld@@QAEXP6AXPAVdgBody@@H@Z@Z 10010890 f   physics:dgWorld.obj
 0001:0000f8b0       ?SetBodyDestructionByExeciveForce@dgWorld@@QAEXP6AXQBVdgBody@@PBVdgContact@@@Z@Z 100108b0 f   physics:dgWorld.obj
 0001:0000f8d0       ?CreateBallConstraint@dgWorld@@QAEPAVdgBallConstraint@@ABVdgVector@@QAVdgBody@@PAV4@@Z 100108d0 f   physics:dgWorld.obj
 0001:0000f990       ?CreateHingeConstraint@dgWorld@@QAEPAVdgHingeConstraint@@ABVdgVector@@0QAVdgBody@@PAV4@@Z 10010990 f   physics:dgWorld.obj
 0001:0000fa50       ?CreateUpVectorConstraint@dgWorld@@QAEPAVdgUpVectorConstraint@@ABVdgVector@@PAVdgBody@@@Z 10010a50 f   physics:dgWorld.obj
 0001:0000faf0       ?CreateSlidingConstraint@dgWorld@@QAEPAVdgSlidingConstraint@@ABVdgVector@@0QAVdgBody@@PAV4@@Z 10010af0 f   physics:dgWorld.obj
 0001:0000fbb0       ?CreateCorkscrewConstraint@dgWorld@@QAEPAVdgCorkscrewConstraint@@ABVdgVector@@0QAVdgBody@@PAV4@@Z 10010bb0 f   physics:dgWorld.obj
 0001:0000fc70       ?CreateUniversalConstraint@dgWorld@@QAEPAVdgUniversalConstraint@@ABVdgVector@@00QAVdgBody@@PAV4@@Z 10010c70 f   physics:dgWorld.obj
 0001:0000fd40       ?GetBodiesCount@dgWorld@@QBEHXZ 10010d40 f   physics:dgWorld.obj
 0001:0000fd60       ?GetConstraintsCount@dgWorld@@QBEHXZ 10010d60 f   physics:dgWorld.obj
 0001:0000fd80       ?BodySetMatrix@dgWorld@@QAEXPAVdgBody@@ABVdgMatrix@@@Z 10010d80 f   physics:dgWorld.obj
 0001:00010050       ?AddBodyImpulse@dgWorld@@QAEXPAVdgBody@@ABVdgVector@@1@Z 10011050 f   physics:dgWorld.obj
 0001:00010080       ?AreBodyConnectedByJoints@dgWorld@@AAE_NQAVdgBody@@0@Z 10011080 f   physics:dgWorld.obj
 0001:00010260       ?FlushCache@dgWorld@@QAEXXZ 10011260 f   physics:dgWorld.obj
 0001:000102e0       ??0dgActiveContacts@@QAE@QAVdgMemoryAllocator@@@Z 100112e0 f i physics:dgWorld.obj
 0001:00010300       ??2dgCollision@@SAPAXIQAVdgMemoryAllocator@@@Z 10011300 f i physics:dgWorld.obj
 0001:00010320       ??0dgBodyCollisionList@@QAE@QAVdgMemoryAllocator@@@Z 10011320 f i physics:dgWorld.obj
 0001:00010340       ??0dgBodyMaterialList@@QAE@QAVdgMemoryAllocator@@@Z 10011340 f i physics:dgWorld.obj
 0001:00010360       ??0dgDetroyBodyByForce@dgWorld@@QAE@XZ 10011360 f i physics:dgWorld.obj
 0001:00010380       ??0dgCollisionPoint@@QAE@QAVdgMemoryAllocator@@@Z 10011380 f i physics:dgWorld.obj
 0001:000103c0       ?ModifierGetMatrix@dgCollision@@UBE?AVdgMatrix@@XZ 100113c0 f i physics:dgWorld.obj
 0001:000103f0       ?ModifierSetMatrix@dgCollision@@UAEXABVdgMatrix@@@Z 100113f0 f i physics:dgWorld.obj
 0001:00010400       ?Release@dgCollision@@UAEHXZ 10011400 f i physics:dgWorld.obj
 0001:00010470       ?SetBreakImpulse@dgCollision@@UAEXN@Z 10011470 f i physics:dgWorld.obj
 0001:00010480       ?GetBreakImpulse@dgCollision@@UBENXZ 10011480 f i physics:dgWorld.obj
 0001:000104a0       ??_EdgCollisionPoint@@UAEPAXI@Z 100114a0 f i physics:dgWorld.obj
 0001:000104a0       ??_GdgCollisionPoint@@UAEPAXI@Z 100114a0 f i physics:dgWorld.obj
 0001:000104d0       ??3dgCollision@@SAXPAX@Z   100114d0 f i physics:dgWorld.obj
 0001:000104f0       ??1dgCollisionPoint@@UAE@XZ 100114f0 f i physics:dgWorld.obj
 0001:00010510       ??_I@YGXPAXIHP6EX0@Z@Z     10011510 f i physics:dgWorld.obj
 0001:00010540       ??1dgBodyMaterialList@@QAE@XZ 10011540 f i physics:dgWorld.obj
 0001:00010560       ??1dgBodyCollisionList@@QAE@XZ 10011560 f i physics:dgWorld.obj
 0001:00010580       ??1dgActiveContacts@@QAE@XZ 10011580 f i physics:dgWorld.obj
 0001:000105a0       ??1dgWorldDynamicUpdate@@QAE@XZ 100115a0 f i physics:dgWorld.obj
 0001:000106b0       ??1dgSolverWorlkerThreads@@UAE@XZ 100116b0 f i physics:dgWorld.obj
 0001:000106d0       ??1dgParallelSolverClear@@UAE@XZ 100116d0 f i physics:dgWorld.obj
 0001:000106f0       ??1dgParallelSolverBodyInertia@@UAE@XZ 100116f0 f i physics:dgWorld.obj
 0001:00010710       ??1dgParallelSolverUpdateVeloc@@UAE@XZ 10011710 f i physics:dgWorld.obj
 0001:00010730       ??1dgParallelSolverUpdateForce@@UAE@XZ 10011730 f i physics:dgWorld.obj
 0001:00010750       ??1dgParallelSolverCalculateForces@@UAE@XZ 10011750 f i physics:dgWorld.obj
 0001:00010770       ??1dgParallelSolverInitInternalForces@@UAE@XZ 10011770 f i physics:dgWorld.obj
 0001:00010790       ??1dgParallelSolverBuildJacobianRows@@UAE@XZ 10011790 f i physics:dgWorld.obj
 0001:000107b0       ??1dgParallelSolverJointAcceleration@@UAE@XZ 100117b0 f i physics:dgWorld.obj
 0001:000107d0       ??1dgParallelSolverInitFeedbackUpdate@@UAE@XZ 100117d0 f i physics:dgWorld.obj
 0001:000107f0       ??1dgParallelSolverBuildJacobianMatrix@@UAE@XZ 100117f0 f i physics:dgWorld.obj
 0001:00010810       ??2dgBody@@SAPAXIQAVdgMemoryAllocator@@@Z 10011810 f i physics:dgWorld.obj
 0001:00010830       ??_GdgBody@@QAEPAXI@Z      10011830 f i physics:dgWorld.obj
 0001:00010860       ??3dgBody@@SAXPAX@Z        10011860 f i physics:dgWorld.obj
 0001:00010880       ?GetInfo@dgListNode@?$dgList@PAVdgContact@@@@QAEAAPAVdgContact@@XZ 10011880 f i physics:dgWorld.obj
 0001:00010890       ?Inverse@dgMatrix@@QBE?AV1@XZ 10011890 f i physics:dgWorld.obj
 0001:000109c0       ?GetNext@dgListNode@?$dgList@PAVdgContact@@@@QBEPAV12@XZ 100119c0 f i physics:dgWorld.obj
 0001:000109e0       ?GetCount@?$dgList@VdgBodyMasterListCell@@@@QBEHXZ 100119e0 f i physics:dgWorld.obj
 0001:000109f0       ?GetCount@?$dgList@VdgBodyMasterListRow@@@@QBEHXZ 100119f0 f i physics:dgWorld.obj
 0001:00010a00       ??0?$dgList@PAVdgContact@@@@QAE@QAVdgMemoryAllocator@@@Z 10011a00 f i physics:dgWorld.obj
 0001:00010a40       ??1?$dgList@PAVdgContact@@@@QAE@XZ 10011a40 f i physics:dgWorld.obj
 0001:00010a60       ?GetFirst@?$dgList@PAVdgContact@@@@QBEPAVdgListNode@1@XZ 10011a60 f i physics:dgWorld.obj
 0001:00010a80       ??0?$dgTree@PAVdgCollision@@I@@QAE@QAVdgMemoryAllocator@@@Z 10011a80 f i physics:dgWorld.obj
 0001:00010ab0       ??1?$dgTree@PAVdgCollision@@I@@QAE@XZ 10011ab0 f i physics:dgWorld.obj
 0001:00010ad0       ?GetCount@?$dgTree@PAVdgCollision@@I@@QBEHXZ 10011ad0 f i physics:dgWorld.obj
 0001:00010ae0       ??0?$dgTree@VdgContactMaterial@@I@@QAE@QAVdgMemoryAllocator@@@Z 10011ae0 f i physics:dgWorld.obj
 0001:00010b10       ??1?$dgTree@VdgContactMaterial@@I@@QAE@XZ 10011b10 f i physics:dgWorld.obj
 0001:00010b30       ?GetCount@?$dgTree@VdgContactMaterial@@I@@QBEHXZ 10011b30 f i physics:dgWorld.obj
 0001:00010b40       ?GetRoot@?$dgTree@VdgContactMaterial@@I@@QBEPAVdgTreeNode@1@XZ 10011b40 f i physics:dgWorld.obj
 0001:00010b60       ?Remove@?$dgTree@VdgContactMaterial@@I@@QAEXQAVdgTreeNode@1@@Z 10011b60 f i physics:dgWorld.obj
 0001:00010ba0       ??0?$dgTree@PAXI@@QAE@QAVdgMemoryAllocator@@@Z 10011ba0 f i physics:dgWorld.obj
 0001:00010bd0       ??1?$dgTree@PAXI@@QAE@XZ   10011bd0 f i physics:dgWorld.obj
 0001:00010bf0       ??$GetMax@H@@YAHHH@Z       10011bf0 f i physics:dgWorld.obj
 0001:00010c10       ??$ClampValue@I@@YAIIII@Z  10011c10 f i physics:dgWorld.obj
 0001:00010c40       ??$Swap@PAVdgBody@@@@YAXAAPAVdgBody@@0@Z 10011c40 f i physics:dgWorld.obj
 0001:00010c70       ??1dgWorkerThread@@UAE@XZ  10011c70 f i physics:dgWorld.obj
 0001:00010c90       ?RemoveAll@?$dgList@PAVdgContact@@@@QAEXXZ 10011c90 f i physics:dgWorld.obj
 0001:00010d50       ??_EdgWorkerThread@@UAEPAXI@Z 10011d50 f i physics:dgWorld.obj
 0001:00010d50       ??_GdgWorkerThread@@UAEPAXI@Z 10011d50 f i physics:dgWorld.obj
 0001:00010d80       ?RemoveAll@?$dgTree@PAVdgCollision@@I@@QAEXXZ 10011d80 f i physics:dgWorld.obj
 0001:00010dc0       ?RemoveAll@?$dgTree@VdgContactMaterial@@I@@QAEXXZ 10011dc0 f i physics:dgWorld.obj
 0001:00010e00       ?RemoveAll@?$dgTree@PAXI@@QAEXXZ 10011e00 f i physics:dgWorld.obj
 0001:00010e40       ??_GdgListNode@?$dgList@PAVdgContact@@@@AAEPAXI@Z 10011e40 f i physics:dgWorld.obj
 0001:00010e70       ??3dgListNode@?$dgList@PAVdgContact@@@@CAXPAX@Z 10011e70 f i physics:dgWorld.obj
 0001:00010e90       ??1dgListNode@?$dgList@PAVdgContact@@@@AAE@XZ 10011e90 f i physics:dgWorld.obj
 0001:00010ea0       ?Unlink@dgListNode@?$dgList@PAVdgContact@@@@AAEXXZ 10011ea0 f i physics:dgWorld.obj
 0001:00010ef0       ??0dgSortArray@@QAE@XZ     10011ef0 f   physics:dgBroadPhaseCollision.obj
 0001:00010f20       ??1dgSortArray@@QAE@XZ     10011f20 f   physics:dgBroadPhaseCollision.obj
 0001:00010f60       ?Add@dgSortArray@@QAEXQAVdgBody@@@Z 10011f60 f   physics:dgBroadPhaseCollision.obj
 0001:00010fd0       ?Remove@dgSortArray@@QAEXQAVdgBody@@@Z 10011fd0 f   physics:dgBroadPhaseCollision.obj
 0001:00011040       ?Sort@dgSortArray@@QAENXZ  10012040 f   physics:dgBroadPhaseCollision.obj
 0001:00011190       ?RayCast@dgSortArray@@QBENNABUdgLineBox@@P6ANQBVdgBody@@ABVdgVector@@HQAXN@ZP6AI1QBVdgCollision@@3@Z3@Z 10012190 f   physics:dgBroadPhaseCollision.obj
 0001:000112c0       ?InvalidateCache@dgSortArray@@QAEXXZ 100122c0 f   physics:dgBroadPhaseCollision.obj
 0001:00011370       ?SanityCheck@dgSortArray@@QAE_NXZ 10012370 f   physics:dgBroadPhaseCollision.obj
 0001:000113f0       ??0dgBroadPhaseCell@@QAE@XZ 100123f0 f   physics:dgBroadPhaseCollision.obj
 0001:00011410       ??1dgBroadPhaseCell@@QAE@XZ 10012410 f   physics:dgBroadPhaseCollision.obj
 0001:00011460       ?Init@dgBroadPhaseCell@@AAEXHPAVdgMemoryAllocator@@@Z 10012460 f   physics:dgBroadPhaseCollision.obj
 0001:000114d0       ?Add@dgBroadPhaseCell@@AAEXQAVdgBody@@@Z 100124d0 f   physics:dgBroadPhaseCollision.obj
 0001:00011560       ?Remove@dgBroadPhaseCell@@AAEXQAVdgBody@@@Z 10012560 f   physics:dgBroadPhaseCollision.obj
 0001:00011620       ?Sort@dgBroadPhaseCell@@AAEXXZ 10012620 f   physics:dgBroadPhaseCollision.obj
 0001:000116b0       ?UpdateAutoPair@dgBroadPhaseCell@@AAEXQAVdgWorld@@H@Z 100126b0 f   physics:dgBroadPhaseCollision.obj
 0001:00011830       ??0dgBroadPhaseLayer@@QAE@XZ 10012830 f   physics:dgBroadPhaseCollision.obj
 0001:00011870       ??1dgBroadPhaseLayer@@QAE@XZ 10012870 f   physics:dgBroadPhaseCollision.obj
 0001:000118b0       ?Init@dgBroadPhaseLayer@@AAEXQAVdgWorld@@NH@Z 100128b0 f   physics:dgBroadPhaseCollision.obj
 0001:00011920       ?FindCreate@dgBroadPhaseLayer@@AAEPAVdgBroadPhaseCell@@HH@Z 10012920 f   physics:dgBroadPhaseCollision.obj
 0001:000119b0       ??0dgBroadPhaseCollision@@AAE@PAVdgMemoryAllocator@@@Z 100129b0 f   physics:dgBroadPhaseCollision.obj
 0001:00011b80       ??1dgBroadPhaseCollision@@AAE@XZ 10012b80 f   physics:dgBroadPhaseCollision.obj
 0001:00011c10       ?Init@dgBroadPhaseCollision@@AAEXXZ 10012c10 f   physics:dgBroadPhaseCollision.obj
 0001:00011c70       ?GetWorldSize@dgBroadPhaseCollision@@QBEXAAVdgVector@@0@Z 10012c70 f   physics:dgBroadPhaseCollision.obj
 0001:00011cb0       ?SetWorldSize@dgBroadPhaseCollision@@QAEXABVdgVector@@0@Z 10012cb0 f   physics:dgBroadPhaseCollision.obj
 0001:000120f0       ?InvalidateCache@dgBroadPhaseCollision@@AAEXXZ 100130f0 f   physics:dgBroadPhaseCollision.obj
 0001:00012180       ?Add@dgBroadPhaseCollision@@AAEXQAVdgBody@@@Z 10013180 f   physics:dgBroadPhaseCollision.obj
 0001:000121e0       ?Remove@dgBroadPhaseCollision@@AAEXQAVdgBody@@@Z 100131e0 f   physics:dgBroadPhaseCollision.obj
 0001:000122b0       ?UpdatePairs@dgBroadPhaseCollision@@ABEXQAVdgBody@@QAVdgListNode@?$dgList@VdgSortArrayEntry@@@@HH@Z 100132b0 f   physics:dgBroadPhaseCollision.obj
 0001:00012400       ?UpdatePairs@dgBroadPhaseCollision@@ABEXAAVdgBroadPhaseCell@@0H@Z 10013400 f   physics:dgBroadPhaseCollision.obj
 0001:000124e0       ?ForEachBodyInAABB@dgBroadPhaseCollision@@QBEXABVdgVector@@0P6AXPAVdgBody@@QAX@Z2@Z 100134e0 f   physics:dgBroadPhaseCollision.obj
 0001:00012760       ?ConvexCast@dgBroadPhaseCollision@@QBEHQAVdgCollision@@ABVdgMatrix@@ABVdgVector@@AANP6AIQBVdgBody@@QBV2@QAX@Z6QAVdgConvexCastReturnInfo@@HH@Z 10013760 f   physics:dgBroadPhaseCollision.obj
 0001:00013290       ?Realloc@dgBroadPhaseCalculateContactsWorkerThread@@QAEXHHH@Z 10014290 f   physics:dgBroadPhaseCollision.obj
 0001:000133f0       ?ThreadExecute@dgBroadPhaseCellPairsWorkerThread@@UAEXXZ 100143f0 f   physics:dgBroadPhaseCollision.obj
 0001:000134b0       ?ThreadExecute@dgBroadPhaseApplyExternalForce@@UAEXXZ 100144b0 f   physics:dgBroadPhaseCollision.obj
 0001:000139a0       ?ThreadExecute@dgBroadPhaseCalculateContactsWorkerThread@@UAEXXZ 100149a0 f   physics:dgBroadPhaseCollision.obj
 0001:00013c10       ?ThreadExecute@dgBroadPhaseMaterialCallbackWorkerThread@@UAEXXZ 10014c10 f   physics:dgBroadPhaseCollision.obj
 0001:00013d60       ?RayCast@dgBroadPhaseCollision@@QBEXABVdgVector@@0P6ANQBVdgBody@@0HQAXN@ZP6AI1QBVdgCollision@@2@Z2@Z 10014d60 f   physics:dgBroadPhaseCollision.obj
 0001:00014760       ?UpdateBodyBroadphase@dgBroadPhaseCollision@@AAEXQAVdgBody@@H@Z 10015760 f   physics:dgBroadPhaseCollision.obj
 0001:00014d50       ?UpdateContactsBroadPhaseBegin@dgBroadPhaseCollision@@AAEIN_NI@Z 10015d50 f   physics:dgBroadPhaseCollision.obj
 0001:00015dc0       ?UpdateContactsBroadPhaseEnd@dgBroadPhaseCollision@@AAEXN@Z 10016dc0 f   physics:dgBroadPhaseCollision.obj
 0001:00015f40       ?UpdateContactsSimd@dgBroadPhaseCollision@@AAEXN_N@Z 10016f40 f   physics:dgBroadPhaseCollision.obj
 0001:00015f50       ?UpdateContacts@dgBroadPhaseCollision@@AAEXN_N@Z 10016f50 f   physics:dgBroadPhaseCollision.obj
 0001:000162d0       ?GetKey@dgBroadPhaseLayer@@ABEIHH@Z 100172d0 f i physics:dgBroadPhaseCollision.obj
 0001:000162f0       ??0dgBroadPhaseApplyExternalForce@@QAE@XZ 100172f0 f i physics:dgBroadPhaseCollision.obj
 0001:00016310       ??0dgBroadPhaseCellPairsWorkerThread@@QAE@XZ 10017310 f i physics:dgBroadPhaseCollision.obj
 0001:00016330       ??0dgBroadPhaseMaterialCallbackWorkerThread@@QAE@XZ 10017330 f i physics:dgBroadPhaseCollision.obj
 0001:00016350       ??0dgBroadPhaseCalculateContactsWorkerThread@@QAE@XZ 10017350 f i physics:dgBroadPhaseCollision.obj
 0001:00016370       ??_EdgBroadPhaseApplyExternalForce@@UAEPAXI@Z 10017370 f i physics:dgBroadPhaseCollision.obj
 0001:00016370       ??_GdgBroadPhaseApplyExternalForce@@UAEPAXI@Z 10017370 f i physics:dgBroadPhaseCollision.obj
 0001:000163a0       ??1dgBroadPhaseApplyExternalForce@@UAE@XZ 100173a0 f i physics:dgBroadPhaseCollision.obj
 0001:000163c0       ??_EdgBroadPhaseCellPairsWorkerThread@@UAEPAXI@Z 100173c0 f i physics:dgBroadPhaseCollision.obj
 0001:000163c0       ??_GdgBroadPhaseCellPairsWorkerThread@@UAEPAXI@Z 100173c0 f i physics:dgBroadPhaseCollision.obj
 0001:000163f0       ??1dgBroadPhaseCellPairsWorkerThread@@UAE@XZ 100173f0 f i physics:dgBroadPhaseCollision.obj
 0001:00016410       ??_GdgBroadPhaseMaterialCallbackWorkerThread@@UAEPAXI@Z 10017410 f i physics:dgBroadPhaseCollision.obj
 0001:00016410       ??_EdgBroadPhaseMaterialCallbackWorkerThread@@UAEPAXI@Z 10017410 f i physics:dgBroadPhaseCollision.obj
 0001:00016440       ??1dgBroadPhaseMaterialCallbackWorkerThread@@UAE@XZ 10017440 f i physics:dgBroadPhaseCollision.obj
 0001:00016460       ??_GdgBroadPhaseCalculateContactsWorkerThread@@UAEPAXI@Z 10017460 f i physics:dgBroadPhaseCollision.obj
 0001:00016460       ??_EdgBroadPhaseCalculateContactsWorkerThread@@UAEPAXI@Z 10017460 f i physics:dgBroadPhaseCollision.obj
 0001:00016490       ??1dgBroadPhaseCalculateContactsWorkerThread@@UAE@XZ 10017490 f i physics:dgBroadPhaseCollision.obj
 0001:000164b0       ?Find@dgBroadPhaseLayer@@ABEPAVdgBroadPhaseCell@@HH@Z 100174b0 f i physics:dgBroadPhaseCollision.obj
 0001:00016500       ?ApplyExtenalForces@dgBody@@AAEXNH@Z 10017500 f i physics:dgBroadPhaseCollision.obj
 0001:000165d0       ?IsInEquelibrium@dgBody@@QBE_NXZ 100175d0 f i physics:dgBroadPhaseCollision.obj
 0001:000167e0       ??0dgWorkerThread@@QAE@XZ  100177e0 f i physics:dgBroadPhaseCollision.obj
 0001:00016810       ?dgOverlapTest@@YAHABVdgVector@@000@Z 10017810 f i physics:dgBroadPhaseCollision.obj
 0001:000168a0       ??0dgLineBox@@QAE@XZ       100178a0 f i physics:dgBroadPhaseCollision.obj
 0001:000168e0       ?GetCollisionPrimityType@dgCollision@@QBE?AW4dgCollisionID@@XZ 100178e0 f i physics:dgBroadPhaseCollision.obj
 0001:00016900       ?KeyToIndex@dgBroadPhaseLayer@@ABEXHAAH0@Z 10017900 f i physics:dgBroadPhaseCollision.obj
 0001:00016930       ?GetKey@dgTreeNode@?$dgTree@VdgBroadPhaseCell@@I@@QBEABIXZ 10017930 f i physics:dgBroadPhaseCollision.obj
 0001:00016950       ?GetInfo@dgTreeNode@?$dgTree@VdgBroadPhaseCell@@I@@QAEAAVdgBroadPhaseCell@@XZ 10017950 f i physics:dgBroadPhaseCollision.obj
 0001:00016970       ?GetInfo@dgListNode@?$dgList@VdgSortArrayEntry@@@@QAEAAVdgSortArrayEntry@@XZ 10017970 f i physics:dgBroadPhaseCollision.obj
 0001:00016980       ?GetNext@dgListNode@?$dgList@VdgSortArrayEntry@@@@QBEPAV12@XZ 10017980 f i physics:dgBroadPhaseCollision.obj
 0001:000169a0       ?GetPrev@dgListNode@?$dgList@VdgSortArrayEntry@@@@QBEPAV12@XZ 100179a0 f i physics:dgBroadPhaseCollision.obj
 0001:000169c0       ??0Iterator@?$dgTree@VdgBroadPhaseCell@@I@@QAE@ABV1@@Z 100179c0 f i physics:dgBroadPhaseCollision.obj
 0001:000169f0       ??1Iterator@?$dgTree@VdgBroadPhaseCell@@I@@QAE@XZ 100179f0 f i physics:dgBroadPhaseCollision.obj
 0001:00016a00       ?Begin@Iterator@?$dgTree@VdgBroadPhaseCell@@I@@QAEXXZ 10017a00 f i physics:dgBroadPhaseCollision.obj
 0001:00016a20       ??BIterator@?$dgTree@VdgBroadPhaseCell@@I@@QBEHXZ 10017a20 f i physics:dgBroadPhaseCollision.obj
 0001:00016a40       ??EIterator@?$dgTree@VdgBroadPhaseCell@@I@@QAEXH@Z 10017a40 f i physics:dgBroadPhaseCollision.obj
 0001:00016a90       ?GetNode@Iterator@?$dgTree@VdgBroadPhaseCell@@I@@QBEPAVdgTreeNode@2@XZ 10017a90 f i physics:dgBroadPhaseCollision.obj
 0001:00016aa0       ??A?$dgTemplateVector@N@@QBEABNH@Z 10017aa0 f i physics:dgBroadPhaseCollision.obj
 0001:00016b10       ??Z?$dgTemplateVector@N@@QAEAAV0@ABV0@@Z 10017b10 f i physics:dgBroadPhaseCollision.obj
 0001:00016bf0       ??0?$dgList@VdgSortArrayEntry@@@@QAE@QAVdgMemoryAllocator@@@Z 10017bf0 f i physics:dgBroadPhaseCollision.obj
 0001:00016c30       ??1?$dgList@VdgSortArrayEntry@@@@QAE@XZ 10017c30 f i physics:dgBroadPhaseCollision.obj
 0001:00016c50       ?SetAllocator@?$dgList@VdgSortArrayEntry@@@@QAEXQAVdgMemoryAllocator@@@Z 10017c50 f i physics:dgBroadPhaseCollision.obj
 0001:00016c80       ?GetCount@?$dgList@VdgSortArrayEntry@@@@QBEHXZ 10017c80 f i physics:dgBroadPhaseCollision.obj
 0001:00016c90       ?GetFirst@?$dgList@VdgSortArrayEntry@@@@QBEPAVdgListNode@1@XZ 10017c90 f i physics:dgBroadPhaseCollision.obj
 0001:00016cb0       ?Append@?$dgList@VdgSortArrayEntry@@@@QAEPAVdgListNode@1@XZ 10017cb0 f i physics:dgBroadPhaseCollision.obj
 0001:00016d70       ?RotateToBegin@?$dgList@VdgSortArrayEntry@@@@QAEXQAVdgListNode@1@@Z 10017d70 f i physics:dgBroadPhaseCollision.obj
 0001:00016de0       ?InsertAfter@?$dgList@VdgSortArrayEntry@@@@QAEXQAVdgListNode@1@0@Z 10017de0 f i physics:dgBroadPhaseCollision.obj
 0001:00016fb0       ?Remove@?$dgList@VdgSortArrayEntry@@@@QAEXQAVdgListNode@1@@Z 10017fb0 f i physics:dgBroadPhaseCollision.obj
 0001:00017000       ??0?$dgTree@VdgBroadPhaseCell@@I@@QAE@QAVdgMemoryAllocator@@@Z 10018000 f i physics:dgBroadPhaseCollision.obj
 0001:00017030       ??1?$dgTree@VdgBroadPhaseCell@@I@@QAE@XZ 10018030 f i physics:dgBroadPhaseCollision.obj
 0001:00017050       ?SetAllocator@?$dgTree@VdgBroadPhaseCell@@I@@QAEXQAVdgMemoryAllocator@@@Z 10018050 f i physics:dgBroadPhaseCollision.obj
 0001:00017080       ?GetCount@?$dgTree@VdgBroadPhaseCell@@I@@QBEHXZ 10018080 f i physics:dgBroadPhaseCollision.obj
 0001:00017090       ?Minimum@?$dgTree@VdgBroadPhaseCell@@I@@QBEPAVdgTreeNode@1@XZ 10018090 f i physics:dgBroadPhaseCollision.obj
 0001:000170c0       ?Find@?$dgTree@VdgBroadPhaseCell@@I@@QBEPAVdgTreeNode@1@I@Z 100180c0 f i physics:dgBroadPhaseCollision.obj
 0001:000171e0       ?GetNodeFromInfo@?$dgTree@VdgBroadPhaseCell@@I@@QBEPAVdgTreeNode@1@AAVdgBroadPhaseCell@@@Z 100181e0 f i physics:dgBroadPhaseCollision.obj
 0001:00017280       ?IsInTree@dgRedBackNode@@QBEIXZ 10018280 f i physics:dgBroadPhaseCollision.obj
 0001:000172a0       ?Insert@?$dgTree@VdgBroadPhaseCell@@I@@QAEPAVdgTreeNode@1@ABVdgBroadPhaseCell@@I@Z 100182a0 f i physics:dgBroadPhaseCollision.obj
 0001:000172e0       ?Remove@?$dgTree@VdgBroadPhaseCell@@I@@QAEXQAVdgTreeNode@1@@Z 100182e0 f i physics:dgBroadPhaseCollision.obj
 0001:00017320       ??_GdgListNode@?$dgList@VdgSortArrayEntry@@@@AAEPAXI@Z 10018320 f i physics:dgBroadPhaseCollision.obj
 0001:00017350       ?GetLeft@dgTreeNode@?$dgTree@VdgBroadPhaseCell@@I@@ABEPAV12@XZ 10018350 f i physics:dgBroadPhaseCollision.obj
 0001:00017360       ?GetRight@dgTreeNode@?$dgTree@VdgBroadPhaseCell@@I@@ABEPAV12@XZ 10018360 f i physics:dgBroadPhaseCollision.obj
 0001:00017380       ??2dgListNode@?$dgList@VdgSortArrayEntry@@@@CAPAXIQAVdgMemoryAllocator@@@Z 10018380 f i physics:dgBroadPhaseCollision.obj
 0001:000173a0       ??3dgListNode@?$dgList@VdgSortArrayEntry@@@@CAXPAX@Z 100183a0 f i physics:dgBroadPhaseCollision.obj
 0001:000173c0       ??0dgListNode@?$dgList@VdgSortArrayEntry@@@@AAE@QAV01@0@Z 100183c0 f i physics:dgBroadPhaseCollision.obj
 0001:00017460       ??1dgListNode@?$dgList@VdgSortArrayEntry@@@@AAE@XZ 10018460 f i physics:dgBroadPhaseCollision.obj
 0001:00017470       ?Unlink@dgListNode@?$dgList@VdgSortArrayEntry@@@@AAEXXZ 10018470 f i physics:dgBroadPhaseCollision.obj
 0001:000174c0       ?AddFirst@dgListNode@?$dgList@VdgSortArrayEntry@@@@AAEXQAV12@@Z 100184c0 f i physics:dgBroadPhaseCollision.obj
 0001:000174e0       ?RemoveAll@?$dgList@VdgSortArrayEntry@@@@QAEXXZ 100184e0 f i physics:dgBroadPhaseCollision.obj
 0001:000175a0       ?Unlink@?$dgList@VdgSortArrayEntry@@@@QAEXQAVdgListNode@1@@Z 100185a0 f i physics:dgBroadPhaseCollision.obj
 0001:00017650       ?SanityCheck@?$dgList@VdgSortArrayEntry@@@@QBE_NXZ 10018650 f i physics:dgBroadPhaseCollision.obj
 0001:000177d0       ?Insert@?$dgTree@VdgBroadPhaseCell@@I@@QAEPAVdgTreeNode@1@ABVdgBroadPhaseCell@@IAA_N@Z 100187d0 f i physics:dgBroadPhaseCollision.obj
 0001:000179d0       ?RemoveAll@?$dgTree@VdgBroadPhaseCell@@I@@QAEXXZ 100189d0 f i physics:dgBroadPhaseCollision.obj
 0001:00017a10       ?CompareKeys@?$dgTree@VdgBroadPhaseCell@@I@@ABEHABI0@Z 10018a10 f i physics:dgBroadPhaseCollision.obj
 0001:00017a50       ??0dgTreeNode@?$dgTree@VdgBroadPhaseCell@@I@@AAE@ABVdgBroadPhaseCell@@ABIPAV01@@Z 10018a50 f i physics:dgBroadPhaseCollision.obj
 0001:00017ad0       ?GetIslandBody@dgWorld@@QBEPAVdgBody@@QBXH@Z 10018ad0 f   physics:dgWorldDynamicUpdate.obj
 0001:00017b40       ??0dgWorldDynamicUpdate@@AAE@XZ 10018b40 f   physics:dgWorldDynamicUpdate.obj
 0001:00017ca0       ?UpdateDynamics@dgWorldDynamicUpdate@@AAEXQAVdgWorld@@HN@Z 10018ca0 f   physics:dgWorldDynamicUpdate.obj
 0001:00018360       ?ThreadExecute@dgSolverWorlkerThreads@@UAEXXZ 10019360 f   physics:dgWorldDynamicUpdate.obj
 0001:00019140       ?ReallocBodyMemory@dgWorldDynamicUpdate@@AAEXH@Z 1001a140 f   physics:dgWorldDynamicUpdate.obj
 0001:000192a0       ?ReallocIslandMemory@dgWorldDynamicUpdate@@AAEXH@Z 1001a2a0 f   physics:dgWorldDynamicUpdate.obj
 0001:00019400       ?ReallocJointsMemory@dgWorldDynamicUpdate@@AAEXH@Z 1001a400 f   physics:dgWorldDynamicUpdate.obj
 0001:00019560       ?ReallocJacobiansMemory@dgWorldDynamicUpdate@@AAEXHH@Z 1001a560 f   physics:dgWorldDynamicUpdate.obj
 0001:00019e00       ?ReallocIntenalForcesMemory@dgWorldDynamicUpdate@@AAEXHH@Z 1001ae00 f   physics:dgWorldDynamicUpdate.obj
 0001:0001a060       ?BuildIsland@dgWorldDynamicUpdate@@AAEXAAV?$dgQueue@PAVdgBody@@@@HHH@Z 1001b060 f   physics:dgWorldDynamicUpdate.obj
 0001:0001a5b0       ?SpanningTree@dgWorldDynamicUpdate@@AAEXQAVdgBody@@@Z 1001b5b0 f   physics:dgWorldDynamicUpdate.obj
 0001:0001b020       ?IntegrateArray@dgWorldDynamicUpdate@@ABEXPBVdgBodyInfo@@HNNH_N@Z 1001c020 f   physics:dgWorldDynamicUpdate.obj
 0001:0001b7c0       ?GetJacobialDerivatives@dgWorldDynamicUpdate@@AAEHABVdgIsland@@H_NHN@Z 1001c7c0 f   physics:dgWorldDynamicUpdate.obj
 0001:0001bf90       ?BuildJacobianMatrixSimd@dgWorldDynamicUpdate@@AAEXABVdgIsland@@HN@Z 1001cf90 f   physics:dgWorldDynamicUpdate.obj
 0001:0001bfa0       ?BuildJacobianMatrix@dgWorldDynamicUpdate@@AAEXABVdgIsland@@HN@Z 1001cfa0 f   physics:dgWorldDynamicUpdate.obj
 0001:0001c970       ?CalculateReactionsForcesSimd@dgJacobianMemory@@QBEXHN@Z 1001d970 f   physics:dgWorldDynamicUpdate.obj
 0001:0001c980       ?CalculateReactionsForces@dgJacobianMemory@@QBEXHN@Z 1001d980 f   physics:dgWorldDynamicUpdate.obj
 0001:0001ca10       ?ApplyExternalForcesAndAccelerationSimd@dgJacobianMemory@@QBEXN@Z 1001da10 f   physics:dgWorldDynamicUpdate.obj
 0001:0001ca20       ?ApplyExternalForcesAndAcceleration@dgJacobianMemory@@QBEXN@Z 1001da20 f   physics:dgWorldDynamicUpdate.obj
 0001:0001d040       ?SwapRowsSimd@dgJacobianMemory@@QBEXHH@Z 1001e040 f   physics:dgWorldDynamicUpdate.obj
 0001:0001d050       ?SwapRows@dgJacobianMemory@@QBEXHH@Z 1001e050 f   physics:dgWorldDynamicUpdate.obj
 0001:0001d240       ?CalculateSimpleBodyReactionsForcesSimd@dgJacobianMemory@@QBEXN@Z 1001e240 f   physics:dgWorldDynamicUpdate.obj
 0001:0001d250       ?CalculateSimpleBodyReactionsForces@dgJacobianMemory@@QBEXN@Z 1001e250 f   physics:dgWorldDynamicUpdate.obj
 0001:0001e4d0       ?CalculateForcesSimulationModeSimd@dgJacobianMemory@@QBEXN@Z 1001f4d0 f   physics:dgWorldDynamicUpdate.obj
 0001:0001e4e0       ?CalculateForcesSimulationMode@dgJacobianMemory@@QBEXN@Z 1001f4e0 f   physics:dgWorldDynamicUpdate.obj
 0001:00020b00       ?CalculateJointForcesSimd@dgJacobianMemory@@QBENHPANN@Z 10021b00 f   physics:dgWorldDynamicUpdate.obj
 0001:00020b10       ?CalculateJointForces@dgJacobianMemory@@QBENHPANN@Z 10021b10 f   physics:dgWorldDynamicUpdate.obj
 0001:00021e00       ?CalculateForcesGameModeSimd@dgJacobianMemory@@QBEXHN@Z 10022e00 f   physics:dgWorldDynamicUpdate.obj
 0001:00021e10       ?CalculateForcesGameMode@dgJacobianMemory@@QBEXHN@Z 10022e10 f   physics:dgWorldDynamicUpdate.obj
 0001:00023010       ?ThreadExecute@dgParallelSolverBodyInertia@@UAEXXZ 10024010 f   physics:dgWorldDynamicUpdate.obj
 0001:00023110       ?ThreadExecute@dgParallelSolverBuildJacobianRows@@UAEXXZ 10024110 f   physics:dgWorldDynamicUpdate.obj
 0001:00023700       ?ThreadExecute@dgParallelSolverBuildJacobianMatrix@@UAEXXZ 10024700 f   physics:dgWorldDynamicUpdate.obj
 0001:00023f00       ?GetJacobialDerivativesParallel@dgWorldDynamicUpdate@@AAEHABVdgIsland@@_NHN@Z 10024f00 f   physics:dgWorldDynamicUpdate.obj
 0001:000240a0       ?BuildJacobianMatrixParallel@dgWorldDynamicUpdate@@AAEXABVdgIsland@@NH@Z 100250a0 f   physics:dgWorldDynamicUpdate.obj
 0001:000246c0       ?ThreadExecute@dgParallelSolverClear@@UAEXXZ 100256c0 f   physics:dgWorldDynamicUpdate.obj
[...]
 0003:00001d68       ??_R0?AVbad_cast@std@@@8   10195d68     LIBCMTD:stdexcpt.obj
 0003:00001d84       ??_R0?AVbad_typeid@std@@@8 10195d84     LIBCMTD:stdexcpt.obj
 0003:00001da4       ??_R0?AV__non_rtti_object@std@@@8 10195da4     LIBCMTD:stdexcpt.obj
 0003:00001dc8       __lpdays                   10195dc8     LIBCMTD:days.obj
 0003:00001dfc       __days                     10195dfc     LIBCMTD:days.obj
 0003:00002570       ?m_edgeArray@dgCollisionSphere@@1PAVdgConvexSimplexEdge@@A 10196570     physics:dgCollisionSphere.obj
 0003:00002b70       ?m_shapeRefCount@dgCollisionSphere@@1HA 10196b70     physics:dgCollisionSphere.obj
 0003:00002b80       ?m_unitSphere@dgCollisionSphere@@1PAVdgVector@@A 10196b80     physics:dgCollisionSphere.obj
 0003:00002dc0       ?m_iniliazised@dgConvexCollision@@1HA 10196dc0     physics:dgConvexCollision.obj
 0003:00002dd0       ?m_multiResDir@dgConvexCollision@@1PAVdgVector@@A 10196dd0     physics:dgConvexCollision.obj
 0003:00002ed0       ?m_multiResDir_sse@dgConvexCollision@@1PAVdgVector@@A 10196ed0     physics:dgConvexCollision.obj
 0003:00002f90       ?m_zero@dgConvexCollision@@1VdgVector@@A 10196f90     physics:dgConvexCollision.obj
 0003:00002fb0       ?m_negOne@dgConvexCollision@@1VdgVector@@A 10196fb0     physics:dgConvexCollision.obj
 0003:00002fd0       ?m_nrh0p5@dgConvexCollision@@1VdgVector@@A 10196fd0     physics:dgConvexCollision.obj
 0003:00002ff0       ?m_nrh3p0@dgConvexCollision@@1VdgVector@@A 10196ff0     physics:dgConvexCollision.obj
 0003:00003010       ?m_indexStep@dgConvexCollision@@1VdgVector@@A 10197010     physics:dgConvexCollision.obj
 0003:00003030       ?m_index_0123@dgConvexCollision@@1VdgVector@@A 10197030     physics:dgConvexCollision.obj
 0003:00003050       ?m_index_4567@dgConvexCollision@@1VdgVector@@A 10197050     physics:dgConvexCollision.obj
 0003:00003070       ?m_huge@dgConvexCollision@@1VdgVector@@A 10197070     physics:dgConvexCollision.obj
 0003:00003090       ?m_negativeTiny@dgConvexCollision@@1VdgVector@@A 10197090     physics:dgConvexCollision.obj
 0003:000030b0       ?m_aabb_padd@dgConvexCollision@@1VdgVector@@A 101970b0     physics:dgConvexCollision.obj
 0003:000030d0       ?m_signMask@dgConvexCollision@@1VdgVector@@A 101970d0     physics:dgConvexCollision.obj
 0003:000030f0       ?m_triplexMask@dgConvexCollision@@1VdgVector@@A 101970f0     physics:dgConvexCollision.obj
 0003:00003110       ?m_edgeArray@dgCollisionCapsule@@0PAVdgConvexSimplexEdge@@A 10197110     physics:dgCollisionCapsule.obj
 0003:00003c50       ?m_shapeRefCount@dgCollisionCapsule@@0HA 10197c50     physics:dgCollisionCapsule.obj
 0003:00003c58       ?m_edgeArray@dgCollisionCone@@0PAVdgConvexSimplexEdge@@A 10197c58     physics:dgCollisionCone.obj
 0003:00003e58       ?m_shapeRefCount@dgCollisionCone@@0HA 10197e58     physics:dgCollisionCone.obj
 0003:00003e60       ?m_edgeArray@dgCollisionCylinder@@0PAVdgConvexSimplexEdge@@A 10197e60     physics:dgCollisionCylinder.obj
 0003:00004160       ?m_shapeRefCount@dgCollisionCylinder@@0HA 10198160     physics:dgCollisionCylinder.obj
 0003:00004170       ?m_edgeArray@dgCollisionChamferCylinder@@0PAVdgConvexSimplexEdge@@A 10198170     physics:dgCollisionChamferCylinder.obj
 0003:00004a70       ?m_shapeRefCount@dgCollisionChamferCylinder@@0HA 10198a70     physics:dgCollisionChamferCylinder.obj
 0003:00004a80       ?m_shapesDirs@dgCollisionChamferCylinder@@0PAVdgVector@@A 10198a80     physics:dgCollisionChamferCylinder.obj
 0003:00004b80       ?m_dir@dgContactSolver@@2PAVdgVector@@A 10198b80     physics:dgMinkowskiConv.obj
 0003:00004d40       ?m_globalAllocator@dgGlobalAllocator@@2V1@A 10198d40     corelib:dgMemory.obj
 0003:00004f60       ?id@?1???0dgAABBPointTree3d@@QAE@XZ@4HA 10198f60     corelib:dgConvexHull3d.obj
 0003:00004f68       ?id@?1???0dgAABBPointTree4d@@QAE@XZ@4HA 10198f68     corelib:dgConvexHull4d.obj
 0003:00005018       ___fastflag                10199018     LIBCMTD:_fpinit_.obj
 0003:0000501c       __adjust_fdiv              1019901c     LIBCMTD:_fpinit_.obj
 0003:00005024       __aenvptr                  10199024     LIBCMTD:dllcrt0.obj
 0003:00005028       __wenvptr                  10199028     LIBCMTD:dllcrt0.obj
 0003:0000502c       ___error_mode              1019902c     LIBCMTD:dllcrt0.obj
 0003:00005030       ___app_type                10199030     LIBCMTD:dllcrt0.obj
 0003:000051b4       ?_pfnDumpClient@@3P6AXPAXI@ZA 101991b4     LIBCMTD:dbgheap.obj
 0003:000051bc       ___crtDebugCheckCount      101991bc     LIBCMTD:dbgheap.obj
 0003:000051c4       ___pInvalidArgHandler      101991c4     LIBCMTD:invarg.obj
 0003:000051c8       __umaskval                 101991c8     LIBCMTD:crt0dat.obj
 0003:000051cc       ___argc                    101991cc     LIBCMTD:crt0dat.obj
 0003:000051d0       ___argv                    101991d0     LIBCMTD:crt0dat.obj
 0003:000051d4       ___wargv                   101991d4     LIBCMTD:crt0dat.obj
 0003:000051d8       __environ                  101991d8     LIBCMTD:crt0dat.obj
 0003:000051dc       ___initenv                 101991dc     LIBCMTD:crt0dat.obj
 0003:000051e0       __wenviron                 101991e0     LIBCMTD:crt0dat.obj
 0003:000051e4       ___winitenv                101991e4     LIBCMTD:crt0dat.obj
 0003:000051e8       __pgmptr                   101991e8     LIBCMTD:crt0dat.obj
 0003:000051ec       __wpgmptr                  101991ec     LIBCMTD:crt0dat.obj
 0003:000051f0       __exitflag                 101991f0     LIBCMTD:crt0dat.obj
 0003:000051f4       __C_Termination_Done       101991f4     LIBCMTD:crt0dat.obj
 0003:000051f8       __C_Exit_Done              101991f8     LIBCMTD:crt0dat.obj
 0003:00005228       __newmode                  10199228     LIBCMTD:_newmode.obj
 0003:0000522c       _gpFlsAlloc                1019922c     LIBCMTD:tidtable.obj
 0003:00005230       _gpFlsGetValue             10199230     LIBCMTD:tidtable.obj
 0003:00005234       _gpFlsSetValue             10199234     LIBCMTD:tidtable.obj
 0003:00005238       _gpFlsFree                 10199238     LIBCMTD:tidtable.obj
 0003:0000534c       __crtheap                  1019934c     LIBCMTD:heapinit.obj
 0003:0000566c       ___pPurecall               1019966c     LIBCMTD:inithelp.obj
 0003:00005674       ___mbulinfo                10199674     LIBCMTD:mbctype.obj
 0003:00005680       ___mbcodepage              10199680     LIBCMTD:mbctype.obj
 0003:00005684       ___ismbcodepage            10199684     LIBCMTD:mbctype.obj
 0003:00005688       ___mblcid                  10199688     LIBCMTD:mbctype.obj
 0003:0000568c       ___locale_changed          1019968c     LIBCMTD:setlocal.obj
 0003:00005690       ___lc_handle               10199690     LIBCMTD:nlsdata2.obj
 0003:000056a8       ___lc_codepage             101996a8     LIBCMTD:nlsdata2.obj
 0003:000056ac       ___lc_collate_cp           101996ac     LIBCMTD:nlsdata2.obj
 0003:000056b0       __outputformat             101996b0     LIBCMTD:outputformat.obj
 0003:000056b8       ?_pnhHeap@@3P6AHI@ZA       101996b8     LIBCMTD:handler.obj
 0003:000056c4       ___sbh_pHeaderDefer        101996c4     LIBCMTD:sbheap.obj
 0003:000056c8       ?__pInconsistency@@3P6AXXZA 101996c8     LIBCMTD:hooks.obj
 0003:000059f4       __cflush                   101999f4     LIBCMTD:_file.obj
 0003:00005a1c       ___lconv_static_null       10199a1c     LIBCMTD:lconv.obj
 0003:00005a20       ?wsprintffp@@3P6AHPADPBDZZA 10199a20     LIBCMTD:_error_.obj
 0003:00005a24       __stdbuf                   10199a24     LIBCMTD:_sftbuf.obj
 0003:00005b18       ?pArgList@UnDecorator@@0PAVReplicator@@A 10199b18     LIBCMTD:undname.obj
 0003:00005b1c       ?pZNameList@UnDecorator@@0PAVReplicator@@A 10199b1c     LIBCMTD:undname.obj
 0003:00005b20       ?pTemplateArgList@UnDecorator@@0PAVReplicator@@A 10199b20     LIBCMTD:undname.obj
 0003:00005b24       ?gName@UnDecorator@@0PBDB  10199b24     LIBCMTD:undname.obj
 0003:00005b28       ?name@UnDecorator@@0PBDB   10199b28     LIBCMTD:undname.obj
 0003:00005b2c       ?outputString@UnDecorator@@0PADA 10199b2c     LIBCMTD:undname.obj
 0003:00005b30       ?maxStringLength@UnDecorator@@0HA 10199b30     LIBCMTD:undname.obj
 0003:00005b34       ?disableFlags@UnDecorator@@0KA 10199b34     LIBCMTD:undname.obj
 0003:00005b38       ?m_pGetParameter@UnDecorator@@0P6APADJ@ZA 10199b38     LIBCMTD:undname.obj
 0003:00005b3c       ?fExplicitTemplateParams@UnDecorator@@0_NA 10199b3c     LIBCMTD:undname.obj
 0003:00005b3d       ?fGetTemplateArgumentList@UnDecorator@@0_NA 10199b3d     LIBCMTD:undname.obj
 0003:00005b90       ?nodes@?1??make@DNameStatusNode@@SAPAV2@W4DNameStatus@@@Z@4PAV2@A 10199b90     LIBCMTD:undname.obj
 0003:00005bc0       ??_B?1??make@DNameStatusNode@@SAPAV1@W4DNameStatus@@@Z@51 10199bc0     LIBCMTD:undname.obj
 0003:00005bc8       ___piob                    10199bc8     <common>
 0003:00005f20       __bufin                    10199f20     <common>
 0003:00006f20       __nstream                  1019af20     <common>
 0003:00006f24       ___sbh_initialized         1019af24     <common>
 0003:00006f38       ___sbh_cntHeaderList       1019af38     <common>
 0003:00006f3c       ___sbh_pHeaderList         1019af3c     <common>
 0003:00006f40       ___sbh_threshold           1019af40     <common>
 0003:00006f44       ___sbh_pHeaderScan         1019af44     <common>
 0003:00006f48       ___sbh_sizeHeaderList      1019af48     <common>
 0003:00006f4c       ___sbh_indGroupDefer       1019af4c     <common>
 0003:00006f50       __debugger_hook_dummy      1019af50     <common>
 0003:00006f5c       ___setlc_active            1019af5c     <common>
 0003:00006f6c       ___unguarded_readlc_active 1019af6c     <common>
 0003:00006f70       ___active_heap             1019af70     <common>
 0003:00006f7c       __nhandle                  1019af7c     <common>
 0003:00006fc0       ___pioinfo                 1019afc0     <common>
 0003:000070c0       ___env_initialized         1019b0c0     <common>
 0003:000070d0       ___onexitend               1019b0d0     <common>
 0003:000070d4       ___onexitbegin             1019b0d4     <common>
 0003:000070d8       ___mbctype_initialized     1019b0d8     <common>
 0003:000070dc       ___dyn_tls_init_callback   1019b0dc     <common>
 0003:000070e0       __pfnReportHook            1019b0e0     <common>
 0003:000070f0       __pReportHookListW         1019b0f0     <common>
 0003:000070f4       __pReportHookList          1019b0f4     <common>
 0003:000070f8       ___use_sse2_mathfcns       1019b0f8     <common>
 0003:00007108       ___sse2_available          1019b108     <common>
 0003:0000710c       __pmatherr                 1019b10c     <common>
 0003:00007118       __acmdln                   1019b118     <common>
 0004:00000000       __IMPORT_DESCRIPTOR_KERNEL32 1019c000     kernel32:KERNEL32.dll
 0004:00000014       __NULL_IMPORT_DESCRIPTOR   1019c014     kernel32:KERNEL32.dll
 0004:00000250       __imp__OutputDebugStringA@4 1019c250     kernel32:KERNEL32.dll
 0004:00000254       __imp__InterlockedExchangeAdd@8 1019c254     kernel32:KERNEL32.dll
 0004:00000258       __imp__GetSystemInfo@4     1019c258     kernel32:KERNEL32.dll
 0004:0000025c       __imp__InitializeCriticalSection@4 1019c25c     kernel32:KERNEL32.dll
 0004:00000260       __imp__CreateEventA@16     1019c260     kernel32:KERNEL32.dll
 0004:00000264       __imp__CreateSemaphoreA@16 1019c264     kernel32:KERNEL32.dll
 0004:00000268       __imp__CloseHandle@4       1019c268     kernel32:KERNEL32.dll
 0004:0000026c       __imp__WaitForMultipleObjects@16 1019c26c     kernel32:KERNEL32.dll
 0004:00000270       __imp__DeleteCriticalSection@4 1019c270     kernel32:KERNEL32.dll
 0004:00000274       __imp__SetEvent@4          1019c274     kernel32:KERNEL32.dll
 0004:00000278       __imp__Sleep@4             1019c278     kernel32:KERNEL32.dll
 0004:0000027c       __imp__LeaveCriticalSection@4 1019c27c     kernel32:KERNEL32.dll
 0004:00000280       __imp__ReleaseSemaphore@12 1019c280     kernel32:KERNEL32.dll
 0004:00000284       __imp__EnterCriticalSection@4 1019c284     kernel32:KERNEL32.dll
 0004:00000288       __imp__WaitForSingleObject@8 1019c288     kernel32:KERNEL32.dll
 0004:0000028c       __imp__InterlockedIncrement@4 1019c28c     kernel32:KERNEL32.dll
 0004:00000290       __imp__InterlockedDecrement@4 1019c290     kernel32:KERNEL32.dll
 0004:00000294       __imp__InterlockedExchange@8 1019c294     kernel32:KERNEL32.dll
 0004:00000298       __imp__GetModuleFileNameW@12 1019c298     kernel32:KERNEL32.dll
 0004:0000029c       __imp__GetCurrentThreadId@0 1019c29c     kernel32:KERNEL32.dll
 0004:000002a0       __imp__GetCommandLineA@0   1019c2a0     kernel32:KERNEL32.dll
 0004:000002a4       __imp__GetLastError@0      1019c2a4     kernel32:KERNEL32.dll
 0004:000002a8       __imp__CreateThread@24     1019c2a8     kernel32:KERNEL32.dll
 0004:000002ac       __imp__ExitThread@4        1019c2ac     kernel32:KERNEL32.dll
 0004:000002b0       __imp__GetProcAddress@8    1019c2b0     kernel32:KERNEL32.dll
 0004:000002b4       __imp__GetModuleHandleA@4  1019c2b4     kernel32:KERNEL32.dll
 0004:000002b8       __imp__FatalAppExitA@8     1019c2b8     kernel32:KERNEL32.dll
 0004:000002bc       __imp__HeapValidate@12     1019c2bc     kernel32:KERNEL32.dll
 0004:000002c0       __imp__IsBadReadPtr@8      1019c2c0     kernel32:KERNEL32.dll
 0004:000002c4       __imp__DebugBreak@0        1019c2c4     kernel32:KERNEL32.dll
 0004:000002c8       __imp__GetStdHandle@4      1019c2c8     kernel32:KERNEL32.dll
 0004:000002cc       __imp__WriteFile@20        1019c2cc     kernel32:KERNEL32.dll
 0004:000002d0       __imp__WriteConsoleW@20    1019c2d0     kernel32:KERNEL32.dll
 0004:000002d4       __imp__GetFileType@4       1019c2d4     kernel32:KERNEL32.dll
 0004:000002d8       __imp__OutputDebugStringW@4 1019c2d8     kernel32:KERNEL32.dll
 0004:000002dc       __imp__TerminateProcess@8  1019c2dc     kernel32:KERNEL32.dll
 0004:000002e0       __imp__GetCurrentProcess@0 1019c2e0     kernel32:KERNEL32.dll
 0004:000002e4       __imp__UnhandledExceptionFilter@4 1019c2e4     kernel32:KERNEL32.dll
 0004:000002e8       __imp__SetUnhandledExceptionFilter@4 1019c2e8     kernel32:KERNEL32.dll
 0004:000002ec       __imp__IsDebuggerPresent@0 1019c2ec     kernel32:KERNEL32.dll
 0004:000002f0       __imp__GetModuleHandleW@4  1019c2f0     kernel32:KERNEL32.dll
 0004:000002f4       __imp__ExitProcess@4       1019c2f4     kernel32:KERNEL32.dll
 0004:000002f8       __imp__SetConsoleCtrlHandler@8 1019c2f8     kernel32:KERNEL32.dll
 0004:000002fc       __imp__LoadLibraryW@4      1019c2fc     kernel32:KERNEL32.dll
 0004:00000300       __imp__RaiseException@16   1019c300     kernel32:KERNEL32.dll
 0004:00000304       __imp__TlsGetValue@4       1019c304     kernel32:KERNEL32.dll
 0004:00000308       __imp__TlsAlloc@0          1019c308     kernel32:KERNEL32.dll
 0004:0000030c       __imp__TlsSetValue@8       1019c30c     kernel32:KERNEL32.dll
 0004:00000310       __imp__TlsFree@4           1019c310     kernel32:KERNEL32.dll
 0004:00000314       __imp__SetLastError@4      1019c314     kernel32:KERNEL32.dll
 0004:00000318       __imp__GetCurrentThread@0  1019c318     kernel32:KERNEL32.dll
 0004:0000031c       __imp__SetHandleCount@4    1019c31c     kernel32:KERNEL32.dll
 0004:00000320       __imp__GetStartupInfoA@4   1019c320     kernel32:KERNEL32.dll
 0004:00000324       __imp__GetModuleFileNameA@12 1019c324     kernel32:KERNEL32.dll
 0004:00000328       __imp__FreeEnvironmentStringsA@4 1019c328     kernel32:KERNEL32.dll
 0004:0000032c       __imp__GetEnvironmentStrings@0 1019c32c     kernel32:KERNEL32.dll
 0004:00000330       __imp__FreeEnvironmentStringsW@4 1019c330     kernel32:KERNEL32.dll
 0004:00000334       __imp__WideCharToMultiByte@32 1019c334     kernel32:KERNEL32.dll
 0004:00000338       __imp__GetEnvironmentStringsW@0 1019c338     kernel32:KERNEL32.dll
 0004:0000033c       __imp__HeapDestroy@4       1019c33c     kernel32:KERNEL32.dll
 0004:00000340       __imp__HeapCreate@12       1019c340     kernel32:KERNEL32.dll
 0004:00000344       __imp__HeapFree@12         1019c344     kernel32:KERNEL32.dll
 0004:00000348       __imp__VirtualFree@12      1019c348     kernel32:KERNEL32.dll
 0004:0000034c       __imp__QueryPerformanceCounter@4 1019c34c     kernel32:KERNEL32.dll
 0004:00000350       __imp__GetTickCount@0      1019c350     kernel32:KERNEL32.dll
 0004:00000354       __imp__GetCurrentProcessId@0 1019c354     kernel32:KERNEL32.dll
 0004:00000358       __imp__GetSystemTimeAsFileTime@4 1019c358     kernel32:KERNEL32.dll
 0004:0000035c       __imp__GetACP@0            1019c35c     kernel32:KERNEL32.dll
 0004:00000360       __imp__GetOEMCP@0          1019c360     kernel32:KERNEL32.dll
 0004:00000364       __imp__GetCPInfo@8         1019c364     kernel32:KERNEL32.dll
 0004:00000368       __imp__IsValidCodePage@4   1019c368     kernel32:KERNEL32.dll
 0004:0000036c       __imp__InitializeCriticalSectionAndSpinCount@8 1019c36c     kernel32:KERNEL32.dll
 0004:00000370       __imp__HeapAlloc@12        1019c370     kernel32:KERNEL32.dll
 0004:00000374       __imp__HeapSize@12         1019c374     kernel32:KERNEL32.dll
 0004:00000378       __imp__HeapReAlloc@16      1019c378     kernel32:KERNEL32.dll
 0004:0000037c       __imp__VirtualAlloc@16     1019c37c     kernel32:KERNEL32.dll
 0004:00000380       __imp__MultiByteToWideChar@24 1019c380     kernel32:KERNEL32.dll
 0004:00000384       __imp__RtlUnwind@16        1019c384     kernel32:KERNEL32.dll
 0004:00000388       __imp__FreeLibrary@4       1019c388     kernel32:KERNEL32.dll
 0004:0000038c       __imp__LoadLibraryA@4      1019c38c     kernel32:KERNEL32.dll
 0004:00000390       __imp__SetFilePointer@16   1019c390     kernel32:KERNEL32.dll
 0004:00000394       __imp__GetConsoleCP@0      1019c394     kernel32:KERNEL32.dll
 0004:00000398       __imp__GetConsoleMode@8    1019c398     kernel32:KERNEL32.dll
 0004:0000039c       __imp__GetLocaleInfoW@16   1019c39c     kernel32:KERNEL32.dll
 0004:000003a0       __imp__GetLocaleInfoA@16   1019c3a0     kernel32:KERNEL32.dll
 0004:000003a4       __imp__LCMapStringA@24     1019c3a4     kernel32:KERNEL32.dll
 0004:000003a8       __imp__LCMapStringW@24     1019c3a8     kernel32:KERNEL32.dll
 0004:000003ac       __imp__GetStringTypeA@20   1019c3ac     kernel32:KERNEL32.dll
 0004:000003b0       __imp__GetStringTypeW@16   1019c3b0     kernel32:KERNEL32.dll
 0004:000003b4       __imp__GetTimeFormatA@24   1019c3b4     kernel32:KERNEL32.dll
 0004:000003b8       __imp__GetDateFormatA@24   1019c3b8     kernel32:KERNEL32.dll
 0004:000003bc       __imp__IsValidLocale@8     1019c3bc     kernel32:KERNEL32.dll
 0004:000003c0       __imp__EnumSystemLocalesA@8 1019c3c0     kernel32:KERNEL32.dll
 0004:000003c4       __imp__GetUserDefaultLCID@0 1019c3c4     kernel32:KERNEL32.dll
 0004:000003c8       __imp__SetStdHandle@8      1019c3c8     kernel32:KERNEL32.dll
 0004:000003cc       __imp__WriteConsoleA@20    1019c3cc     kernel32:KERNEL32.dll
 0004:000003d0       __imp__GetConsoleOutputCP@0 1019c3d0     kernel32:KERNEL32.dll
 0004:000003d4       __imp__lstrlenA@4          1019c3d4     kernel32:KERNEL32.dll
 0004:000003d8       __imp__GetTimeZoneInformation@4 1019c3d8     kernel32:KERNEL32.dll
 0004:000003dc       __imp__CreateFileA@28      1019c3dc     kernel32:KERNEL32.dll
 0004:000003e0       __imp__GetProcessHeap@0    1019c3e0     kernel32:KERNEL32.dll
 0004:000003e4       __imp__VirtualQuery@12     1019c3e4     kernel32:KERNEL32.dll
 0004:000003e8       __imp__FlushFileBuffers@4  1019c3e8     kernel32:KERNEL32.dll
 0004:000003ec       __imp__CompareStringA@24   1019c3ec     kernel32:KERNEL32.dll
 0004:000003f0       __imp__CompareStringW@24   1019c3f0     kernel32:KERNEL32.dll
 0004:000003f4       __imp__SetEnvironmentVariableA@8 1019c3f4     kernel32:KERNEL32.dll
 0004:000003f8       \177KERNEL32_NULL_THUNK_DATA 1019c3f8     kernel32:KERNEL32.dll

 entry point at        0001:000c5b50

