 newton

 Timestamp is 4d42f063 (Fri Jan 28 08:35:47 2011)

 Preferred load address is 0000000180000000

 Start         Length     Name                   Class
 0001:00000000 000b84ceH .text                   CODE
 0001:000b84d0 0000001fH .text$0                 CODE
 0001:000b84f0 00000080H .text$00                CODE
 0001:000b8570 00000248H .text$x                 CODE
 0001:000b87c0 000001f8H .text$yc                CODE
 0001:000b89c0 00000020H .text$yd                CODE
 0002:00000000 00000290H .idata$5                DATA
 0002:00000290 00000008H .CRT$XCA                DATA
 0002:00000298 00000020H .CRT$XCU                DATA
 0002:000002b8 00000008H .CRT$XCZ                DATA
 0002:000002c0 00000008H .CRT$XIA                DATA
 0002:000002c8 00000018H .CRT$XIC                DATA
 0002:000002e0 00000008H .CRT$XIZ                DATA
 0002:000002e8 00000008H .CRT$XPA                DATA
 0002:000002f0 00000008H .CRT$XPX                DATA
 0002:000002f8 00000008H .CRT$XPXA               DATA
 0002:00000300 00000008H .CRT$XPZ                DATA
 0002:00000308 00000008H .CRT$XTA                DATA
 0002:00000310 00000008H .CRT$XTZ                DATA
 0002:00000320 000048a0H .rdata                  DATA
 0002:00004bc0 0000006fH .rdata$debug            DATA
 0002:00004c30 00000008H .rtc$IAA                DATA
 0002:00004c38 00000008H .rtc$IZZ                DATA
 0002:00004c40 00000008H .rtc$TAA                DATA
 0002:00004c48 00000008H .rtc$TZZ                DATA
 0002:00004c50 00008f64H .xdata                  DATA
 0002:0000dbb4 00000014H .idata$2                DATA
 0002:0000dbc8 00000014H .idata$3                DATA
 0002:0000dbe0 00000290H .idata$4                DATA
 0002:0000de70 000005e2H .idata$6                DATA
 0002:0000e460 0000325aH .edata                  DATA
 0003:00000000 000023fcH .data                   DATA
 0003:00002400 00006430H .bss                    DATA
 0004:00000000 00005d24H .pdata                  DATA
 0005:00000000 00000058H .rsrc$01                DATA
 0005:00000060 000003c0H .rsrc$02                DATA

  Address         Publics by Value              Rva+Base               Lib:Object

 0000:00000000       ___safe_se_handler_count   0000000000000000     <absolute>
 0000:00000000       ___safe_se_handler_table   0000000000000000     <absolute>
 0000:00000000       __ImageBase                0000000180000000     <linker-defined>
 0001:00000000       DllMain                    0000000180001000 f   Newton.obj
 0001:00000010       NewtonGetMemoryUsed        0000000180001010 f   Newton.obj
 0001:00000050       NewtonSetMemorySystem      0000000180001050 f   Newton.obj
 0001:00000090       NewtonCreate               0000000180001090 f   Newton.obj
 0001:00000230       NewtonDestroy              0000000180001230 f   Newton.obj
 0001:00000310       NewtonInvalidateCache      0000000180001310 f   Newton.obj
 0001:00000320       NewtonSetPlatformArchitecture 0000000180001320 f   Newton.obj
 0001:00000380       NewtonGetPlatformArchitecture 0000000180001380 f   Newton.obj
 0001:000003d0       ?dgGetUserLock@dgWorld@@QEBAXXZ 00000001800013d0 f   Newton.obj
 0001:000003d0       NewtonWorldCriticalSectionLock 00000001800013d0 f   Newton.obj
 0001:00000420       NewtonWorldCriticalSectionUnlock 0000000180001420 f   Newton.obj
 0001:00000440       NewtonSetThreadsCount      0000000180001440 f   Newton.obj
 0001:00000480       NewtonGetThreadsCount      0000000180001480 f   Newton.obj
 0001:00000490       NewtonGetMaxThreadsCount   0000000180001490 f   Newton.obj
 0001:000004a0       NewtonSetMultiThreadSolverOnSingleIsland 00000001800014a0 f   Newton.obj
 0001:000004b0       NewtonGetMultiThreadSolverOnSingleIsland 00000001800014b0 f   Newton.obj
 0001:000004c0       NewtonSetSolverModel       00000001800014c0 f   Newton.obj
 0001:000004d0       NewtonSetFrictionModel     00000001800014d0 f   Newton.obj
 0001:000004e0       NewtonSetPerformanceClock  00000001800014e0 f   Newton.obj
 0001:00000530       NewtonReadPerformanceTicks 0000000180001530 f   Newton.obj
 0001:00000530       NewtonReadThreadPerformanceTicks 0000000180001530 f   Newton.obj
 0001:00000550       NewtonUpdate               0000000180001550 f   Newton.obj
 0001:00000680       NewtonCollisionUpdate      0000000180001680 f   Newton.obj
 0001:00000700       NewtonSetMinimumFrameRate  0000000180001700 f   Newton.obj
 0001:00000740       NewtonDestroyAllBodies     0000000180001740 f   Newton.obj
 0001:000007b0       NewtonSetWorldSize         00000001800017b0 f   Newton.obj
 0001:00000820       NewtonSetIslandUpdateEvent 0000000180001820 f   Newton.obj
 0001:00000830       NewtonSetCollisionDestructor 0000000180001830 f   Newton.obj
 0001:00000840       NewtonSetDestroyBodyByExeciveForce 0000000180001840 f   Newton.obj
 0001:00000850       NewtonSetBodyLeaveWorldEvent 0000000180001850 f   Newton.obj
 0001:00000860       NewtonWorldGetFirstBody    0000000180001860 f   Newton.obj
 0001:00000880       NewtonWorldGetNextBody     0000000180001880 f   Newton.obj
 0001:000008a0       NewtonWorldForEachJointDo  00000001800018a0 f   Newton.obj
 0001:00000ab0       NewtonWorldForEachBodyInAABBDo 0000000180001ab0 f   Newton.obj
 0001:00000b30       NewtonWorldGetVersion      0000000180001b30 f   Newton.obj
 0001:00000b40       NewtonWorldFloatSize       0000000180001b40 f   Newton.obj
 0001:00000b50       NewtonWorldSetUserData     0000000180001b50 f   Newton.obj
 0001:00000b60       NewtonWorldGetUserData     0000000180001b60 f   Newton.obj
 0001:00000b70       NewtonWorldSetDestructorCallBack 0000000180001b70 f   Newton.obj
 0001:00000b80       NewtonWorldGetDestructorCallBack 0000000180001b80 f   Newton.obj
 0001:00000b90       NewtonWorldGetBodyCount    0000000180001b90 f   Newton.obj
 0001:00000ba0       NewtonWorldGetConstraintCount 0000000180001ba0 f   Newton.obj
 0001:00000bb0       NewtonWorldRayCast         0000000180001bb0 f   Newton.obj
 0001:00000c40       NewtonWorldConvexCast      0000000180001c40 f   Newton.obj
 0001:00000ce0       NewtonIslandGetBody        0000000180001ce0 f   Newton.obj
 0001:00000d00       NewtonIslandGetBodyAABB    0000000180001d00 f   Newton.obj
 0001:00000d60       NewtonMaterialGetDefaultGroupID 0000000180001d60 f   Newton.obj
 0001:00000d70       NewtonMaterialCreateGroupID 0000000180001d70 f   Newton.obj
 0001:00000d80       NewtonMaterialDestroyAllGroupID 0000000180001d80 f   Newton.obj
 0001:00000d90       NewtonMaterialSetDefaultCollidable 0000000180001d90 f   Newton.obj
 0001:00000df0       NewtonMaterialSetContinuousCollisionMode 0000000180001df0 f   Newton.obj
 0001:00000e50       NewtonMaterialSetSurfaceThickness 0000000180001e50 f   Newton.obj
 0001:00000ed0       NewtonMaterialSetDefaultFriction 0000000180001ed0 f   Newton.obj
 0001:00000fb0       NewtonMaterialSetDefaultElasticity 0000000180001fb0 f   Newton.obj
 0001:00001030       NewtonMaterialSetDefaultSoftness 0000000180002030 f   Newton.obj
 0001:000010a0       NewtonMaterialSetCollisionCallback 00000001800020a0 f   Newton.obj
 0001:00001110       NewtonMaterialGetUserData  0000000180002110 f   Newton.obj
 0001:00001170       NewtonWorldGetFirstMaterial 0000000180002170 f   Newton.obj
 0001:000011a0       NewtonWorldGetNextMaterial 00000001800021a0 f   Newton.obj
 0001:00001200       NewtonMaterialGetMaterialPairUserData 0000000180002200 f   Newton.obj
 0001:00001210       NewtonMaterialGetContactFaceAttribute 0000000180002210 f   Newton.obj
 0001:00001220       NewtonMaterialGetContactNormalSpeed 0000000180002220 f   Newton.obj
 0001:00001390       NewtonMaterialGetContactTangentSpeed 0000000180002390 f   Newton.obj
 0001:00001550       NewtonMaterialGetContactPositionAndNormal 0000000180002550 f   Newton.obj
 0001:00001580       NewtonMaterialGetContactForce 0000000180002580 f   Newton.obj
 0001:00001620       NewtonMaterialGetContactTangentDirections 0000000180002620 f   Newton.obj
 0001:00001650       NewtonMaterialGetBodyCollisionID 0000000180002650 f   Newton.obj
 0001:00001670       NewtonMaterialSetContactSoftness 0000000180002670 f   Newton.obj
 0001:000016a0       NewtonMaterialSetContactElasticity 00000001800026a0 f   Newton.obj
 0001:000016d0       NewtonMaterialSetContactFrictionState 00000001800026d0 f   Newton.obj
 0001:00001700       NewtonMaterialSetContactFrictionCoef 0000000180002700 f   Newton.obj
 0001:000017a0       NewtonMaterialSetContactNormalAcceleration 00000001800027a0 f   Newton.obj
 0001:000017b0       NewtonMaterialSetContactTangentAcceleration 00000001800027b0 f   Newton.obj
 0001:000017d0       NewtonMaterialSetContactNormalDirection 00000001800027d0 f   Newton.obj
 0001:00001b00       NewtonMaterialContactRotateTangentDirections 0000000180002b00 f   Newton.obj
 0001:00001c90       NewtonCreateNull           0000000180002c90 f   Newton.obj
 0001:00001ca0       NewtonCreateBox            0000000180002ca0 f   Newton.obj
 0001:00001d80       NewtonCreateSphere         0000000180002d80 f   Newton.obj
 0001:00001f10       NewtonCreateCone           0000000180002f10 f   Newton.obj
 0001:00001fe0       NewtonCreateCapsule        0000000180002fe0 f   Newton.obj
 0001:000020b0       NewtonCreateCylinder       00000001800030b0 f   Newton.obj
 0001:00002180       NewtonCreateChamferCylinder 0000000180003180 f   Newton.obj
 0001:00002250       NewtonCreateConvexHull     0000000180003250 f   Newton.obj
 0001:00002360       NewtonCreateConvexHullFromMesh 0000000180003360 f   Newton.obj
 0001:00002380       NewtonCreateConvexHullModifier 0000000180003380 f   Newton.obj
 0001:000023f0       NewtonConvexHullModifierGetMatrix 00000001800033f0 f   Newton.obj
 0001:00002450       NewtonConvexHullModifierSetMatrix 0000000180003450 f   Newton.obj
 0001:00002460       NewtonCreateCompoundCollision 0000000180003460 f   Newton.obj
 0001:000024d0       NewtonCreateCompoundCollisionFromMesh 00000001800034d0 f   Newton.obj
 0001:000024f0       NewtonCreateCompoundBreakable 00000001800034f0 f   Newton.obj
 0001:00002540       NewtonCompoundBreakableResetAnchoredPieces 0000000180003540 f   Newton.obj
 0001:000025a0       NewtonCompoundBreakableSetAnchoredPieces 00000001800035a0 f   Newton.obj
 0001:000025c0       NewtonBreakableGetMainMesh 00000001800035c0 f   Newton.obj
 0001:000025e0       NewtonBreakableBeginDelete 00000001800035e0 f   Newton.obj
 0001:00002610       NewtonBreakableDeleteComponent 0000000180003610 f   Newton.obj
 0001:00002630       NewtonBreakableEndDelete   0000000180003630 f   Newton.obj
 0001:00002650       NewtonBreakableGetFirstComponent 0000000180003650 f   Newton.obj
 0001:00002670       NewtonBreakableGetNextComponent 0000000180003670 f   Newton.obj
 0001:00002680       NewtonCompoundBreakableGetVertexCount 0000000180003680 f   Newton.obj
 0001:000026a0       NewtonCompoundBreakableGetVertexStreams 00000001800036a0 f   Newton.obj
 0001:000026e0       NewtonBreakableGetFirstSegment 00000001800036e0 f   Newton.obj
 0001:000026f0       NewtonBreakableGetNextSegment 00000001800036f0 f   Newton.obj
 0001:00002700       NewtonBreakableGetComponentsInRadius 0000000180003700 f   Newton.obj
 0001:00002760       NewtonBreakableSegmentGetMaterial 0000000180003760 f   Newton.obj
 0001:00002770       NewtonBreakableSegmentGetIndexCount 0000000180003770 f   Newton.obj
 0001:00002780       NewtonBreakableSegmentGetIndexStream 0000000180003780 f   Newton.obj
 0001:00002790       NewtonBreakableSegmentGetIndexStreamShort 0000000180003790 f   Newton.obj
 0001:000027a0       NewtonCollisionIsTriggerVolume 00000001800037a0 f   Newton.obj
 0001:000027c0       NewtonCollisionSetAsTriggerVolume 00000001800037c0 f   Newton.obj
 0001:000027d0       NewtonCollisionSetMaxBreakImpactImpulse 00000001800037d0 f   Newton.obj
 0001:000027e0       NewtonCollisionGetMaxBreakImpactImpulse 00000001800037e0 f   Newton.obj
 0001:000027f0       NewtonCollisionSetUserID   00000001800037f0 f   Newton.obj
 0001:00002800       NewtonCollisionGetUserID   0000000180003800 f   Newton.obj
 0001:00002810       NewtonConvexHullGetFaceIndices 0000000180003810 f   Newton.obj
 0001:00002860       NewtonConvexCollisionCalculateVolume 0000000180003860 f   Newton.obj
 0001:00002870       NewtonConvexCollisionCalculateInertialMatrix 0000000180003870 f   Newton.obj
 0001:000028e0       NewtonCreateUserMeshCollision 00000001800038e0 f   Newton.obj
 0001:00002a20       NewtonCreateTreeCollision  0000000180003a20 f   Newton.obj
 0001:00002a80       NewtonStaticCollisionSetDebugCallback 0000000180003a80 f   Newton.obj
 0001:00002ad0       NewtonTreeCollisionSetUserRayCastCallback 0000000180003ad0 f   Newton.obj
 0001:00002ae0       NewtonHeightFieldSetUserRayCastCallback 0000000180003ae0 f   Newton.obj
 0001:00002af0       NewtonTreeCollisionBeginBuild 0000000180003af0 f   Newton.obj
 0001:00002b00       NewtonTreeCollisionAddFace 0000000180003b00 f   Newton.obj
 0001:00002b90       NewtonTreeCollisionEndBuild 0000000180003b90 f   Newton.obj
 0001:00002ba0       NewtonTreeCollisionGetFaceAtribute 0000000180003ba0 f   Newton.obj
 0001:00002bb0       NewtonTreeCollisionSetFaceAtribute 0000000180003bb0 f   Newton.obj
 0001:00002bc0       NewtonTreeCollisionGetVertexListIndexListInAABB 0000000180003bc0 f   Newton.obj
 0001:00002ca0       NewtonCreateHeightFieldCollision 0000000180003ca0 f   Newton.obj
 0001:00002cf0       NewtonCreateSceneCollision 0000000180003cf0 f   Newton.obj
 0001:00002d40       NewtonSceneCollisionCreateProxy 0000000180003d40 f   Newton.obj
 0001:00002d50       NewtonSceneCollisionDestroyProxy 0000000180003d50 f   Newton.obj
 0001:00002d90       NewtonSceneProxySetMatrix  0000000180003d90 f   Newton.obj
 0001:00002e10       NewtonSceneProxyGetMatrix  0000000180003e10 f   Newton.obj
 0001:00002e80       NewtonSceneCollisionOptimize 0000000180003e80 f   Newton.obj
 0001:00002e90       NewtonCollisionPointDistance 0000000180003e90 f   Newton.obj
 0001:00002ec0       NewtonCollisionClosestPoint 0000000180003ec0 f   Newton.obj
 0001:00002f10       NewtonCollisionCollide     0000000180003f10 f   Newton.obj
 0001:00002f80       NewtonCollisionCollideContinue 0000000180003f80 f   Newton.obj
 0001:00003030       NewtonCollisionSupportVertex 0000000180004030 f   Newton.obj
 0001:000031e0       NewtonCollisionRayCast     00000001800041e0 f   Newton.obj
 0001:00003430       NewtonCollisionCalculateAABB 0000000180004430 f   Newton.obj
 0001:000034a0       NewtonCollisionForEachPolygonDo 00000001800044a0 f   Newton.obj
 0001:00003500       NewtonCollisionMakeUnique  0000000180004500 f   Newton.obj
 0001:00003510       NewtonAddCollisionReference 0000000180004510 f   Newton.obj
 0001:00003520       NewtonReleaseCollision     0000000180004520 f   Newton.obj
 0001:00003530       NewtonCollisionSerialize   0000000180004530 f   Newton.obj
 0001:00003540       NewtonCreateCollisionFromSerialization 0000000180004540 f   Newton.obj
 0001:00003550       NewtonCollisionGetInfo     0000000180004550 f   Newton.obj
 0001:00003560       NewtonGetEulerAngle        0000000180004560 f   Newton.obj
 0001:000035a0       NewtonSetEulerAngle        00000001800045a0 f   Newton.obj
 0001:000038c0       NewtonCalculateSpringDamperAcceleration 00000001800048c0 f   Newton.obj
 0001:00003920       NewtonCreateBody           0000000180004920 f   Newton.obj
 0001:000039a0       NewtonDestroyBody          00000001800049a0 f   Newton.obj
 0001:000039b0       NewtonBodySetUserData      00000001800049b0 f   Newton.obj
 0001:000039c0       NewtonBodyGetUserData      00000001800049c0 f   Newton.obj
 0001:000039d0       NewtonBodyGetWorld         00000001800049d0 f   Newton.obj
 0001:000039e0       NewtonBodySetTransformCallback 00000001800049e0 f   Newton.obj
 0001:000039f0       NewtonBodyGetTransformCallback 00000001800049f0 f   Newton.obj
 0001:00003a00       NewtonBodySetForceAndTorqueCallback 0000000180004a00 f   Newton.obj
 0001:00003a10       NewtonBodyGetForceAndTorqueCallback 0000000180004a10 f   Newton.obj
 0001:00003a20       NewtonBodySetDestructorCallback 0000000180004a20 f   Newton.obj
 0001:00003a30       NewtonBodySetMassMatrix    0000000180004a30 f   Newton.obj
 0001:00003b60       NewtonBodyGetMassMatrix    0000000180004b60 f   Newton.obj
 0001:00003bc0       NewtonBodyGetInvMass       0000000180004bc0 f   Newton.obj
 0001:00003c40       NewtonBodySetMatrix        0000000180004c40 f   Newton.obj
 0001:00003cc0       NewtonBodySetMatrixRecursive 0000000180004cc0 f   Newton.obj
 0001:00003d20       NewtonBodyGetMatrix        0000000180004d20 f   Newton.obj
 0001:00003d60       NewtonBodyGetRotation      0000000180004d60 f   Newton.obj
 0001:00003d70       NewtonBodySetForce         0000000180004d70 f   Newton.obj
 0001:00003e30       NewtonBodyAddForce         0000000180004e30 f   Newton.obj
 0001:00003e70       NewtonBodyGetForceAcc      0000000180004e70 f   Newton.obj
 0001:00003eb0       NewtonBodyGetForce         0000000180004eb0 f   Newton.obj
 0001:00003ef0       NewtonBodyCalculateInverseDynamicsForce 0000000180004ef0 f   Newton.obj
 0001:00003f60       NewtonBodySetTorque        0000000180004f60 f   Newton.obj
 0001:00004020       NewtonBodyAddTorque        0000000180005020 f   Newton.obj
 0001:00004060       NewtonBodyGetTorque        0000000180005060 f   Newton.obj
 0001:000040a0       NewtonBodyGetTorqueAcc     00000001800050a0 f   Newton.obj
 0001:000040e0       NewtonBodySetCentreOfMass  00000001800050e0 f   Newton.obj
 0001:00004130       NewtonBodyGetCentreOfMass  0000000180005130 f   Newton.obj
 0001:00004190       NewtonBodyGetFirstJoint    0000000180005190 f   Newton.obj
 0001:000041d0       NewtonBodyGetNextJoint     00000001800051d0 f   Newton.obj
 0001:00004220       NewtonBodyGetFirstContactJoint 0000000180005220 f   Newton.obj
 0001:00004260       NewtonBodyGetNextContactJoint 0000000180005260 f   Newton.obj
 0001:000042b0       NewtonContactJointGetContactCount 00000001800052b0 f   Newton.obj
 0001:000042d0       NewtonContactJointGetFirstContact 00000001800052d0 f   Newton.obj
 0001:000042f0       NewtonContactJointGetNextContact 00000001800052f0 f   Newton.obj
 0001:00004310       NewtonContactJointRemoveContact 0000000180005310 f   Newton.obj
 0001:00004340       NewtonContactGetMaterial   0000000180005340 f   Newton.obj
 0001:00004350       NewtonBodyAddBuoyancyForce 0000000180005350 f   Newton.obj
 0001:000043d0       NewtonBodySetCollision     00000001800053d0 f   Newton.obj
 0001:000043e0       NewtonBodyGetCollision     00000001800053e0 f   Newton.obj
 0001:000043f0       NewtonBodySetMaterialGroupID 00000001800053f0 f   Newton.obj
 0001:00004400       NewtonBodyGetMaterialGroupID 0000000180005400 f   Newton.obj
 0001:00004410       NewtonBodySetContinuousCollisionMode 0000000180005410 f   Newton.obj
 0001:00004430       NewtonBodyGetContinuousCollisionMode 0000000180005430 f   Newton.obj
 0001:00004440       NewtonBodySetJointRecursiveCollision 0000000180005440 f   Newton.obj
 0001:00004460       NewtonBodyGetJointRecursiveCollision 0000000180005460 f   Newton.obj
 0001:00004470       NewtonBodyGetFreezeState   0000000180005470 f   Newton.obj
 0001:00004480       NewtonBodySetFreezeState   0000000180005480 f   Newton.obj
 0001:00004490       NewtonBodySetAutoSleep     0000000180005490 f   Newton.obj
 0001:000044c0       NewtonBodyGetAutoSleep     00000001800054c0 f   Newton.obj
 0001:000044d0       NewtonBodyGetSleepState    00000001800054d0 f   Newton.obj
 0001:000044e0       NewtonBodyGetAABB          00000001800054e0 f   Newton.obj
 0001:00004530       NewtonBodySetVelocity      0000000180005530 f   Newton.obj
 0001:00004590       NewtonBodyGetVelocity      0000000180005590 f   Newton.obj
 0001:000045d0       NewtonBodySetOmega         00000001800055d0 f   Newton.obj
 0001:00004630       NewtonBodyGetOmega         0000000180005630 f   Newton.obj
 0001:00004670       NewtonBodySetLinearDamping 0000000180005670 f   Newton.obj
 0001:000046b0       NewtonBodyGetLinearDamping 00000001800056b0 f   Newton.obj
 0001:000046d0       NewtonBodySetAngularDamping 00000001800056d0 f   Newton.obj
 0001:00004770       NewtonBodyGetAngularDamping 0000000180005770 f   Newton.obj
 0001:000047c0       NewtonBodyAddImpulse       00000001800057c0 f   Newton.obj
 0001:00004830       NewtonConstraintCreateBall 0000000180005830 f   Newton.obj
 0001:000048d0       NewtonBallSetConeLimits    00000001800058d0 f   Newton.obj
 0001:00004c50       NewtonBallSetUserCallback  0000000180005c50 f   Newton.obj
 0001:00004c60       NewtonBallGetJointAngle    0000000180005c60 f   Newton.obj
 0001:00004cc0       NewtonBallGetJointOmega    0000000180005cc0 f   Newton.obj
 0001:00004d00       NewtonBallGetJointForce    0000000180005d00 f   Newton.obj
 0001:00004d40       NewtonConstraintCreateHinge 0000000180005d40 f   Newton.obj
 0001:00004dc0       NewtonHingeCalculateStopAlpha 0000000180005dc0 f   Newton.obj
 0001:00004dd0       NewtonHingeGetJointForce   0000000180005dd0 f   Newton.obj
 0001:00004e10       NewtonConstraintCreateSlider 0000000180005e10 f   Newton.obj
 0001:00004e90       NewtonHingeGetJointAngle   0000000180005e90 f   Newton.obj
 0001:00004e90       NewtonSliderGetJointPosit  0000000180005e90 f   Newton.obj
 0001:00004e90       NewtonUniversalGetJointAngle0 0000000180005e90 f   Newton.obj
 0001:00004e90       NewtonCorkscrewGetJointAngle 0000000180005e90 f   Newton.obj
 0001:00004ea0       NewtonSliderCalculateStopAccel 0000000180005ea0 f   Newton.obj
 0001:00004eb0       NewtonSliderGetJointForce  0000000180005eb0 f   Newton.obj
 0001:00004ef0       NewtonConstraintCreateCorkscrew 0000000180005ef0 f   Newton.obj
 0001:00004f70       NewtonCorkscrewGetJointPosit 0000000180005f70 f   Newton.obj
 0001:00004f70       NewtonUniversalGetJointAngle1 0000000180005f70 f   Newton.obj
 0001:00004f80       NewtonCorkscrewGetJointVeloc 0000000180005f80 f   Newton.obj
 0001:00004f80       NewtonSliderGetJointVeloc  0000000180005f80 f   Newton.obj
 0001:00004f90       NewtonHingeGetJointOmega   0000000180005f90 f   Newton.obj
 0001:00004f90       NewtonCorkscrewGetJointOmega 0000000180005f90 f   Newton.obj
 0001:00004f90       NewtonUniversalGetJointOmega0 0000000180005f90 f   Newton.obj
 0001:00004fa0       NewtonCorkscrewCalculateStopAlpha 0000000180005fa0 f   Newton.obj
 0001:00004fa0       NewtonUniversalCalculateStopAlpha0 0000000180005fa0 f   Newton.obj
 0001:00004fb0       NewtonCorkscrewCalculateStopAccel 0000000180005fb0 f   Newton.obj
 0001:00004fc0       NewtonConstraintCreateUniversal 0000000180005fc0 f   Newton.obj
 0001:00005070       NewtonHingeSetUserCallback 0000000180006070 f   Newton.obj
 0001:00005070       NewtonSliderSetUserCallback 0000000180006070 f   Newton.obj
 0001:00005070       NewtonUniversalSetUserCallback 0000000180006070 f   Newton.obj
 0001:00005070       NewtonCorkscrewSetUserCallback 0000000180006070 f   Newton.obj
 0001:00005080       NewtonUniversalGetJointOmega1 0000000180006080 f   Newton.obj
 0001:00005090       NewtonUniversalCalculateStopAlpha1 0000000180006090 f   Newton.obj
 0001:000050a0       NewtonUniversalGetJointForce 00000001800060a0 f   Newton.obj
 0001:000050a0       NewtonCorkscrewGetJointForce 00000001800060a0 f   Newton.obj
 0001:000050e0       NewtonConstraintCreateUpVector 00000001800060e0 f   Newton.obj
 0001:00005120       NewtonUpVectorGetPin       0000000180006120 f   Newton.obj
 0001:00005180       NewtonUpVectorSetPin       0000000180006180 f   Newton.obj
 0001:000051c0       NewtonConstraintCreateUserJoint 00000001800061c0 f   Newton.obj
 0001:00005240       NewtonUserJointAddLinearRow 0000000180006240 f   Newton.obj
 0001:00005410       NewtonUserJointAddAngularRow 0000000180006410 f   Newton.obj
 0001:000054e0       NewtonUserJointAddGeneralRow 00000001800064e0 f   Newton.obj
 0001:000054f0       NewtonUserJointSetRowMaximumFriction 00000001800064f0 f   Newton.obj
 0001:00005560       NewtonUserJointSetRowMinimumFriction 0000000180006560 f   Newton.obj
 0001:000055d0       NewtonUserJointSetRowAcceleration 00000001800065d0 f   Newton.obj
 0001:00005600       NewtonUserJointSetRowSpringDamperAcceleration 0000000180006600 f   Newton.obj
 0001:00005610       NewtonUserJointSetRowStiffness 0000000180006610 f   Newton.obj
 0001:00005670       NewtonUserJointGetRowForce 0000000180006670 f   Newton.obj
 0001:000056a0       NewtonUserJointSetFeedbackCollectorCallback 00000001800066a0 f   Newton.obj
 0001:000056b0       NewtonJointSetUserData     00000001800066b0 f   Newton.obj
 0001:000056c0       NewtonJointGetUserData     00000001800066c0 f   Newton.obj
 0001:000056d0       NewtonJointGetInfo         00000001800066d0 f   Newton.obj
 0001:000056e0       NewtonJointGetBody0        00000001800066e0 f   Newton.obj
 0001:000056f0       NewtonJointGetBody1        00000001800066f0 f   Newton.obj
 0001:00005710       NewtonJointSetCollisionState 0000000180006710 f   Newton.obj
 0001:00005730       NewtonJointGetCollisionState 0000000180006730 f   Newton.obj
 0001:00005740       NewtonJointSetStiffness    0000000180006740 f   Newton.obj
 0001:00005750       NewtonJointGetStiffness    0000000180006750 f   Newton.obj
 0001:00005760       NewtonJointSetDestructor   0000000180006760 f   Newton.obj
 0001:00005770       NewtonDestroyJoint         0000000180006770 f   Newton.obj
 0001:000057d0       NewtonMeshCreate           00000001800067d0 f   Newton.obj
 0001:00005860       NewtonMeshCreateFromMesh   0000000180006860 f   Newton.obj
 0001:000058a0       NewtonMeshCreateFromCollision 00000001800068a0 f   Newton.obj
 0001:000058e0       NewtonMeshConvexHull       00000001800068e0 f   Newton.obj
 0001:00005960       NewtonMeshCreatePlane      0000000180006960 f   Newton.obj
 0001:000059e0       NewtonMeshDestroy          00000001800069e0 f   Newton.obj
 0001:00005a00       NewtonMeshCalculateOOBB    0000000180006a00 f   Newton.obj
 0001:00005ab0       NewtonMeshCalculateVertexNormals 0000000180006ab0 f   Newton.obj
 0001:00005ac0       NewtonMeshApplySphericalMapping 0000000180006ac0 f   Newton.obj
 0001:00005ad0       NewtonMeshApplyBoxMapping  0000000180006ad0 f   Newton.obj
 0001:00005ae0       NewtonMeshApplyCylindricalMapping 0000000180006ae0 f   Newton.obj
 0001:00005af0       NewtonMeshTriangulate      0000000180006af0 f   Newton.obj
 0001:00005b00       NewtonMeshPolygonize       0000000180006b00 f   Newton.obj
 0001:00005b10       NewtonMeshIsOpenMesh       0000000180006b10 f   Newton.obj
 0001:00005b30       NewtonMeshFixTJoints       0000000180006b30 f   Newton.obj
 0001:00005b40       NewtonMeshClip             0000000180006b40 f   Newton.obj
 0001:00005b70       NewtonMeshIntersection     0000000180006b70 f   Newton.obj
 0001:00005b70       NewtonMeshUnion            0000000180006b70 f   Newton.obj
 0001:00005b70       NewtonMeshDifference       0000000180006b70 f   Newton.obj
 0001:00005b80       NewtonRemoveUnusedVertices 0000000180006b80 f   Newton.obj
 0001:00005b90       NewtonMeshBeginFace        0000000180006b90 f   Newton.obj
 0001:00005bb0       NewtonMeshAddFace          0000000180006bb0 f   Newton.obj
 0001:00005bd0       NewtonMeshEndFace          0000000180006bd0 f   Newton.obj
 0001:00005be0       NewtonMeshBuildFromVertexListIndexList 0000000180006be0 f   Newton.obj
 0001:00005c90       NewtonMeshGetVertexCount   0000000180006c90 f   Newton.obj
 0001:00005ca0       NewtonMeshGetVertexStrideInByte 0000000180006ca0 f   Newton.obj
 0001:00005cb0       NewtonMeshGetVertexArray   0000000180006cb0 f   Newton.obj
 0001:00005cc0       NewtonMeshGetPointCount    0000000180006cc0 f   Newton.obj
 0001:00005cd0       NewtonMeshGetPointStrideInByte 0000000180006cd0 f   Newton.obj
 0001:00005ce0       NewtonMeshGetPointArray    0000000180006ce0 f   Newton.obj
 0001:00005cf0       NewtonMeshGetNormalArray   0000000180006cf0 f   Newton.obj
 0001:00005d00       NewtonMeshGetUV0Array      0000000180006d00 f   Newton.obj
 0001:00005d10       NewtonMeshGetUV1Array      0000000180006d10 f   Newton.obj
 0001:00005d20       NewtonMeshGetVertexStreams 0000000180006d20 f   Newton.obj
 0001:00005d70       NewtonMeshGetIndirectVertexStreams 0000000180006d70 f   Newton.obj
 0001:00005e20       NewtonMeshBeginHandle      0000000180006e20 f   Newton.obj
 0001:00005e30       NewtonMeshEndHandle        0000000180006e30 f   Newton.obj
 0001:00005e50       NewtonMeshFirstMaterial    0000000180006e50 f   Newton.obj
 0001:00005e60       NewtonMeshNextMaterial     0000000180006e60 f   Newton.obj
 0001:00005e70       NewtonMeshMaterialGetMaterial 0000000180006e70 f   Newton.obj
 0001:00005e80       NewtonMeshMaterialGetIndexCount 0000000180006e80 f   Newton.obj
 0001:00005e90       NewtonMeshMaterialGetIndexStream 0000000180006e90 f   Newton.obj
 0001:00005f00       NewtonMeshMaterialGetIndexStreamShort 0000000180006f00 f   Newton.obj
 0001:00005f70       NewtonMeshCreateFirstSingleSegment 0000000180006f70 f   Newton.obj
 0001:00006010       NewtonMeshCreateNextSingleSegment 0000000180007010 f   Newton.obj
 0001:000060b0       NewtonMeshGetTotalFaceCount 00000001800070b0 f   Newton.obj
 0001:000060c0       NewtonMeshGetTotalIndexCount 00000001800070c0 f   Newton.obj
 0001:000060d0       NewtonMeshGetFaces         00000001800070d0 f   Newton.obj
 0001:000060e0       NewtonMeshGetFirstVertex   00000001800070e0 f   Newton.obj
 0001:00006150       NewtonMeshGetNextVertex    0000000180007150 f   Newton.obj
 0001:00006160       NewtonMeshGetVertexIndex   0000000180007160 f   Newton.obj
 0001:00006160       NewtonMeshGetVertexIndexFromPoint 0000000180007160 f   Newton.obj
 0001:00006170       NewtonMeshGetFirstPoint    0000000180007170 f   Newton.obj
 0001:00006180       NewtonMeshGetNextPoint     0000000180007180 f   Newton.obj
 0001:00006190       NewtonMeshGetPointIndex    0000000180007190 f   Newton.obj
 0001:000061a0       NewtonMeshGetFirstEdge     00000001800071a0 f   Newton.obj
 0001:000061f0       NewtonMeshGetNextEdge      00000001800071f0 f   Newton.obj
 0001:00006200       NewtonMeshGetEdgeIndices   0000000180007200 f   Newton.obj
 0001:00006210       NewtonMeshGetFirstFace     0000000180007210 f   Newton.obj
 0001:00006270       NewtonMeshGetNextFace      0000000180007270 f   Newton.obj
 0001:00006280       NewtonMeshIsFaceOpen       0000000180007280 f   Newton.obj
 0001:00006290       NewtonMeshGetFaceIndexCount 0000000180007290 f   Newton.obj
 0001:000062b0       NewtonMeshGetFaceMaterial  00000001800072b0 f   Newton.obj
 0001:000062d0       NewtonMeshGetFaceIndices   00000001800072d0 f   Newton.obj
 0001:00006300       NewtonMeshGetFacePointIndices 0000000180007300 f   Newton.obj
 0001:00006330       ?Remove@?$dgList@VdgContactMaterial@@@@QEAAXQEAVdgListNode@1@@Z 0000000180007330 f i Newton.obj
 0001:000063b0       ?SetCentreOfMass@dgBody@@QEAAXAEBVdgVector@@@Z 00000001800073b0 f i Newton.obj
 0001:000064b0       ?AddTorque@dgBody@@QEAAXAEBVdgVector@@@Z 00000001800074b0 f i Newton.obj
 0001:00006590       ?AddForce@dgBody@@QEAAXAEBVdgVector@@@Z 0000000180007590 f i Newton.obj
 0001:00006670       ?sin@@YAMM@Z               0000000180007670 f i Newton.obj
 0001:00006680       ?cos@@YAMM@Z               0000000180007680 f i Newton.obj
 0001:00006690       ?sqrt@@YAMM@Z              0000000180007690 f i Newton.obj
 0001:000066a0       ?Scale@?$dgTemplateVector@M@@QEBA?AV1@M@Z 00000001800076a0 f i Newton.obj
 0001:000066d0       ??L?$dgTemplateVector@M@@QEBAMAEBV0@@Z 00000001800076d0 f i Newton.obj
 0001:00006700       ??D?$dgTemplateVector@M@@QEBA?AV0@AEBV0@@Z 0000000180007700 f i Newton.obj
 0001:00006770       ??H?$dgTemplateVector@M@@QEBA?AV0@AEBV0@@Z 0000000180007770 f i Newton.obj
 0001:000067b0       ??G?$dgTemplateVector@M@@QEBA?AV0@AEBV0@@Z 00000001800077b0 f i Newton.obj
 0001:000067f0       ?fabs@@YAMM@Z              00000001800077f0 f i Newton.obj
 0001:00006810       ??0?$dgTemplateVector@M@@QEAA@MMMM@Z 0000000180007810 f i Newton.obj
 0001:00006830       ?ceil@@YAMM@Z              0000000180007830 f i Newton.obj
 0001:00006840       ?DestroyBodies@NewtonDeadBodies@@QEAAXAEAVNewton@@@Z 0000000180007840 f   NewtonClass.obj
 0001:00006930       ?DestroyJoints@NewtonDeadJoints@@QEAAXAEAVNewton@@@Z 0000000180007930 f   NewtonClass.obj
 0001:00006a30       ?DefaultAllocMemory@Newton@@SAPEAXH@Z 0000000180007a30 f   NewtonClass.obj
 0001:00006a40       ??0Newton@@QEAA@MQEAVdgMemoryAllocator@@@Z 0000000180007a40 f   NewtonClass.obj
 0001:00006b50       ?DestroyBody@Newton@@QEAAXPEAVdgBody@@@Z 0000000180007b50 f   NewtonClass.obj
 0001:00006be0       ??0NewtonUserJoint@@QEAA@PEAVdgWorld@@HP6AXPEBUNewtonJoint@@MH@ZP6AX1PEAUNewtonJointRecord@@@ZPEAVdgBody@@5@Z 0000000180007be0 f   NewtonClass.obj
 0001:00006cf0       ??_ENewtonUserJoint@@UEAAPEAXI@Z 0000000180007cf0 f i  CIL library: CIL module
 0001:00006cf0       ??_GNewtonUserJoint@@UEAAPEAXI@Z 0000000180007cf0 f i NewtonClass.obj
 0001:00006d80       ?JacobianDerivative@NewtonUserJoint@@UEAAIAEAVdgContraintDescritor@@@Z 0000000180007d80 f   NewtonClass.obj
 0001:00006dc0       ?AddAngularRowJacobian@NewtonUserJoint@@QEAAXAEBVdgVector@@M@Z 0000000180007dc0 f   NewtonClass.obj
 0001:00006ea0       ?AddGeneralRowJacobian@NewtonUserJoint@@QEAAXPEBM0@Z 0000000180007ea0 f   NewtonClass.obj
 0001:00006f70       ?SetSpringDamperAcceleration@NewtonUserJoint@@QEAAXMM@Z 0000000180007f70 f   NewtonClass.obj
 0001:00006ff0       ?GetInfo@NewtonUserJoint@@UEBAXQEAVdgConstraintInfo@@@Z 0000000180007ff0 f   NewtonClass.obj
 0001:00007040       ?Insert@?$dgTree@PEAVdgBody@@PEAX@@QEAAPEAVdgTreeNode@1@AEBQEAVdgBody@@PEAXAEA_N@Z 0000000180008040 f i NewtonClass.obj
 0001:00007040       ?Insert@?$dgTree@PEAVdgConstraint@@PEAX@@QEAAPEAVdgTreeNode@1@AEBQEAVdgConstraint@@PEAXAEA_N@Z 0000000180008040 f i NewtonClass.obj
 0001:00007130       ?ModifierGetMatrix@dgCollision@@UEBA?AVdgMatrix@@XZ 0000000180008130 f i physics:dgWorld.obj
 0001:00007190       ?Release@dgCollision@@UEAAHXZ 0000000180008190 f i physics:dgWorld.obj
 0001:000071c0       ?GetBreakImpulse@dgCollision@@UEBAMXZ 00000001800081c0 f i physics:dgWorld.obj
 0001:000071d0       ??0dgWorld@@QEAA@QEAVdgMemoryAllocator@@@Z 00000001800081d0 f   physics:dgWorld.obj
 0001:00007920       ??1dgWorldDynamicUpdate@@QEAA@XZ 0000000180008920 f i physics:dgWorld.obj
 0001:00007a90       ??1dgWorld@@QEAA@XZ        0000000180008a90 f   physics:dgWorld.obj
 0001:00007e10       ?AddSentinelBody@dgWorld@@AEAAXXZ 0000000180008e10 f   physics:dgWorld.obj
 0001:00007eb0       ?RemoveAllGroupID@dgWorld@@QEAAXXZ 0000000180008eb0 f   physics:dgWorld.obj
 0001:00007f30       ?DestroyAllBodies@dgWorld@@QEAAXXZ 0000000180008f30 f   physics:dgWorld.obj
 0001:00007fd0       ?CreateBody@dgWorld@@QEAAPEAVdgBody@@QEAVdgCollision@@AEBVdgMatrix@@@Z 0000000180008fd0 f   physics:dgWorld.obj
 0001:000081c0       ?UpdateCollision@dgWorld@@QEAAXXZ 00000001800091c0 f   physics:dgWorld.obj
 0001:000082b0       ?Update@dgWorld@@QEAAXM@Z  00000001800092b0 f   physics:dgWorld.obj
 0001:00008420       ?CreateHingeConstraint@dgWorld@@QEAAPEAVdgHingeConstraint@@AEBVdgVector@@0QEAVdgBody@@PEAV4@@Z 0000000180009420 f   physics:dgWorld.obj
 0001:000084f0       ?CreateUpVectorConstraint@dgWorld@@QEAAPEAVdgUpVectorConstraint@@AEBVdgVector@@PEAVdgBody@@@Z 00000001800094f0 f   physics:dgWorld.obj
 0001:000085e0       ?CreateSlidingConstraint@dgWorld@@QEAAPEAVdgSlidingConstraint@@AEBVdgVector@@0QEAVdgBody@@PEAV4@@Z 00000001800095e0 f   physics:dgWorld.obj
 0001:000086b0       ?CreateCorkscrewConstraint@dgWorld@@QEAAPEAVdgCorkscrewConstraint@@AEBVdgVector@@0QEAVdgBody@@PEAV4@@Z 00000001800096b0 f   physics:dgWorld.obj
 0001:00008780       ?CreateUniversalConstraint@dgWorld@@QEAAPEAVdgUniversalConstraint@@AEBVdgVector@@00QEAVdgBody@@PEAV4@@Z 0000000180009780 f   physics:dgWorld.obj
 0001:00008840       ?BodySetMatrix@dgWorld@@QEAAXPEAVdgBody@@AEBVdgMatrix@@@Z 0000000180009840 f   physics:dgWorld.obj
 0001:00008b20       ?AreBodyConnectedByJoints@dgWorld@@AEAA_NQEAVdgBody@@0@Z 0000000180009b20 f   physics:dgWorld.obj
 0001:00008c10       ?FlushCache@dgWorld@@QEAAXXZ 0000000180009c10 f   physics:dgWorld.obj
 0001:00008c90       ?ApplyExtenalForces@dgBody@@AEAAXMH@Z 0000000180009c90 f i physics:dgBroadPhaseCollision.obj
 0001:00008d30       ?IsInEquelibrium@dgBody@@QEBA_NXZ 0000000180009d30 f i physics:dgBroadPhaseCollision.obj
 0001:00008e80       ?Remove@dgSortArray@@QEAAXQEAVdgBody@@@Z 0000000180009e80 f   physics:dgBroadPhaseCollision.obj
 0001:00008f20       ?Sort@dgSortArray@@QEAAMXZ 0000000180009f20 f   physics:dgBroadPhaseCollision.obj
 0001:000090b0       ?RayCast@dgSortArray@@QEBAMMAEBUdgLineBox@@P6AMQEBVdgBody@@AEBVdgVector@@HQEAXM@ZP6AI1QEBVdgCollision@@3@Z3@Z 000000018000a0b0 f   physics:dgBroadPhaseCollision.obj
 0001:000091a0       ??1dgBroadPhaseCell@@QEAA@XZ 000000018000a1a0 f   physics:dgBroadPhaseCollision.obj
 0001:00009240       ?Add@dgBroadPhaseCell@@AEAAXQEAVdgBody@@@Z 000000018000a240 f   physics:dgBroadPhaseCollision.obj
 0001:00009310       ?Remove@dgBroadPhaseCell@@AEAAXQEAVdgBody@@@Z 000000018000a310 f   physics:dgBroadPhaseCollision.obj
 0001:00009360       ?UpdateAutoPair@dgBroadPhaseCell@@AEAAXQEAVdgWorld@@H@Z 000000018000a360 f   physics:dgBroadPhaseCollision.obj
 0001:000094b0       ?Init@dgBroadPhaseLayer@@AEAAXQEAVdgWorld@@MH@Z 000000018000a4b0 f   physics:dgBroadPhaseCollision.obj
 0001:000094d0       ?FindCreate@dgBroadPhaseLayer@@AEAAPEAVdgBroadPhaseCell@@HH@Z 000000018000a4d0 f   physics:dgBroadPhaseCollision.obj
 0001:00009710       ??0dgBroadPhaseCollision@@AEAA@PEAVdgMemoryAllocator@@@Z 000000018000a710 f   physics:dgBroadPhaseCollision.obj
 0001:00009bc0       ??1dgBroadPhaseCollision@@AEAA@XZ 000000018000abc0 f   physics:dgBroadPhaseCollision.obj
 0001:00009cf0       ?SetWorldSize@dgBroadPhaseCollision@@QEAAXAEBVdgVector@@0@Z 000000018000acf0 f   physics:dgBroadPhaseCollision.obj
 0001:0000a060       ?InvalidateCache@dgBroadPhaseCollision@@AEAAXXZ 000000018000b060 f   physics:dgBroadPhaseCollision.obj
 0001:0000a100       ?Remove@dgBroadPhaseCollision@@AEAAXQEAVdgBody@@@Z 000000018000b100 f   physics:dgBroadPhaseCollision.obj
 0001:0000a1c0       ?UpdatePairs@dgBroadPhaseCollision@@AEBAXQEAVdgBody@@QEAVdgListNode@?$dgList@VdgSortArrayEntry@@@@HH@Z 000000018000b1c0 f   physics:dgBroadPhaseCollision.obj
 0001:0000a2f0       ?UpdatePairs@dgBroadPhaseCollision@@AEBAXAEAVdgBroadPhaseCell@@0H@Z 000000018000b2f0 f   physics:dgBroadPhaseCollision.obj
 0001:0000a390       ?ForEachBodyInAABB@dgBroadPhaseCollision@@QEBAXAEBVdgVector@@0P6AXPEAVdgBody@@QEAX@Z2@Z 000000018000b390 f   physics:dgBroadPhaseCollision.obj
 0001:0000a6d0       ?ConvexCast@dgBroadPhaseCollision@@QEBAHQEAVdgCollision@@AEBVdgMatrix@@AEBVdgVector@@AEAMP6AIQEBVdgBody@@QEBV2@QEAX@Z6QEAVdgConvexCastReturnInfo@@HH@Z 000000018000b6d0 f   physics:dgBroadPhaseCollision.obj
 0001:0000b300       ?Realloc@dgBroadPhaseCalculateContactsWorkerThread@@QEAAXHHH@Z 000000018000c300 f   physics:dgBroadPhaseCollision.obj
 0001:0000b490       ?ThreadExecute@dgBroadPhaseCellPairsWorkerThread@@UEAAXXZ 000000018000c490 f   physics:dgBroadPhaseCollision.obj
 0001:0000b540       ?ThreadExecute@dgBroadPhaseApplyExternalForce@@UEAAXXZ 000000018000c540 f   physics:dgBroadPhaseCollision.obj
 0001:0000b790       ?ThreadExecute@dgBroadPhaseCalculateContactsWorkerThread@@UEAAXXZ 000000018000c790 f   physics:dgBroadPhaseCollision.obj
 0001:0000b970       ?ThreadExecute@dgBroadPhaseMaterialCallbackWorkerThread@@UEAAXXZ 000000018000c970 f   physics:dgBroadPhaseCollision.obj
 0001:0000ba50       ?RayCast@dgBroadPhaseCollision@@QEBAXAEBVdgVector@@0P6AMQEBVdgBody@@0HQEAXM@ZP6AI1QEBVdgCollision@@2@Z2@Z 000000018000ca50 f   physics:dgBroadPhaseCollision.obj
 0001:0000c2b0       ?UpdateBodyBroadphase@dgBroadPhaseCollision@@AEAAXQEAVdgBody@@H@Z 000000018000d2b0 f   physics:dgBroadPhaseCollision.obj
 0001:0000c820       ?UpdateContactsBroadPhaseBegin@dgBroadPhaseCollision@@AEAAIM_NI@Z 000000018000d820 f   physics:dgBroadPhaseCollision.obj
 0001:0000d570       ?UpdateContactsBroadPhaseEnd@dgBroadPhaseCollision@@AEAAXM@Z 000000018000e570 f   physics:dgBroadPhaseCollision.obj
 0001:0000d670       ?UpdateContactsSimd@dgBroadPhaseCollision@@AEAAXM_N@Z 000000018000e670 f   physics:dgBroadPhaseCollision.obj
 0001:0000d920       ?UpdateContacts@dgBroadPhaseCollision@@AEAAXM_N@Z 000000018000e920 f   physics:dgBroadPhaseCollision.obj
 0001:0000dbd0       ??Z?$dgTemplateVector@M@@QEAAAEAV0@AEBV0@@Z 000000018000ebd0 f i physics:dgBroadPhaseCollision.obj
 0001:0000dc00       ?Append@?$dgList@VdgSortArrayEntry@@@@QEAAPEAVdgListNode@1@XZ 000000018000ec00 f i physics:dgBroadPhaseCollision.obj
 0001:0000dca0       ?log@@YAMM@Z               000000018000eca0 f i physics:dgBroadPhaseCollision.obj
 0001:0000dcb0       ?pow@@YAMMM@Z              000000018000ecb0 f i physics:dgBroadPhaseCollision.obj
 0001:0000dcc0       ?floor@@YAMM@Z             000000018000ecc0 f i physics:dgBroadPhaseCollision.obj
 0001:0000dcf0       ?AddDamingAcceleration@dgBody@@AEAAXXZ 000000018000ecf0 f i physics:dgWorldDynamicUpdate.obj
 0001:0000df30       ??0dgWorldDynamicUpdate@@AEAA@XZ 000000018000ef30 f   physics:dgWorldDynamicUpdate.obj
 0001:0000e570       ??_GdgBroadPhaseApplyExternalForce@@UEAAPEAXI@Z 000000018000f570 f i physics:dgBroadPhaseCollision.obj
 0001:0000e570       ??_GdgWorkerThread@@UEAAPEAXI@Z 000000018000f570 f i physics:dgWorld.obj
 0001:0000e570       ??_GdgBroadPhaseCalculateContactsWorkerThread@@UEAAPEAXI@Z 000000018000f570 f i physics:dgBroadPhaseCollision.obj
 0001:0000e570       ??_EdgParallelSolverInitInternalForces@@UEAAPEAXI@Z 000000018000f570 f i  CIL library: CIL module
 0001:0000e570       ??_EdgParallelSolverUpdateForce@@UEAAPEAXI@Z 000000018000f570 f i  CIL library: CIL module
 0001:0000e570       ??_GdgParallelSolverUpdateVeloc@@UEAAPEAXI@Z 000000018000f570 f i physics:dgWorldDynamicUpdate.obj
 0001:0000e570       ??_EdgSolverWorlkerThreads@@UEAAPEAXI@Z 000000018000f570 f i  CIL library: CIL module
 0001:0000e570       ??_GdgParallelSolverInitFeedbackUpdate@@UEAAPEAXI@Z 000000018000f570 f i physics:dgWorldDynamicUpdate.obj
 0001:0000e570       ??_GdgBroadPhaseMaterialCallbackWorkerThread@@UEAAPEAXI@Z 000000018000f570 f i physics:dgBroadPhaseCollision.obj
 0001:0000e570       ??_EdgParallelSolverBuildJacobianRows@@UEAAPEAXI@Z 000000018000f570 f i  CIL library: CIL module
 0001:0000e570       ??_EdgParallelSolverCalculateForces@@UEAAPEAXI@Z 000000018000f570 f i  CIL library: CIL module
 0001:0000e570       ??_GdgParallelSolverBuildJacobianRows@@UEAAPEAXI@Z 000000018000f570 f i physics:dgWorldDynamicUpdate.obj
 0001:0000e570       ??_EdgWorkerThread@@UEAAPEAXI@Z 000000018000f570 f i  CIL library: CIL module
 0001:0000e570       ??_EdgParallelSolverUpdateVeloc@@UEAAPEAXI@Z 000000018000f570 f i  CIL library: CIL module
 0001:0000e570       ??_GdgParallelSolverBodyInertia@@UEAAPEAXI@Z 000000018000f570 f i physics:dgWorldDynamicUpdate.obj
 0001:0000e570       ??_GdgParallelSolverClear@@UEAAPEAXI@Z 000000018000f570 f i physics:dgWorldDynamicUpdate.obj
 0001:0000e570       ??_GdgBroadPhaseCellPairsWorkerThread@@UEAAPEAXI@Z 000000018000f570 f i physics:dgBroadPhaseCollision.obj
 0001:0000e570       ??_EdgParallelSolverInitFeedbackUpdate@@UEAAPEAXI@Z 000000018000f570 f i  CIL library: CIL module
 0001:0000e570       ??_EdgParallelSolverBodyInertia@@UEAAPEAXI@Z 000000018000f570 f i  CIL library: CIL module
 0001:0000e570       ??_GdgParallelSolverUpdateForce@@UEAAPEAXI@Z 000000018000f570 f i physics:dgWorldDynamicUpdate.obj
 0001:0000e570       ??_EdgParallelSolverBuildJacobianMatrix@@UEAAPEAXI@Z 000000018000f570 f i  CIL library: CIL module
 0001:0000e570       ??_EdgBroadPhaseApplyExternalForce@@UEAAPEAXI@Z 000000018000f570 f i  CIL library: CIL module
 0001:0000e570       ??_GdgParallelSolverCalculateForces@@UEAAPEAXI@Z 000000018000f570 f i physics:dgWorldDynamicUpdate.obj
 0001:0000e570       ??_EdgBroadPhaseCellPairsWorkerThread@@UEAAPEAXI@Z 000000018000f570 f i  CIL library: CIL module
 0001:0000e570       ??_GdgParallelSolverInitInternalForces@@UEAAPEAXI@Z 000000018000f570 f i physics:dgWorldDynamicUpdate.obj
 0001:0000e570       ??_EdgBroadPhaseCalculateContactsWorkerThread@@UEAAPEAXI@Z 000000018000f570 f i  CIL library: CIL module
 0001:0000e570       ??_EdgParallelSolverJointAcceleration@@UEAAPEAXI@Z 000000018000f570 f i  CIL library: CIL module
 0001:0000e570       ??_GdgParallelSolverBuildJacobianMatrix@@UEAAPEAXI@Z 000000018000f570 f i physics:dgWorldDynamicUpdate.obj
 0001:0000e570       ??_GdgSolverWorlkerThreads@@UEAAPEAXI@Z 000000018000f570 f i physics:dgWorldDynamicUpdate.obj
 0001:0000e570       ??_EdgBroadPhaseMaterialCallbackWorkerThread@@UEAAPEAXI@Z 000000018000f570 f i  CIL library: CIL module
 0001:0000e570       ??_EdgParallelSolverClear@@UEAAPEAXI@Z 000000018000f570 f i  CIL library: CIL module
 0001:0000e570       ??_GdgParallelSolverJointAcceleration@@UEAAPEAXI@Z 000000018000f570 f i physics:dgWorldDynamicUpdate.obj
 0001:0000e5a0       ?UpdateDynamics@dgWorldDynamicUpdate@@AEAAXQEAVdgWorld@@HM@Z 000000018000f5a0 f   physics:dgWorldDynamicUpdate.obj
 0001:0000eb10       ?ThreadExecute@dgSolverWorlkerThreads@@UEAAXXZ 000000018000fb10 f   physics:dgWorldDynamicUpdate.obj
 0001:0000f5a0       ?ReallocBodyMemory@dgWorldDynamicUpdate@@AEAAXH@Z 00000001800105a0 f   physics:dgWorldDynamicUpdate.obj
 0001:0000f6d0       ?ReallocIslandMemory@dgWorldDynamicUpdate@@AEAAXH@Z 00000001800106d0 f   physics:dgWorldDynamicUpdate.obj
 0001:0000f820       ?ReallocJointsMemory@dgWorldDynamicUpdate@@AEAAXH@Z 0000000180010820 f   physics:dgWorldDynamicUpdate.obj
 0001:0000f950       ?ReallocJacobiansMemory@dgWorldDynamicUpdate@@AEAAXHH@Z 0000000180010950 f   physics:dgWorldDynamicUpdate.obj
 0001:0000fca0       ?ReallocIntenalForcesMemory@dgWorldDynamicUpdate@@AEAAXHH@Z 0000000180010ca0 f   physics:dgWorldDynamicUpdate.obj
 0001:0000fe30       ?BuildIsland@dgWorldDynamicUpdate@@AEAAXAEAV?$dgQueue@PEAVdgBody@@@@HHH@Z 0000000180010e30 f   physics:dgWorldDynamicUpdate.obj
 0001:00010120       ?SpanningTree@dgWorldDynamicUpdate@@AEAAXQEAVdgBody@@@Z 0000000180011120 f   physics:dgWorldDynamicUpdate.obj
 0001:00010630       ?IntegrateArray@dgWorldDynamicUpdate@@AEBAXPEBVdgBodyInfo@@HMMH_N@Z 0000000180011630 f   physics:dgWorldDynamicUpdate.obj
 0001:00010ce0       ?GetJacobialDerivatives@dgWorldDynamicUpdate@@AEAAHAEBVdgIsland@@H_NHM@Z 0000000180011ce0 f   physics:dgWorldDynamicUpdate.obj
 0001:00011570       ?BuildJacobianMatrixSimd@dgWorldDynamicUpdate@@AEAAXAEBVdgIsland@@HM@Z 0000000180012570 f   physics:dgWorldDynamicUpdate.obj
 0001:00011bd0       ?BuildJacobianMatrix@dgWorldDynamicUpdate@@AEAAXAEBVdgIsland@@HM@Z 0000000180012bd0 f   physics:dgWorldDynamicUpdate.obj
 0001:00012500       ?ApplyExternalForcesAndAccelerationSimd@dgJacobianMemory@@QEBAXM@Z 0000000180013500 f   physics:dgWorldDynamicUpdate.obj
 0001:00012890       ?ApplyExternalForcesAndAcceleration@dgJacobianMemory@@QEBAXM@Z 0000000180013890 f   physics:dgWorldDynamicUpdate.obj
 0001:00013060       ?SwapRowsSimd@dgJacobianMemory@@QEBAXHH@Z 0000000180014060 f   physics:dgWorldDynamicUpdate.obj
 0001:00013250       ?SwapRows@dgJacobianMemory@@QEBAXHH@Z 0000000180014250 f   physics:dgWorldDynamicUpdate.obj
 0001:00013540       ?CalculateSimpleBodyReactionsForcesSimd@dgJacobianMemory@@QEBAXM@Z 0000000180014540 f   physics:dgWorldDynamicUpdate.obj
 0001:000140a0       ?CalculateSimpleBodyReactionsForces@dgJacobianMemory@@QEBAXM@Z 00000001800150a0 f   physics:dgWorldDynamicUpdate.obj
 0001:00015490       ?CalculateForcesSimulationModeSimd@dgJacobianMemory@@QEBAXM@Z 0000000180016490 f   physics:dgWorldDynamicUpdate.obj
 0001:00016ab0       ?CalculateForcesSimulationMode@dgJacobianMemory@@QEBAXM@Z 0000000180017ab0 f   physics:dgWorldDynamicUpdate.obj
 0001:00019110       ?CalculateJointForcesSimd@dgJacobianMemory@@QEBAMHPEAMM@Z 000000018001a110 f   physics:dgWorldDynamicUpdate.obj
 0001:00019ca0       ?CalculateJointForces@dgJacobianMemory@@QEBAMHPEAMM@Z 000000018001aca0 f   physics:dgWorldDynamicUpdate.obj
 0001:0001ae20       ?CalculateForcesGameModeSimd@dgJacobianMemory@@QEBAXHM@Z 000000018001be20 f   physics:dgWorldDynamicUpdate.obj
 0001:0001b940       ?CalculateForcesGameMode@dgJacobianMemory@@QEBAXHM@Z 000000018001c940 f   physics:dgWorldDynamicUpdate.obj
 0001:0001ce50       ?ThreadExecute@dgParallelSolverBodyInertia@@UEAAXXZ 000000018001de50 f   physics:dgWorldDynamicUpdate.obj
 0001:0001cef0       ?ThreadExecute@dgParallelSolverBuildJacobianRows@@UEAAXXZ 000000018001def0 f   physics:dgWorldDynamicUpdate.obj
 0001:0001d890       ?ThreadExecute@dgParallelSolverBuildJacobianMatrix@@UEAAXXZ 000000018001e890 f   physics:dgWorldDynamicUpdate.obj
 0001:0001e100       ?GetJacobialDerivativesParallel@dgWorldDynamicUpdate@@AEAAHAEBVdgIsland@@_NHM@Z 000000018001f100 f   physics:dgWorldDynamicUpdate.obj
 0001:0001e330       ?BuildJacobianMatrixParallel@dgWorldDynamicUpdate@@AEAAXAEBVdgIsland@@MH@Z 000000018001f330 f   physics:dgWorldDynamicUpdate.obj
 0001:0001e7f0       ?ThreadExecute@dgParallelSolverClear@@UEAAXXZ 000000018001f7f0 f   physics:dgWorldDynamicUpdate.obj
 0001:0001e9d0       ?ThreadExecute@dgParallelSolverInitInternalForces@@UEAAXXZ 000000018001f9d0 f   physics:dgWorldDynamicUpdate.obj
 0001:0001ee90       ?ThreadExecute@dgParallelSolverJointAcceleration@@UEAAXXZ 000000018001fe90 f   physics:dgWorldDynamicUpdate.obj
 0001:0001f0b0       ?ThreadExecute@dgParallelSolverUpdateVeloc@@UEAAXXZ 00000001800200b0 f   physics:dgWorldDynamicUpdate.obj
 0001:0001f470       ?ThreadExecute@dgParallelSolverUpdateForce@@UEAAXXZ 0000000180020470 f   physics:dgWorldDynamicUpdate.obj
 0001:0001fb30       ?ThreadExecute@dgParallelSolverInitFeedbackUpdate@@UEAAXXZ 0000000180020b30 f   physics:dgWorldDynamicUpdate.obj
 0001:0001fc80       ?ThreadExecute@dgParallelSolverCalculateForces@@UEAAXXZ 0000000180020c80 f   physics:dgWorldDynamicUpdate.obj
 0001:00020600       ?CalculateForcesGameModeParallel@dgJacobianMemory@@QEBAXHMH@Z 0000000180021600 f   physics:dgWorldDynamicUpdate.obj
 0001:00021180       ??Y?$dgTemplateVector@M@@QEAAAEAV0@AEBV0@@Z 0000000180022180 f i physics:dgWorldDynamicUpdate.obj
 0001:000211b0       ?CompProduct@?$dgTemplateVector@M@@QEBA?AV1@AEBV1@@Z 00000001800221b0 f i physics:dgWorldDynamicUpdate.obj
 0001:00021200       ??$dgSort@VdgIsland@@@@YAXQEAVdgIsland@@HP6AHQEBV0@1QEAX@Z2@Z 0000000180022200 f i physics:dgWorldDynamicUpdate.obj
 0001:000214d0       ?AddToBreakQueue@dgWorld@@QEAAXQEBVdgContact@@QEAVdgBody@@M@Z 00000001800224d0 f i physics:dgNarrowPhaseCollision.obj
 0001:00021570       ?CreateNull@dgWorld@@QEAAPEAVdgCollision@@XZ 0000000180022570 f   physics:dgNarrowPhaseCollision.obj
 0001:000216e0       ?CreateBox@dgWorld@@QEAAPEAVdgCollision@@MMMHAEBVdgMatrix@@@Z 00000001800226e0 f   physics:dgNarrowPhaseCollision.obj
 0001:000219e0       ?CreateSphere@dgWorld@@QEAAPEAVdgCollision@@MHAEBVdgMatrix@@@Z 00000001800229e0 f   physics:dgNarrowPhaseCollision.obj
 0001:00021c70       ?CreateEllipse@dgWorld@@QEAAPEAVdgCollision@@MMMHAEBVdgMatrix@@@Z 0000000180022c70 f   physics:dgNarrowPhaseCollision.obj
 0001:00021f40       ?CreateCapsule@dgWorld@@QEAAPEAVdgCollision@@MMHAEBVdgMatrix@@@Z 0000000180022f40 f   physics:dgNarrowPhaseCollision.obj
 0001:00022230       ?CreateCone@dgWorld@@QEAAPEAVdgCollision@@MMHAEBVdgMatrix@@@Z 0000000180023230 f   physics:dgNarrowPhaseCollision.obj
 0001:00022520       ?CreateCylinder@dgWorld@@QEAAPEAVdgCollision@@MMHAEBVdgMatrix@@@Z 0000000180023520 f   physics:dgNarrowPhaseCollision.obj
 0001:00022810       ?CreateChamferCylinder@dgWorld@@QEAAPEAVdgCollision@@MMHAEBVdgMatrix@@@Z 0000000180023810 f   physics:dgNarrowPhaseCollision.obj
 0001:00022b00       ?CreateConvexHull@dgWorld@@QEAAPEAVdgCollision@@HPEBMHMHAEBVdgMatrix@@@Z 0000000180023b00 f   physics:dgNarrowPhaseCollision.obj
 0001:00022f80       ?CreateCollisionCompoundBreakable@dgWorld@@QEAAPEAVdgCollision@@HQEBQEBVdgMeshEffect@@QEBHQEBM1HM@Z 0000000180023f80 f   physics:dgNarrowPhaseCollision.obj
 0001:00023020       ?CreateBVHFieldCollision@dgWorld@@QEAAPEAVdgCollision@@HHHQEBGQEBDMM@Z 0000000180024020 f   physics:dgNarrowPhaseCollision.obj
 0001:000230c0       ?Serialize@dgWorld@@QEBAXPEAVdgCollision@@P6AXPEAXPEBX_K@ZQEAX@Z 00000001800240c0 f   physics:dgNarrowPhaseCollision.obj
 0001:00023140       ?CreateFromSerialization@dgWorld@@QEAAPEAVdgCollision@@P6AXPEAX0_K@ZQEAX@Z 0000000180024140 f   physics:dgNarrowPhaseCollision.obj
 0001:00023cb0       ?CreateBodyGroupID@dgWorld@@QEAAIXZ 0000000180024cb0 f   physics:dgNarrowPhaseCollision.obj
 0001:00023ed0       ?RemoveFromCache@dgWorld@@QEAAXQEAVdgCollision@@@Z 0000000180024ed0 f   physics:dgNarrowPhaseCollision.obj
 0001:00023f60       ?ReleaseCollision@dgWorld@@QEAAXQEAVdgCollision@@@Z 0000000180024f60 f   physics:dgNarrowPhaseCollision.obj
 0001:00024030       ?ClosestPoint@dgWorld@@QEBAHAEAVdgTriplex@@QEAVdgCollision@@AEBVdgMatrix@@00H@Z 0000000180025030 f   physics:dgNarrowPhaseCollision.obj
 0001:00024130       ?ClosestPoint@dgWorld@@QEBAHQEAVdgCollision@@AEBVdgMatrix@@01AEAVdgTriplex@@22H@Z 0000000180025130 f   physics:dgNarrowPhaseCollision.obj
 0001:000245e0       ?ReduceContacts@dgWorld@@AEBAHHQEAVdgContactPoint@@HMH@Z 00000001800255e0 f   physics:dgNarrowPhaseCollision.obj
 0001:00024850       ?PruneContacts@dgWorld@@AEBAHHQEAVdgContactPoint@@H@Z 0000000180025850 f   physics:dgNarrowPhaseCollision.obj
 0001:00024b10       ?ProcessCachedContacts@dgWorld@@AEBAXQEAVdgContact@@QEBVdgContactMaterial@@MH@Z 0000000180025b10 f   physics:dgNarrowPhaseCollision.obj
 0001:00024c00       ?ProcessTriggers@dgWorld@@AEAAXQEAUdgPair@dgCollidingPairCollector@@MH@Z 0000000180025c00 f   physics:dgNarrowPhaseCollision.obj
 0001:00024d50       ?ProcessContacts@dgWorld@@AEAAXQEAUdgPair@dgCollidingPairCollector@@MH@Z 0000000180025d50 f   physics:dgNarrowPhaseCollision.obj
 0001:00025f70       ?ValidateContactCache@dgWorld@@AEBAHQEAVdgBody@@0QEAVdgContact@@@Z 0000000180026f70 f   physics:dgNarrowPhaseCollision.obj
 0001:00026630       ?CompoundContactsSimd@dgWorld@@AEBAXQEAUdgPair@dgCollidingPairCollector@@AEAVdgCollisionParamProxi@@@Z 0000000180027630 f   physics:dgNarrowPhaseCollision.obj
 0001:00026730       ?CompoundContacts@dgWorld@@AEBAXQEAUdgPair@dgCollidingPairCollector@@AEAVdgCollisionParamProxi@@@Z 0000000180027730 f   physics:dgNarrowPhaseCollision.obj
 0001:00026830       ?ConvexContactsSimd@dgWorld@@AEBAXQEAUdgPair@dgCollidingPairCollector@@AEAVdgCollisionParamProxi@@@Z 0000000180027830 f   physics:dgNarrowPhaseCollision.obj
 0001:00026a60       ?ConvexContacts@dgWorld@@AEBAXQEAUdgPair@dgCollidingPairCollector@@AEAVdgCollisionParamProxi@@@Z 0000000180027a60 f   physics:dgNarrowPhaseCollision.obj
 0001:00026c90       ?SceneContactsSimd@dgWorld@@AEBAXAEBUdgProxy@dgCollisionScene@@QEAUdgPair@dgCollidingPairCollector@@AEAVdgCollisionParamProxi@@@Z 0000000180027c90 f   physics:dgNarrowPhaseCollision.obj
 0001:00026dd0       ?SceneContacts@dgWorld@@AEBAXAEBUdgProxy@dgCollisionScene@@QEAUdgPair@dgCollidingPairCollector@@AEAVdgCollisionParamProxi@@@Z 0000000180027dd0 f   physics:dgNarrowPhaseCollision.obj
 0001:00026f10       ?SceneContacts@dgWorld@@AEBAXQEAUdgPair@dgCollidingPairCollector@@AEAVdgCollisionParamProxi@@@Z 0000000180027f10 f   physics:dgNarrowPhaseCollision.obj
 0001:00027040       ?SceneContactsSimd@dgWorld@@AEBAXQEAUdgPair@dgCollidingPairCollector@@AEAVdgCollisionParamProxi@@@Z 0000000180028040 f   physics:dgNarrowPhaseCollision.obj
 0001:00027170       ?CalculateContactsSimd@dgWorld@@AEAAXQEAUdgPair@dgCollidingPairCollector@@MH@Z 0000000180028170 f   physics:dgNarrowPhaseCollision.obj
 0001:000272f0       ?CalculateContacts@dgWorld@@AEAAXQEAUdgPair@dgCollidingPairCollector@@MH@Z 00000001800282f0 f   physics:dgNarrowPhaseCollision.obj
 0001:00027470       ?CollideContinueSimd@dgWorld@@QEAAHPEAVdgCollision@@AEBVdgMatrix@@AEBVdgVector@@20122AEAMPEAVdgTriplex@@4PEAMHH@Z 0000000180028470 f   physics:dgNarrowPhaseCollision.obj
 0001:00027d00       ?CollideContinue@dgWorld@@QEAAHPEAVdgCollision@@AEBVdgMatrix@@AEBVdgVector@@20122AEAMPEAVdgTriplex@@4PEAMHH@Z 0000000180028d00 f   physics:dgNarrowPhaseCollision.obj
 0001:00028580       ?Collide@dgWorld@@QEAAHPEAVdgCollision@@AEBVdgMatrix@@01PEAVdgTriplex@@2PEAMHH@Z 0000000180029580 f   physics:dgNarrowPhaseCollision.obj
 0001:00028b80       ?Append@?$dgList@VdgContactMaterial@@@@QEAAPEAVdgListNode@1@XZ 0000000180029b80 f i physics:dgNarrowPhaseCollision.obj
 0001:00028c70       ??$dgSort@VdgContactPoint@@@@YAXQEAVdgContactPoint@@HP6AHQEBV0@1QEAX@Z2@Z 0000000180029c70 f i physics:dgNarrowPhaseCollision.obj
 0001:00028ed0       ??0dgListNode@?$dgList@VdgContactMaterial@@@@AEAA@QEAV01@0@Z 0000000180029ed0 f i physics:dgNarrowPhaseCollision.obj
 0001:00028f60       ??0dgMeshEffectBuilder@@QEAA@XZ 0000000180029f60 f i physics:dgMeshEffect.obj
 0001:00029030       ?GetShapeFromCollision@dgMeshEffectBuilder@@SAXPEAXHPEBMH@Z 000000018002a030 f i physics:dgMeshEffect.obj
 0001:00029210       ??_GdgMeshEffect@@UEAAPEAXI@Z 000000018002a210 f i physics:dgMeshEffect.obj
 0001:00029210       ??_EdgMeshEffect@@UEAAPEAXI@Z 000000018002a210 f i  CIL library: CIL module
 0001:00029250       ??0dgMeshEffect@@QEAA@AEAVdgPolyhedra@@AEBV0@@Z 000000018002a250 f   physics:dgMeshEffect.obj
 0001:00029360       ??0dgMeshEffect@@QEAA@AEBV0@@Z 000000018002a360 f   physics:dgMeshEffect.obj
 0001:00029470       ??0dgMeshEffect@@QEAA@QEAVdgCollision@@@Z 000000018002a470 f   physics:dgMeshEffect.obj
 0001:000298e0       ??1dgMeshEffect@@UEAA@XZ   000000018002a8e0 f   physics:dgMeshEffect.obj
 0001:00029960       ?Init@dgMeshEffect@@AEAAX_N@Z 000000018002a960 f   physics:dgMeshEffect.obj
 0001:00029a20       ?Triangulate@dgMeshEffect@@QEAAXXZ 000000018002aa20 f   physics:dgMeshEffect.obj
 0001:00029e00       ?ConvertToPolygons@dgMeshEffect@@QEAAXXZ 000000018002ae00 f   physics:dgMeshEffect.obj
 0001:0002a1e0       ?RemoveUnusedVertices@dgMeshEffect@@QEAAXQEAH@Z 000000018002b1e0 f   physics:dgMeshEffect.obj
 0001:0002a790       ?CalculateOOBB@dgMeshEffect@@QEBA?AVdgMatrix@@AEAVdgVector@@@Z 000000018002b790 f   physics:dgMeshEffect.obj
 0001:0002aa40       ?CalculateAABB@dgMeshEffect@@QEBAXAEAVdgVector@@0@Z 000000018002ba40 f   physics:dgMeshEffect.obj
 0001:0002abf0       ?EnumerateAttributeArray@dgMeshEffect@@AEAAXPEAUdgVertexAtribute@1@@Z 000000018002bbf0 f   physics:dgMeshEffect.obj
 0001:0002acf0       ?ApplyAttributeArray@dgMeshEffect@@AEAAXPEAUdgVertexAtribute@1@@Z 000000018002bcf0 f   physics:dgMeshEffect.obj
 0001:0002aec0       ?FixCylindricalMapping@dgMeshEffect@@AEBAXPEAUdgVertexAtribute@1@@Z 000000018002bec0 f   physics:dgMeshEffect.obj
 0001:0002b110       ?SphericalMapping@dgMeshEffect@@QEAAXH@Z 000000018002c110 f   physics:dgMeshEffect.obj
 0001:0002b4d0       ?CylindricalMapping@dgMeshEffect@@QEAAXHH@Z 000000018002c4d0 f   physics:dgMeshEffect.obj
 0001:0002ba60       ?BoxMapping@dgMeshEffect@@QEAAXHHH@Z 000000018002ca60 f   physics:dgMeshEffect.obj
 0001:0002bf60       ?CalculateNormals@dgMeshEffect@@QEAAXM@Z 000000018002cf60 f   physics:dgMeshEffect.obj
 0001:0002c420       ?AddAtribute@dgMeshEffect@@AEAAXAEBUdgVertexAtribute@1@@Z 000000018002d420 f   physics:dgMeshEffect.obj
 0001:0002c530       ?AddVertex@dgMeshEffect@@AEAAXAEBVdgVector@@@Z 000000018002d530 f   physics:dgMeshEffect.obj
 0001:0002c640       ?AddPoint@dgMeshEffect@@AEAAXPEBMH@Z 000000018002d640 f   physics:dgMeshEffect.obj
 0001:0002c740       ?PackVertexArrays@dgMeshEffect@@QEAAXXZ 000000018002d740 f   physics:dgMeshEffect.obj
 0001:0002c860       ?AddPolygon@dgMeshEffect@@QEAAXHPEBMHH@Z 000000018002d860 f   physics:dgMeshEffect.obj
 0001:0002ca60       ?EndPolygon@dgMeshEffect@@QEAAXXZ 000000018002da60 f   physics:dgMeshEffect.obj
 0001:0002cde0       ?BuildFromVertexListIndexList@dgMeshEffect@@QEAAXHQEBH0QEBMH01H01H01H0@Z 000000018002dde0 f   physics:dgMeshEffect.obj
 0001:0002d460       ?GetTotalIndexCount@dgMeshEffect@@QEBAHXZ 000000018002e460 f   physics:dgMeshEffect.obj
 0001:0002d520       ?GetFaces@dgMeshEffect@@QEBAXQEAH0QEAPEAX@Z 000000018002e520 f   physics:dgMeshEffect.obj
 0001:0002d670       ?GetNextVertex@dgMeshEffect@@QEAAPEAXPEBX@Z 000000018002e670 f   physics:dgMeshEffect.obj
 0001:0002d730       ?GetFirstPoint@dgMeshEffect@@QEAAPEAXXZ 000000018002e730 f   physics:dgMeshEffect.obj
 0001:0002d7f0       ?GetNextPoint@dgMeshEffect@@QEAAPEAXPEBX@Z 000000018002e7f0 f   physics:dgMeshEffect.obj
 0001:0002d8b0       ?ConectVertex@dgMeshEffect@@QEAAPEAVdgEdge@@QEAV2@0@Z 000000018002e8b0 f   physics:dgMeshEffect.obj
 0001:0002d960       ?GetNextEdge@dgMeshEffect@@QEAAPEAXPEBX@Z 000000018002e960 f   physics:dgMeshEffect.obj
 0001:0002da10       ?GetNextFace@dgMeshEffect@@QEAAPEAXPEBX@Z 000000018002ea10 f   physics:dgMeshEffect.obj
 0001:0002dac0       ?GetVertexStreams@dgMeshEffect@@QEAAXHPEAMH0H0H0@Z 000000018002eac0 f   physics:dgMeshEffect.obj
 0001:0002dc20       ?GetIndirectVertexStreams@dgMeshEffect@@QEAAXHPEAMPEAH1H011H011H011@Z 000000018002ec20 f   physics:dgMeshEffect.obj
 0001:0002e040       ?MaterialGeomteryBegin@dgMeshEffect@@QEAAPEAUdgIndexArray@1@XZ 000000018002f040 f   physics:dgMeshEffect.obj
 0001:0002e2d0       ?CreateConvexCollision@dgMeshEffect@@QEBAPEAVdgCollision@@MHAEBVdgMatrix@@@Z 000000018002f2d0 f   physics:dgMeshEffect.obj
 0001:0002e780       ?InterpolateEdge@dgMeshEffect@@AEBA?AUdgVertexAtribute@1@QEAVdgEdge@@M@Z 000000018002f780 f   physics:dgMeshEffect.obj
 0001:0002e8c0       ?InsertEdgeVertex@dgMeshEffect@@QEAAPEAVdgEdge@@QEAV2@M@Z 000000018002f8c0 f   physics:dgMeshEffect.obj
 0001:0002e9c0       ?Intersection@dgMeshEffect@@QEBAPEAV1@AEBVdgMatrix@@PEBV1@@Z 000000018002f9c0 f   physics:dgMeshEffect.obj
 0001:0002e9c0       ?Union@dgMeshEffect@@QEBAPEAV1@AEBVdgMatrix@@PEBV1@@Z 000000018002f9c0 f   physics:dgMeshEffect.obj
 0001:0002e9c0       ?Difference@dgMeshEffect@@QEBAPEAV1@AEBVdgMatrix@@PEBV1@@Z 000000018002f9c0 f   physics:dgMeshEffect.obj
 0001:0002ea50       ?ClipMesh@dgMeshEffect@@QEBAXAEBVdgMatrix@@PEBV1@PEAPEAV1@2@Z 000000018002fa50 f   physics:dgMeshEffect.obj
 0001:0002eb00       ?HasOpenEdges@dgMeshEffect@@QEBA_NXZ 000000018002fb00 f   physics:dgMeshEffect.obj
 0001:0002eb90       ?WeldTJoints@dgMeshEffect@@QEAAXXZ 000000018002fb90 f   physics:dgMeshEffect.obj
 0001:0002f220       ?Scale@?$dgTemplateVector@N@@QEBA?AV1@N@Z 0000000180030220 f i physics:dgMeshEffect.obj
 0001:0002f250       ??H?$dgTemplateVector@N@@QEBA?AV0@AEBV0@@Z 0000000180030250 f i physics:dgMeshEffect.obj
 0001:0002f290       ?RemoveAll@?$dgTree@PEAVdgBody@@PEAX@@QEAAXXZ 0000000180030290 f i NewtonClass.obj
 0001:0002f290       ?RemoveAll@?$dgTree@VdgEdge@@_J@@QEAAXXZ 0000000180030290 f i physics:dgMeshEffect.obj
 0001:0002f290       ?RemoveAll@?$dgTree@VdgEdgeSharedTetras@Tetrahedralization@@_K@@QEAAXXZ 0000000180030290 f i physics:dgMeshEffect2.obj
 0001:0002f290       ?RemoveAll@?$dgTree@PEAVdgConstraint@@PEAX@@QEAAXXZ 0000000180030290 f i NewtonClass.obj
 0001:0002f310       ??_EdgMeshEffect@@WDA@EAAPEAXI@Z 0000000180030310 f i physics:dgMeshEffect.obj
 0001:0002f320       ?atan2@@YAMMM@Z            0000000180030320 f i physics:dgMeshEffect.obj
 0001:0002f330       ??L?$dgTemplateVector@N@@QEBANAEBV0@@Z 0000000180030330 f i physics:dgMeshEffect.obj
 0001:0002f360       ??0?$dgTemplateVector@N@@QEAA@NNNN@Z 0000000180030360 f i physics:dgMeshEffect.obj
 0001:0002f380       ??G?$dgTemplateVector@N@@QEBA?AV0@AEBV0@@Z 0000000180030380 f i physics:dgMeshEffect.obj
 0001:0002f3c0       ??_EdgRefCounter@@MEAAPEAXI@Z 00000001800303c0 f i  CIL library: CIL module
 0001:0002f3c0       ??_GdgRefCounter@@MEAAPEAXI@Z 00000001800303c0 f i physics:dgMeshEffect.obj
 0001:0002f3f0       ??0dgMeshEffect@@QEAA@QEAVdgMemoryAllocator@@QEBMHHM@Z 00000001800303f0 f   physics:dgMeshEffect2.obj
 0001:0002f900       ??1dgEdgeMap@Tetrahedralization@@QEAA@XZ 0000000180030900 f i physics:dgMeshEffect2.obj
 0001:0002f9e0       ??1Tetrahedralization@@UEAA@XZ 00000001800309e0 f i physics:dgMeshEffect2.obj
 0001:0002fa70       ?RecoverEdges@Tetrahedralization@@QEAAXXZ 0000000180030a70 f i physics:dgMeshEffect2.obj
 0001:000301a0       ?RemoveDegeneratedTetras@Tetrahedralization@@QEAAXXZ 00000001800311a0 f i physics:dgMeshEffect2.obj
 0001:00030520       ?MatchFace@Tetrahedralization@@QEBA_NAEAVdgMeshEffect@@QEAVdgEdge@@H@Z 0000000180031520 f i physics:dgMeshEffect2.obj
 0001:000307d0       ?RecoverFace@Tetrahedralization@@QEBAXAEAVdgMeshEffect@@QEAVdgEdge@@HHAEAV?$dgTree@PEAVdgEdge@@PEAV1@@@@Z 00000001800317d0 f i physics:dgMeshEffect2.obj
 0001:00030dd0       ?ConvexCompareIndex@Tetrahedralization@@SAHQEBVdgIndexMapPair@1@0QEAX@Z 0000000180031dd0 f i physics:dgMeshEffect2.obj
 0001:00030df0       ?CreateIndexMap@Tetrahedralization@@QEAAXXZ 0000000180031df0 f i physics:dgMeshEffect2.obj
 0001:00030f00       ?InsertNewNode@Tetrahedralization@@QEAAXHHQEAVdgListNode@?$dgList@VdgConvexHull4dTetraherum@@@@@Z 0000000180031f00 f i physics:dgMeshEffect2.obj
 0001:00031050       ?AddEdges@Tetrahedralization@@QEAAXQEAVdgListNode@?$dgList@VdgConvexHull4dTetraherum@@@@@Z 0000000180032050 f i physics:dgMeshEffect2.obj
 0001:000310e0       ?RemoveNode@Tetrahedralization@@QEAAXHHQEAVdgListNode@?$dgList@VdgConvexHull4dTetraherum@@@@@Z 00000001800320e0 f i physics:dgMeshEffect2.obj
 0001:000312e0       ?AddFace@Tetrahedralization@@UEAAPEAVdgListNode@?$dgList@VdgConvexHull4dTetraherum@@@@HHHH@Z 00000001800322e0 f i physics:dgMeshEffect2.obj
 0001:00031320       ?DeleteFace@Tetrahedralization@@UEAAXQEAVdgListNode@?$dgList@VdgConvexHull4dTetraherum@@@@@Z 0000000180032320 f i physics:dgMeshEffect2.obj
 0001:00031440       ?RecoverFaces@Tetrahedralization@@QEAAXXZ 0000000180032440 f i physics:dgMeshEffect2.obj
 0001:00031a80       ??_ETetrahedralization@@UEAAPEAXI@Z 0000000180032a80 f i  CIL library: CIL module
 0001:00031a80       ??_GTetrahedralization@@UEAAPEAXI@Z 0000000180032a80 f i physics:dgMeshEffect2.obj
 0001:00031ac0       ?CreateConvexApproximationCollision@dgMeshEffect@@QEBAPEAVdgCollision@@QEAVdgWorld@@HHH@Z 0000000180032ac0 f   physics:dgMeshEffect2.obj
 0001:000325c0       ?Append@?$dgList@PEAVdgContact@@@@QEAAPEAVdgListNode@1@AEBQEAVdgContact@@@Z 00000001800335c0 f i physics:dgContact.obj
 0001:000325c0       ?Append@?$dgList@PEAVdgMemoryAllocator@@@@QEAAPEAVdgListNode@1@AEBQEAVdgMemoryAllocator@@@Z 00000001800335c0 f i corelib:dgMemory.obj
 0001:000325c0       ?Append@?$dgList@PEAVdgListNode@?$dgList@VdgConvexHull4dTetraherum@@@@@@QEAAPEAVdgListNode@1@AEBQEAV2?$dgList@VdgConvexHull4dTetraherum@@@@@Z 00000001800335c0 f i physics:dgMeshEffect2.obj
 0001:000325c0       ?Append@?$dgList@PEAVdgTreeNode@?$dgTree@VdgEdge@@_J@@@@QEAAPEAVdgListNode@1@AEBQEAVdgTreeNode@?$dgTree@VdgEdge@@_J@@@Z 00000001800335c0 f i physics:dgMeshEffect2.obj
 0001:00032680       ?Scale4@?$dgTemplateVector@N@@QEBA?AV1@N@Z 0000000180033680 f i physics:dgMeshEffect2.obj
 0001:000326c0       ?Add4@?$dgTemplateVector@N@@QEBA?AV1@AEBV1@@Z 00000001800336c0 f i physics:dgMeshEffect2.obj
 0001:00032710       ??$dgSort@VdgIndexMapPair@Tetrahedralization@@@@YAXQEAVdgIndexMapPair@Tetrahedralization@@HP6AHQEBV01@1QEAX@Z2@Z 0000000180033710 f i physics:dgMeshEffect2.obj
 0001:00032860       ?Resize@?$dgArray@VdgIndexMapPair@Tetrahedralization@@@@QEBAXH@Z 0000000180033860 f i physics:dgMeshEffect2.obj
 0001:000329c0       ?Resize@?$dgArray@VdgHullVector@@@@QEBAXH@Z 00000001800339c0 f i physics:dgMeshEffect2.obj
 0001:00032b80       ?Resize@?$dgArray@VdgVector@@@@QEBAXH@Z 0000000180033b80 f i physics:dgMeshEffect2.obj
 0001:00032ce0       ?IsBilateral@dgConstraint@@MEBA_NXZ 0000000180033ce0 f i physics:dgConstraint.obj
 0001:00032ce0       ?IsBilateral@dgUpVectorConstraint@@UEBA_NXZ 0000000180033ce0 f i physics:dgUpVectorConstraint.obj
 0001:00032ce0       ?IsTriggerVolume@dgCollision@@UEBA_NXZ 0000000180033ce0 f i physics:dgCollisionCompoundBreakable.obj
 0001:00032cf0       ??_EdgCollisionConvexIntance@dgCollisionCompoundBreakable@@UEAAPEAXI@Z 0000000180033cf0 f i  CIL library: CIL module
 0001:00032cf0       ??_GdgCollisionConvexIntance@dgCollisionCompoundBreakable@@UEAAPEAXI@Z 0000000180033cf0 f i physics:dgCollisionCompoundBreakable.obj
 0001:00032d30       ??0dgCollisionConvexIntance@dgCollisionCompoundBreakable@@QEAA@AEBV01@PEAVdgListNode@?$dgList@V?$dgGraphNode@VdgDebriNodeInfo@dgCollisionCompoundBreakable@@VdgSharedNodeMesh@2@@@@@@Z 0000000180033d30 f   physics:dgCollisionCompoundBreakable.obj
 0001:00032e00       ??0dgCollisionConvexIntance@dgCollisionCompoundBreakable@@QEAA@QEAVdgWorld@@P6AXPEAX1_K@ZQEAX@Z 0000000180033e00 f   physics:dgCollisionCompoundBreakable.obj
 0001:00032ee0       ??1dgCollisionConvexIntance@dgCollisionCompoundBreakable@@UEAA@XZ 0000000180033ee0 f   physics:dgCollisionCompoundBreakable.obj
 0001:00032f50       ?GetVolume@dgCollisionConvexIntance@dgCollisionCompoundBreakable@@MEBAMXZ 0000000180033f50 f   physics:dgCollisionCompoundBreakable.obj
 0001:00032f60       ?OOBBTest@dgCollisionConvexIntance@dgCollisionCompoundBreakable@@MEBA_NAEBVdgMatrix@@QEBVdgConvexCollision@@QEAX@Z 0000000180033f60 f   physics:dgCollisionCompoundBreakable.obj
 0001:00032f70       ?SupportVertex@dgCollisionConvexIntance@dgCollisionCompoundBreakable@@MEBA?AVdgVector@@AEBV3@@Z 0000000180033f70 f   physics:dgCollisionCompoundBreakable.obj
 0001:00032f90       ?SupportVertexSimd@dgCollisionConvexIntance@dgCollisionCompoundBreakable@@MEBA?AVdgVector@@AEBV3@@Z 0000000180033f90 f   physics:dgCollisionCompoundBreakable.obj
 0001:00032fc0       ?CalcAABB@dgCollisionConvexIntance@dgCollisionCompoundBreakable@@MEBAXAEBVdgMatrix@@AEAVdgVector@@1@Z 0000000180033fc0 f   physics:dgCollisionCompoundBreakable.obj
 0001:00032fd0       ?CalcAABBSimd@dgCollisionConvexIntance@dgCollisionCompoundBreakable@@MEBAXAEBVdgMatrix@@AEAVdgVector@@1@Z 0000000180033fd0 f   physics:dgCollisionCompoundBreakable.obj
 0001:00032fe0       ?DebugCollision@dgCollisionConvexIntance@dgCollisionCompoundBreakable@@MEBAXAEBVdgMatrix@@P6AXPEAXHPEBMH@ZQEAX@Z 0000000180033fe0 f   physics:dgCollisionCompoundBreakable.obj
 0001:00032ff0       ?RayCast@dgCollisionConvexIntance@dgCollisionCompoundBreakable@@MEBAMAEBVdgVector@@0AEAVdgContactPoint@@P6AIQEBVdgBody@@QEBVdgCollision@@QEAX@Z24@Z 0000000180033ff0 f   physics:dgCollisionCompoundBreakable.obj
 0001:00033030       ?RayCastSimd@dgCollisionConvexIntance@dgCollisionCompoundBreakable@@MEBAMAEBVdgVector@@0AEAVdgContactPoint@@P6AIQEBVdgBody@@QEBVdgCollision@@QEAX@Z24@Z 0000000180034030 f   physics:dgCollisionCompoundBreakable.obj
 0001:00033070       ?CalculateVolumeIntegral@dgCollisionConvexIntance@dgCollisionCompoundBreakable@@MEBA?AVdgVector@@AEBVdgMatrix@@P6AIPEAX10AEAVdgPlane@@@ZQEAX@Z 0000000180034070 f   physics:dgCollisionCompoundBreakable.obj
 0001:000330a0       ?SetCollisionBBox@dgCollisionConvexIntance@dgCollisionCompoundBreakable@@EEAAXAEBVdgVector@@0@Z 00000001800340a0 f   physics:dgCollisionCompoundBreakable.obj
 0001:000330b0       ?GetBoxMinRadius@dgCollisionConvexIntance@dgCollisionCompoundBreakable@@EEBAMXZ 00000001800340b0 f   physics:dgCollisionCompoundBreakable.obj
 0001:000330c0       ?GetBoxMaxRadius@dgCollisionConvexIntance@dgCollisionCompoundBreakable@@EEBAMXZ 00000001800340c0 f   physics:dgCollisionCompoundBreakable.obj
 0001:000330d0       ?CalculatePlaneIntersection@dgCollisionConvexIntance@dgCollisionCompoundBreakable@@EEBAHAEBVdgVector@@0QEAV3@@Z 00000001800340d0 f   physics:dgCollisionCompoundBreakable.obj
 0001:000330f0       ?CalculatePlaneIntersectionSimd@dgCollisionConvexIntance@dgCollisionCompoundBreakable@@EEBAHAEBVdgVector@@0QEAV3@@Z 00000001800340f0 f   physics:dgCollisionCompoundBreakable.obj
 0001:00033110       ?GetCollisionInfo@dgCollisionConvexIntance@dgCollisionCompoundBreakable@@EEBAXPEAVdgCollisionInfo@@@Z 0000000180034110 f   physics:dgCollisionCompoundBreakable.obj
 0001:00033130       ?Serialize@dgCollisionConvexIntance@dgCollisionCompoundBreakable@@EEBAXP6AXPEAXPEBX_K@ZQEAX@Z 0000000180034130 f   physics:dgCollisionCompoundBreakable.obj
 0001:000331b0       ?SetBreakImpulse@dgCollisionConvexIntance@dgCollisionCompoundBreakable@@EEAAXM@Z 00000001800341b0 f   physics:dgCollisionCompoundBreakable.obj
 0001:000331c0       ?GetBreakImpulse@dgCollisionConvexIntance@dgCollisionCompoundBreakable@@EEBAMXZ 00000001800341c0 f   physics:dgCollisionCompoundBreakable.obj
 0001:000331d0       ??_EdgVertexBuffer@dgCollisionCompoundBreakable@@UEAAPEAXI@Z 00000001800341d0 f i  CIL library: CIL module
 0001:000331d0       ??_GdgVertexBuffer@dgCollisionCompoundBreakable@@UEAAPEAXI@Z 00000001800341d0 f i physics:dgCollisionCompoundBreakable.obj
 0001:00033240       ??0dgVertexBuffer@dgCollisionCompoundBreakable@@QEAA@QEAVdgMemoryAllocator@@P6AXPEAX1_K@ZQEAX@Z 0000000180034240 f   physics:dgCollisionCompoundBreakable.obj
 0001:00033320       ?Serialize@dgVertexBuffer@dgCollisionCompoundBreakable@@QEBAXP6AXPEAXPEBX_K@ZQEAX@Z 0000000180034320 f   physics:dgCollisionCompoundBreakable.obj
 0001:000333b0       ?GetVertexStreams@dgVertexBuffer@dgCollisionCompoundBreakable@@QEBAXHPEAMH0H0@Z 00000001800343b0 f   physics:dgCollisionCompoundBreakable.obj
 0001:00033510       ??_GdgMesh@dgCollisionCompoundBreakable@@UEAAPEAXI@Z 0000000180034510 f i physics:dgCollisionCompoundBreakable.obj
 0001:00033510       ??_EdgMesh@dgCollisionCompoundBreakable@@UEAAPEAXI@Z 0000000180034510 f i  CIL library: CIL module
 0001:00033560       ??0dgMesh@dgCollisionCompoundBreakable@@QEAA@QEAVdgMemoryAllocator@@P6AXPEAX1_K@ZQEAX@Z 0000000180034560 f   physics:dgCollisionCompoundBreakable.obj
 0001:00033660       ?Serialize@dgMesh@dgCollisionCompoundBreakable@@QEBAXP6AXPEAXPEBX_K@ZQEAX@Z 0000000180034660 f   physics:dgCollisionCompoundBreakable.obj
 0001:00033720       ?AddgSubMesh@dgMesh@dgCollisionCompoundBreakable@@QEAAPEAVdgSubMesh@2@HH@Z 0000000180034720 f   physics:dgCollisionCompoundBreakable.obj
 0001:000337c0       ??0dgDebriGraph@dgCollisionCompoundBreakable@@QEAA@QEAVdgMemoryAllocator@@P6AXPEAX1_K@ZQEAX@Z 00000001800347c0 f   physics:dgCollisionCompoundBreakable.obj
 0001:00033a80       ??0dgDebriGraph@dgCollisionCompoundBreakable@@QEAA@AEBV01@@Z 0000000180034a80 f   physics:dgCollisionCompoundBreakable.obj
 0001:00033d70       ?Serialize@dgDebriGraph@dgCollisionCompoundBreakable@@QEBAXP6AXPEAXPEBX_K@ZQEAX@Z 0000000180034d70 f   physics:dgCollisionCompoundBreakable.obj
 0001:000340b0       ??0dgCollisionCompoundBreakable@@QEAA@HQEBQEBVdgMeshEffect@@QEBHQEBM1HMPEAVdgWorld@@@Z 00000001800350b0 f   physics:dgCollisionCompoundBreakable.obj
 0001:00034e10       ??_EdgCollisionCompoundBreakable@@UEAAPEAXI@Z 0000000180035e10 f i  CIL library: CIL module
 0001:00034e10       ??_GdgCollisionCompoundBreakable@@UEAAPEAXI@Z 0000000180035e10 f i physics:dgCollisionCompoundBreakable.obj
 0001:00034e50       ??0dgCollisionCompoundBreakable@@QEAA@AEBV0@@Z 0000000180035e50 f   physics:dgCollisionCompoundBreakable.obj
 0001:00035260       ??0dgCollisionCompoundBreakable@@QEAA@QEAVdgWorld@@P6AXPEAX1_K@ZQEAX@Z 0000000180036260 f   physics:dgCollisionCompoundBreakable.obj
 0001:00035450       ??1dgCollisionCompoundBreakable@@UEAA@XZ 0000000180036450 f   physics:dgCollisionCompoundBreakable.obj
 0001:000354d0       ?Serialize@dgCollisionCompoundBreakable@@EEBAXP6AXPEAXPEBX_K@ZQEAX@Z 00000001800364d0 f   physics:dgCollisionCompoundBreakable.obj
 0001:000355a0       ?GetCollisionInfo@dgCollisionCompoundBreakable@@EEBAXPEAVdgCollisionInfo@@@Z 00000001800365a0 f   physics:dgCollisionCompoundBreakable.obj
 0001:000355c0       ?GetSegmentIndexStreamShort@dgCollisionCompoundBreakable@@QEBAHQEAVdgListNode@?$dgList@V?$dgGraphNode@VdgDebriNodeInfo@dgCollisionCompoundBreakable@@VdgSharedNodeMesh@2@@@@@PEAV2?$dgList@VdgSubMesh@dgCollisionCompoundBreakable@@@@QEAF@Z 00000001800365c0 f   physics:dgCollisionCompoundBreakable.obj
 0001:00035690       ?GetSegmentIndexStream@dgCollisionCompoundBreakable@@QEBAHQEAVdgListNode@?$dgList@V?$dgGraphNode@VdgDebriNodeInfo@dgCollisionCompoundBreakable@@VdgSharedNodeMesh@2@@@@@PEAV2?$dgList@VdgSubMesh@dgCollisionCompoundBreakable@@@@QEAH@Z 0000000180036690 f   physics:dgCollisionCompoundBreakable.obj
 0001:00035760       ?GetSegmentsInRadius@dgCollisionCompoundBreakable@@QEAAHAEBVdgVector@@MPEAPEAVdgListNode@?$dgList@V?$dgGraphNode@VdgDebriNodeInfo@dgCollisionCompoundBreakable@@VdgSharedNodeMesh@2@@@@@H@Z 0000000180036760 f   physics:dgCollisionCompoundBreakable.obj
 0001:00035980       ?EnumerateIslands@dgCollisionCompoundBreakable@@QEAAXXZ 0000000180036980 f   physics:dgCollisionCompoundBreakable.obj
 0001:00035aa0       ?SetAnchoredParts@dgCollisionCompoundBreakable@@QEAAXHQEBVdgMatrix@@PEAPEBVdgCollision@@@Z 0000000180036aa0 f   physics:dgCollisionCompoundBreakable.obj
 0001:00035d00       ?DeleteComponent@dgCollisionCompoundBreakable@@QEAAXPEAVdgListNode@?$dgList@V?$dgGraphNode@VdgDebriNodeInfo@dgCollisionCompoundBreakable@@VdgSharedNodeMesh@2@@@@@@Z 0000000180036d00 f   physics:dgCollisionCompoundBreakable.obj
 0001:00035f60       ?DeleteComponentEnd@dgCollisionCompoundBreakable@@QEAAXXZ 0000000180036f60 f   physics:dgCollisionCompoundBreakable.obj
 0001:00036400       ?Append@?$dgList@VdgSubMesh@dgCollisionCompoundBreakable@@@@QEAAPEAVdgListNode@1@AEBVdgSubMesh@dgCollisionCompoundBreakable@@@Z 0000000180037400 f i physics:dgCollisionCompoundBreakable.obj
 0001:000364f0       ?DeleteNode@?$dgGraph@VdgDebriNodeInfo@dgCollisionCompoundBreakable@@VdgSharedNodeMesh@2@@@QEAAXQEAVdgListNode@?$dgList@V?$dgGraphNode@VdgDebriNodeInfo@dgCollisionCompoundBreakable@@VdgSharedNodeMesh@2@@@@@@Z 00000001800374f0 f i physics:dgCollisionCompoundBreakable.obj
 0001:000365c0       ?DeleteEdge@?$dgGraphNode@VdgDebriNodeInfo@dgCollisionCompoundBreakable@@VdgSharedNodeMesh@2@@@QEAAXQEAVdgListNode@?$dgList@V?$dgGraphEdge@VdgDebriNodeInfo@dgCollisionCompoundBreakable@@VdgSharedNodeMesh@2@@@@@@Z 00000001800375c0 f i physics:dgCollisionCompoundBreakable.obj
 0001:000366c0       ?Resize@?$dgArray@VdgFlatVertex@dgCollisionCompoundBreakable@@@@QEBAXH@Z 00000001800376c0 f i physics:dgCollisionCompoundBreakable.obj
 0001:00036840       ?RemoveAll@?$dgList@VdgSubMesh@dgCollisionCompoundBreakable@@@@QEAAXXZ 0000000180037840 f i physics:dgCollisionCompoundBreakable.obj
 0001:000368f0       ?Append@?$dgList@V?$dgGraphNode@VdgDebriNodeInfo@dgCollisionCompoundBreakable@@VdgSharedNodeMesh@2@@@@@QEAAPEAVdgListNode@1@XZ 00000001800378f0 f i physics:dgCollisionCompoundBreakable.obj
 0001:000369d0       ?Remove@?$dgList@V?$dgGraphNode@VdgDebriNodeInfo@dgCollisionCompoundBreakable@@VdgSharedNodeMesh@2@@@@@QEAAXQEAVdgListNode@1@@Z 00000001800379d0 f i physics:dgCollisionCompoundBreakable.obj
 0001:00036a70       ?Append@?$dgList@V?$dgGraphEdge@VdgDebriNodeInfo@dgCollisionCompoundBreakable@@VdgSharedNodeMesh@2@@@@@QEAAPEAVdgListNode@1@XZ 0000000180037a70 f i physics:dgCollisionCompoundBreakable.obj
 0001:00036b10       ?RemoveAll@?$dgList@V?$dgGraphNode@VdgDebriNodeInfo@dgCollisionCompoundBreakable@@VdgSharedNodeMesh@2@@@@@QEAAXXZ 0000000180037b10 f i physics:dgCollisionCompoundBreakable.obj
 0001:00036be0       ?RemoveAll@?$dgList@V?$dgGraphEdge@VdgDebriNodeInfo@dgCollisionCompoundBreakable@@VdgSharedNodeMesh@2@@@@@QEAAXXZ 0000000180037be0 f i physics:dgCollisionCompoundBreakable.obj
 0001:00036be0       ?RemoveAll@?$dgList@VdgBodyMasterListCell@@@@QEAAXXZ 0000000180037be0 f i physics:dgBodyMasterList.obj
 0001:00036c60       ??0dgCollisionConvexHull@@QEAA@QEAVdgMemoryAllocator@@IHHMPEBMAEBVdgMatrix@@@Z 0000000180037c60 f   physics:dgCollisionConvexHull.obj
 0001:00037070       ??_EdgCollisionConvexHull@@UEAAPEAXI@Z 0000000180038070 f i  CIL library: CIL module
 0001:00037070       ??_GdgCollisionConvexHull@@UEAAPEAXI@Z 0000000180038070 f i physics:dgCollisionConvexHull.obj
 0001:000370b0       ??0dgCollisionConvexHull@@QEAA@QEAVdgWorld@@P6AXPEAX1_K@ZQEAX@Z 00000001800380b0 f   physics:dgCollisionConvexHull.obj
 0001:000372e0       ??1dgCollisionConvexHull@@UEAA@XZ 00000001800382e0 f   physics:dgCollisionConvexHull.obj
[...]
 0003:000012d8       _dstbias                   00000001800cd2d8     LIBCMT:timeset.obj
 0003:00001360       _tzname                    00000001800cd360     LIBCMT:timeset.obj
 0003:00001390       _coninpfh                  00000001800cd390     LIBCMT:initcon.obj
 0003:00001398       _confh                     00000001800cd398     LIBCMT:initcon.obj
 0003:000013a0       _lpdays                    00000001800cd3a0     LIBCMT:days.obj
 0003:000013d8       _days                      00000001800cd3d8     LIBCMT:days.obj
 0003:00001410       ?mult@dgPolyhedraMassProperties@@0PAMA 00000001800cd410     corelib:dgPolyhedraMassProperties.obj
 0003:00001850       ?m_faceIndex@dgContactSolver@@2PAY03HA 00000001800cd850     physics:dgMinkowskiConv.obj
 0003:00001890       ?m_edgeArray@dgCollisionBox@@1PAVdgConvexSimplexEdge@@A 00000001800cd890     physics:dgCollisionBox.obj
 0003:00001b90       ?m_rayCastSimplex@dgConvexCollision@@1PAY03HA 00000001800cdb90     physics:dgConvexCollision.obj
 0003:00001bd0       ?m_hullDirs@dgConvexCollision@@1PAVdgTriplex@@A 00000001800cdbd0     physics:dgConvexCollision.obj
 0003:00001c90       ?m_negOne@dgConvexCollision@@1VdgVector@@A 00000001800cdc90     physics:dgConvexCollision.obj
 0003:00001ca0       ?m_nrh0p5@dgConvexCollision@@1VdgVector@@A 00000001800cdca0     physics:dgConvexCollision.obj
 0003:00001cb0       ?m_nrh3p0@dgConvexCollision@@1VdgVector@@A 00000001800cdcb0     physics:dgConvexCollision.obj
 0003:00001cc0       ?m_indexStep@dgConvexCollision@@1VdgVector@@A 00000001800cdcc0     physics:dgConvexCollision.obj
 0003:00001cd0       ?m_index_0123@dgConvexCollision@@1VdgVector@@A 00000001800cdcd0     physics:dgConvexCollision.obj
 0003:00001ce0       ?m_index_4567@dgConvexCollision@@1VdgVector@@A 00000001800cdce0     physics:dgConvexCollision.obj
 0003:00001cf0       ?m_huge@dgConvexCollision@@1VdgVector@@A 00000001800cdcf0     physics:dgConvexCollision.obj
 0003:00001d00       ?m_negativeTiny@dgConvexCollision@@1VdgVector@@A 00000001800cdd00     physics:dgConvexCollision.obj
 0003:00001d10       ?m_aabb_padd@dgConvexCollision@@1VdgVector@@A 00000001800cdd10     physics:dgConvexCollision.obj
 0003:00001d20       ?m_globalAllocator@dgGlobalAllocator@@2V1@A 00000001800cdd20     corelib:dgMemory.obj
 0003:00001e64       _fltused                   00000001800cde64     LIBCMT:_fpinit_.obj
 0003:00001e68       _ldused                    00000001800cde68     LIBCMT:_fpinit_.obj
 0003:00001ef8       ?dazSupported@?1??_control87@@9@9 00000001800cdef8     LIBCMT:_ieee_.obj
 0003:000020d0       _matherr_flag              00000001800ce0d0     LIBCMT:_matherr_.obj
 0003:00002110       _d_inf                     00000001800ce110     LIBCMT:_util_.obj
 0003:00002118       _d_ind                     00000001800ce118     LIBCMT:_util_.obj
 0003:00002120       _d_max                     00000001800ce120     LIBCMT:_util_.obj
 0003:00002128       _d_min                     00000001800ce128     LIBCMT:_util_.obj
 0003:00002130       _d_mzero                   00000001800ce130     LIBCMT:_util_.obj
 0003:00002140       _pow10pos                  00000001800ce140     LIBCMT:_constpow_.obj
 0003:000022a0       _pow10neg                  00000001800ce2a0     LIBCMT:_constpow_.obj
 0003:00002404       __error_mode               00000001800ce404     LIBCMT:dllcrt0.obj
 0003:00002408       _aenvptr                   00000001800ce408     LIBCMT:dllcrt0.obj
 0003:00002410       _wenvptr                   00000001800ce410     LIBCMT:dllcrt0.obj
 0003:00002418       __app_type                 00000001800ce418     LIBCMT:dllcrt0.obj
 0003:00002420       _crtheap                   00000001800ce420     LIBCMT:heapinit.obj
 0003:00002428       _umaskval                  00000001800ce428     LIBCMT:crt0dat.obj
 0003:0000242c       __argc                     00000001800ce42c     LIBCMT:crt0dat.obj
 0003:00002430       __argv                     00000001800ce430     LIBCMT:crt0dat.obj
 0003:00002438       __wargv                    00000001800ce438     LIBCMT:crt0dat.obj
 0003:00002440       _environ                   00000001800ce440     LIBCMT:crt0dat.obj
 0003:00002448       __initenv                  00000001800ce448     LIBCMT:crt0dat.obj
 0003:00002450       _wenviron                  00000001800ce450     LIBCMT:crt0dat.obj
 0003:00002458       __winitenv                 00000001800ce458     LIBCMT:crt0dat.obj
 0003:00002460       _pgmptr                    00000001800ce460     LIBCMT:crt0dat.obj
 0003:00002468       _wpgmptr                   00000001800ce468     LIBCMT:crt0dat.obj
 0003:00002470       _exitflag                  00000001800ce470     LIBCMT:crt0dat.obj
 0003:00002474       _C_Termination_Done        00000001800ce474     LIBCMT:crt0dat.obj
 0003:00002478       _C_Exit_Done               00000001800ce478     LIBCMT:crt0dat.obj
 0003:00002798       ?_pnhHeap@@3P6AH_K@ZEA     00000001800ce798     LIBCMT:handler.obj
 0003:000027a0       _newmode                   00000001800ce7a0     LIBCMT:_newmode.obj
 0003:000027a4       _maxwait                   00000001800ce7a4     LIBCMT:crtheap.obj
 0003:000028c0       __pInvalidArgHandler       00000001800ce8c0     LIBCMT:invarg.obj
 0003:000028d0       __pPurecall                00000001800ce8d0     LIBCMT:inithelp.obj
 0003:00002b10       ?__pInconsistency@@3P6AXXZEA 00000001800ceb10     LIBCMT:hooks.obj
 0003:00002b78       __locale_changed           00000001800ceb78     LIBCMT:setlocal.obj
 0003:00002b80       __lc_handle                00000001800ceb80     LIBCMT:nlsdata2.obj
 0003:00002b98       __lc_codepage              00000001800ceb98     LIBCMT:nlsdata2.obj
 0003:00002b9c       __lc_collate_cp            00000001800ceb9c     LIBCMT:nlsdata2.obj
 0003:00002ba8       __mbulinfo                 00000001800ceba8     LIBCMT:mbctype.obj
 0003:00002bb4       __mbcodepage               00000001800cebb4     LIBCMT:mbctype.obj
 0003:00002bb8       __ismbcodepage             00000001800cebb8     LIBCMT:mbctype.obj
 0003:00002bbc       __mblcid                   00000001800cebbc     LIBCMT:mbctype.obj
 0003:00002bc0       _cflush                    00000001800cebc0     LIBCMT:_file.obj
 0003:00002bd0       __lconv_static_null        00000001800cebd0     LIBCMT:lconv.obj
 0003:00002be0       _stdbuf                    00000001800cebe0     LIBCMT:_sftbuf.obj
 0003:00003224       __@@_PchSym_@00@UmvdglmPCAAUDworyUgllohUmvdglmUkilqvxgPehCAAIUcGEUmvdglmUivovzhvPCAAJPwooUmvdglmxozhhOlyq@ 00000001800cf224     NewtonClass.obj
 0003:00003228       __@@_PchSym_@00@UmvdglmPCAAUDworyUgllohUmvdglmUkilqvxgPehCAAIUcGEUksbhrxhUivovzhvPCAAJPwooUwtdliowOlyq@ 00000001800cf228     physics:dgWorld.obj
 0003:0000322c       __@@_PchSym_@00@UmvdglmPCAAUDworyUgllohUmvdglmUkilqvxgPehCAAIUcGEUxlivoryUivovzhvPCAAJPwooUwtgbkvhOlyq@ 00000001800cf22c     corelib:dgTypes.obj
 0003:00003230       ?m_edgeArray@dgCollisionSphere@@1PAVdgConvexSimplexEdge@@A 00000001800cf230     physics:dgCollisionSphere.obj
 0003:00003e30       ?m_edgeArray@dgCollisionCapsule@@0PAVdgConvexSimplexEdge@@A 00000001800cfe30     physics:dgCollisionCapsule.obj
 0003:000054b0       ?m_edgeArray@dgCollisionCone@@0PAVdgConvexSimplexEdge@@A 00000001800d14b0     physics:dgCollisionCone.obj
 0003:000058b0       ?m_edgeArray@dgCollisionCylinder@@0PAVdgConvexSimplexEdge@@A 00000001800d18b0     physics:dgCollisionCylinder.obj
 0003:00005eb0       ?m_edgeArray@dgCollisionChamferCylinder@@0PAVdgConvexSimplexEdge@@A 00000001800d1eb0     physics:dgCollisionChamferCylinder.obj
 0003:000070b0       ?m_negIndex@dgContactSolver@@2T__m128@@A 00000001800d30b0     physics:dgMinkowskiConv.obj
 0003:000070c0       ?m_zero@dgContactSolver@@2T__m128@@A 00000001800d30c0     physics:dgMinkowskiConv.obj
 0003:000070d0       ?m_index_yx@dgContactSolver@@2T__m128@@A 00000001800d30d0     physics:dgMinkowskiConv.obj
 0003:000070e0       ?m_index_wz@dgContactSolver@@2T__m128@@A 00000001800d30e0     physics:dgMinkowskiConv.obj
 0003:000070f0       ?m_zeroTolerenace@dgContactSolver@@2T__m128@@A 00000001800d30f0     physics:dgMinkowskiConv.obj
 0003:00007100       ?m_nrh0p5@dgContactSolver@@2T__m128@@A 00000001800d3100     physics:dgMinkowskiConv.obj
 0003:00007110       ?m_nrh3p0@dgContactSolver@@2T__m128@@A 00000001800d3110     physics:dgMinkowskiConv.obj
 0003:00007120       ?m_negativeOne@dgContactSolver@@2T__m128@@A 00000001800d3120     physics:dgMinkowskiConv.obj
 0003:00007130       ?m_shapeRefCount@dgCollisionSphere@@1HA 00000001800d3130     physics:dgCollisionSphere.obj
 0003:00007134       ?m_iniliazised@dgConvexCollision@@1HA 00000001800d3134     physics:dgConvexCollision.obj
 0003:00007138       ?m_shapeRefCount@dgCollisionCapsule@@0HA 00000001800d3138     physics:dgCollisionCapsule.obj
 0003:0000713c       ?m_shapeRefCount@dgCollisionCone@@0HA 00000001800d313c     physics:dgCollisionCone.obj
 0003:00007140       ?m_shapeRefCount@dgCollisionCylinder@@0HA 00000001800d3140     physics:dgCollisionCylinder.obj
 0003:00007144       ?m_shapeRefCount@dgCollisionChamferCylinder@@0HA 00000001800d3144     physics:dgCollisionChamferCylinder.obj
 0003:00007150       ?m_zero@dgConvexCollision@@1VdgVector@@A 00000001800d3150     physics:dgConvexCollision.obj
 0003:00007160       ?m_signMask@dgConvexCollision@@1VdgVector@@A 00000001800d3160     physics:dgConvexCollision.obj
 0003:00007170       ?m_triplexMask@dgConvexCollision@@1VdgVector@@A 00000001800d3170     physics:dgConvexCollision.obj
 0003:000071d0       ?m_unitSphere@dgCollisionSphere@@1PAVdgVector@@A 00000001800d31d0     physics:dgCollisionSphere.obj
 0003:000072f0       ?m_multiResDir@dgConvexCollision@@1PAVdgVector@@A 00000001800d32f0     physics:dgConvexCollision.obj
 0003:00007370       ?m_multiResDir_sse@dgConvexCollision@@1PAVdgVector@@A 00000001800d3370     physics:dgConvexCollision.obj
 0003:000073d0       ?m_shapesDirs@dgCollisionChamferCylinder@@0PAVdgVector@@A 00000001800d33d0     physics:dgCollisionChamferCylinder.obj
 0003:00007450       ?m_dir@dgContactSolver@@2PAVdgVector@@A 00000001800d3450     physics:dgMinkowskiConv.obj
 0003:000075b0       __fastflag                 00000001800d35b0     LIBCMT:_fpinit_.obj
 0003:000075b4       _outputformat              00000001800d35b4     LIBCMT:outputformat.obj
 0003:000075b8       _debugger_hook_dummy       00000001800d35b8     <common>
 0003:000075c0       __piob                     00000001800d35c0     <common>
 0003:000075e0       _bufin                     00000001800d35e0     <common>
 0003:000085e0       _nstream                   00000001800d45e0     <common>
 0003:000085e8       _pDestructExceptionObject  00000001800d45e8     <common>
 0003:000085f0       _nhandle                   00000001800d45f0     <common>
 0003:00008600       __pioinfo                  00000001800d4600     <common>
 0003:00008800       __env_initialized          00000001800d4800     <common>
 0003:00008808       __onexitend                00000001800d4808     <common>
 0003:00008810       __onexitbegin              00000001800d4810     <common>
 0003:00008818       __mbctype_initialized      00000001800d4818     <common>
 0003:00008820       __dyn_tls_init_callback    00000001800d4820     <common>
 0003:00008828       _acmdln                    00000001800d4828     <common>

 entry point at        0001:000a98ec

 Static symbols

 0001:0000df00       ?CompareIslands@@YAHQEBVdgIsland@@0PEAX@Z 000000018000ef00 f    CIL library: CIL module
 0001:000245c0       ?CompareContact@@YAHQEBVdgContactPoint@@0PEAX@Z 00000001800255c0 f    CIL library: CIL module
 0001:00089080       ?MatchTwins@InternalPolyhedra@@YA_NPEAVdgPolyhedra@@@Z 000000018008a080 f    CIL library: CIL module
 0001:00089180       ?CloseOpenBounds@InternalPolyhedra@@YAXPEAVdgPolyhedra@@@Z 000000018008a180 f    CIL library: CIL module
 0001:00089380       ?NormalizeVertex@InternalPolyhedra@@YAXHQEAVdgTriplex@@QEBMH@Z 000000018008a380 f    CIL library: CIL module
 0001:00089550       ?EdgePlane@InternalPolyhedra@@YA?AVdgBigPlane@@HHHQEBVdgTriplex@@@Z 000000018008a550 f    CIL library: CIL module
 0001:00089740       ?UnboundedLoopPlane@InternalPolyhedra@@YA?AVdgBigPlane@@HHHQEBVdgTriplex@@@Z 000000018008a740 f    CIL library: CIL module
 0001:00089990       ?CalculateAllMetrics@InternalPolyhedra@@YAXPEBVdgPolyhedra@@QEAUVERTEX_METRIC_STRUCT@1@QEBVdgTriplex@@@Z 000000018008a990 f    CIL library: CIL module
 0001:00089e20       ?BigFaceNormal@InternalPolyhedra@@YA?AVdgBigVector@@PEAVdgEdge@@QEBMH@Z 000000018008ae20 f    CIL library: CIL module
 0001:0008a030       ?EdgePenalty@InternalPolyhedra@@YAMAEBVdgPolyhedra@@QEBVdgTriplex@@PEAVdgEdge@@@Z 000000018008b030 f    CIL library: CIL module
 0001:0008a800       ?CalculateVertexMetrics@InternalPolyhedra@@YAXQEAUVERTEX_METRIC_STRUCT@1@QEBVdgTriplex@@PEAVdgEdge@@@Z 000000018008b800 f    CIL library: CIL module
 0001:0008aaf0       ?RefineTriangulation@InternalPolyhedra@@YAXAEAVdgPolyhedra@@QEBMHQEAVdgVector@@HQEAPEAVdgEdge@@@Z 000000018008baf0 f    CIL library: CIL module
 0001:0008b8f0       ?FindEarTip@InternalPolyhedra@@YAPEAVdgEdge@@AEBVdgPolyhedra@@QEAV2@QEBMHAEAV?$dgDownHeap@PEAVdgEdge@@M@@AEBVdgVector@@@Z 000000018008c8f0 f    CIL library: CIL module
 0001:0008bf70       ?IsEssensialPointDiagonal@InternalPolyhedra@@YA_NQEAVdgEdge@@AEBVdgBigVector@@QEBMH@Z 000000018008cf70 f    CIL library: CIL module
 0001:0008c220       ?MarkAdjacentCoplanarFaces@InternalPolyhedra@@YAXAEAVdgPolyhedra@@0QEAVdgEdge@@QEBMH@Z 000000018008d220 f    CIL library: CIL module
 0001:0008c920       ?RemoveColinearVertices@InternalPolyhedra@@YAXAEAVdgPolyhedra@@QEBMH@Z 000000018008d920 f    CIL library: CIL module
 0001:0008ce40       ?RefineTriangulation@InternalPolyhedra@@YAXAEAVdgPolyhedra@@QEBMH@Z 000000018008de40 f    CIL library: CIL module
 0001:0008cfe0       ?TriangulateFace@InternalPolyhedra@@YAPEAVdgEdge@@AEAVdgPolyhedra@@PEAV2@QEBMHAEAV?$dgDownHeap@PEAVdgEdge@@M@@QEAVdgVector@@@Z 000000018008dfe0 f    CIL library: CIL module
 0001:0008d320       ?OptimizeTriangulation@InternalPolyhedra@@YAXAEAVdgPolyhedra@@QEBMH@Z 000000018008e320 f    CIL library: CIL module
 0001:0008d6b0       ?ConvexPartition@InternalPolyhedra@@YA_NAEAVdgPolyhedra@@QEBMH@Z 000000018008e6b0 f    CIL library: CIL module
 0001:00092920       ?DetectSSE_3@@YA_NXZ       0000000180093920 f    CIL library: CIL module
 0001:00092920       ?DetectSSE@@YA_NXZ         0000000180093920 f    CIL library: CIL module
 0001:00092930       ?SortVertices@InternalGeoUtil@@YAHQEAMHHHHM@Z 0000000180093930 f    CIL library: CIL module
 0001:000933b0       ?QuickSortVertices@InternalGeoUtil@@YAHQEAMHHHHM@Z 00000001800943b0 f    CIL library: CIL module
 0001:000a0730       ??0dgSpliteInfo@?6??BuildTree@dgAABBTree@@QEAAPEAVdgConstructionTree@2@QEAVdgMemoryAllocator@@HHQEAV2@QEBVdgTriplex@@@Z@QEAA@1H2QEBV32@@Z 00000001800a1730 f    CIL library: CIL module
 0001:000a97d4       __DllMainCRTStartup        00000001800aa7d4 f   LIBCMT:dllcrt0.obj
 0001:000a9bb0       _callthreadstartex         00000001800aabb0 f   LIBCMT:threadex.obj
 0001:000a9bdc       _threadstartex             00000001800aabdc f   LIBCMT:threadex.obj
 0001:000a9f58       _initterm                  00000001800aaf58 f   LIBCMT:crt0dat.obj
 0001:000aa078       doexit                     00000001800ab078 f   LIBCMT:crt0dat.obj
 0001:000aaeec       parse_cmdline              00000001800abeec f   LIBCMT:stdargv.obj
 0001:000aba60       write_char                 00000001800aca60 f   LIBCMT:output.obj
 0001:000abaa8       write_multi_char           00000001800acaa8 f   LIBCMT:output.obj
 0001:000abafc       write_string               00000001800acafc f   LIBCMT:output.obj
 0001:000ad738       _updatetlocinfoEx_nolock   00000001800ae738 f   LIBCMT:setlocal.obj
 0001:000ad808       ?setSBCS@@YAXPEAUthreadmbcinfostruct@@@Z 00000001800ae808 f   LIBCMT:mbctype.obj
 0001:000ad89c       ?setSBUpLow@@YAXPEAUthreadmbcinfostruct@@@Z 00000001800ae89c f   LIBCMT:mbctype.obj
 0001:000adb3c       ?getSystemCP@@YAHH@Z       00000001800aeb3c f   LIBCMT:mbctype.obj
 0001:000ae1e8       ?x_ismbbtype_l@@YAHPEAUlocaleinfo_struct@@IHH@Z 00000001800af1e8 f   LIBCMT:ismbbyte.obj
 0001:000afd58       ?__crtGetStringTypeA_stat@@YAHPEAUlocaleinfo_struct@@KPEBDHPEAGHHH@Z 00000001800b0d58 f   LIBCMT:a_str.obj
 0001:000b0118       ?__crtLCMapStringA_stat@@YAHPEAUlocaleinfo_struct@@KKPEBDHPEADHHH@Z 00000001800b1118 f   LIBCMT:a_map.obj
 0001:000b0cf4       flsall                     00000001800b1cf4 f   LIBCMT:fflush.obj
 0001:000b0f40       ?strtoxl@@YAKPEAUlocaleinfo_struct@@PEBDPEAPEBDHH@Z 00000001800b1f40 f   LIBCMT:strtol.obj
 0001:000b2f68       __remainder_piby2f_inline  00000001800b3f68 f   LIBCMT:_sincosf_.obj
 0001:000b3da4       _cftoe2_l                  00000001800b4da4 f   LIBCMT:cvt.obj
 0001:000b4534       _cftof2_l                  00000001800b5534 f   LIBCMT:cvt.obj
 0001:000b4a54       _call_matherr              00000001800b5a54 f   LIBCMT:_libm_error_.obj
 0001:000b4abc       _exception_enabled         00000001800b5abc f   LIBCMT:_libm_error_.obj
 0001:000b4e28       splitexp                   00000001800b5e28 f   LIBCMT:_exp2_.obj
 0001:000b8570       __DllMainCRTStartup$filt$0 00000001800b9570 f   LIBCMT:dllcrt0.obj
 0001:000b858c       _onexit$fin$0              00000001800b958c f   LIBCMT:onexit.obj
 0001:000b85a0       _callthreadstartex$filt$0  00000001800b95a0 f   LIBCMT:threadex.obj
 0001:000b85bc       doexit$fin$0               00000001800b95bc f   LIBCMT:crt0dat.obj
 0001:000b85de       _freefls$fin$1             00000001800b95de f   LIBCMT:tidtable.obj
 0001:000b85de       _initptd$fin$1             00000001800b95de f   LIBCMT:tidtable.obj
 0001:000b85fe       _initptd$fin$0             00000001800b95fe f   LIBCMT:tidtable.obj
 0001:000b85fe       _freefls$fin$0             00000001800b95fe f   LIBCMT:tidtable.obj
 0001:000b8620       _IsNonwritableInCurrentImage$filt$0 00000001800b9620 f   LIBCMT:pesect.obj
 0001:000b8641       _mtinitlocknum$fin$0       00000001800b9641 f   LIBCMT:mlock.obj
 0001:000b865d       raise$fin$0                00000001800b965d f   LIBCMT:winsig.obj
 0001:000b8679       __crtInitCritSecAndSpinCount$filt$0 00000001800b9679 f   LIBCMT:initcrit.obj
 0001:000b869a       __updatetlocinfo$fin$0     00000001800b969a f   LIBCMT:setlocal.obj
 0001:000b86b3       __updatetmbcinfo$fin$0     00000001800b96b3 f   LIBCMT:mbctype.obj
 0001:000b86b3       _setmbcp$fin$0             00000001800b96b3 f   LIBCMT:mbctype.obj
 0001:000b86cc       _write$fin$0               00000001800b96cc f   LIBCMT:write.obj
 0001:000b86cc       _lseeki64$fin$0            00000001800b96cc f   LIBCMT:write.obj
 0001:000b86e3       __lock_fhandle$fin$0       00000001800b96e3 f   LIBCMT:osfinfo.obj
 0001:000b86fc       _fcloseall$fin$0           00000001800b96fc f   LIBCMT:closeall.obj
 0001:000b8715       flsall$fin$0               00000001800b9715 f   LIBCMT:fflush.obj
 0001:000b8745       flsall$fin$1               00000001800b9745 f   LIBCMT:fflush.obj
 0001:000b875e       fclose$fin$0               00000001800b975e f   LIBCMT:fclose.obj
 0001:000b8776       _commit$fin$0              00000001800b9776 f   LIBCMT:close.obj
 0001:000b8776       _close$fin$0               00000001800b9776 f   LIBCMT:close.obj
 0001:000b878d       _control87$filt$0          00000001800b978d f   LIBCMT:_ieee_.obj
 0001:000b878d       _ctrlfp$filt$0             00000001800b978d f   LIBCMT:_ieee_.obj
 0001:000b87c0       ??__E?m_globalAllocator@dgGlobalAllocator@@2V1@A@@YAXXZ 00000001800b97c0 f    CIL library: CIL module
 0001:000b8810       ??__EzeroMatrix@@YAXXZ     00000001800b9810 f    CIL library: CIL module
 0001:000b88a0       ??__EidentityMatrix@@YAXXZ 00000001800b98a0 f    CIL library: CIL module
 0001:000b8940       ??__EidentitySphere@@YAXXZ 00000001800b9940 f    CIL library: CIL module
 0001:000b89c0       ??__F?m_globalAllocator@dgGlobalAllocator@@2V1@A@@YAXXZ 00000001800b99c0 f    CIL library: CIL module
