 newton_d

 Timestamp is 4d42f08d (Fri Jan 28 08:36:29 2011)

 Preferred load address is 0000000180000000

 Start         Length     Name                   Class
 0001:00000000 001e7c45H .text                   CODE
 0001:001e7c50 00001026H .text$0                 CODE
 0001:001e8c80 00001104H .text$00                CODE
 0001:001e9d90 000022c7H .text$x                 CODE
 0001:001ec060 000016beH .text$yc                CODE
 0001:001ed720 0000101aH .text$yd                CODE
 0002:00000000 00000109H .CRT$XCA                DATA
 0002:00000110 000001c9H .CRT$XCU                DATA
 0002:000002e0 00000109H .CRT$XCZ                DATA
 0002:000003f0 00000109H .CRT$XIA                DATA
 0002:00000500 0000011cH .CRT$XIC                DATA
 0002:00000620 00000109H .CRT$XIZ                DATA
 0002:00000730 00000109H .CRT$XPA                DATA
 0002:00000840 00000113H .CRT$XPX                DATA
 0002:00000958 00000109H .CRT$XPXA               DATA
 0002:00000a68 00000109H .CRT$XPZ                DATA
 0002:00000b78 00000109H .CRT$XTA                DATA
 0002:00000c88 00000109H .CRT$XTZ                DATA
 0002:00000da0 00038828H .rdata                  DATA
 0002:000395c8 00000185H .rdata$debug            DATA
 0002:00039750 0000048bH .rdata$r                DATA
 0002:00039be0 00000109H .rtc$IAA                DATA
 0002:00039cf0 00000109H .rtc$IZZ                DATA
 0002:00039e00 00000109H .rtc$TAA                DATA
 0002:00039f10 00000109H .rtc$TZZ                DATA
 0002:0003a020 0000958eH .xdata                  DATA
 0002:000435b0 0000019eH .xdata$x                DATA
 0002:00043750 00003d6eH .edata                  DATA
 0003:00000000 00002c27H .data                   DATA
 0003:00002c40 00006c11H .bss                    DATA
 0004:00000000 0000a6a4H .pdata                  DATA
 0005:00000000 00000014H .idata$2                DATA
 0005:00000014 00000014H .idata$3                DATA
 0005:00000028 00000460H .idata$4                DATA
 0005:00000488 00000460H .idata$5                DATA
 0005:000008e8 000009a5H .idata$6                DATA
 0006:00000000 00000169H .rsrc$01                DATA
 0006:00000170 00000580H .rsrc$02                DATA

  Address         Publics by Value              Rva+Base               Lib:Object

 0000:00000000       ___safe_se_handler_count   0000000000000000     <absolute>
 0000:00000000       ___safe_se_handler_table   0000000000000000     <absolute>
 0000:00000000       __ImageBase                0000000180000000     <linker-defined>
 0001:00001680       ?TraceFuntionName@@YAXPEBD@Z 0000000180002680 f   Newton.obj
 0001:000016b0       DllMain                    00000001800026b0 f   Newton.obj
 0001:000016d0       NewtonGetMemoryUsed        00000001800026d0 f   Newton.obj
 0001:000016f0       NewtonSetMemorySystem      00000001800026f0 f   Newton.obj
 0001:00001760       NewtonCreate               0000000180002760 f   Newton.obj
 0001:000018b0       NewtonDestroy              00000001800028b0 f   Newton.obj
 0001:00001980       NewtonInvalidateCache      0000000180002980 f   Newton.obj
 0001:000019b0       NewtonSetPlatformArchitecture 00000001800029b0 f   Newton.obj
 0001:000019e0       NewtonGetPlatformArchitecture 00000001800029e0 f   Newton.obj
 0001:00001a20       NewtonWorldCriticalSectionLock 0000000180002a20 f   Newton.obj
 0001:00001a50       NewtonWorldCriticalSectionUnlock 0000000180002a50 f   Newton.obj
 0001:00001a80       NewtonSetThreadsCount      0000000180002a80 f   Newton.obj
 0001:00001ab0       NewtonGetThreadsCount      0000000180002ab0 f   Newton.obj
 0001:00001ae0       NewtonGetMaxThreadsCount   0000000180002ae0 f   Newton.obj
 0001:00001b10       NewtonSetMultiThreadSolverOnSingleIsland 0000000180002b10 f   Newton.obj
 0001:00001b40       NewtonGetMultiThreadSolverOnSingleIsland 0000000180002b40 f   Newton.obj
 0001:00001b70       NewtonSetSolverModel       0000000180002b70 f   Newton.obj
 0001:00001ba0       NewtonSetFrictionModel     0000000180002ba0 f   Newton.obj
 0001:00001bd0       NewtonSetPerformanceClock  0000000180002bd0 f   Newton.obj
 0001:00001c10       NewtonReadPerformanceTicks 0000000180002c10 f   Newton.obj
 0001:00001c40       NewtonReadThreadPerformanceTicks 0000000180002c40 f   Newton.obj
 0001:00001c70       NewtonUpdate               0000000180002c70 f   Newton.obj
 0001:00001d60       NewtonCollisionUpdate      0000000180002d60 f   Newton.obj
 0001:00001db0       NewtonSetMinimumFrameRate  0000000180002db0 f   Newton.obj
 0001:00001e10       NewtonDestroyAllBodies     0000000180002e10 f   Newton.obj
 0001:00001ea0       NewtonSetWorldSize         0000000180002ea0 f   Newton.obj
 0001:00001f60       NewtonSetIslandUpdateEvent 0000000180002f60 f   Newton.obj
 0001:00001fa0       NewtonSetCollisionDestructor 0000000180002fa0 f   Newton.obj
 0001:00001fe0       NewtonSetDestroyBodyByExeciveForce 0000000180002fe0 f   Newton.obj
 0001:00002020       NewtonSetBodyLeaveWorldEvent 0000000180003020 f   Newton.obj
 0001:00002060       NewtonWorldGetFirstBody    0000000180003060 f   Newton.obj
 0001:00002120       NewtonWorldGetNextBody     0000000180003120 f   Newton.obj
 0001:00002180       NewtonWorldForEachJointDo  0000000180003180 f   Newton.obj
 0001:000022b0       NewtonWorldForEachBodyInAABBDo 00000001800032b0 f   Newton.obj
 0001:00002380       NewtonWorldGetVersion      0000000180003380 f   Newton.obj
 0001:00002390       NewtonWorldFloatSize       0000000180003390 f   Newton.obj
 0001:000023a0       NewtonWorldSetUserData     00000001800033a0 f   Newton.obj
 0001:000023e0       NewtonWorldGetUserData     00000001800033e0 f   Newton.obj
 0001:00002410       NewtonWorldSetDestructorCallBack 0000000180003410 f   Newton.obj
 0001:00002450       NewtonWorldGetDestructorCallBack 0000000180003450 f   Newton.obj
 0001:00002480       NewtonWorldGetBodyCount    0000000180003480 f   Newton.obj
 0001:000024b0       NewtonWorldGetConstraintCount 00000001800034b0 f   Newton.obj
 0001:000024e0       NewtonWorldRayCast         00000001800034e0 f   Newton.obj
 0001:000025c0       NewtonWorldConvexCast      00000001800035c0 f   Newton.obj
 0001:000026a0       NewtonIslandGetBody        00000001800036a0 f   Newton.obj
 0001:000026e0       NewtonIslandGetBodyAABB    00000001800036e0 f   Newton.obj
 0001:00002740       NewtonMaterialGetDefaultGroupID 0000000180003740 f   Newton.obj
 0001:00002770       NewtonMaterialCreateGroupID 0000000180003770 f   Newton.obj
 0001:000027a0       NewtonMaterialDestroyAllGroupID 00000001800037a0 f   Newton.obj
 0001:000027d0       NewtonMaterialSetDefaultCollidable 00000001800037d0 f   Newton.obj
 0001:00002850       NewtonMaterialSetContinuousCollisionMode 0000000180003850 f   Newton.obj
 0001:000028d0       NewtonMaterialSetSurfaceThickness 00000001800038d0 f   Newton.obj
 0001:00002940       NewtonMaterialSetDefaultFriction 0000000180003940 f   Newton.obj
 0001:00002a90       NewtonMaterialSetDefaultElasticity 0000000180003a90 f   Newton.obj
 0001:00002b00       NewtonMaterialSetDefaultSoftness 0000000180003b00 f   Newton.obj
 0001:00002b70       NewtonMaterialSetCollisionCallback 0000000180003b70 f   Newton.obj
 0001:00002be0       ?NewtonMaterialSetCompondCollisionCallback@@YAXPEBUNewtonWorld@@HHP6AHPEBUNewtonMaterial@@PEBUNewtonBody@@2H@Z@Z 0000000180003be0 f   Newton.obj
 0001:00002c40       NewtonMaterialGetUserData  0000000180003c40 f   Newton.obj
 0001:00002c90       NewtonWorldGetFirstMaterial 0000000180003c90 f   Newton.obj
 0001:00002cc0       NewtonWorldGetNextMaterial 0000000180003cc0 f   Newton.obj
 0001:00002d00       NewtonMaterialGetMaterialPairUserData 0000000180003d00 f   Newton.obj
 0001:00002d30       NewtonMaterialGetContactFaceAttribute 0000000180003d30 f   Newton.obj
 0001:00002d60       NewtonMaterialGetContactNormalSpeed 0000000180003d60 f   Newton.obj
 0001:00002ef0       NewtonMaterialGetContactTangentSpeed 0000000180003ef0 f   Newton.obj
 0001:00003110       NewtonMaterialGetContactPositionAndNormal 0000000180004110 f   Newton.obj
 0001:000031b0       NewtonMaterialGetContactForce 00000001800041b0 f   Newton.obj
 0001:000032b0       NewtonMaterialGetContactTangentDirections 00000001800042b0 f   Newton.obj
 0001:00003350       NewtonMaterialGetBodyCollisionID 0000000180004350 f   Newton.obj
 0001:000033c0       NewtonMaterialSetContactSoftness 00000001800043c0 f   Newton.obj
 0001:00003410       NewtonMaterialSetContactElasticity 0000000180004410 f   Newton.obj
 0001:00003460       NewtonMaterialSetContactFrictionState 0000000180004460 f   Newton.obj
 0001:00003500       NewtonMaterialSetContactFrictionCoef 0000000180004500 f   Newton.obj
 0001:00003600       NewtonMaterialSetContactNormalAcceleration 0000000180004600 f   Newton.obj
 0001:00003650       NewtonMaterialSetContactTangentAcceleration 0000000180004650 f   Newton.obj
 0001:000036d0       NewtonMaterialSetContactNormalDirection 00000001800046d0 f   Newton.obj
 0001:00003840       NewtonMaterialContactRotateTangentDirections 0000000180004840 f   Newton.obj
 0001:00003990       NewtonCreateNull           0000000180004990 f   Newton.obj
 0001:000039c0       NewtonCreateBox            00000001800049c0 f   Newton.obj
 0001:00003aa0       NewtonCreateSphere         0000000180004aa0 f   Newton.obj
 0001:00003c30       NewtonCreateCone           0000000180004c30 f   Newton.obj
 0001:00003d00       NewtonCreateCapsule        0000000180004d00 f   Newton.obj
 0001:00003dd0       NewtonCreateCylinder       0000000180004dd0 f   Newton.obj
 0001:00003ea0       NewtonCreateChamferCylinder 0000000180004ea0 f   Newton.obj
 0001:00003f70       NewtonCreateConvexHull     0000000180004f70 f   Newton.obj
 0001:00004080       NewtonCreateConvexHullFromMesh 0000000180005080 f   Newton.obj
 0001:000040d0       NewtonCreateConvexHullModifier 00000001800050d0 f   Newton.obj
 0001:00004120       NewtonConvexHullModifierGetMatrix 0000000180005120 f   Newton.obj
 0001:000041a0       NewtonConvexHullModifierSetMatrix 00000001800051a0 f   Newton.obj
 0001:000041f0       NewtonCreateCompoundCollision 00000001800051f0 f   Newton.obj
 0001:00004250       NewtonCreateCompoundCollisionFromMesh 0000000180005250 f   Newton.obj
 0001:000042c0       NewtonCreateCompoundBreakable 00000001800052c0 f   Newton.obj
 0001:00004360       NewtonCompoundBreakableResetAnchoredPieces 0000000180005360 f   Newton.obj
 0001:000043b0       NewtonCompoundBreakableSetAnchoredPieces 00000001800053b0 f   Newton.obj
 0001:00004420       NewtonBreakableGetMainMesh 0000000180005420 f   Newton.obj
 0001:00004480       NewtonBreakableBeginDelete 0000000180005480 f   Newton.obj
 0001:000044d0       NewtonBreakableCreateDebrieBody 00000001800054d0 f   Newton.obj
 0001:00004540       NewtonBreakableDeleteComponent 0000000180005540 f   Newton.obj
 0001:000045a0       NewtonBreakableEndDelete   00000001800055a0 f   Newton.obj
 0001:000045f0       NewtonBreakableGetFirstComponent 00000001800055f0 f   Newton.obj
 0001:00004650       NewtonBreakableGetNextComponent 0000000180005650 f   Newton.obj
 0001:000046b0       NewtonCompoundBreakableGetVertexCount 00000001800056b0 f   Newton.obj
 0001:00004710       NewtonCompoundBreakableGetVertexStreams 0000000180005710 f   Newton.obj
 0001:000047a0       NewtonBreakableGetFirstSegment 00000001800057a0 f   Newton.obj
 0001:000047e0       NewtonBreakableGetNextSegment 00000001800057e0 f   Newton.obj
 0001:00004810       NewtonBreakableGetComponentsInRadius 0000000180005810 f   Newton.obj
 0001:000048d0       NewtonBreakableSegmentGetMaterial 00000001800058d0 f   Newton.obj
 0001:00004900       NewtonBreakableSegmentGetIndexCount 0000000180005900 f   Newton.obj
 0001:00004930       NewtonBreakableSegmentGetIndexStream 0000000180005930 f   Newton.obj
 0001:000049b0       NewtonBreakableSegmentGetIndexStreamShort 00000001800059b0 f   Newton.obj
 0001:00004a30       NewtonCollisionIsTriggerVolume 0000000180005a30 f   Newton.obj
 0001:00004a80       NewtonCollisionSetAsTriggerVolume 0000000180005a80 f   Newton.obj
 0001:00004ad0       NewtonCollisionSetMaxBreakImpactImpulse 0000000180005ad0 f   Newton.obj
 0001:00004b10       NewtonCollisionGetMaxBreakImpactImpulse 0000000180005b10 f   Newton.obj
 0001:00004b50       NewtonCollisionSetUserID   0000000180005b50 f   Newton.obj
 0001:00004b80       NewtonCollisionGetUserID   0000000180005b80 f   Newton.obj
 0001:00004bb0       NewtonConvexHullGetFaceIndices 0000000180005bb0 f   Newton.obj
 0001:00004c10       NewtonConvexCollisionCalculateVolume 0000000180005c10 f   Newton.obj
 0001:00004c40       NewtonConvexCollisionCalculateInertialMatrix 0000000180005c40 f   Newton.obj
 0001:00004d60       NewtonCreateUserMeshCollision 0000000180005d60 f   Newton.obj
 0001:00004ea0       NewtonCreateTreeCollision  0000000180005ea0 f   Newton.obj
 0001:00004ef0       NewtonStaticCollisionSetDebugCallback 0000000180005ef0 f   Newton.obj
 0001:00004f70       NewtonTreeCollisionSetUserRayCastCallback 0000000180005f70 f   Newton.obj
 0001:00004fc0       NewtonHeightFieldSetUserRayCastCallback 0000000180005fc0 f   Newton.obj
 0001:00005010       NewtonTreeCollisionBeginBuild 0000000180006010 f   Newton.obj
 0001:00005080       NewtonTreeCollisionAddFace 0000000180006080 f   Newton.obj
 0001:00005110       NewtonTreeCollisionEndBuild 0000000180006110 f   Newton.obj
 0001:00005190       NewtonTreeCollisionGetFaceAtribute 0000000180006190 f   Newton.obj
 0001:00005210       NewtonTreeCollisionSetFaceAtribute 0000000180006210 f   Newton.obj
 0001:000052a0       NewtonTreeCollisionGetVertexListIndexListInAABB 00000001800062a0 f   Newton.obj
 0001:00005410       NewtonCreateHeightFieldCollision 0000000180006410 f   Newton.obj
 0001:000054b0       NewtonCreateSceneCollision 00000001800064b0 f   Newton.obj
 0001:00005500       NewtonSceneCollisionCreateProxy 0000000180006500 f   Newton.obj
 0001:00005580       NewtonSceneCollisionDestroyProxy 0000000180006580 f   Newton.obj
 0001:00005600       NewtonSceneProxySetMatrix  0000000180006600 f   Newton.obj
 0001:00005660       NewtonSceneProxyGetMatrix  0000000180006660 f   Newton.obj
 0001:000056f0       NewtonSceneCollisionOptimize 00000001800066f0 f   Newton.obj
 0001:00005760       NewtonCollisionPointDistance 0000000180006760 f   Newton.obj
 0001:000057d0       NewtonCollisionClosestPoint 00000001800067d0 f   Newton.obj
 0001:00005860       NewtonCollisionCollide     0000000180006860 f   Newton.obj
 0001:00005900       NewtonCollisionCollideContinue 0000000180006900 f   Newton.obj
 0001:00005a00       NewtonCollisionSupportVertex 0000000180006a00 f   Newton.obj
 0001:00005b80       NewtonCollisionRayCast     0000000180006b80 f   Newton.obj
 0001:00005da0       NewtonCollisionCalculateAABB 0000000180006da0 f   Newton.obj
 0001:00005e80       NewtonCollisionForEachPolygonDo 0000000180006e80 f   Newton.obj
 0001:00005f10       NewtonCollisionMakeUnique  0000000180006f10 f   Newton.obj
 0001:00005f50       NewtonAddCollisionReference 0000000180006f50 f   Newton.obj
 0001:00005f90       NewtonReleaseCollision     0000000180006f90 f   Newton.obj
 0001:00005fd0       NewtonCollisionSerialize   0000000180006fd0 f   Newton.obj
 0001:00006020       NewtonCreateCollisionFromSerialization 0000000180007020 f   Newton.obj
 0001:00006060       NewtonCollisionGetInfo     0000000180007060 f   Newton.obj
 0001:000060a0       NewtonGetEulerAngle        00000001800070a0 f   Newton.obj
 0001:00006110       NewtonSetEulerAngle        0000000180007110 f   Newton.obj
 0001:000062c0       NewtonCalculateSpringDamperAcceleration 00000001800072c0 f   Newton.obj
 0001:000063c0       NewtonCreateBody           00000001800073c0 f   Newton.obj
 0001:00006470       NewtonDestroyBody          0000000180007470 f   Newton.obj
 0001:000064b0       NewtonBodySetUserData      00000001800074b0 f   Newton.obj
 0001:000064f0       NewtonBodyGetUserData      00000001800074f0 f   Newton.obj
 0001:00006520       NewtonBodyGetWorld         0000000180007520 f   Newton.obj
 0001:00006550       NewtonBodySetTransformCallback 0000000180007550 f   Newton.obj
 0001:00006590       NewtonBodyGetTransformCallback 0000000180007590 f   Newton.obj
 0001:000065c0       NewtonBodySetForceAndTorqueCallback 00000001800075c0 f   Newton.obj
 0001:00006600       NewtonBodyGetForceAndTorqueCallback 0000000180007600 f   Newton.obj
 0001:00006630       NewtonBodySetDestructorCallback 0000000180007630 f   Newton.obj
 0001:00006670       NewtonBodySetMassMatrix    0000000180007670 f   Newton.obj
 0001:00006810       NewtonBodyGetMassMatrix    0000000180007810 f   Newton.obj
 0001:00006900       NewtonBodyGetInvMass       0000000180007900 f   Newton.obj
 0001:000069f0       NewtonBodySetMatrix        00000001800079f0 f   Newton.obj
 0001:00006a80       NewtonBodySetMatrixRecursive 0000000180007a80 f   Newton.obj
 0001:00006b00       NewtonBodyGetMatrix        0000000180007b00 f   Newton.obj
 0001:00006b70       NewtonBodyGetRotation      0000000180007b70 f   Newton.obj
 0001:00006bd0       NewtonBodySetForce         0000000180007bd0 f   Newton.obj
 0001:00006c40       NewtonBodyAddForce         0000000180007c40 f   Newton.obj
 0001:00006cb0       NewtonBodyGetForceAcc      0000000180007cb0 f   Newton.obj
 0001:00006d30       NewtonBodyGetForce         0000000180007d30 f   Newton.obj
 0001:00006db0       NewtonBodyCalculateInverseDynamicsForce 0000000180007db0 f   Newton.obj
 0001:00006ea0       NewtonBodySetTorque        0000000180007ea0 f   Newton.obj
 0001:00006f10       NewtonBodyAddTorque        0000000180007f10 f   Newton.obj
 0001:00006f80       NewtonBodyGetTorque        0000000180007f80 f   Newton.obj
 0001:00007000       NewtonBodyGetTorqueAcc     0000000180008000 f   Newton.obj
 0001:00007080       NewtonBodySetCentreOfMass  0000000180008080 f   Newton.obj
 0001:000070f0       NewtonBodyGetCentreOfMass  00000001800080f0 f   Newton.obj
 0001:00007160       NewtonBodyGetFirstJoint    0000000180008160 f   Newton.obj
 0001:00007190       NewtonBodyGetNextJoint     0000000180008190 f   Newton.obj
 0001:000071d0       NewtonBodyGetFirstContactJoint 00000001800081d0 f   Newton.obj
 0001:00007200       NewtonBodyGetNextContactJoint 0000000180008200 f   Newton.obj
 0001:00007240       NewtonContactJointGetContactCount 0000000180008240 f   Newton.obj
 0001:000072a0       NewtonContactJointGetFirstContact 00000001800082a0 f   Newton.obj
 0001:00007300       NewtonContactJointGetNextContact 0000000180008300 f   Newton.obj
 0001:00007360       NewtonContactJointRemoveContact 0000000180008360 f   Newton.obj
 0001:000073d0       NewtonContactGetMaterial   00000001800083d0 f   Newton.obj
 0001:00007410       NewtonBodyAddBuoyancyForce 0000000180008410 f   Newton.obj
 0001:000074c0       NewtonBodySetCollision     00000001800084c0 f   Newton.obj
 0001:00007500       NewtonBodyGetCollision     0000000180008500 f   Newton.obj
 0001:00007530       NewtonBodySetMaterialGroupID 0000000180008530 f   Newton.obj
 0001:00007560       NewtonBodyGetMaterialGroupID 0000000180008560 f   Newton.obj
 0001:00007590       NewtonBodySetContinuousCollisionMode 0000000180008590 f   Newton.obj
 0001:000075e0       NewtonBodyGetContinuousCollisionMode 00000001800085e0 f   Newton.obj
 0001:00007630       NewtonBodySetJointRecursiveCollision 0000000180008630 f   Newton.obj
 0001:00007680       NewtonBodyGetJointRecursiveCollision 0000000180008680 f   Newton.obj
 0001:000076d0       NewtonBodyGetFreezeState   00000001800086d0 f   Newton.obj
 0001:00007720       NewtonBodySetFreezeState   0000000180008720 f   Newton.obj
 0001:00007770       NewtonBodySetAutoSleep     0000000180008770 f   Newton.obj
 0001:000077c0       NewtonBodyGetAutoSleep     00000001800087c0 f   Newton.obj
 0001:00007810       NewtonBodyGetSleepState    0000000180008810 f   Newton.obj
 0001:00007860       NewtonBodyGetAABB          0000000180008860 f   Newton.obj
 0001:00007910       NewtonBodySetVelocity      0000000180008910 f   Newton.obj
 0001:00007980       NewtonBodyGetVelocity      0000000180008980 f   Newton.obj
 0001:00007a00       NewtonBodySetOmega         0000000180008a00 f   Newton.obj
 0001:00007a70       NewtonBodyGetOmega         0000000180008a70 f   Newton.obj
 0001:00007af0       NewtonBodySetLinearDamping 0000000180008af0 f   Newton.obj
 0001:00007b30       NewtonBodyGetLinearDamping 0000000180008b30 f   Newton.obj
 0001:00007b60       NewtonBodySetAngularDamping 0000000180008b60 f   Newton.obj
 0001:00007bd0       NewtonBodyGetAngularDamping 0000000180008bd0 f   Newton.obj
 0001:00007c40       NewtonBodyAddImpulse       0000000180008c40 f   Newton.obj
 0001:00007cb0       NewtonConstraintCreateBall 0000000180008cb0 f   Newton.obj
 0001:00007d40       NewtonBallSetConeLimits    0000000180008d40 f   Newton.obj
 0001:00008130       NewtonBallSetUserCallback  0000000180009130 f   Newton.obj
 0001:00008170       NewtonBallGetJointAngle    0000000180009170 f   Newton.obj
 0001:000081e0       NewtonBallGetJointOmega    00000001800091e0 f   Newton.obj
 0001:00008250       NewtonBallGetJointForce    0000000180009250 f   Newton.obj
 0001:000082c0       NewtonConstraintCreateHinge 00000001800092c0 f   Newton.obj
 0001:000083a0       NewtonHingeSetUserCallback 00000001800093a0 f   Newton.obj
 0001:000083e0       NewtonHingeGetJointAngle   00000001800093e0 f   Newton.obj
 0001:00008410       NewtonHingeGetJointOmega   0000000180009410 f   Newton.obj
 0001:00008440       NewtonHingeCalculateStopAlpha 0000000180009440 f   Newton.obj
 0001:00008480       NewtonHingeGetJointForce   0000000180009480 f   Newton.obj
 0001:000084f0       NewtonConstraintCreateSlider 00000001800094f0 f   Newton.obj
 0001:000085d0       NewtonSliderSetUserCallback 00000001800095d0 f   Newton.obj
 0001:00008610       NewtonSliderGetJointPosit  0000000180009610 f   Newton.obj
 0001:00008640       NewtonSliderGetJointVeloc  0000000180009640 f   Newton.obj
 0001:00008670       NewtonSliderCalculateStopAccel 0000000180009670 f   Newton.obj
 0001:000086b0       NewtonSliderGetJointForce  00000001800096b0 f   Newton.obj
 0001:00008720       NewtonConstraintCreateCorkscrew 0000000180009720 f   Newton.obj
 0001:00008800       NewtonCorkscrewSetUserCallback 0000000180009800 f   Newton.obj
 0001:00008840       NewtonCorkscrewGetJointPosit 0000000180009840 f   Newton.obj
 0001:00008870       NewtonCorkscrewGetJointVeloc 0000000180009870 f   Newton.obj
 0001:000088a0       NewtonCorkscrewGetJointAngle 00000001800098a0 f   Newton.obj
 0001:000088d0       NewtonCorkscrewGetJointOmega 00000001800098d0 f   Newton.obj
 0001:00008900       NewtonCorkscrewCalculateStopAlpha 0000000180009900 f   Newton.obj
 0001:00008940       NewtonCorkscrewCalculateStopAccel 0000000180009940 f   Newton.obj
 0001:00008980       NewtonCorkscrewGetJointForce 0000000180009980 f   Newton.obj
 0001:000089f0       NewtonConstraintCreateUniversal 00000001800099f0 f   Newton.obj
 0001:00008b20       NewtonUniversalSetUserCallback 0000000180009b20 f   Newton.obj
 0001:00008b60       NewtonUniversalGetJointAngle0 0000000180009b60 f   Newton.obj
 0001:00008b90       NewtonUniversalGetJointAngle1 0000000180009b90 f   Newton.obj
 0001:00008bc0       NewtonUniversalGetJointOmega0 0000000180009bc0 f   Newton.obj
 0001:00008bf0       NewtonUniversalGetJointOmega1 0000000180009bf0 f   Newton.obj
 0001:00008c20       NewtonUniversalCalculateStopAlpha0 0000000180009c20 f   Newton.obj
 0001:00008c60       NewtonUniversalCalculateStopAlpha1 0000000180009c60 f   Newton.obj
 0001:00008ca0       NewtonUniversalGetJointForce 0000000180009ca0 f   Newton.obj
 0001:00008d10       NewtonConstraintCreateUpVector 0000000180009d10 f   Newton.obj
 0001:00008d90       NewtonUpVectorGetPin       0000000180009d90 f   Newton.obj
 0001:00008e00       NewtonUpVectorSetPin       0000000180009e00 f   Newton.obj
 0001:00008e70       NewtonConstraintCreateUserJoint 0000000180009e70 f   Newton.obj
 0001:00008f40       NewtonUserJointAddLinearRow 0000000180009f40 f   Newton.obj
 0001:000090e0       NewtonUserJointAddAngularRow 000000018000a0e0 f   Newton.obj
 0001:00009200       NewtonUserJointAddGeneralRow 000000018000a200 f   Newton.obj
 0001:00009240       NewtonUserJointSetRowMaximumFriction 000000018000a240 f   Newton.obj
 0001:00009280       NewtonUserJointSetRowMinimumFriction 000000018000a280 f   Newton.obj
 0001:000092c0       NewtonUserJointSetRowAcceleration 000000018000a2c0 f   Newton.obj
 0001:00009300       NewtonUserJointSetRowSpringDamperAcceleration 000000018000a300 f   Newton.obj
 0001:00009340       NewtonUserJointSetRowStiffness 000000018000a340 f   Newton.obj
 0001:00009380       NewtonUserJointGetRowForce 000000018000a380 f   Newton.obj
 0001:000093b0       NewtonUserJointSetFeedbackCollectorCallback 000000018000a3b0 f   Newton.obj
 0001:000093f0       NewtonJointSetUserData     000000018000a3f0 f   Newton.obj
 0001:00009430       NewtonJointGetUserData     000000018000a430 f   Newton.obj
 0001:00009460       NewtonJointGetInfo         000000018000a460 f   Newton.obj
 0001:000094a0       NewtonJointGetBody0        000000018000a4a0 f   Newton.obj
 0001:000094d0       NewtonJointGetBody1        000000018000a4d0 f   Newton.obj
 0001:00009540       NewtonJointSetCollisionState 000000018000a540 f   Newton.obj
 0001:00009590       NewtonJointGetCollisionState 000000018000a590 f   Newton.obj
 0001:000095e0       NewtonJointSetStiffness    000000018000a5e0 f   Newton.obj
 0001:00009620       NewtonJointGetStiffness    000000018000a620 f   Newton.obj
 0001:00009650       NewtonJointSetDestructor   000000018000a650 f   Newton.obj
 0001:00009690       NewtonDestroyJoint         000000018000a690 f   Newton.obj
 0001:000096d0       NewtonMeshCreate           000000018000a6d0 f   Newton.obj
 0001:00009750       NewtonMeshCreateFromMesh   000000018000a750 f   Newton.obj
 0001:000097d0       NewtonMeshCreateFromCollision 000000018000a7d0 f   Newton.obj
 0001:00009840       NewtonMeshConvexHull       000000018000a840 f   Newton.obj
 0001:000098f0       NewtonMeshCreatePlane      000000018000a8f0 f   Newton.obj
 0001:000099c0       NewtonMeshDestroy          000000018000a9c0 f   Newton.obj
 0001:00009a20       NewtonMeshCalculateOOBB    000000018000aa20 f   Newton.obj
 0001:00009ad0       NewtonMeshCalculateVertexNormals 000000018000aad0 f   Newton.obj
 0001:00009b10       NewtonMeshApplySphericalMapping 000000018000ab10 f   Newton.obj
 0001:00009b40       NewtonMeshApplyBoxMapping  000000018000ab40 f   Newton.obj
 0001:00009b90       NewtonMeshApplyCylindricalMapping 000000018000ab90 f   Newton.obj
 0001:00009bd0       NewtonMeshTriangulate      000000018000abd0 f   Newton.obj
 0001:00009bf0       NewtonMeshPolygonize       000000018000abf0 f   Newton.obj
 0001:00009c10       NewtonMeshIsOpenMesh       000000018000ac10 f   Newton.obj
 0001:00009c50       NewtonMeshFixTJoints       000000018000ac50 f   Newton.obj
 0001:00009c70       NewtonMeshClip             000000018000ac70 f   Newton.obj
 0001:00009ce0       NewtonMeshUnion            000000018000ace0 f   Newton.obj
 0001:00009d20       NewtonMeshDifference       000000018000ad20 f   Newton.obj
 0001:00009d60       NewtonMeshIntersection     000000018000ad60 f   Newton.obj
 0001:00009da0       NewtonRemoveUnusedVertices 000000018000ada0 f   Newton.obj
 0001:00009dd0       NewtonMeshBeginFace        000000018000add0 f   Newton.obj
 0001:00009e00       NewtonMeshAddFace          000000018000ae00 f   Newton.obj
 0001:00009e50       NewtonMeshEndFace          000000018000ae50 f   Newton.obj
 0001:00009e80       NewtonMeshBuildFromVertexListIndexList 000000018000ae80 f   Newton.obj
 0001:00009f70       NewtonMeshGetVertexCount   000000018000af70 f   Newton.obj
 0001:00009fa0       NewtonMeshGetVertexStrideInByte 000000018000afa0 f   Newton.obj
 0001:00009fd0       NewtonMeshGetVertexArray   000000018000afd0 f   Newton.obj
 0001:0000a000       NewtonMeshGetPointCount    000000018000b000 f   Newton.obj
 0001:0000a030       NewtonMeshGetPointStrideInByte 000000018000b030 f   Newton.obj
 0001:0000a060       NewtonMeshGetPointArray    000000018000b060 f   Newton.obj
 0001:0000a090       NewtonMeshGetNormalArray   000000018000b090 f   Newton.obj
 0001:0000a0c0       NewtonMeshGetUV0Array      000000018000b0c0 f   Newton.obj
 0001:0000a0f0       NewtonMeshGetUV1Array      000000018000b0f0 f   Newton.obj
 0001:0000a120       NewtonMeshGetVertexStreams 000000018000b120 f   Newton.obj
 0001:0000a1b0       NewtonMeshGetIndirectVertexStreams 000000018000b1b0 f   Newton.obj
 0001:0000a2c0       NewtonMeshBeginHandle      000000018000b2c0 f   Newton.obj
 0001:0000a2f0       NewtonMeshEndHandle        000000018000b2f0 f   Newton.obj
 0001:0000a330       NewtonMeshFirstMaterial    000000018000b330 f   Newton.obj
 0001:0000a370       NewtonMeshNextMaterial     000000018000b370 f   Newton.obj
 0001:0000a3b0       NewtonMeshMaterialGetMaterial 000000018000b3b0 f   Newton.obj
 0001:0000a3f0       NewtonMeshMaterialGetIndexCount 000000018000b3f0 f   Newton.obj
 0001:0000a430       NewtonMeshMaterialGetIndexStream 000000018000b430 f   Newton.obj
 0001:0000a480       NewtonMeshMaterialGetIndexStreamShort 000000018000b480 f   Newton.obj
 0001:0000a4d0       NewtonMeshCreateFirstSingleSegment 000000018000b4d0 f   Newton.obj
 0001:0000a5a0       NewtonMeshCreateNextSingleSegment 000000018000b5a0 f   Newton.obj
 0001:0000a6d0       NewtonMeshGetTotalFaceCount 000000018000b6d0 f   Newton.obj
 0001:0000a6f0       NewtonMeshGetTotalIndexCount 000000018000b6f0 f   Newton.obj
 0001:0000a710       NewtonMeshGetFaces         000000018000b710 f   Newton.obj
 0001:0000a750       NewtonMeshGetFirstVertex   000000018000b750 f   Newton.obj
 0001:0000a770       NewtonMeshGetNextVertex    000000018000b770 f   Newton.obj
 0001:0000a7a0       NewtonMeshGetVertexIndex   000000018000b7a0 f   Newton.obj
 0001:0000a7d0       NewtonMeshGetFirstPoint    000000018000b7d0 f   Newton.obj
 0001:0000a7f0       NewtonMeshGetNextPoint     000000018000b7f0 f   Newton.obj
 0001:0000a820       NewtonMeshGetPointIndex    000000018000b820 f   Newton.obj
 0001:0000a850       NewtonMeshGetVertexIndexFromPoint 000000018000b850 f   Newton.obj
 0001:0000a880       NewtonMeshGetFirstEdge     000000018000b880 f   Newton.obj
 0001:0000a8a0       NewtonMeshGetNextEdge      000000018000b8a0 f   Newton.obj
 0001:0000a8d0       NewtonMeshGetEdgeIndices   000000018000b8d0 f   Newton.obj
 0001:0000a910       NewtonMeshGetFirstFace     000000018000b910 f   Newton.obj
 0001:0000a930       NewtonMeshGetNextFace      000000018000b930 f   Newton.obj
 0001:0000a960       NewtonMeshIsFaceOpen       000000018000b960 f   Newton.obj
 0001:0000a990       NewtonMeshGetFaceIndexCount 000000018000b990 f   Newton.obj
 0001:0000a9c0       NewtonMeshGetFaceMaterial  000000018000b9c0 f   Newton.obj
 0001:0000a9f0       NewtonMeshGetFaceIndices   000000018000b9f0 f   Newton.obj
 0001:0000aa30       NewtonMeshGetFacePointIndices 000000018000ba30 f   Newton.obj
 0001:0000cf60       ??2Newton@@SAPEAX_KQEAVdgMemoryAllocator@@@Z 000000018000df60 f i Newton.obj
 0001:0000cf90       ??_GNewton@@QEAAPEAXI@Z    000000018000df90 f i Newton.obj
 0001:0000cfe0       ??3Newton@@SAXPEAX@Z       000000018000dfe0 f i Newton.obj
 0001:0000d000       ??_GdgMemoryAllocator@@QEAAPEAXI@Z 000000018000e000 f i Newton.obj
 0001:0000d050       ?ceil@@YAMM@Z              000000018000e050 f i Newton.obj
 0001:0000d070       ?fabs@@YAMM@Z              000000018000e070 f i Newton.obj
 0001:0000d090       fabsf                      000000018000e090 f i Newton.obj
 0001:0000d0c0       ?sqrt@@YAMM@Z              000000018000e0c0 f i Newton.obj
 0001:0000d0e0       ??0dgVector@@QEAA@XZ       000000018000e0e0 f i Newton.obj
 0001:0000d110       ??0dgVector@@QEAA@AEBV?$dgTemplateVector@M@@@Z 000000018000e110 f i Newton.obj
 0001:0000d230       ??0dgVector@@QEAA@MMMM@Z   000000018000e230 f i Newton.obj
 0001:0000d370       ??0dgContactPoint@@QEAA@XZ 000000018000e370 f i Newton.obj
 0001:0000d3b0       ??0dgMatrix@@QEAA@AEBVdgVector@@@Z 000000018000e3b0 f i Newton.obj
 0001:0000d950       ??AdgMatrix@@QEAAAEAVdgVector@@H@Z 000000018000e950 f i Newton.obj
 0001:0000da00       ?RotateVector@dgMatrix@@QEBA?AVdgVector@@AEBV2@@Z 000000018000ea00 f i Newton.obj
 0001:0000db40       ?UnrotateVector@dgMatrix@@QEBA?AVdgVector@@AEBV2@@Z 000000018000eb40 f i Newton.obj
 0001:0000dc00       ?TransformVector@dgMatrix@@QEBA?AVdgVector@@AEBV2@@Z 000000018000ec00 f i Newton.obj
 0001:0000dd70       ?UntransformVector@dgMatrix@@QEBA?AVdgVector@@AEBV2@@Z 000000018000ed70 f i Newton.obj
 0001:0000dde0       ?dgPitchMatrix@@YA?AVdgMatrix@@M@Z 000000018000ede0 f i Newton.obj
 0001:0000df30       ?cos@@YAMM@Z               000000018000ef30 f i Newton.obj
 0001:0000df50       ?sin@@YAMM@Z               000000018000ef50 f i Newton.obj
 0001:0000df70       ??0dgMatrix@@QEAA@AEBVdgVector@@000@Z 000000018000ef70 f i Newton.obj
 0001:0000e050       ?dgYawMatrix@@YA?AVdgMatrix@@M@Z 000000018000f050 f i Newton.obj
 0001:0000e1a0       ?dgRollMatrix@@YA?AVdgMatrix@@M@Z 000000018000f1a0 f i Newton.obj
 0001:0000e2f0       ??0dgVector@@QEAA@PEBM@Z   000000018000f2f0 f i Newton.obj
 0001:0000e400       ?GetTagId@dgPolygonSoupDatabase@@QEBAIPEBH@Z 000000018000f400 f i Newton.obj
 0001:0000e420       ?SetTagId@dgPolygonSoupDatabase@@QEBAXPEBHI@Z 000000018000f420 f i Newton.obj
 0001:0000e460       ?GetBody@dgBodyMasterListRow@@QEBAPEAVdgBody@@XZ 000000018000f460 f i Newton.obj
 0001:0000e480       ?BeginConectedSurface@dgPolyhedra@@QEBAXXZ 000000018000f480 f i Newton.obj
 0001:0000e4b0       ?IncLRU@dgPolyhedra@@QEBAHXZ 000000018000f4b0 f i Newton.obj
 0001:0000e530       ?SetAutoSleep@dgBody@@QEAAX_N@Z 000000018000f530 f i Newton.obj
 0001:0000e5b0       ?GetAutoSleep@dgBody@@QEBA_NXZ 000000018000f5b0 f i Newton.obj
 0001:0000e5d0       ?GetSleepState@dgBody@@QEBA_NXZ 000000018000f5d0 f i Newton.obj
 0001:0000e5f0       ?EndConectedSurface@dgPolyhedra@@QEBAXXZ 000000018000f5f0 f i Newton.obj
 0001:0000e600       ?GetCollisionWithLinkedBodies@dgBody@@QEBA_NXZ 000000018000f600 f i Newton.obj
 0001:0000e620       ?SetCollisionWithLinkedBodies@dgBody@@QEAAX_N@Z 000000018000f620 f i Newton.obj
 0001:0000e660       ?SetUserData@dgBody@@QEAAXQEAX@Z 000000018000f660 f i Newton.obj
 0001:0000e690       ?GetUserData@dgBody@@QEBAPEAXXZ 000000018000f690 f i Newton.obj
 0001:0000e6b0       ?GetWorld@dgBody@@QEBAPEAVdgWorld@@XZ 000000018000f6b0 f i Newton.obj
 0001:0000e6d0       ?GetGroupID@dgBody@@QEBAIXZ 000000018000f6d0 f i Newton.obj
 0001:0000e6f0       ?SetGroupID@dgBody@@QEAAXI@Z 000000018000f6f0 f i Newton.obj
 0001:0000e710       ?SetDestructorCallback@dgBody@@QEAAXP6AXAEAV1@@Z@Z 000000018000f710 f i Newton.obj
 0001:0000e740       ?SetExtForceAndTorqueCallback@dgBody@@QEAAXP6AXAEAV1@MH@Z@Z 000000018000f740 f i Newton.obj
 0001:0000e770       ?GetExtForceAndTorqueCallback@dgBody@@QEBAP6AXAEAV1@MH@ZXZ 000000018000f770 f i Newton.obj
 0001:0000e790       ?SetMatrixUpdateCallback@dgBody@@QEAAXP6AXAEBV1@AEBVdgMatrix@@H@Z@Z 000000018000f790 f i Newton.obj
 0001:0000e7c0       ?GetMatrixUpdateCallback@dgBody@@QEAAP6AXAEBV1@AEBVdgMatrix@@H@ZXZ 000000018000f7c0 f i Newton.obj
 0001:0000e7e0       ?SetOmega@dgBody@@QEAAXAEBVdgVector@@@Z 000000018000f7e0 f i Newton.obj
 0001:0000e830       ?SetVelocity@dgBody@@QEAAXAEBVdgVector@@@Z 000000018000f830 f i Newton.obj
 0001:0000e880       ?SetCentreOfMass@dgBody@@QEAAXAEBVdgVector@@@Z 000000018000f880 f i Newton.obj
 0001:0000e960       ?AddForce@dgBody@@QEAAXAEBVdgVector@@@Z 000000018000f960 f i Newton.obj
 0001:0000e9c0       ?AddTorque@dgBody@@QEAAXAEBVdgVector@@@Z 000000018000f9c0 f i Newton.obj
 0001:0000ea20       ?GetAparentMass@dgBody@@QEBAAEBVdgVector@@XZ 000000018000fa20 f i Newton.obj
 0001:0000ea40       ?GetOmega@dgBody@@QEBAAEBVdgVector@@XZ 000000018000fa40 f i Newton.obj
 0001:0000ea60       ?GetVelocity@dgBody@@QEBAAEBVdgVector@@XZ 000000018000fa60 f i Newton.obj
 0001:0000ea80       ??2?$dgTree@VdgEdge@@_J@@SAPEAX_KQEAVdgMemoryAllocator@@@Z 000000018000fa80 f i Newton.obj
 0001:0000eab0       ?GetForce@dgBody@@QEBAAEBVdgVector@@XZ 000000018000fab0 f i Newton.obj
 0001:0000ead0       ?GetInfo@dgListNode@?$dgList@V?$dgGraphNode@VdgDebriNodeInfo@dgCollisionCompoundBreakable@@VdgSharedNodeMesh@2@@@@@QEAAAEAV?$dgGraphNode@VdgDebriNodeInfo@dgCollisionCompoundBreakable@@VdgSharedNodeMesh@2@@@XZ 000000018000fad0 f i Newton.obj
 0001:0000eae0       ?GetTorque@dgBody@@QEBAAEBVdgVector@@XZ 000000018000fae0 f i Newton.obj
 0001:0000eb00       ?GetInfo@dgListNode@?$dgList@VdgBodyMasterListRow@@@@QEAAAEAVdgBodyMasterListRow@@XZ 000000018000fb00 f i Newton.obj
 0001:0000eb10       ?GetNetForce@dgBody@@QEBAAEBVdgVector@@XZ 000000018000fb10 f i Newton.obj
 0001:0000eb30       ?GetNext@dgListNode@?$dgList@VdgBodyMasterListRow@@@@QEBAPEAV12@XZ 000000018000fb30 f i Newton.obj
 0001:0000eb50       ?GetNetTorque@dgBody@@QEBAAEBVdgVector@@XZ 000000018000fb50 f i Newton.obj
 0001:0000eb70       ?GetInfo@dgListNode@?$dgList@VdgBodyMasterListCell@@@@QEAAAEAVdgBodyMasterListCell@@XZ 000000018000fb70 f i Newton.obj
 0001:0000eb80       ?GetCollision@dgBody@@QEBAPEAVdgCollision@@XZ 000000018000fb80 f i Newton.obj
 0001:0000eba0       ?GetNext@dgListNode@?$dgList@VdgBodyMasterListCell@@@@QEBAPEAV12@XZ 000000018000fba0 f i Newton.obj
 0001:0000ebc0       ?GetPosition@dgBody@@QEBAAEBVdgVector@@XZ 000000018000fbc0 f i Newton.obj
 0001:0000ebe0       ?GetInfo@dgListNode@?$dgList@VdgSubMesh@dgCollisionCompoundBreakable@@@@QEAAAEAVdgSubMesh@dgCollisionCompoundBreakable@@XZ 000000018000fbe0 f i Newton.obj
 0001:0000ebf0       ?GetRotation@dgBody@@QEBAAEBVdgQuaternion@@XZ 000000018000fbf0 f i Newton.obj
 0001:0000ec10       ?GetNext@dgListNode@?$dgList@VdgSubMesh@dgCollisionCompoundBreakable@@@@QEBAPEAV12@XZ 000000018000fc10 f i Newton.obj
 0001:0000ec30       ?GetMatrix@dgBody@@QEBAAEBVdgMatrix@@XZ 000000018000fc30 f i Newton.obj
 0001:0000ec40       ?GetInfo@dgListNode@?$dgList@UdgProxy@dgCollisionScene@@@@QEAAAEAUdgProxy@dgCollisionScene@@XZ 000000018000fc40 f i Newton.obj
 0001:0000ec50       ?GetCentreOfMass@dgBody@@QEBA?AVdgVector@@XZ 000000018000fc50 f i Newton.obj
 0001:0000ecb0       ?GetInfo@dgListNode@?$dgList@VdgContactMaterial@@@@QEAAAEAVdgContactMaterial@@XZ 000000018000fcb0 f i Newton.obj
 0001:0000ecc0       ?GetNext@dgListNode@?$dgList@VdgContactMaterial@@@@QEBAPEAV12@XZ 000000018000fcc0 f i Newton.obj
 0001:0000ece0       ?GetAABB@dgBody@@QEBAXAEAVdgVector@@0@Z 000000018000fce0 f i Newton.obj
 0001:0000eda0       ?GetFirst@?$dgList@VdgBodyMasterListCell@@@@QEBAPEAVdgListNode@1@XZ 000000018000fda0 f i Newton.obj
 0001:0000edc0       ?GetFirst@?$dgList@VdgBodyMasterListRow@@@@QEBAPEAVdgListNode@1@XZ 000000018000fdc0 f i Newton.obj
 0001:0000ede0       ??0?$dgTree@PEAVdgConstraint@@PEAV1@@@QEAA@QEAVdgMemoryAllocator@@@Z 000000018000fde0 f i Newton.obj
 0001:0000ee30       ??1?$dgTree@PEAVdgConstraint@@PEAV1@@@QEAA@XZ 000000018000fe30 f i Newton.obj
 0001:0000ee50       ?Find@?$dgTree@PEAVdgConstraint@@PEAV1@@@QEBAPEAVdgTreeNode@1@PEAVdgConstraint@@@Z 000000018000fe50 f i Newton.obj
 0001:0000f020       ?SetContinuesCollisionMode@dgBody@@QEAAX_N@Z 0000000180010020 f i Newton.obj
 0001:0000f060       ?GetContinuesCollisionMode@dgBody@@QEBA_NXZ 0000000180010060 f i Newton.obj
 0001:0000f080       ?Insert@?$dgTree@PEAVdgConstraint@@PEAV1@@@QEAAPEAVdgTreeNode@1@AEBQEAVdgConstraint@@PEAV3@@Z 0000000180010080 f i Newton.obj
 0001:0000f0e0       ?GetLinearDamping@dgBody@@QEBAMXZ 00000001800100e0 f i Newton.obj
 0001:0000f110       ?GetFirst@?$dgList@VdgSubMesh@dgCollisionCompoundBreakable@@@@QEBAPEAVdgListNode@1@XZ 0000000180010110 f i Newton.obj
 0001:0000f130       ?GetAngularDamping@dgBody@@QEBA?AVdgVector@@XZ 0000000180010130 f i Newton.obj
 0001:0000f1e0       ?GetCount@?$dgList@VdgContactMaterial@@@@QEBAHXZ 00000001800101e0 f i Newton.obj
 0001:0000f1f0       ?GetFirst@?$dgList@VdgContactMaterial@@@@QEBAPEAVdgListNode@1@XZ 00000001800101f0 f i Newton.obj
 0001:0000f210       ?Remove@?$dgList@VdgContactMaterial@@@@QEAAXQEAVdgListNode@1@@Z 0000000180010210 f i Newton.obj
 0001:0000f290       ?SetLinearDamping@dgBody@@QEAAXM@Z 0000000180010290 f i Newton.obj
 0001:0000f300       ?GetAllocator@?$dgTree@VdgEdge@@_J@@QEBAPEAVdgMemoryAllocator@@XZ 0000000180010300 f i Newton.obj
 0001:0000f320       ?SetAngularDamping@dgBody@@QEAAXAEBVdgVector@@@Z 0000000180010320 f i Newton.obj
 0001:0000f430       ??_GdgListNode@?$dgList@VdgContactMaterial@@@@AEAAPEAXI@Z 0000000180010430 f i Newton.obj
 0001:0000f480       ??3dgListNode@?$dgList@VdgContactMaterial@@@@CAXPEAX@Z 0000000180010480 f i Newton.obj
 0001:0000f4a0       ??1dgListNode@?$dgList@VdgContactMaterial@@@@AEAA@XZ 00000001800104a0 f i Newton.obj
 0001:0000f4b0       ?GetLeft@dgTreeNode@?$dgTree@PEAVdgConstraint@@PEAV1@@@AEBAPEAV12@XZ 00000001800104b0 f i Newton.obj
 0001:0000f4d0       ?GetRight@dgTreeNode@?$dgTree@PEAVdgConstraint@@PEAV1@@@AEBAPEAV12@XZ 00000001800104d0 f i Newton.obj
 0001:0000f4f0       ?Insert@?$dgTree@PEAVdgConstraint@@PEAV1@@@QEAAPEAVdgTreeNode@1@AEBQEAVdgConstraint@@PEAV3@AEA_N@Z 00000001800104f0 f i Newton.obj
 0001:0000f860       ??2dgRedBackNode@@SAPEAX_KQEAVdgMemoryAllocator@@@Z 0000000180010860 f i Newton.obj
 0001:0000f890       ?SetForce@dgBody@@QEAAXAEBVdgVector@@@Z 0000000180010890 f i Newton.obj
 0001:0000f9f0       ?SetTorque@dgBody@@QEAAXAEBVdgVector@@@Z 00000001800109f0 f i Newton.obj
 0001:0000fb50       ?RemoveAll@?$dgTree@PEAVdgConstraint@@PEAV1@@@QEAAXXZ 0000000180010b50 f i Newton.obj
 0001:0000fba0       ?CompareKeys@?$dgTree@PEAVdgConstraint@@PEAV1@@@AEBAHAEBQEAVdgConstraint@@0@Z 0000000180010ba0 f i Newton.obj
 0001:0000fc00       ?GetMasterList@dgBody@@QEBAPEAVdgListNode@?$dgList@VdgBodyMasterListRow@@@@XZ 0000000180010c00 f i Newton.obj
 0001:0000fc20       ?GetFreeze@dgBody@@QEBA_NXZ 0000000180010c20 f i Newton.obj
 0001:0000fc40       ?Unlink@?$dgList@VdgContactMaterial@@@@QEAAXQEAVdgListNode@1@@Z 0000000180010c40 f i Newton.obj
 0001:0000fd70       ?Unlink@dgListNode@?$dgList@VdgContactMaterial@@@@AEAAXXZ 0000000180010d70 f i Newton.obj
 0001:0000fe20       ?GetPrev@dgListNode@?$dgList@VdgContactMaterial@@@@QEBAPEAV12@XZ 0000000180010e20 f i Newton.obj
 0001:0000fe40       ??0dgTreeNode@?$dgTree@PEAVdgConstraint@@PEAV1@@@AEAA@AEBQEAVdgConstraint@@0PEAV01@@Z 0000000180010e40 f i Newton.obj
 0001:0000ff00       ??0dgRedBackNode@@QEAA@QEAV0@@Z 0000000180010f00 f i Newton.obj
 0001:0000ff30       ?Initdata@dgRedBackNode@@QEAAXQEAV1@@Z 0000000180010f30 f i Newton.obj
 0001:0000ffa0       ?SetColor@dgRedBackNode@@QEAAXW4REDBLACK_COLOR@1@@Z 0000000180010fa0 f i Newton.obj
 0001:0000ffd0       ?SetInTreeFlag@dgRedBackNode@@QEAAXI@Z 0000000180010fd0 f i Newton.obj
 0001:00010010       ??2dgConstraint@@SAPEAX_KQEAVdgMemoryAllocator@@@Z 0000000180011010 f i Newton.obj
 0001:00010040       ?IsCollidable@dgConstraint@@QEBA_NXZ 0000000180011040 f i Newton.obj
 0001:00010080       ?SetCollidable@dgConstraint@@QEAAX_N@Z 0000000180011080 f i Newton.obj
 0001:000100c0       ?GetId@dgConstraint@@QEBAIXZ 00000001800110c0 f i Newton.obj
 0001:000100e0       ?GetBody0@dgConstraint@@QEBAPEAVdgBody@@XZ 00000001800110e0 f i Newton.obj
 0001:00010100       ?GetBody1@dgConstraint@@QEBAPEAVdgBody@@XZ 0000000180011100 f i Newton.obj
 0001:00010120       ?SetCollisionCallback@dgContactMaterial@@QEAAXP6A_NAEBV1@AEBVdgBody@@1H@ZP6AXAEAVdgContact@@MH@Z@Z 0000000180011120 f i Newton.obj
 0001:00010160       ?SetCompoundCollisionCallback@dgContactMaterial@@QEAAXP6A_NAEBV1@AEBVdgBody@@1H@Z@Z 0000000180011160 f i Newton.obj
 0001:00010190       ?GetUserData@dgContactMaterial@@QEBAPEAXXZ 0000000180011190 f i Newton.obj
 0001:000101b0       ?SetUserData@dgContactMaterial@@QEAAXQEAX@Z 00000001800111b0 f i Newton.obj
 0001:000101e0       ?IsType@dgCollision@@QEBAHW4RTTI@1@@Z 00000001800111e0 f i Newton.obj
 0001:00010200       ?GetOffsetMatrix@dgCollision@@QEBAAEBVdgMatrix@@XZ 0000000180011200 f i Newton.obj
 0001:00010220       ?SetUserDataID@dgCollision@@QEBAIXZ 0000000180011220 f i Newton.obj
 0001:00010240       ?SetUserDataID@dgCollision@@QEAAXI@Z 0000000180011240 f i Newton.obj
 0001:00010260       ?AddRef@dgCollision@@QEAAPEAV1@XZ 0000000180011260 f i Newton.obj
 0001:00010290       ?GetRefCount@dgCollision@@QEBAHXZ 0000000180011290 f i Newton.obj
 0001:000102b0       ?GetAllocator@dgCollision@@QEBAPEAVdgMemoryAllocator@@XZ 00000001800112b0 f i Newton.obj
 0001:000102d0       ?dgGetUserLock@dgWorld@@QEBAXXZ 00000001800112d0 f i Newton.obj
 0001:00010310       ?dgReleasedUserLock@dgWorld@@QEBAXXZ 0000000180011310 f i Newton.obj
 0001:00010350       ?GetAllocator@dgWorld@@QEBAPEAVdgMemoryAllocator@@XZ 0000000180011350 f i Newton.obj
 0001:00010370       ?GetVertexStrideInByte@dgMeshEffect@@QEBAHXZ 0000000180011370 f i Newton.obj
 0001:00010380       ?GetVertexPool@dgMeshEffect@@QEBAPEAMXZ 0000000180011380 f i Newton.obj
 0001:000103a0       ?GetPropertiesStrideInByte@dgMeshEffect@@QEBAHXZ 00000001800113a0 f i Newton.obj
 0001:000103b0       ?GetAttributePool@dgMeshEffect@@QEBAPEAMXZ 00000001800113b0 f i Newton.obj
 0001:000103d0       ?GetNormalPool@dgMeshEffect@@QEBAPEAMXZ 00000001800113d0 f i Newton.obj
 0001:000103f0       ?GetUV0Pool@dgMeshEffect@@QEBAPEAMXZ 00000001800113f0 f i Newton.obj
 0001:00010410       ?GetUV1Pool@dgMeshEffect@@QEBAPEAMXZ 0000000180011410 f i Newton.obj
 0001:00010430       ?GetVertexCount@dgMeshEffect@@QEBAHXZ 0000000180011430 f i Newton.obj
 0001:00010450       ?GetPropertiesCount@dgMeshEffect@@QEBAHXZ 0000000180011450 f i Newton.obj
 0001:00010470       ?GetMaterialID@dgMeshEffect@@QEAAHPEAUdgIndexArray@1@H@Z 0000000180011470 f i Newton.obj
 0001:000104a0       ?GetMaterialIndexCount@dgMeshEffect@@QEAAHPEAUdgIndexArray@1@H@Z 00000001800114a0 f i Newton.obj
 0001:000104d0       ?GetMainMesh@dgCollisionCompoundBreakable@@QEBAPEAVdgListNode@?$dgList@V?$dgGraphNode@VdgDebriNodeInfo@dgCollisionCompoundBreakable@@VdgSharedNodeMesh@2@@@@@XZ 00000001800114d0 f i Newton.obj
 0001:00010500       ?GetFirstComponentMesh@dgCollisionCompoundBreakable@@QEBAPEAVdgListNode@?$dgList@V?$dgGraphNode@VdgDebriNodeInfo@dgCollisionCompoundBreakable@@VdgSharedNodeMesh@2@@@@@XZ 0000000180011500 f i Newton.obj
 0001:00010570       ?GetVertecCount@dgCollisionCompoundBreakable@@QEBAHXZ 0000000180011570 f i Newton.obj
 0001:00010590       ?GetVertexStreams@dgCollisionCompoundBreakable@@QEBAXHPEAMH0H0@Z 0000000180011590 f i Newton.obj
 0001:00010600       ?GetNext@dgListNode@?$dgList@V?$dgGraphNode@VdgDebriNodeInfo@dgCollisionCompoundBreakable@@VdgSharedNodeMesh@2@@@@@QEBAPEAV12@XZ 0000000180011600 f i Newton.obj
 0001:00010620       ??0?$dgTemplateVector@M@@QEAA@MMMM@Z 0000000180011620 f i Newton.obj
 0001:000106a0       ??0?$dgTemplateVector@M@@QEAA@PEBM@Z 00000001800116a0 f i Newton.obj
 0001:00010710       ??0?$dgTemplateVector@M@@QEAA@XZ 0000000180011710 f i Newton.obj
 0001:00010720       ?Scale@?$dgTemplateVector@M@@QEBA?AV1@M@Z 0000000180011720 f i Newton.obj
 0001:000107a0       ??A?$dgTemplateVector@M@@QEAAAEAMH@Z 00000001800117a0 f i Newton.obj
 0001:00010850       ??H?$dgTemplateVector@M@@QEBA?AV0@AEBV0@@Z 0000000180011850 f i Newton.obj
 0001:000108e0       ??G?$dgTemplateVector@M@@QEBA?AV0@AEBV0@@Z 00000001800118e0 f i Newton.obj
 0001:00010970       ??L?$dgTemplateVector@M@@QEBAMAEBV0@@Z 0000000180011970 f i Newton.obj
 0001:000109d0       ??D?$dgTemplateVector@M@@QEBA?AV0@AEBV0@@Z 00000001800119d0 f i Newton.obj
 0001:00010ac0       ??$ClampValue@M@@YAMMMM@Z  0000000180011ac0 f i Newton.obj
 0001:00010b20       ??$GetMin@M@@YAMMM@Z       0000000180011b20 f i Newton.obj
 0001:00010b60       ??$GetMax@M@@YAMMM@Z       0000000180011b60 f i Newton.obj
 0001:00010ba0       ?GetCount@?$dgList@V?$dgGraphNode@VdgDebriNodeInfo@dgCollisionCompoundBreakable@@VdgSharedNodeMesh@2@@@@@QEBAHXZ 0000000180011ba0 f i Newton.obj
 0001:00010bb0       ?GetLast@?$dgList@V?$dgGraphNode@VdgDebriNodeInfo@dgCollisionCompoundBreakable@@VdgSharedNodeMesh@2@@@@@QEBAPEAVdgListNode@1@XZ 0000000180011bb0 f i Newton.obj
 0001:00010bd0       ?GetFirst@?$dgList@V?$dgGraphNode@VdgDebriNodeInfo@dgCollisionCompoundBreakable@@VdgSharedNodeMesh@2@@@@@QEBAPEAVdgListNode@1@XZ 0000000180011bd0 f i Newton.obj
 0001:00010bf0       ??0NewtonDeadBodies@@QEAA@QEAVdgMemoryAllocator@@@Z 0000000180011bf0 f   NewtonClass.obj
 0001:00010c40       ?DestroyBodies@NewtonDeadBodies@@QEAAXAEAVNewton@@@Z 0000000180011c40 f   NewtonClass.obj
 0001:00010ce0       ??0NewtonDeadJoints@@QEAA@QEAVdgMemoryAllocator@@@Z 0000000180011ce0 f   NewtonClass.obj
 0001:00010d30       ?DestroyJoints@NewtonDeadJoints@@QEAAXAEAVNewton@@@Z 0000000180011d30 f   NewtonClass.obj
 0001:00010dd0       ?DefaultAllocMemory@Newton@@SAPEAXH@Z 0000000180011dd0 f   NewtonClass.obj
 0001:00010df0       ?DefaultFreeMemory@Newton@@SAXPEAXH@Z 0000000180011df0 f   NewtonClass.obj
 0001:00010e20       ??0Newton@@QEAA@MQEAVdgMemoryAllocator@@@Z 0000000180011e20 f   NewtonClass.obj
 0001:00010ec0       ??1Newton@@QEAA@XZ         0000000180011ec0 f   NewtonClass.obj
 0001:00010f20       ?UpdatePhysics@Newton@@QEAAXM@Z 0000000180011f20 f   NewtonClass.obj
 0001:00010fe0       ?DestroyJoint@Newton@@QEAAXPEAVdgConstraint@@@Z 0000000180011fe0 f   NewtonClass.obj
 0001:00011060       ?DestroyBody@Newton@@QEAAXPEAVdgBody@@@Z 0000000180012060 f   NewtonClass.obj
 0001:000110e0       ??0NewtonUserJoint@@QEAA@PEAVdgWorld@@HP6AXPEBUNewtonJoint@@MH@ZP6AX1PEAUNewtonJointRecord@@@ZPEAVdgBody@@5@Z 00000001800120e0 f   NewtonClass.obj
 0001:000112b0       ??1NewtonUserJoint@@UEAA@XZ 00000001800122b0 f   NewtonClass.obj
 0001:00011330       ?JacobianDerivative@NewtonUserJoint@@UEAAIAEAVdgContraintDescritor@@@Z 0000000180012330 f   NewtonClass.obj
 0001:000113a0       ?AddLinearRowJacobian@NewtonUserJoint@@QEAAXAEBVdgVector@@00@Z 00000001800123a0 f   NewtonClass.obj
 0001:00011560       ?AddAngularRowJacobian@NewtonUserJoint@@QEAAXAEBVdgVector@@M@Z 0000000180012560 f   NewtonClass.obj
 0001:00011710       ?AddGeneralRowJacobian@NewtonUserJoint@@QEAAXPEBM0@Z 0000000180012710 f   NewtonClass.obj
 0001:000118a0       ?SetAcceleration@NewtonUserJoint@@QEAAXM@Z 00000001800128a0 f   NewtonClass.obj
 0001:00011910       ?SetSpringDamperAcceleration@NewtonUserJoint@@QEAAXMM@Z 0000000180012910 f   NewtonClass.obj
 0001:00011a20       ?SetHighFriction@NewtonUserJoint@@QEAAXM@Z 0000000180012a20 f   NewtonClass.obj
 0001:00011ac0       ?SetLowerFriction@NewtonUserJoint@@QEAAXM@Z 0000000180012ac0 f   NewtonClass.obj
 0001:00011b60       ?SetRowStiffness@NewtonUserJoint@@QEAAXM@Z 0000000180012b60 f   NewtonClass.obj
 0001:00011c10       ?GetRowForce@NewtonUserJoint@@QEBAMH@Z 0000000180012c10 f   NewtonClass.obj
 0001:00011c70       ?GetInfo@NewtonUserJoint@@UEBAXQEAVdgConstraintInfo@@@Z 0000000180012c70 f   NewtonClass.obj
 0001:00011cd0       ?SetUpdateFeedbackFunction@NewtonUserJoint@@QEAAXP6AXPEBUNewtonJoint@@MH@Z@Z 0000000180012cd0 f   NewtonClass.obj
 0001:00012140       ??1NewtonDeadBodies@@QEAA@XZ 0000000180013140 f i NewtonClass.obj
 0001:00012160       ??1NewtonDeadJoints@@QEAA@XZ 0000000180013160 f i NewtonClass.obj
 0001:00012180       ??_ENewtonUserJoint@@UEAAPEAXI@Z 0000000180013180 f i NewtonClass.obj
 0001:00012180       ??_GNewtonUserJoint@@UEAAPEAXI@Z 0000000180013180 f i NewtonClass.obj
 0001:000121d0       ??0dgPointParam@dgConstraint@@QEAA@XZ 00000001800131d0 f i NewtonClass.obj
 0001:00012270       ??0Iterator@?$dgTree@PEAVdgBody@@PEAX@@QEAA@AEBV1@@Z 0000000180013270 f i NewtonClass.obj
 0001:000122b0       ??1Iterator@?$dgTree@PEAVdgBody@@PEAX@@QEAA@XZ 00000001800132b0 f i NewtonClass.obj
 0001:000122c0       ?Begin@Iterator@?$dgTree@PEAVdgBody@@PEAX@@QEAAXXZ 00000001800132c0 f i NewtonClass.obj
 0001:000122f0       ??BIterator@?$dgTree@PEAVdgBody@@PEAX@@QEBAHXZ 00000001800132f0 f i NewtonClass.obj
 0001:00012330       ??EIterator@?$dgTree@PEAVdgBody@@PEAX@@QEAAXH@Z 0000000180013330 f i NewtonClass.obj
 0001:000123b0       ?GetNode@Iterator@?$dgTree@PEAVdgBody@@PEAX@@QEBAPEAVdgTreeNode@2@XZ 00000001800133b0 f i NewtonClass.obj
 0001:000123d0       ?GetInfo@dgTreeNode@?$dgTree@PEAVdgBody@@PEAX@@QEAAAEAPEAVdgBody@@XZ 00000001800133d0 f i NewtonClass.obj
 0001:000123f0       ??0Iterator@?$dgTree@PEAVdgConstraint@@PEAX@@QEAA@AEBV1@@Z 00000001800133f0 f i NewtonClass.obj
 0001:00012430       ??1Iterator@?$dgTree@PEAVdgConstraint@@PEAX@@QEAA@XZ 0000000180013430 f i NewtonClass.obj
 0001:00012440       ?Begin@Iterator@?$dgTree@PEAVdgConstraint@@PEAX@@QEAAXXZ 0000000180013440 f i NewtonClass.obj
 0001:00012470       ??BIterator@?$dgTree@PEAVdgConstraint@@PEAX@@QEBAHXZ 0000000180013470 f i NewtonClass.obj
 0001:000124b0       ??EIterator@?$dgTree@PEAVdgConstraint@@PEAX@@QEAAXH@Z 00000001800134b0 f i NewtonClass.obj
 0001:00012530       ?GetNode@Iterator@?$dgTree@PEAVdgConstraint@@PEAX@@QEBAPEAVdgTreeNode@2@XZ 0000000180013530 f i NewtonClass.obj
 0001:00012550       ?GetInfo@dgTreeNode@?$dgTree@PEAVdgConstraint@@PEAX@@QEAAAEAPEAVdgConstraint@@XZ 0000000180013550 f i NewtonClass.obj
 0001:00012570       ??0?$dgTree@PEAVdgBody@@PEAX@@QEAA@QEAVdgMemoryAllocator@@@Z 0000000180013570 f i NewtonClass.obj
 0001:000125c0       ??1?$dgTree@PEAVdgBody@@PEAX@@QEAA@XZ 00000001800135c0 f i NewtonClass.obj
 0001:000125e0       ?Minimum@?$dgTree@PEAVdgBody@@PEAX@@QEBAPEAVdgTreeNode@1@XZ 00000001800135e0 f i NewtonClass.obj
 0001:00012630       ?Insert@?$dgTree@PEAVdgBody@@PEAX@@QEAAPEAVdgTreeNode@1@AEBQEAVdgBody@@PEAX@Z 0000000180013630 f i NewtonClass.obj
 0001:00012690       ?Remove@?$dgTree@PEAVdgBody@@PEAX@@QEAAXQEAVdgTreeNode@1@@Z 0000000180013690 f i NewtonClass.obj
 0001:000126f0       ??0?$dgTree@PEAVdgConstraint@@PEAX@@QEAA@QEAVdgMemoryAllocator@@@Z 00000001800136f0 f i NewtonClass.obj
 0001:00012740       ??1?$dgTree@PEAVdgConstraint@@PEAX@@QEAA@XZ 0000000180013740 f i NewtonClass.obj
 0001:00012760       ?Minimum@?$dgTree@PEAVdgConstraint@@PEAX@@QEBAPEAVdgTreeNode@1@XZ 0000000180013760 f i NewtonClass.obj
 0001:000127b0       ?Insert@?$dgTree@PEAVdgConstraint@@PEAX@@QEAAPEAVdgTreeNode@1@AEBQEAVdgConstraint@@PEAX@Z 00000001800137b0 f i NewtonClass.obj
 0001:00012810       ?Remove@?$dgTree@PEAVdgConstraint@@PEAX@@QEAAXQEAVdgTreeNode@1@@Z 0000000180013810 f i NewtonClass.obj
 0001:00012870       ?Insert@?$dgTree@PEAVdgBody@@PEAX@@QEAAPEAVdgTreeNode@1@AEBQEAVdgBody@@PEAXAEA_N@Z 0000000180013870 f i NewtonClass.obj
 0001:00012be0       ?RemoveAll@?$dgTree@PEAVdgBody@@PEAX@@QEAAXXZ 0000000180013be0 f i NewtonClass.obj
 0001:00012c30       ?Insert@?$dgTree@PEAVdgConstraint@@PEAX@@QEAAPEAVdgTreeNode@1@AEBQEAVdgConstraint@@PEAXAEA_N@Z 0000000180013c30 f i NewtonClass.obj
 0001:00012fa0       ?RemoveAll@?$dgTree@PEAVdgConstraint@@PEAX@@QEAAXXZ 0000000180013fa0 f i NewtonClass.obj
 0001:00012ff0       ??0dgTreeNode@?$dgTree@PEAVdgBody@@PEAX@@AEAA@AEBQEAVdgBody@@AEBQEAXPEAV01@@Z 0000000180013ff0 f i NewtonClass.obj
 0001:000130b0       ?GetLeft@dgTreeNode@?$dgTree@PEAVdgBody@@PEAX@@AEBAPEAV12@XZ 00000001800140b0 f i NewtonClass.obj
 0001:000130d0       ?GetRight@dgTreeNode@?$dgTree@PEAVdgBody@@PEAX@@AEBAPEAV12@XZ 00000001800140d0 f i NewtonClass.obj
 0001:000130f0       ??0dgTreeNode@?$dgTree@PEAVdgConstraint@@PEAX@@AEAA@AEBQEAVdgConstraint@@AEBQEAXPEAV01@@Z 00000001800140f0 f i NewtonClass.obj
 0001:000131b0       ?GetLeft@dgTreeNode@?$dgTree@PEAVdgConstraint@@PEAX@@AEBAPEAV12@XZ 00000001800141b0 f i NewtonClass.obj
 0001:000131d0       ?GetRight@dgTreeNode@?$dgTree@PEAVdgConstraint@@PEAX@@AEBAPEAV12@XZ 00000001800141d0 f i NewtonClass.obj
 0001:000131f0       ?CompareKeys@?$dgTree@PEAVdgBody@@PEAX@@AEBAHAEBQEAX0@Z 00000001800141f0 f i NewtonClass.obj
 0001:00013250       ?CompareKeys@?$dgTree@PEAVdgConstraint@@PEAX@@AEBAHAEBQEAX0@Z 0000000180014250 f i NewtonClass.obj
 0001:000132b0       ??3dgConstraint@@SAXPEAX@Z 00000001800142b0 f i NewtonClass.obj
 0001:000132d0       ?SetUpdateFeedbackFunction@dgConstraint@@IEAAXP6AXAEBV1@MH@Z@Z 00000001800142d0 f i NewtonClass.obj
 0001:000132f0       ??_H@YAXPEAX_KHP6APEAX0@Z@Z 00000001800142f0 f i NewtonClass.obj
 0001:00013350       ?Init@dgBilateralConstraint@@MEAAXXZ 0000000180014350 f i NewtonClass.obj
 0001:000133b0       ?Remove@dgBilateralConstraint@@MEAAXPEAVdgWorld@@@Z 00000001800143b0 f i NewtonClass.obj
 0001:00013410       ??0dgWorld@@QEAA@QEAVdgMemoryAllocator@@@Z 0000000180014410 f   physics:dgWorld.obj
 0001:00013b60       ??1dgWorld@@QEAA@XZ        0000000180014b60 f   physics:dgWorld.obj
 0001:00013d50       ?GetPerformanceCount@dgWorld@@CAIXZ 0000000180014d50 f   physics:dgWorld.obj
 0001:00013d60       ?AddSentinelBody@dgWorld@@AEAAXXZ 0000000180014d60 f   physics:dgWorld.obj
 0001:00013e20       ?GetSentinelBody@dgWorld@@QEBAPEAVdgBody@@XZ 0000000180014e20 f   physics:dgWorld.obj
 0001:00013e40       ?SetSolverMode@dgWorld@@QEAAXH@Z 0000000180014e40 f   physics:dgWorld.obj
 0001:00013e80       ?SetFrictionMode@dgWorld@@QEAAXH@Z 0000000180014e80 f   physics:dgWorld.obj
 0001:00013ea0       ?SetHardwareMode@dgWorld@@QEAAXH@Z 0000000180014ea0 f   physics:dgWorld.obj
 0001:00013ef0       ?GetHardwareMode@dgWorld@@QEAAHPEAD@Z 0000000180014ef0 f   physics:dgWorld.obj
 0001:00013f60       ?SetThreadsCount@dgWorld@@QEAAXH@Z 0000000180014f60 f   physics:dgWorld.obj
 0001:00013fb0       ?GetThreadsCount@dgWorld@@QEBAHXZ 0000000180014fb0 f   physics:dgWorld.obj
 0001:00013fd0       ?GetMaxThreadsCount@dgWorld@@QEBAHXZ 0000000180014fd0 f   physics:dgWorld.obj
 0001:00013ff0       ?EnableThreadOnSingleIsland@dgWorld@@QEAAXH@Z 0000000180014ff0 f   physics:dgWorld.obj
 0001:00014030       ?GetThreadOnSingleIsland@dgWorld@@QEBAHXZ 0000000180015030 f   physics:dgWorld.obj
 0001:00014070       ?SetFrictionThreshold@dgWorld@@QEAAXM@Z 0000000180015070 f   physics:dgWorld.obj
 0001:000140b0       ?RemoveAllGroupID@dgWorld@@QEAAXXZ 00000001800150b0 f   physics:dgWorld.obj
 0001:00014130       ?DestroyAllBodies@dgWorld@@QEAAXXZ 0000000180015130 f   physics:dgWorld.obj
 0001:00014290       ?CreateBody@dgWorld@@QEAAPEAVdgBody@@QEAVdgCollision@@AEBVdgMatrix@@@Z 0000000180015290 f   physics:dgWorld.obj
 0001:00014620       ?DestroyBody@dgWorld@@QEAAXQEAVdgBody@@@Z 0000000180015620 f   physics:dgWorld.obj
 0001:00014710       ?DestroyConstraint@dgWorld@@QEAAXPEAVdgConstraint@@@Z 0000000180015710 f   physics:dgWorld.obj
 0001:00014780       ?UpdateCollision@dgWorld@@QEAAXXZ 0000000180015780 f   physics:dgWorld.obj
 0001:00014920       ?Update@dgWorld@@QEAAXM@Z  0000000180015920 f   physics:dgWorld.obj
 0001:00014b70       ?GetPerformaceFuntion@dgWorld@@QEBAP6AIXZXZ 0000000180015b70 f   physics:dgWorld.obj
 0001:00014b90       ?SetPerfomanceCounter@dgWorld@@QEAAXP6AIXZ@Z 0000000180015b90 f   physics:dgWorld.obj
 0001:00014c00       ?GetPerfomanceTicks@dgWorld@@QEBAII@Z 0000000180015c00 f   physics:dgWorld.obj
 0001:00014c40       ?GetThreadPerfomanceTicks@dgWorld@@QEBAII@Z 0000000180015c40 f   physics:dgWorld.obj
 0001:00014c70       ?SetUserData@dgWorld@@QEAAXQEAX@Z 0000000180015c70 f   physics:dgWorld.obj
 0001:00014ca0       ?GetUserData@dgWorld@@QEBAPEAXXZ 0000000180015ca0 f   physics:dgWorld.obj
 0001:00014cc0       ?SetIslandUpdateCallback@dgWorld@@QEAAXP6AIQEBV1@PEAXH@Z@Z 0000000180015cc0 f   physics:dgWorld.obj
 0001:00014cf0       ?SetDestroyCollisionCallback@dgWorld@@QEAAXP6AXQEBV1@PEAVdgCollision@@@Z@Z 0000000180015cf0 f   physics:dgWorld.obj
 0001:00014d20       ?SetLeavingWorldCallback@dgWorld@@QEAAXP6AXPEAVdgBody@@H@Z@Z 0000000180015d20 f   physics:dgWorld.obj
 0001:00014d50       ?SetBodyDestructionByExeciveForce@dgWorld@@QEAAXP6AXQEBVdgBody@@PEBVdgContact@@@Z@Z 0000000180015d50 f   physics:dgWorld.obj
 0001:00014d80       ?CreateBallConstraint@dgWorld@@QEAAPEAVdgBallConstraint@@AEBVdgVector@@QEAVdgBody@@PEAV4@@Z 0000000180015d80 f   physics:dgWorld.obj
 0001:00014e90       ?CreateHingeConstraint@dgWorld@@QEAAPEAVdgHingeConstraint@@AEBVdgVector@@0QEAVdgBody@@PEAV4@@Z 0000000180015e90 f   physics:dgWorld.obj
 0001:00014fb0       ?CreateUpVectorConstraint@dgWorld@@QEAAPEAVdgUpVectorConstraint@@AEBVdgVector@@PEAVdgBody@@@Z 0000000180015fb0 f   physics:dgWorld.obj
 0001:00015080       ?CreateSlidingConstraint@dgWorld@@QEAAPEAVdgSlidingConstraint@@AEBVdgVector@@0QEAVdgBody@@PEAV4@@Z 0000000180016080 f   physics:dgWorld.obj
 0001:000151a0       ?CreateCorkscrewConstraint@dgWorld@@QEAAPEAVdgCorkscrewConstraint@@AEBVdgVector@@0QEAVdgBody@@PEAV4@@Z 00000001800161a0 f   physics:dgWorld.obj
 0001:000152c0       ?CreateUniversalConstraint@dgWorld@@QEAAPEAVdgUniversalConstraint@@AEBVdgVector@@00QEAVdgBody@@PEAV4@@Z 00000001800162c0 f   physics:dgWorld.obj
 0001:000153e0       ?GetBodiesCount@dgWorld@@QEBAHXZ 00000001800163e0 f   physics:dgWorld.obj
 0001:00015410       ?GetConstraintsCount@dgWorld@@QEBAHXZ 0000000180016410 f   physics:dgWorld.obj
 0001:00015440       ?BodySetMatrix@dgWorld@@QEAAXPEAVdgBody@@AEBVdgMatrix@@@Z 0000000180016440 f   physics:dgWorld.obj
 0001:000157c0       ?AddBodyImpulse@dgWorld@@QEAAXPEAVdgBody@@AEBVdgVector@@1@Z 00000001800167c0 f   physics:dgWorld.obj
 0001:00015810       ?AreBodyConnectedByJoints@dgWorld@@AEAA_NQEAVdgBody@@0@Z 0000000180016810 f   physics:dgWorld.obj
 0001:00015a60       ?FlushCache@dgWorld@@QEAAXXZ 0000000180016a60 f   physics:dgWorld.obj
 0001:00015b00       ??0dgActiveContacts@@QEAA@QEAVdgMemoryAllocator@@@Z 0000000180016b00 f i physics:dgWorld.obj
 0001:00015b30       ??2dgCollision@@SAPEAX_KQEAVdgMemoryAllocator@@@Z 0000000180016b30 f i physics:dgWorld.obj
 0001:00015b60       ??0dgBodyCollisionList@@QEAA@QEAVdgMemoryAllocator@@@Z 0000000180016b60 f i physics:dgWorld.obj
 0001:00015b90       ??0dgBodyMaterialList@@QEAA@QEAVdgMemoryAllocator@@@Z 0000000180016b90 f i physics:dgWorld.obj
 0001:00015bc0       ??0dgDetroyBodyByForce@dgWorld@@QEAA@XZ 0000000180016bc0 f i physics:dgWorld.obj
 0001:00015be0       ??0dgCollisionPoint@@QEAA@QEAVdgMemoryAllocator@@@Z 0000000180016be0 f i physics:dgWorld.obj
 0001:00015c30       ?ModifierGetMatrix@dgCollision@@UEBA?AVdgMatrix@@XZ 0000000180016c30 f i physics:dgWorld.obj
 0001:00015c80       ?ModifierSetMatrix@dgCollision@@UEAAXAEBVdgMatrix@@@Z 0000000180016c80 f i physics:dgWorld.obj
 0001:00015c90       ?Release@dgCollision@@UEAAHXZ 0000000180016c90 f i physics:dgWorld.obj
 0001:00015d10       ?SetBreakImpulse@dgCollision@@UEAAXM@Z 0000000180016d10 f i physics:dgWorld.obj
 0001:00015d20       ?GetBreakImpulse@dgCollision@@UEBAMXZ 0000000180016d20 f i physics:dgWorld.obj
 0001:00015d30       ??_EdgCollisionPoint@@UEAAPEAXI@Z 0000000180016d30 f i physics:dgWorld.obj
 0001:00015d30       ??_GdgCollisionPoint@@UEAAPEAXI@Z 0000000180016d30 f i physics:dgWorld.obj
 0001:00015d70       ??3dgCollision@@SAXPEAX@Z  0000000180016d70 f i physics:dgWorld.obj
 0001:00015d90       ??1dgCollisionPoint@@UEAA@XZ 0000000180016d90 f i physics:dgWorld.obj
 0001:00015db0       ??_I@YAXPEAX_KHP6AX0@Z@Z   0000000180016db0 f i physics:dgWorld.obj
 0001:00015e20       ??1dgBodyMaterialList@@QEAA@XZ 0000000180016e20 f i physics:dgWorld.obj
 0001:00015e40       ??1dgBodyCollisionList@@QEAA@XZ 0000000180016e40 f i physics:dgWorld.obj
 0001:00015e60       ??1dgActiveContacts@@QEAA@XZ 0000000180016e60 f i physics:dgWorld.obj
 0001:00015e80       ??1dgWorldDynamicUpdate@@QEAA@XZ 0000000180016e80 f i physics:dgWorld.obj
 0001:00016010       ??1dgSolverWorlkerThreads@@UEAA@XZ 0000000180017010 f i physics:dgWorld.obj
 0001:00016030       ??1dgParallelSolverClear@@UEAA@XZ 0000000180017030 f i physics:dgWorld.obj
 0001:00016050       ??1dgParallelSolverBodyInertia@@UEAA@XZ 0000000180017050 f i physics:dgWorld.obj
 0001:00016070       ??1dgParallelSolverUpdateVeloc@@UEAA@XZ 0000000180017070 f i physics:dgWorld.obj
 0001:00016090       ??1dgParallelSolverUpdateForce@@UEAA@XZ 0000000180017090 f i physics:dgWorld.obj
 0001:000160b0       ??1dgParallelSolverCalculateForces@@UEAA@XZ 00000001800170b0 f i physics:dgWorld.obj
 0001:000160d0       ??1dgParallelSolverInitInternalForces@@UEAA@XZ 00000001800170d0 f i physics:dgWorld.obj
 0001:000160f0       ??1dgParallelSolverBuildJacobianRows@@UEAA@XZ 00000001800170f0 f i physics:dgWorld.obj
 0001:00016110       ??1dgParallelSolverJointAcceleration@@UEAA@XZ 0000000180017110 f i physics:dgWorld.obj
 0001:00016130       ??1dgParallelSolverInitFeedbackUpdate@@UEAA@XZ 0000000180017130 f i physics:dgWorld.obj
 0001:00016150       ??1dgParallelSolverBuildJacobianMatrix@@UEAA@XZ 0000000180017150 f i physics:dgWorld.obj
 0001:00016170       ??2dgBody@@SAPEAX_KQEAVdgMemoryAllocator@@@Z 0000000180017170 f i physics:dgWorld.obj
 0001:000161a0       ??_GdgBody@@QEAAPEAXI@Z    00000001800171a0 f i physics:dgWorld.obj
 0001:000161e0       ??3dgBody@@SAXPEAX@Z       00000001800171e0 f i physics:dgWorld.obj
 0001:00016200       ?GetInfo@dgListNode@?$dgList@PEAVdgContact@@@@QEAAAEAPEAVdgContact@@XZ 0000000180017200 f i physics:dgWorld.obj
 0001:00016210       ?GetNext@dgListNode@?$dgList@PEAVdgContact@@@@QEBAPEAV12@XZ 0000000180017210 f i physics:dgWorld.obj
 0001:00016220       ?GetCount@?$dgList@VdgBodyMasterListCell@@@@QEBAHXZ 0000000180017220 f i physics:dgWorld.obj
 0001:00016230       ?GetCount@?$dgList@VdgBodyMasterListRow@@@@QEBAHXZ 0000000180017230 f i physics:dgWorld.obj
 0001:00016240       ??0?$dgList@PEAVdgContact@@@@QEAA@QEAVdgMemoryAllocator@@@Z 0000000180017240 f i physics:dgWorld.obj
 0001:00016290       ??1?$dgList@PEAVdgContact@@@@QEAA@XZ 0000000180017290 f i physics:dgWorld.obj
 0001:000162b0       ?GetFirst@?$dgList@PEAVdgContact@@@@QEBAPEAVdgListNode@1@XZ 00000001800172b0 f i physics:dgWorld.obj
 0001:000162c0       ??0?$dgTree@PEAVdgCollision@@I@@QEAA@QEAVdgMemoryAllocator@@@Z 00000001800172c0 f i physics:dgWorld.obj
 0001:00016300       ??1?$dgTree@PEAVdgCollision@@I@@QEAA@XZ 0000000180017300 f i physics:dgWorld.obj
 0001:00016320       ?GetCount@?$dgTree@PEAVdgCollision@@I@@QEBAHXZ 0000000180017320 f i physics:dgWorld.obj
 0001:00016330       ??0?$dgTree@VdgContactMaterial@@I@@QEAA@QEAVdgMemoryAllocator@@@Z 0000000180017330 f i physics:dgWorld.obj
 0001:00016370       ?Inverse@dgMatrix@@QEBA?AV1@XZ 0000000180017370 f i physics:dgWorld.obj
 0001:00016520       ??1?$dgTree@VdgContactMaterial@@I@@QEAA@XZ 0000000180017520 f i physics:dgWorld.obj
 0001:00016540       ?GetCount@?$dgTree@VdgContactMaterial@@I@@QEBAHXZ 0000000180017540 f i physics:dgWorld.obj
 0001:00016550       ?GetRoot@?$dgTree@VdgContactMaterial@@I@@QEBAPEAVdgTreeNode@1@XZ 0000000180017550 f i physics:dgWorld.obj
 0001:00016560       ?Remove@?$dgTree@VdgContactMaterial@@I@@QEAAXQEAVdgTreeNode@1@@Z 0000000180017560 f i physics:dgWorld.obj
 0001:000165b0       ??0?$dgTree@PEAXI@@QEAA@QEAVdgMemoryAllocator@@@Z 00000001800175b0 f i physics:dgWorld.obj
 0001:000165f0       ??1?$dgTree@PEAXI@@QEAA@XZ 00000001800175f0 f i physics:dgWorld.obj
 0001:00016610       ??$GetMax@H@@YAHHH@Z       0000000180017610 f i physics:dgWorld.obj
 0001:00016630       ??$ClampValue@I@@YAIIII@Z  0000000180017630 f i physics:dgWorld.obj
 0001:00016670       ??$Swap@PEAVdgBody@@@@YAXAEAPEAVdgBody@@0@Z 0000000180017670 f i physics:dgWorld.obj
 0001:000166b0       ?RemoveAll@?$dgList@PEAVdgContact@@@@QEAAXXZ 00000001800176b0 f i physics:dgWorld.obj
 0001:000167b0       ?RemoveAll@?$dgTree@PEAVdgCollision@@I@@QEAAXXZ 00000001800177b0 f i physics:dgWorld.obj
 0001:000167f0       ?RemoveAll@?$dgTree@VdgContactMaterial@@I@@QEAAXXZ 00000001800177f0 f i physics:dgWorld.obj
 0001:00016830       ?RemoveAll@?$dgTree@PEAXI@@QEAAXXZ 0000000180017830 f i physics:dgWorld.obj
 0001:00016870       ??_GdgListNode@?$dgList@PEAVdgContact@@@@AEAAPEAXI@Z 0000000180017870 f i physics:dgWorld.obj
 0001:000168b0       ??3dgListNode@?$dgList@PEAVdgContact@@@@CAXPEAX@Z 00000001800178b0 f i physics:dgWorld.obj
 0001:000168d0       ??1dgListNode@?$dgList@PEAVdgContact@@@@AEAA@XZ 00000001800178d0 f i physics:dgWorld.obj
 0001:000168e0       ?Unlink@dgListNode@?$dgList@PEAVdgContact@@@@AEAAXXZ 00000001800178e0 f i physics:dgWorld.obj
 0001:00016950       ??1dgWorkerThread@@UEAA@XZ 0000000180017950 f i physics:dgWorld.obj
 0001:00016970       ??_GdgWorkerThread@@UEAAPEAXI@Z 0000000180017970 f i physics:dgWorld.obj
 0001:00016970       ??_EdgWorkerThread@@UEAAPEAXI@Z 0000000180017970 f i physics:dgWorld.obj
 0001:000169b0       ??0dgSortArray@@QEAA@XZ    00000001800179b0 f   physics:dgBroadPhaseCollision.obj
 0001:000169f0       ??1dgSortArray@@QEAA@XZ    00000001800179f0 f   physics:dgBroadPhaseCollision.obj
 0001:00016a50       ?Add@dgSortArray@@QEAAXQEAVdgBody@@@Z 0000000180017a50 f   physics:dgBroadPhaseCollision.obj
 0001:00016af0       ?Remove@dgSortArray@@QEAAXQEAVdgBody@@@Z 0000000180017af0 f   physics:dgBroadPhaseCollision.obj
 0001:00016b90       ?Sort@dgSortArray@@QEAAMXZ 0000000180017b90 f   physics:dgBroadPhaseCollision.obj
 0001:00016d70       ?RayCast@dgSortArray@@QEBAMMAEBUdgLineBox@@P6AMQEBVdgBody@@AEBVdgVector@@HQEAXM@ZP6AI1QEBVdgCollision@@3@Z3@Z 0000000180017d70 f   physics:dgBroadPhaseCollision.obj
 0001:00016f20       ?InvalidateCache@dgSortArray@@QEAAXXZ 0000000180017f20 f   physics:dgBroadPhaseCollision.obj
 0001:00017000       ?SanityCheck@dgSortArray@@QEAA_NXZ 0000000180018000 f   physics:dgBroadPhaseCollision.obj
 0001:000170a0       ??0dgBroadPhaseCell@@QEAA@XZ 00000001800180a0 f   physics:dgBroadPhaseCollision.obj
 0001:000170e0       ??1dgBroadPhaseCell@@QEAA@XZ 00000001800180e0 f   physics:dgBroadPhaseCollision.obj
 0001:00017150       ?Init@dgBroadPhaseCell@@AEAAXHPEAVdgMemoryAllocator@@@Z 0000000180018150 f   physics:dgBroadPhaseCollision.obj
 0001:00017200       ?Add@dgBroadPhaseCell@@AEAAXQEAVdgBody@@@Z 0000000180018200 f   physics:dgBroadPhaseCollision.obj
 0001:000172d0       ?Remove@dgBroadPhaseCell@@AEAAXQEAVdgBody@@@Z 00000001800182d0 f   physics:dgBroadPhaseCollision.obj
 0001:000173d0       ?Sort@dgBroadPhaseCell@@AEAAXXZ 00000001800183d0 f   physics:dgBroadPhaseCollision.obj
 0001:000174a0       ?UpdateAutoPair@dgBroadPhaseCell@@AEAAXQEAVdgWorld@@H@Z 00000001800184a0 f   physics:dgBroadPhaseCollision.obj
 0001:000176a0       ??0dgBroadPhaseLayer@@QEAA@XZ 00000001800186a0 f   physics:dgBroadPhaseCollision.obj
 0001:000176f0       ??1dgBroadPhaseLayer@@QEAA@XZ 00000001800186f0 f   physics:dgBroadPhaseCollision.obj
 0001:00017750       ?Init@dgBroadPhaseLayer@@AEAAXQEAVdgWorld@@MH@Z 0000000180018750 f   physics:dgBroadPhaseCollision.obj
 0001:00017800       ?FindCreate@dgBroadPhaseLayer@@AEAAPEAVdgBroadPhaseCell@@HH@Z 0000000180018800 f   physics:dgBroadPhaseCollision.obj
 0001:000178f0       ??0dgBroadPhaseCollision@@AEAA@PEAVdgMemoryAllocator@@@Z 00000001800188f0 f   physics:dgBroadPhaseCollision.obj
 0001:00017af0       ??1dgBroadPhaseCollision@@AEAA@XZ 0000000180018af0 f   physics:dgBroadPhaseCollision.obj
 0001:00017bd0       ?Init@dgBroadPhaseCollision@@AEAAXXZ 0000000180018bd0 f   physics:dgBroadPhaseCollision.obj
 0001:00017c60       ?GetWorldSize@dgBroadPhaseCollision@@QEBAXAEAVdgVector@@0@Z 0000000180018c60 f   physics:dgBroadPhaseCollision.obj
 0001:00017cd0       ?SetWorldSize@dgBroadPhaseCollision@@QEAAXAEBVdgVector@@0@Z 0000000180018cd0 f   physics:dgBroadPhaseCollision.obj
 0001:000182c0       ?InvalidateCache@dgBroadPhaseCollision@@AEAAXXZ 00000001800192c0 f   physics:dgBroadPhaseCollision.obj
 0001:00018380       ?Add@dgBroadPhaseCollision@@AEAAXQEAVdgBody@@@Z 0000000180019380 f   physics:dgBroadPhaseCollision.obj
 0001:00018400       ?Remove@dgBroadPhaseCollision@@AEAAXQEAVdgBody@@@Z 0000000180019400 f   physics:dgBroadPhaseCollision.obj
 0001:00018530       ?UpdatePairs@dgBroadPhaseCollision@@AEBAXQEAVdgBody@@QEAVdgListNode@?$dgList@VdgSortArrayEntry@@@@HH@Z 0000000180019530 f   physics:dgBroadPhaseCollision.obj
 0001:000186f0       ?UpdatePairs@dgBroadPhaseCollision@@AEBAXAEAVdgBroadPhaseCell@@0H@Z 00000001800196f0 f   physics:dgBroadPhaseCollision.obj
 0001:00018830       ?ForEachBodyInAABB@dgBroadPhaseCollision@@QEBAXAEBVdgVector@@0P6AXPEAVdgBody@@QEAX@Z2@Z 0000000180019830 f   physics:dgBroadPhaseCollision.obj
 0001:00018b60       ?ConvexCast@dgBroadPhaseCollision@@QEBAHQEAVdgCollision@@AEBVdgMatrix@@AEBVdgVector@@AEAMP6AIQEBVdgBody@@QEBV2@QEAX@Z6QEAVdgConvexCastReturnInfo@@HH@Z 0000000180019b60 f   physics:dgBroadPhaseCollision.obj
 0001:00019a50       ?Realloc@dgBroadPhaseCalculateContactsWorkerThread@@QEAAXHHH@Z 000000018001aa50 f   physics:dgBroadPhaseCollision.obj
 0001:00019c80       ?ThreadExecute@dgBroadPhaseCellPairsWorkerThread@@UEAAXXZ 000000018001ac80 f   physics:dgBroadPhaseCollision.obj
 0001:00019da0       ?ThreadExecute@dgBroadPhaseApplyExternalForce@@UEAAXXZ 000000018001ada0 f   physics:dgBroadPhaseCollision.obj
 0001:0001a430       ?ThreadExecute@dgBroadPhaseCalculateContactsWorkerThread@@UEAAXXZ 000000018001b430 f   physics:dgBroadPhaseCollision.obj
 0001:0001a7c0       ?ThreadExecute@dgBroadPhaseMaterialCallbackWorkerThread@@UEAAXXZ 000000018001b7c0 f   physics:dgBroadPhaseCollision.obj
 0001:0001a960       ?RayCast@dgBroadPhaseCollision@@QEBAXAEBVdgVector@@0P6AMQEBVdgBody@@0HQEAXM@ZP6AI1QEBVdgCollision@@2@Z2@Z 000000018001b960 f   physics:dgBroadPhaseCollision.obj
 0001:0001b5c0       ?UpdateBodyBroadphase@dgBroadPhaseCollision@@AEAAXQEAVdgBody@@H@Z 000000018001c5c0 f   physics:dgBroadPhaseCollision.obj
 0001:0001be80       ?UpdateContactsBroadPhaseBegin@dgBroadPhaseCollision@@AEAAIM_NI@Z 000000018001ce80 f   physics:dgBroadPhaseCollision.obj
 0001:0001d270       ?UpdateContactsBroadPhaseEnd@dgBroadPhaseCollision@@AEAAXM@Z 000000018001e270 f   physics:dgBroadPhaseCollision.obj
 0001:0001d490       ?UpdateContactsSimd@dgBroadPhaseCollision@@AEAAXM_N@Z 000000018001e490 f   physics:dgBroadPhaseCollision.obj
 0001:0001d9a0       ?UpdateContacts@dgBroadPhaseCollision@@AEAAXM_N@Z 000000018001e9a0 f   physics:dgBroadPhaseCollision.obj
 0001:0001deb0       ?GetKey@dgBroadPhaseLayer@@AEBAIHH@Z 000000018001eeb0 f i physics:dgBroadPhaseCollision.obj
 0001:0001dee0       ??0dgBroadPhaseApplyExternalForce@@QEAA@XZ 000000018001eee0 f i physics:dgBroadPhaseCollision.obj
 0001:0001df10       ??0dgBroadPhaseCellPairsWorkerThread@@QEAA@XZ 000000018001ef10 f i physics:dgBroadPhaseCollision.obj
 0001:0001df40       ??0dgBroadPhaseMaterialCallbackWorkerThread@@QEAA@XZ 000000018001ef40 f i physics:dgBroadPhaseCollision.obj
 0001:0001df70       ??0dgBroadPhaseCalculateContactsWorkerThread@@QEAA@XZ 000000018001ef70 f i physics:dgBroadPhaseCollision.obj
 0001:0001dfa0       ??_EdgBroadPhaseApplyExternalForce@@UEAAPEAXI@Z 000000018001efa0 f i physics:dgBroadPhaseCollision.obj
 0001:0001dfa0       ??_GdgBroadPhaseApplyExternalForce@@UEAAPEAXI@Z 000000018001efa0 f i physics:dgBroadPhaseCollision.obj
 0001:0001dfe0       ??1dgBroadPhaseApplyExternalForce@@UEAA@XZ 000000018001efe0 f i physics:dgBroadPhaseCollision.obj
 0001:0001e000       ??_EdgBroadPhaseCellPairsWorkerThread@@UEAAPEAXI@Z 000000018001f000 f i physics:dgBroadPhaseCollision.obj
 0001:0001e000       ??_GdgBroadPhaseCellPairsWorkerThread@@UEAAPEAXI@Z 000000018001f000 f i physics:dgBroadPhaseCollision.obj
 0001:0001e040       ??1dgBroadPhaseCellPairsWorkerThread@@UEAA@XZ 000000018001f040 f i physics:dgBroadPhaseCollision.obj
 0001:0001e060       ??_EdgBroadPhaseMaterialCallbackWorkerThread@@UEAAPEAXI@Z 000000018001f060 f i physics:dgBroadPhaseCollision.obj
 0001:0001e060       ??_GdgBroadPhaseMaterialCallbackWorkerThread@@UEAAPEAXI@Z 000000018001f060 f i physics:dgBroadPhaseCollision.obj
 0001:0001e0a0       ??1dgBroadPhaseMaterialCallbackWorkerThread@@UEAA@XZ 000000018001f0a0 f i physics:dgBroadPhaseCollision.obj
 0001:0001e0c0       ??_GdgBroadPhaseCalculateContactsWorkerThread@@UEAAPEAXI@Z 000000018001f0c0 f i physics:dgBroadPhaseCollision.obj
 0001:0001e0c0       ??_EdgBroadPhaseCalculateContactsWorkerThread@@UEAAPEAXI@Z 000000018001f0c0 f i physics:dgBroadPhaseCollision.obj
 0001:0001e100       ??1dgBroadPhaseCalculateContactsWorkerThread@@UEAA@XZ 000000018001f100 f i physics:dgBroadPhaseCollision.obj
 0001:0001e120       ?floor@@YAMM@Z             000000018001f120 f i physics:dgBroadPhaseCollision.obj
 0001:0001e140       ?log@@YAMM@Z               000000018001f140 f i physics:dgBroadPhaseCollision.obj
 0001:0001e160       ?pow@@YAMMM@Z              000000018001f160 f i physics:dgBroadPhaseCollision.obj
 0001:0001e190       ?Find@dgBroadPhaseLayer@@AEBAPEAVdgBroadPhaseCell@@HH@Z 000000018001f190 f i physics:dgBroadPhaseCollision.obj
 0001:0001e200       ?ApplyExtenalForces@dgBody@@AEAAXMH@Z 000000018001f200 f i physics:dgBroadPhaseCollision.obj
 0001:0001e2e0       ?IsInEquelibrium@dgBody@@QEBA_NXZ 000000018001f2e0 f i physics:dgBroadPhaseCollision.obj
 0001:0001e540       ??0dgLineBox@@QEAA@XZ      000000018001f540 f i physics:dgBroadPhaseCollision.obj
 0001:0001e590       ??0dgWorkerThread@@QEAA@XZ 000000018001f590 f i physics:dgBroadPhaseCollision.obj
 0001:0001e5c0       ?GetCollisionPrimityType@dgCollision@@QEBA?AW4dgCollisionID@@XZ 000000018001f5c0 f i physics:dgBroadPhaseCollision.obj
 0001:0001e5d0       ?KeyToIndex@dgBroadPhaseLayer@@AEBAXHAEAH0@Z 000000018001f5d0 f i physics:dgBroadPhaseCollision.obj
 0001:0001e600       ?dgOverlapTest@@YAHAEBVdgVector@@000@Z 000000018001f600 f i physics:dgBroadPhaseCollision.obj
 0001:0001e6b0       ?GetKey@dgTreeNode@?$dgTree@VdgBroadPhaseCell@@I@@QEBAAEBIXZ 000000018001f6b0 f i physics:dgBroadPhaseCollision.obj
 0001:0001e6d0       ?GetInfo@dgTreeNode@?$dgTree@VdgBroadPhaseCell@@I@@QEAAAEAVdgBroadPhaseCell@@XZ 000000018001f6d0 f i physics:dgBroadPhaseCollision.obj
 0001:0001e6e0       ?GetInfo@dgListNode@?$dgList@VdgSortArrayEntry@@@@QEAAAEAVdgSortArrayEntry@@XZ 000000018001f6e0 f i physics:dgBroadPhaseCollision.obj
 0001:0001e6f0       ?GetNext@dgListNode@?$dgList@VdgSortArrayEntry@@@@QEBAPEAV12@XZ 000000018001f6f0 f i physics:dgBroadPhaseCollision.obj
 0001:0001e700       ?GetPrev@dgListNode@?$dgList@VdgSortArrayEntry@@@@QEBAPEAV12@XZ 000000018001f700 f i physics:dgBroadPhaseCollision.obj
 0001:0001e710       ??0Iterator@?$dgTree@VdgBroadPhaseCell@@I@@QEAA@AEBV1@@Z 000000018001f710 f i physics:dgBroadPhaseCollision.obj
 0001:0001e740       ??1Iterator@?$dgTree@VdgBroadPhaseCell@@I@@QEAA@XZ 000000018001f740 f i physics:dgBroadPhaseCollision.obj
 0001:0001e750       ?Begin@Iterator@?$dgTree@VdgBroadPhaseCell@@I@@QEAAXXZ 000000018001f750 f i physics:dgBroadPhaseCollision.obj
 0001:0001e780       ??BIterator@?$dgTree@VdgBroadPhaseCell@@I@@QEBAHXZ 000000018001f780 f i physics:dgBroadPhaseCollision.obj
 0001:0001e7b0       ??EIterator@?$dgTree@VdgBroadPhaseCell@@I@@QEAAXH@Z 000000018001f7b0 f i physics:dgBroadPhaseCollision.obj
 0001:0001e820       ?GetNode@Iterator@?$dgTree@VdgBroadPhaseCell@@I@@QEBAPEAVdgTreeNode@2@XZ 000000018001f820 f i physics:dgBroadPhaseCollision.obj
 0001:0001e830       ??A?$dgTemplateVector@M@@QEBAAEBMH@Z 000000018001f830 f i physics:dgBroadPhaseCollision.obj
 0001:0001e8c0       ??Z?$dgTemplateVector@M@@QEAAAEAV0@AEBV0@@Z 000000018001f8c0 f i physics:dgBroadPhaseCollision.obj
 0001:0001e9e0       ??0?$dgList@VdgSortArrayEntry@@@@QEAA@QEAVdgMemoryAllocator@@@Z 000000018001f9e0 f i physics:dgBroadPhaseCollision.obj
 0001:0001ea30       ??1?$dgList@VdgSortArrayEntry@@@@QEAA@XZ 000000018001fa30 f i physics:dgBroadPhaseCollision.obj
 0001:0001ea50       ?SetAllocator@?$dgList@VdgSortArrayEntry@@@@QEAAXQEAVdgMemoryAllocator@@@Z 000000018001fa50 f i physics:dgBroadPhaseCollision.obj
 0001:0001ea80       ?GetCount@?$dgList@VdgSortArrayEntry@@@@QEBAHXZ 000000018001fa80 f i physics:dgBroadPhaseCollision.obj
 0001:0001ea90       ?GetFirst@?$dgList@VdgSortArrayEntry@@@@QEBAPEAVdgListNode@1@XZ 000000018001fa90 f i physics:dgBroadPhaseCollision.obj
 0001:0001eaa0       ?Append@?$dgList@VdgSortArrayEntry@@@@QEAAPEAVdgListNode@1@XZ 000000018001faa0 f i physics:dgBroadPhaseCollision.obj
 0001:0001eb90       ?RotateToBegin@?$dgList@VdgSortArrayEntry@@@@QEAAXQEAVdgListNode@1@@Z 000000018001fb90 f i physics:dgBroadPhaseCollision.obj
 0001:0001ec20       ?InsertAfter@?$dgList@VdgSortArrayEntry@@@@QEAAXQEAVdgListNode@1@0@Z 000000018001fc20 f i physics:dgBroadPhaseCollision.obj
[...]
 0003:00003aa0       ?m_nrh3p0@dgConvexCollision@@1VdgVector@@A 000000018023baa0     physics:dgConvexCollision.obj
 0003:00003ab0       ?m_indexStep@dgConvexCollision@@1VdgVector@@A 000000018023bab0     physics:dgConvexCollision.obj
 0003:00003ac0       ?m_index_0123@dgConvexCollision@@1VdgVector@@A 000000018023bac0     physics:dgConvexCollision.obj
 0003:00003ad0       ?m_index_4567@dgConvexCollision@@1VdgVector@@A 000000018023bad0     physics:dgConvexCollision.obj
 0003:00003ae0       ?m_huge@dgConvexCollision@@1VdgVector@@A 000000018023bae0     physics:dgConvexCollision.obj
 0003:00003af0       ?m_negativeTiny@dgConvexCollision@@1VdgVector@@A 000000018023baf0     physics:dgConvexCollision.obj
 0003:00003b00       ?m_aabb_padd@dgConvexCollision@@1VdgVector@@A 000000018023bb00     physics:dgConvexCollision.obj
 0003:00003b10       ?m_signMask@dgConvexCollision@@1VdgVector@@A 000000018023bb10     physics:dgConvexCollision.obj
 0003:00003b20       ?m_triplexMask@dgConvexCollision@@1VdgVector@@A 000000018023bb20     physics:dgConvexCollision.obj
 0003:00003b30       ?m_edgeArray@dgCollisionCapsule@@0PAVdgConvexSimplexEdge@@A 000000018023bb30     physics:dgCollisionCapsule.obj
 0003:000051b0       ?m_shapeRefCount@dgCollisionCapsule@@0HA 000000018023d1b0     physics:dgCollisionCapsule.obj
 0003:000051c0       ?m_edgeArray@dgCollisionCone@@0PAVdgConvexSimplexEdge@@A 000000018023d1c0     physics:dgCollisionCone.obj
 0003:000055c0       ?m_shapeRefCount@dgCollisionCone@@0HA 000000018023d5c0     physics:dgCollisionCone.obj
 0003:000055d0       ?m_edgeArray@dgCollisionCylinder@@0PAVdgConvexSimplexEdge@@A 000000018023d5d0     physics:dgCollisionCylinder.obj
 0003:00005bd0       ?m_shapeRefCount@dgCollisionCylinder@@0HA 000000018023dbd0     physics:dgCollisionCylinder.obj
 0003:00005be0       ?m_edgeArray@dgCollisionChamferCylinder@@0PAVdgConvexSimplexEdge@@A 000000018023dbe0     physics:dgCollisionChamferCylinder.obj
 0003:00006de0       ?m_shapeRefCount@dgCollisionChamferCylinder@@0HA 000000018023ede0     physics:dgCollisionChamferCylinder.obj
 0003:00006df0       ?m_shapesDirs@dgCollisionChamferCylinder@@0PAVdgVector@@A 000000018023edf0     physics:dgCollisionChamferCylinder.obj
 0003:00006e70       ?m_negIndex@dgContactSolver@@2T__m128@@A 000000018023ee70     physics:dgMinkowskiConv.obj
 0003:00006e80       ?m_zero@dgContactSolver@@2T__m128@@A 000000018023ee80     physics:dgMinkowskiConv.obj
 0003:00006e90       ?m_index_yx@dgContactSolver@@2T__m128@@A 000000018023ee90     physics:dgMinkowskiConv.obj
 0003:00006ea0       ?m_index_wz@dgContactSolver@@2T__m128@@A 000000018023eea0     physics:dgMinkowskiConv.obj
 0003:00006eb0       ?m_zeroTolerenace@dgContactSolver@@2T__m128@@A 000000018023eeb0     physics:dgMinkowskiConv.obj
 0003:00006ec0       ?m_nrh0p5@dgContactSolver@@2T__m128@@A 000000018023eec0     physics:dgMinkowskiConv.obj
 0003:00006ed0       ?m_nrh3p0@dgContactSolver@@2T__m128@@A 000000018023eed0     physics:dgMinkowskiConv.obj
 0003:00006ee0       ?m_negativeOne@dgContactSolver@@2T__m128@@A 000000018023eee0     physics:dgMinkowskiConv.obj
 0003:00006ef0       ?m_dir@dgContactSolver@@2PAVdgVector@@A 000000018023eef0     physics:dgMinkowskiConv.obj
 0003:00006fd0       ?m_globalAllocator@dgGlobalAllocator@@2V1@A 000000018023efd0     corelib:dgMemory.obj
 0003:00007190       ?id@?1???0dgAABBPointTree3d@@QEAA@XZ@4HA 000000018023f190     corelib:dgConvexHull3d.obj
 0003:00007198       ?id@?1???0dgAABBPointTree4d@@QEAA@XZ@4HA 000000018023f198     corelib:dgConvexHull4d.obj
 0003:000071f8       __fastflag                 000000018023f1f8     LIBCMTD:_fpinit_.obj
 0003:00007204       __error_mode               000000018023f204     LIBCMTD:dllcrt0.obj
 0003:00007208       _aenvptr                   000000018023f208     LIBCMTD:dllcrt0.obj
 0003:00007210       _wenvptr                   000000018023f210     LIBCMTD:dllcrt0.obj
 0003:00007218       __app_type                 000000018023f218     LIBCMTD:dllcrt0.obj
 0003:000074a0       ?_pfnDumpClient@@3P6AXPEAX_K@ZEA 000000018023f4a0     LIBCMTD:dbgheap.obj
 0003:000074b0       __crtDebugCheckCount       000000018023f4b0     LIBCMTD:dbgheap.obj
 0003:000074b8       __pInvalidArgHandler       000000018023f4b8     LIBCMTD:invarg.obj
 0003:000074c0       _umaskval                  000000018023f4c0     LIBCMTD:crt0dat.obj
 0003:000074c4       __argc                     000000018023f4c4     LIBCMTD:crt0dat.obj
 0003:000074c8       __argv                     000000018023f4c8     LIBCMTD:crt0dat.obj
 0003:000074d0       __wargv                    000000018023f4d0     LIBCMTD:crt0dat.obj
 0003:000074d8       _environ                   000000018023f4d8     LIBCMTD:crt0dat.obj
 0003:000074e0       __initenv                  000000018023f4e0     LIBCMTD:crt0dat.obj
 0003:000074e8       _wenviron                  000000018023f4e8     LIBCMTD:crt0dat.obj
 0003:000074f0       __winitenv                 000000018023f4f0     LIBCMTD:crt0dat.obj
 0003:000074f8       _pgmptr                    000000018023f4f8     LIBCMTD:crt0dat.obj
 0003:00007500       _wpgmptr                   000000018023f500     LIBCMTD:crt0dat.obj
 0003:00007508       _exitflag                  000000018023f508     LIBCMTD:crt0dat.obj
 0003:0000750c       _C_Termination_Done        000000018023f50c     LIBCMTD:crt0dat.obj
 0003:00007510       _C_Exit_Done               000000018023f510     LIBCMTD:crt0dat.obj
 0003:00007568       _newmode                   000000018023f568     LIBCMTD:_newmode.obj
 0003:00007680       _crtheap                   000000018023f680     LIBCMTD:heapinit.obj
 0003:000079b0       __pPurecall                000000018023f9b0     LIBCMTD:inithelp.obj
 0003:000079c0       __mbulinfo                 000000018023f9c0     LIBCMTD:mbctype.obj
 0003:000079cc       __mbcodepage               000000018023f9cc     LIBCMTD:mbctype.obj
 0003:000079d0       __ismbcodepage             000000018023f9d0     LIBCMTD:mbctype.obj
 0003:000079d4       __mblcid                   000000018023f9d4     LIBCMTD:mbctype.obj
 0003:000079d8       __locale_changed           000000018023f9d8     LIBCMTD:setlocal.obj
 0003:000079e0       __lc_handle                000000018023f9e0     LIBCMTD:nlsdata2.obj
 0003:000079f8       __lc_codepage              000000018023f9f8     LIBCMTD:nlsdata2.obj
 0003:000079fc       __lc_collate_cp            000000018023f9fc     LIBCMTD:nlsdata2.obj
 0003:00007a00       _outputformat              000000018023fa00     LIBCMTD:outputformat.obj
 0003:00007a10       ?_pnhHeap@@3P6AH_K@ZEA     000000018023fa10     LIBCMTD:handler.obj
 0003:00007a18       ?__pInconsistency@@3P6AXXZEA 000000018023fa18     LIBCMTD:hooks.obj
 0003:00007fa0       _cflush                    000000018023ffa0     LIBCMTD:_file.obj
 0003:00007fe4       __lconv_static_null        000000018023ffe4     LIBCMTD:lconv.obj
 0003:00007fe8       ?wsprintffp@@3P6AHPEADPEBDZZEA 000000018023ffe8     LIBCMTD:_error_.obj
 0003:00007ff0       _stdbuf                    000000018023fff0     LIBCMTD:_sftbuf.obj
 0003:000080f0       ?pArgList@UnDecorator@@0PEAVReplicator@@EA 00000001802400f0     LIBCMTD:undname.obj
 0003:00008120       ?pZNameList@UnDecorator@@0PEAVReplicator@@EA 0000000180240120     LIBCMTD:undname.obj
 0003:00008128       ?pTemplateArgList@UnDecorator@@0PEAVReplicator@@EA 0000000180240128     LIBCMTD:undname.obj
 0003:00008130       ?gName@UnDecorator@@0PEBDEB 0000000180240130     LIBCMTD:undname.obj
 0003:00008138       ?name@UnDecorator@@0PEBDEB 0000000180240138     LIBCMTD:undname.obj
 0003:00008140       ?outputString@UnDecorator@@0PEADEA 0000000180240140     LIBCMTD:undname.obj
 0003:00008148       ?maxStringLength@UnDecorator@@0HA 0000000180240148     LIBCMTD:undname.obj
 0003:0000814c       ?disableFlags@UnDecorator@@0KA 000000018024014c     LIBCMTD:undname.obj
 0003:00008150       ?m_pGetParameter@UnDecorator@@0P6APEADJ@ZEA 0000000180240150     LIBCMTD:undname.obj
 0003:00008158       ?fExplicitTemplateParams@UnDecorator@@0_NA 0000000180240158     LIBCMTD:undname.obj
 0003:00008159       ?fGetTemplateArgumentList@UnDecorator@@0_NA 0000000180240159     LIBCMTD:undname.obj
 0003:000081b0       ?nodes@?1??make@DNameStatusNode@@SAPEAV2@W4DNameStatus@@@Z@4PAV2@A 00000001802401b0     LIBCMTD:undname.obj
 0003:000081f0       ??_B?1??make@DNameStatusNode@@SAPEAV1@W4DNameStatus@@@Z@51 00000001802401f0     LIBCMTD:undname.obj
 0003:000081f8       __piob                     00000001802401f8     <common>
 0003:00008540       _bufin                     0000000180240540     <common>
 0003:00009540       _nstream                   0000000180241540     <common>
 0003:00009544       _debugger_hook_dummy       0000000180241544     <common>
 0003:00009550       __setlc_active             0000000180241550     <common>
 0003:00009560       __unguarded_readlc_active  0000000180241560     <common>
 0003:00009564       _nhandle                   0000000180241564     <common>
 0003:000095e0       __pioinfo                  00000001802415e0     <common>
 0003:000097e0       __env_initialized          00000001802417e0     <common>
 0003:000097f8       __onexitend                00000001802417f8     <common>
 0003:00009800       __onexitbegin              0000000180241800     <common>
 0003:00009808       __mbctype_initialized      0000000180241808     <common>
 0003:00009810       __dyn_tls_init_callback    0000000180241810     <common>
 0003:00009818       _pfnReportHook             0000000180241818     <common>
 0003:00009830       _pReportHookListW          0000000180241830     <common>
 0003:00009838       _pReportHookList           0000000180241838     <common>
 0003:00009840       _acmdln                    0000000180241840     <common>
 0005:00000000       __IMPORT_DESCRIPTOR_KERNEL32 000000018024e000     kernel32:KERNEL32.dll
 0005:00000014       __NULL_IMPORT_DESCRIPTOR   000000018024e014     kernel32:KERNEL32.dll
 0005:00000488       __imp_OutputDebugStringA   000000018024e488     kernel32:KERNEL32.dll
 0005:00000490       __imp_GetSystemInfo        000000018024e490     kernel32:KERNEL32.dll
 0005:00000498       __imp_InitializeCriticalSection 000000018024e498     kernel32:KERNEL32.dll
 0005:000004a0       __imp_CreateEventA         000000018024e4a0     kernel32:KERNEL32.dll
 0005:000004a8       __imp_CreateSemaphoreA     000000018024e4a8     kernel32:KERNEL32.dll
 0005:000004b0       __imp_CloseHandle          000000018024e4b0     kernel32:KERNEL32.dll
 0005:000004b8       __imp_WaitForMultipleObjects 000000018024e4b8     kernel32:KERNEL32.dll
 0005:000004c0       __imp_DeleteCriticalSection 000000018024e4c0     kernel32:KERNEL32.dll
 0005:000004c8       __imp_SetEvent             000000018024e4c8     kernel32:KERNEL32.dll
 0005:000004d0       __imp_Sleep                000000018024e4d0     kernel32:KERNEL32.dll
 0005:000004d8       __imp_LeaveCriticalSection 000000018024e4d8     kernel32:KERNEL32.dll
 0005:000004e0       __imp_ReleaseSemaphore     000000018024e4e0     kernel32:KERNEL32.dll
 0005:000004e8       __imp_EnterCriticalSection 000000018024e4e8     kernel32:KERNEL32.dll
 0005:000004f0       __imp_WaitForSingleObject  000000018024e4f0     kernel32:KERNEL32.dll
 0005:000004f8       __imp_GetModuleFileNameW   000000018024e4f8     kernel32:KERNEL32.dll
 0005:00000500       __imp_GetCurrentThreadId   000000018024e500     kernel32:KERNEL32.dll
 0005:00000508       __imp_FlsSetValue          000000018024e508     kernel32:KERNEL32.dll
 0005:00000510       __imp_GetCommandLineA      000000018024e510     kernel32:KERNEL32.dll
 0005:00000518       __imp_GetLastError         000000018024e518     kernel32:KERNEL32.dll
 0005:00000520       __imp_CreateThread         000000018024e520     kernel32:KERNEL32.dll
 0005:00000528       __imp_ExitThread           000000018024e528     kernel32:KERNEL32.dll
 0005:00000530       __imp_RtlUnwindEx          000000018024e530     kernel32:KERNEL32.dll
 0005:00000538       __imp_FatalAppExitA        000000018024e538     kernel32:KERNEL32.dll
 0005:00000540       __imp_HeapSize             000000018024e540     kernel32:KERNEL32.dll
 0005:00000548       __imp_HeapValidate         000000018024e548     kernel32:KERNEL32.dll
 0005:00000550       __imp_IsBadReadPtr         000000018024e550     kernel32:KERNEL32.dll
 0005:00000558       __imp_DebugBreak           000000018024e558     kernel32:KERNEL32.dll
 0005:00000560       __imp_GetStdHandle         000000018024e560     kernel32:KERNEL32.dll
 0005:00000568       __imp_WriteFile            000000018024e568     kernel32:KERNEL32.dll
 0005:00000570       __imp_WriteConsoleW        000000018024e570     kernel32:KERNEL32.dll
 0005:00000578       __imp_GetFileType          000000018024e578     kernel32:KERNEL32.dll
 0005:00000580       __imp_OutputDebugStringW   000000018024e580     kernel32:KERNEL32.dll
 0005:00000588       __imp_TerminateProcess     000000018024e588     kernel32:KERNEL32.dll
 0005:00000590       __imp_GetCurrentProcess    000000018024e590     kernel32:KERNEL32.dll
 0005:00000598       __imp_UnhandledExceptionFilter 000000018024e598     kernel32:KERNEL32.dll
 0005:000005a0       __imp_SetUnhandledExceptionFilter 000000018024e5a0     kernel32:KERNEL32.dll
 0005:000005a8       __imp_IsDebuggerPresent    000000018024e5a8     kernel32:KERNEL32.dll
 0005:000005b0       __imp_RtlVirtualUnwind     000000018024e5b0     kernel32:KERNEL32.dll
 0005:000005b8       __imp_RtlLookupFunctionEntry 000000018024e5b8     kernel32:KERNEL32.dll
 0005:000005c0       __imp_RtlCaptureContext    000000018024e5c0     kernel32:KERNEL32.dll
 0005:000005c8       __imp_GetModuleHandleW     000000018024e5c8     kernel32:KERNEL32.dll
 0005:000005d0       __imp_GetProcAddress       000000018024e5d0     kernel32:KERNEL32.dll
 0005:000005d8       __imp_ExitProcess          000000018024e5d8     kernel32:KERNEL32.dll
 0005:000005e0       __imp_SetConsoleCtrlHandler 000000018024e5e0     kernel32:KERNEL32.dll
 0005:000005e8       __imp_LoadLibraryW         000000018024e5e8     kernel32:KERNEL32.dll
 0005:000005f0       __imp_RaiseException       000000018024e5f0     kernel32:KERNEL32.dll
 0005:000005f8       __imp_EncodePointer        000000018024e5f8     kernel32:KERNEL32.dll
 0005:00000600       __imp_DecodePointer        000000018024e600     kernel32:KERNEL32.dll
 0005:00000608       __imp_TlsAlloc             000000018024e608     kernel32:KERNEL32.dll
 0005:00000610       __imp_FlsGetValue          000000018024e610     kernel32:KERNEL32.dll
 0005:00000618       __imp_FlsAlloc             000000018024e618     kernel32:KERNEL32.dll
 0005:00000620       __imp_FlsFree              000000018024e620     kernel32:KERNEL32.dll
 0005:00000628       __imp_SetLastError         000000018024e628     kernel32:KERNEL32.dll
 0005:00000630       __imp_GetCurrentThread     000000018024e630     kernel32:KERNEL32.dll
 0005:00000638       __imp_SetHandleCount       000000018024e638     kernel32:KERNEL32.dll
 0005:00000640       __imp_GetStartupInfoA      000000018024e640     kernel32:KERNEL32.dll
 0005:00000648       __imp_GetModuleFileNameA   000000018024e648     kernel32:KERNEL32.dll
 0005:00000650       __imp_FreeEnvironmentStringsA 000000018024e650     kernel32:KERNEL32.dll
 0005:00000658       __imp_GetEnvironmentStrings 000000018024e658     kernel32:KERNEL32.dll
 0005:00000660       __imp_FreeEnvironmentStringsW 000000018024e660     kernel32:KERNEL32.dll
 0005:00000668       __imp_WideCharToMultiByte  000000018024e668     kernel32:KERNEL32.dll
 0005:00000670       __imp_GetEnvironmentStringsW 000000018024e670     kernel32:KERNEL32.dll
 0005:00000678       __imp_HeapSetInformation   000000018024e678     kernel32:KERNEL32.dll
 0005:00000680       __imp_HeapCreate           000000018024e680     kernel32:KERNEL32.dll
 0005:00000688       __imp_HeapDestroy          000000018024e688     kernel32:KERNEL32.dll
 0005:00000690       __imp_QueryPerformanceCounter 000000018024e690     kernel32:KERNEL32.dll
 0005:00000698       __imp_GetTickCount         000000018024e698     kernel32:KERNEL32.dll
 0005:000006a0       __imp_GetCurrentProcessId  000000018024e6a0     kernel32:KERNEL32.dll
 0005:000006a8       __imp_GetSystemTimeAsFileTime 000000018024e6a8     kernel32:KERNEL32.dll
 0005:000006b0       __imp_GetACP               000000018024e6b0     kernel32:KERNEL32.dll
 0005:000006b8       __imp_GetOEMCP             000000018024e6b8     kernel32:KERNEL32.dll
 0005:000006c0       __imp_GetCPInfo            000000018024e6c0     kernel32:KERNEL32.dll
 0005:000006c8       __imp_IsValidCodePage      000000018024e6c8     kernel32:KERNEL32.dll
 0005:000006d0       __imp_InitializeCriticalSectionAndSpinCount 000000018024e6d0     kernel32:KERNEL32.dll
 0005:000006d8       __imp_HeapAlloc            000000018024e6d8     kernel32:KERNEL32.dll
 0005:000006e0       __imp_HeapReAlloc          000000018024e6e0     kernel32:KERNEL32.dll
 0005:000006e8       __imp_HeapQueryInformation 000000018024e6e8     kernel32:KERNEL32.dll
 0005:000006f0       __imp_HeapFree             000000018024e6f0     kernel32:KERNEL32.dll
 0005:000006f8       __imp_MultiByteToWideChar  000000018024e6f8     kernel32:KERNEL32.dll
 0005:00000700       __imp_FreeLibrary          000000018024e700     kernel32:KERNEL32.dll
 0005:00000708       __imp_LoadLibraryA         000000018024e708     kernel32:KERNEL32.dll
 0005:00000710       __imp_SetFilePointer       000000018024e710     kernel32:KERNEL32.dll
 0005:00000718       __imp_GetConsoleCP         000000018024e718     kernel32:KERNEL32.dll
 0005:00000720       __imp_GetConsoleMode       000000018024e720     kernel32:KERNEL32.dll
 0005:00000728       __imp_GetLocaleInfoW       000000018024e728     kernel32:KERNEL32.dll
 0005:00000730       __imp_GetLocaleInfoA       000000018024e730     kernel32:KERNEL32.dll
 0005:00000738       __imp_LCMapStringA         000000018024e738     kernel32:KERNEL32.dll
 0005:00000740       __imp_LCMapStringW         000000018024e740     kernel32:KERNEL32.dll
 0005:00000748       __imp_GetStringTypeA       000000018024e748     kernel32:KERNEL32.dll
 0005:00000750       __imp_GetStringTypeW       000000018024e750     kernel32:KERNEL32.dll
 0005:00000758       __imp_GetTimeFormatA       000000018024e758     kernel32:KERNEL32.dll
 0005:00000760       __imp_GetDateFormatA       000000018024e760     kernel32:KERNEL32.dll
 0005:00000768       __imp_IsValidLocale        000000018024e768     kernel32:KERNEL32.dll
 0005:00000770       __imp_EnumSystemLocalesA   000000018024e770     kernel32:KERNEL32.dll
 0005:00000778       __imp_GetUserDefaultLCID   000000018024e778     kernel32:KERNEL32.dll
 0005:00000780       __imp_SetStdHandle         000000018024e780     kernel32:KERNEL32.dll
 0005:00000788       __imp_WriteConsoleA        000000018024e788     kernel32:KERNEL32.dll
 0005:00000790       __imp_GetConsoleOutputCP   000000018024e790     kernel32:KERNEL32.dll
 0005:00000798       __imp_lstrlenA             000000018024e798     kernel32:KERNEL32.dll
 0005:000007a0       __imp_RtlPcToFileHeader    000000018024e7a0     kernel32:KERNEL32.dll
 0005:000007a8       __imp_GetTimeZoneInformation 000000018024e7a8     kernel32:KERNEL32.dll
 0005:000007b0       __imp_CreateFileA          000000018024e7b0     kernel32:KERNEL32.dll
 0005:000007b8       __imp_GetProcessHeap       000000018024e7b8     kernel32:KERNEL32.dll
 0005:000007c0       __imp_VirtualQuery         000000018024e7c0     kernel32:KERNEL32.dll
 0005:000007c8       __imp_FlushFileBuffers     000000018024e7c8     kernel32:KERNEL32.dll
 0005:000007d0       __imp_CompareStringA       000000018024e7d0     kernel32:KERNEL32.dll
 0005:000007d8       __imp_CompareStringW       000000018024e7d8     kernel32:KERNEL32.dll
 0005:000007e0       __imp_SetEnvironmentVariableA 000000018024e7e0     kernel32:KERNEL32.dll
 0005:000007e8       \177KERNEL32_NULL_THUNK_DATA 000000018024e7e8     kernel32:KERNEL32.dll

 entry point at        0001:0012db00

